===== Babeltrace2 dump job =====
Job ID: 5811540
Node: m1
Time: Sat Dec 13 06:07:34 EST 2025
================================
Input base: /home/yuvraj17/scratch/unzipped-benchmarks/compress-gzip
Output dir: /home/yuvraj17/scratch/unzipped-benchmarks/compress-gzip/txt_traces

Dumping compress-gzip-all-events-run0 -> /home/yuvraj17/scratch/unzipped-benchmarks/compress-gzip/txt_traces/compress-gzip-all-events-run0.txt
Dumping compress-gzip-all-events-run1 -> /home/yuvraj17/scratch/unzipped-benchmarks/compress-gzip/txt_traces/compress-gzip-all-events-run1.txt
Dumping compress-gzip-all-events-run10 -> /home/yuvraj17/scratch/unzipped-benchmarks/compress-gzip/txt_traces/compress-gzip-all-events-run10.txt
Dumping compress-gzip-all-events-run11 -> /home/yuvraj17/scratch/unzipped-benchmarks/compress-gzip/txt_traces/compress-gzip-all-events-run11.txt
Dumping compress-gzip-all-events-run12 -> /home/yuvraj17/scratch/unzipped-benchmarks/compress-gzip/txt_traces/compress-gzip-all-events-run12.txt
Dumping compress-gzip-all-events-run13 -> /home/yuvraj17/scratch/unzipped-benchmarks/compress-gzip/txt_traces/compress-gzip-all-events-run13.txt
Dumping compress-gzip-all-events-run14 -> /home/yuvraj17/scratch/unzipped-benchmarks/compress-gzip/txt_traces/compress-gzip-all-events-run14.txt
Dumping compress-gzip-all-events-run15 -> /home/yuvraj17/scratch/unzipped-benchmarks/compress-gzip/txt_traces/compress-gzip-all-events-run15.txt
Dumping compress-gzip-all-events-run16 -> /home/yuvraj17/scratch/unzipped-benchmarks/compress-gzip/txt_traces/compress-gzip-all-events-run16.txt
Dumping compress-gzip-all-events-run17 -> /home/yuvraj17/scratch/unzipped-benchmarks/compress-gzip/txt_traces/compress-gzip-all-events-run17.txt
Dumping compress-gzip-all-events-run18 -> /home/yuvraj17/scratch/unzipped-benchmarks/compress-gzip/txt_traces/compress-gzip-all-events-run18.txt
Dumping compress-gzip-all-events-run19 -> /home/yuvraj17/scratch/unzipped-benchmarks/compress-gzip/txt_traces/compress-gzip-all-events-run19.txt
Dumping compress-gzip-all-events-run2 -> /home/yuvraj17/scratch/unzipped-benchmarks/compress-gzip/txt_traces/compress-gzip-all-events-run2.txt
Dumping compress-gzip-all-events-run20 -> /home/yuvraj17/scratch/unzipped-benchmarks/compress-gzip/txt_traces/compress-gzip-all-events-run20.txt
Dumping compress-gzip-all-events-run21 -> /home/yuvraj17/scratch/unzipped-benchmarks/compress-gzip/txt_traces/compress-gzip-all-events-run21.txt
Dumping compress-gzip-all-events-run22 -> /home/yuvraj17/scratch/unzipped-benchmarks/compress-gzip/txt_traces/compress-gzip-all-events-run22.txt
Dumping compress-gzip-all-events-run23 -> /home/yuvraj17/scratch/unzipped-benchmarks/compress-gzip/txt_traces/compress-gzip-all-events-run23.txt
Dumping compress-gzip-all-events-run24 -> /home/yuvraj17/scratch/unzipped-benchmarks/compress-gzip/txt_traces/compress-gzip-all-events-run24.txt
Dumping compress-gzip-all-events-run25 -> /home/yuvraj17/scratch/unzipped-benchmarks/compress-gzip/txt_traces/compress-gzip-all-events-run25.txt
Dumping compress-gzip-all-events-run26 -> /home/yuvraj17/scratch/unzipped-benchmarks/compress-gzip/txt_traces/compress-gzip-all-events-run26.txt
Dumping compress-gzip-all-events-run27 -> /home/yuvraj17/scratch/unzipped-benchmarks/compress-gzip/txt_traces/compress-gzip-all-events-run27.txt
Dumping compress-gzip-all-events-run28 -> /home/yuvraj17/scratch/unzipped-benchmarks/compress-gzip/txt_traces/compress-gzip-all-events-run28.txt
Dumping compress-gzip-all-events-run29 -> /home/yuvraj17/scratch/unzipped-benchmarks/compress-gzip/txt_traces/compress-gzip-all-events-run29.txt
Dumping compress-gzip-all-events-run3 -> /home/yuvraj17/scratch/unzipped-benchmarks/compress-gzip/txt_traces/compress-gzip-all-events-run3.txt
Dumping compress-gzip-all-events-run30 -> /home/yuvraj17/scratch/unzipped-benchmarks/compress-gzip/txt_traces/compress-gzip-all-events-run30.txt
Dumping compress-gzip-all-events-run31 -> /home/yuvraj17/scratch/unzipped-benchmarks/compress-gzip/txt_traces/compress-gzip-all-events-run31.txt
Dumping compress-gzip-all-events-run4 -> /home/yuvraj17/scratch/unzipped-benchmarks/compress-gzip/txt_traces/compress-gzip-all-events-run4.txt
Dumping compress-gzip-all-events-run5 -> /home/yuvraj17/scratch/unzipped-benchmarks/compress-gzip/txt_traces/compress-gzip-all-events-run5.txt
Dumping compress-gzip-all-events-run6 -> /home/yuvraj17/scratch/unzipped-benchmarks/compress-gzip/txt_traces/compress-gzip-all-events-run6.txt
Dumping compress-gzip-all-events-run7 -> /home/yuvraj17/scratch/unzipped-benchmarks/compress-gzip/txt_traces/compress-gzip-all-events-run7.txt
Dumping compress-gzip-all-events-run8 -> /home/yuvraj17/scratch/unzipped-benchmarks/compress-gzip/txt_traces/compress-gzip-all-events-run8.txt
Dumping compress-gzip-all-events-run9 -> /home/yuvraj17/scratch/unzipped-benchmarks/compress-gzip/txt_traces/compress-gzip-all-events-run9.txt

Done. Wrote 32 txt files into /home/yuvraj17/scratch/unzipped-benchmarks/compress-gzip/txt_traces
Finished at: Sat Dec 13 06:33:07 EST 2025
