====================================
 Unzip job started
 Job ID: 5806577
 Node: m6
 Time: Sat Dec 13 03:41:42 EST 2025
====================================
------------------------------------
Unzipping ffmpeg.zip -> /scratch/yuvraj17/unzipped-benchmarks/ffmpeg
------------------------------------
Unzipping iozone.zip -> /scratch/yuvraj17/unzipped-benchmarks/iozone
------------------------------------
Unzipping phpbench.zip -> /scratch/yuvraj17/unzipped-benchmarks/phpbench
------------------------------------
Unzipping pybench.zip -> /scratch/yuvraj17/unzipped-benchmarks/pybench
------------------------------------
Unzipping ramspeed.zip -> /scratch/yuvraj17/unzipped-benchmarks/ramspeed
------------------------------------
Unzipping scimark2.zip -> /scratch/yuvraj17/unzipped-benchmarks/scimark2
------------------------------------
Unzipping stream.zip -> /scratch/yuvraj17/unzipped-benchmarks/stream
------------------------------------
Unzipping unpack-linux.zip -> /scratch/yuvraj17/unzipped-benchmarks/unpack-linux
====================================
 All files unzipped
 Output directory:
   /scratch/yuvraj17/unzipped-benchmarks
 Time: Sat Dec 13 03:58:25 EST 2025
====================================
