========== ART TRAIN JOB START ==========
RUN_NAME: art-wcpu0
BENCH:    compress-gzip
Time:     Mon Jan  5 08:59:57 EST 2026
Host:     g10.nibi.sharcnet
PWD:      /project/def-naser2/yuvraj/SyntheticLogGeneration
Repo:     /project/def-naser2/yuvraj/SyntheticLogGeneration
Python:   /project/6083487/yuvraj/SyntheticLogGeneration/.venv/bin/python
Python 3.13.2
Mon Jan  5 08:59:57 2026       
+-----------------------------------------------------------------------------------------+
| NVIDIA-SMI 580.82.07              Driver Version: 580.82.07      CUDA Version: 13.0     |
+-----------------------------------------+------------------------+----------------------+
| GPU  Name                 Persistence-M | Bus-Id          Disp.A | Volatile Uncorr. ECC |
| Fan  Temp   Perf          Pwr:Usage/Cap |           Memory-Usage | GPU-Util  Compute M. |
|                                         |                        |               MIG M. |
|=========================================+========================+======================|
|   0  NVIDIA H100 80GB HBM3          On  |   00000000:BB:00.0 Off |                    0 |
| N/A   29C    P0             71W /  700W |       0MiB /  81559MiB |      0%      Default |
|                                         |                        |             Disabled |
+-----------------------------------------+------------------------+----------------------+

+-----------------------------------------------------------------------------------------+
| Processes:                                                                              |
|  GPU   GI   CI              PID   Type   Process name                        GPU Memory |
|        ID   ID                                                               Usage      |
|=========================================================================================|
|  No running processes found                                                             |
+-----------------------------------------------------------------------------------------+
LOGDIR:   /project/def-naser2/yuvraj/SyntheticLogGeneration/logs/art_logs/art-wcpu0
OUTDIR:   /project/def-naser2/yuvraj/SyntheticLogGeneration/outputs/art_outputs/art-wcpu0
CKPT:     /project/def-naser2/yuvraj/SyntheticLogGeneration/outputs/art_outputs/art-wcpu0/checkpoints_ar
========================================
Device: cuda
Train shards: 130
Total windows: 11971800
/project/6083487/yuvraj/SyntheticLogGeneration/.venv/lib/python3.13/site-packages/torch/_compile.py:53: UserWarning: optimizer contains a parameter group with duplicate parameters; in future, this will cause an error; see github.com/pytorch/pytorch/issues/40967 for more information
  return disable_fn(*args, **kwargs)
step 000050 | loss 3.8033 | ce_event 1.2827 ce_dt 2.5206 ce_cpu 1.5672 | acc_event 0.717 acc_dt 0.329 acc_cpu 0.242
step 000100 | loss 2.9114 | ce_event 0.8787 ce_dt 2.0326 ce_cpu 1.6102 | acc_event 0.764 acc_dt 0.397 acc_cpu 0.221
step 000150 | loss 2.2270 | ce_event 0.5868 ce_dt 1.6402 ce_cpu 1.5710 | acc_event 0.845 acc_dt 0.486 acc_cpu 0.228
step 000200 | loss 2.9385 | ce_event 0.9038 ce_dt 2.0348 ce_cpu 1.5595 | acc_event 0.746 acc_dt 0.408 acc_cpu 0.229
step 000250 | loss 2.2225 | ce_event 0.5849 ce_dt 1.6375 ce_cpu 1.6064 | acc_event 0.831 acc_dt 0.493 acc_cpu 0.245
step 000300 | loss 2.3099 | ce_event 0.6195 ce_dt 1.6904 ce_cpu 1.5392 | acc_event 0.833 acc_dt 0.471 acc_cpu 0.251
step 000350 | loss 2.1356 | ce_event 0.4829 ce_dt 1.6527 ce_cpu 1.5710 | acc_event 0.861 acc_dt 0.460 acc_cpu 0.235
step 000400 | loss 2.1883 | ce_event 0.5152 ce_dt 1.6730 ce_cpu 1.6663 | acc_event 0.844 acc_dt 0.472 acc_cpu 0.185
step 000450 | loss 2.1256 | ce_event 0.5086 ce_dt 1.6170 ce_cpu 1.6067 | acc_event 0.846 acc_dt 0.489 acc_cpu 0.208
step 000500 | loss 2.1415 | ce_event 0.5140 ce_dt 1.6275 ce_cpu 1.4518 | acc_event 0.848 acc_dt 0.489 acc_cpu 0.273
step 000550 | loss 2.0988 | ce_event 0.4836 ce_dt 1.6152 ce_cpu 1.5980 | acc_event 0.861 acc_dt 0.484 acc_cpu 0.241
step 000600 | loss 1.9925 | ce_event 0.4272 ce_dt 1.5653 ce_cpu 1.5676 | acc_event 0.867 acc_dt 0.497 acc_cpu 0.263
step 000650 | loss 2.0834 | ce_event 0.4394 ce_dt 1.6440 ce_cpu 1.5523 | acc_event 0.865 acc_dt 0.483 acc_cpu 0.249
step 000700 | loss 2.1010 | ce_event 0.4068 ce_dt 1.6942 ce_cpu 1.6764 | acc_event 0.882 acc_dt 0.453 acc_cpu 0.202
step 000750 | loss 1.7567 | ce_event 0.2722 ce_dt 1.4844 ce_cpu 1.6838 | acc_event 0.918 acc_dt 0.501 acc_cpu 0.196
step 000800 | loss 2.0083 | ce_event 0.3631 ce_dt 1.6452 ce_cpu 1.6284 | acc_event 0.892 acc_dt 0.463 acc_cpu 0.211
step 000850 | loss 1.5543 | ce_event 0.2149 ce_dt 1.3395 ce_cpu 1.5577 | acc_event 0.935 acc_dt 0.546 acc_cpu 0.224
step 000900 | loss 2.0716 | ce_event 0.3699 ce_dt 1.7017 ce_cpu 1.5871 | acc_event 0.882 acc_dt 0.459 acc_cpu 0.228
step 000950 | loss 1.7804 | ce_event 0.3029 ce_dt 1.4776 ce_cpu 1.6202 | acc_event 0.917 acc_dt 0.523 acc_cpu 0.228
step 001000 | loss 1.8271 | ce_event 0.3215 ce_dt 1.5056 ce_cpu 1.5500 | acc_event 0.909 acc_dt 0.517 acc_cpu 0.238
step 001050 | loss 1.7447 | ce_event 0.2733 ce_dt 1.4714 ce_cpu 1.5969 | acc_event 0.919 acc_dt 0.513 acc_cpu 0.225
step 001100 | loss 2.1105 | ce_event 0.3920 ce_dt 1.7185 ce_cpu 1.7339 | acc_event 0.883 acc_dt 0.456 acc_cpu 0.203
step 001150 | loss 1.9047 | ce_event 0.3229 ce_dt 1.5818 ce_cpu 1.5186 | acc_event 0.906 acc_dt 0.499 acc_cpu 0.262
step 001200 | loss 1.8009 | ce_event 0.2482 ce_dt 1.5527 ce_cpu 1.6203 | acc_event 0.925 acc_dt 0.485 acc_cpu 0.233
step 001250 | loss 1.8086 | ce_event 0.2836 ce_dt 1.5250 ce_cpu 1.6267 | acc_event 0.920 acc_dt 0.506 acc_cpu 0.223
step 001300 | loss 1.8833 | ce_event 0.3050 ce_dt 1.5783 ce_cpu 1.5672 | acc_event 0.915 acc_dt 0.481 acc_cpu 0.236
step 001350 | loss 1.9675 | ce_event 0.3278 ce_dt 1.6398 ce_cpu 1.5703 | acc_event 0.908 acc_dt 0.467 acc_cpu 0.251
step 001400 | loss 1.6082 | ce_event 0.2219 ce_dt 1.3863 ce_cpu 1.6042 | acc_event 0.935 acc_dt 0.532 acc_cpu 0.233
step 001450 | loss 1.8217 | ce_event 0.2745 ce_dt 1.5472 ce_cpu 1.6102 | acc_event 0.919 acc_dt 0.495 acc_cpu 0.243
step 001500 | loss 1.8500 | ce_event 0.2834 ce_dt 1.5666 ce_cpu 1.5659 | acc_event 0.923 acc_dt 0.484 acc_cpu 0.267
step 001550 | loss 1.6634 | ce_event 0.2231 ce_dt 1.4403 ce_cpu 1.6454 | acc_event 0.933 acc_dt 0.525 acc_cpu 0.217
step 001600 | loss 1.9972 | ce_event 0.3628 ce_dt 1.6344 ce_cpu 1.5324 | acc_event 0.898 acc_dt 0.483 acc_cpu 0.268
step 001650 | loss 1.7318 | ce_event 0.2200 ce_dt 1.5118 ce_cpu 1.7038 | acc_event 0.933 acc_dt 0.493 acc_cpu 0.221
step 001700 | loss 1.8706 | ce_event 0.2505 ce_dt 1.6201 ce_cpu 1.6006 | acc_event 0.924 acc_dt 0.457 acc_cpu 0.240
step 001750 | loss 1.7230 | ce_event 0.2268 ce_dt 1.4962 ce_cpu 1.6379 | acc_event 0.933 acc_dt 0.495 acc_cpu 0.244
step 001800 | loss 1.7056 | ce_event 0.2328 ce_dt 1.4728 ce_cpu 1.5269 | acc_event 0.931 acc_dt 0.505 acc_cpu 0.290
step 001850 | loss 1.6500 | ce_event 0.2090 ce_dt 1.4410 ce_cpu 1.6264 | acc_event 0.936 acc_dt 0.521 acc_cpu 0.221
step 001900 | loss 1.5737 | ce_event 0.1966 ce_dt 1.3772 ce_cpu 1.6249 | acc_event 0.943 acc_dt 0.528 acc_cpu 0.228
step 001950 | loss 1.6693 | ce_event 0.1885 ce_dt 1.4808 ce_cpu 1.4959 | acc_event 0.940 acc_dt 0.499 acc_cpu 0.280
step 002000 | loss 1.6021 | ce_event 0.1807 ce_dt 1.4214 ce_cpu 1.5464 | acc_event 0.943 acc_dt 0.521 acc_cpu 0.258
[VAL] step 002000 | avg_nll_per_token 3.427992
[BEST] /project/def-naser2/yuvraj/SyntheticLogGeneration/outputs/art_outputs/art-wcpu0/checkpoints_ar/compress-gzip/best_step_002000.pt (val_nll=3.427992)
[SAVE] /project/def-naser2/yuvraj/SyntheticLogGeneration/outputs/art_outputs/art-wcpu0/checkpoints_ar/compress-gzip/step_002000.pt
step 002050 | loss 1.8005 | ce_event 0.2775 ce_dt 1.5230 ce_cpu 1.5347 | acc_event 0.920 acc_dt 0.510 acc_cpu 0.260
step 002100 | loss 1.9563 | ce_event 0.2787 ce_dt 1.6776 ce_cpu 1.6887 | acc_event 0.914 acc_dt 0.458 acc_cpu 0.200
step 002150 | loss 1.6312 | ce_event 0.2029 ce_dt 1.4283 ce_cpu 1.6586 | acc_event 0.940 acc_dt 0.516 acc_cpu 0.232
step 002200 | loss 1.7265 | ce_event 0.2295 ce_dt 1.4970 ce_cpu 1.6150 | acc_event 0.930 acc_dt 0.501 acc_cpu 0.227
step 002250 | loss 1.8441 | ce_event 0.2479 ce_dt 1.5961 ce_cpu 1.6468 | acc_event 0.931 acc_dt 0.473 acc_cpu 0.222
step 002300 | loss 1.7634 | ce_event 0.2545 ce_dt 1.5089 ce_cpu 1.5493 | acc_event 0.928 acc_dt 0.504 acc_cpu 0.262
step 002350 | loss 1.4087 | ce_event 0.1479 ce_dt 1.2609 ce_cpu 1.6197 | acc_event 0.953 acc_dt 0.575 acc_cpu 0.240
step 002400 | loss 1.8994 | ce_event 0.2514 ce_dt 1.6479 ce_cpu 1.6609 | acc_event 0.924 acc_dt 0.466 acc_cpu 0.216
step 002450 | loss 1.5474 | ce_event 0.1654 ce_dt 1.3819 ce_cpu 1.6185 | acc_event 0.950 acc_dt 0.521 acc_cpu 0.259
step 002500 | loss 1.3790 | ce_event 0.1337 ce_dt 1.2453 ce_cpu 1.5632 | acc_event 0.959 acc_dt 0.575 acc_cpu 0.249
step 002550 | loss 1.7188 | ce_event 0.2212 ce_dt 1.4976 ce_cpu 1.5969 | acc_event 0.933 acc_dt 0.504 acc_cpu 0.224
step 002600 | loss 1.6352 | ce_event 0.1798 ce_dt 1.4553 ce_cpu 1.6168 | acc_event 0.943 acc_dt 0.509 acc_cpu 0.224
step 002650 | loss 1.5200 | ce_event 0.1449 ce_dt 1.3750 ce_cpu 1.6341 | acc_event 0.955 acc_dt 0.522 acc_cpu 0.232
step 002700 | loss 1.6024 | ce_event 0.1957 ce_dt 1.4067 ce_cpu 1.5749 | acc_event 0.941 acc_dt 0.518 acc_cpu 0.259
step 002750 | loss 1.7406 | ce_event 0.2373 ce_dt 1.5032 ce_cpu 1.6086 | acc_event 0.927 acc_dt 0.505 acc_cpu 0.221
step 002800 | loss 1.5691 | ce_event 0.1882 ce_dt 1.3809 ce_cpu 1.6690 | acc_event 0.947 acc_dt 0.528 acc_cpu 0.230
step 002850 | loss 1.5342 | ce_event 0.1893 ce_dt 1.3449 ce_cpu 1.5349 | acc_event 0.945 acc_dt 0.542 acc_cpu 0.279
step 002900 | loss 1.6783 | ce_event 0.2123 ce_dt 1.4660 ce_cpu 1.6444 | acc_event 0.937 acc_dt 0.513 acc_cpu 0.215
step 002950 | loss 1.7321 | ce_event 0.2014 ce_dt 1.5307 ce_cpu 1.6473 | acc_event 0.938 acc_dt 0.478 acc_cpu 0.227
step 003000 | loss 1.6204 | ce_event 0.1816 ce_dt 1.4388 ce_cpu 1.5436 | acc_event 0.944 acc_dt 0.516 acc_cpu 0.267
step 003050 | loss 1.6543 | ce_event 0.1699 ce_dt 1.4844 ce_cpu 1.6063 | acc_event 0.946 acc_dt 0.492 acc_cpu 0.232
step 003100 | loss 1.5811 | ce_event 0.1783 ce_dt 1.4028 ce_cpu 1.5794 | acc_event 0.945 acc_dt 0.518 acc_cpu 0.244
step 003150 | loss 1.7562 | ce_event 0.2046 ce_dt 1.5516 ce_cpu 1.5683 | acc_event 0.935 acc_dt 0.485 acc_cpu 0.255
step 003200 | loss 1.5231 | ce_event 0.1670 ce_dt 1.3562 ce_cpu 1.5752 | acc_event 0.947 acc_dt 0.532 acc_cpu 0.268
step 003250 | loss 1.7533 | ce_event 0.2360 ce_dt 1.5173 ce_cpu 1.6163 | acc_event 0.932 acc_dt 0.496 acc_cpu 0.223
step 003300 | loss 1.4603 | ce_event 0.1260 ce_dt 1.3343 ce_cpu 1.6376 | acc_event 0.960 acc_dt 0.540 acc_cpu 0.228
step 003350 | loss 1.7324 | ce_event 0.1924 ce_dt 1.5401 ce_cpu 1.6295 | acc_event 0.939 acc_dt 0.483 acc_cpu 0.226
step 003400 | loss 1.4556 | ce_event 0.1330 ce_dt 1.3226 ce_cpu 1.5172 | acc_event 0.958 acc_dt 0.539 acc_cpu 0.258
step 003450 | loss 1.5482 | ce_event 0.1650 ce_dt 1.3832 ce_cpu 1.6128 | acc_event 0.952 acc_dt 0.527 acc_cpu 0.216
step 003500 | loss 1.6386 | ce_event 0.1814 ce_dt 1.4571 ce_cpu 1.6501 | acc_event 0.944 acc_dt 0.511 acc_cpu 0.213
step 003550 | loss 1.6237 | ce_event 0.1851 ce_dt 1.4386 ce_cpu 1.5492 | acc_event 0.944 acc_dt 0.518 acc_cpu 0.264
step 003600 | loss 1.7755 | ce_event 0.2392 ce_dt 1.5362 ce_cpu 1.6327 | acc_event 0.933 acc_dt 0.478 acc_cpu 0.260
step 003650 | loss 1.5613 | ce_event 0.1536 ce_dt 1.4077 ce_cpu 1.6824 | acc_event 0.952 acc_dt 0.514 acc_cpu 0.206
step 003700 | loss 1.7684 | ce_event 0.2127 ce_dt 1.5557 ce_cpu 1.5934 | acc_event 0.935 acc_dt 0.478 acc_cpu 0.247
step 003750 | loss 1.6618 | ce_event 0.1774 ce_dt 1.4844 ce_cpu 1.6477 | acc_event 0.943 acc_dt 0.495 acc_cpu 0.227
step 003800 | loss 1.5507 | ce_event 0.1884 ce_dt 1.3623 ce_cpu 1.6355 | acc_event 0.942 acc_dt 0.536 acc_cpu 0.245
step 003850 | loss 1.7182 | ce_event 0.2042 ce_dt 1.5140 ce_cpu 1.6181 | acc_event 0.937 acc_dt 0.486 acc_cpu 0.227
step 003900 | loss 1.4961 | ce_event 0.1769 ce_dt 1.3193 ce_cpu 1.6164 | acc_event 0.948 acc_dt 0.543 acc_cpu 0.243
step 003950 | loss 1.5628 | ce_event 0.1550 ce_dt 1.4078 ce_cpu 1.6658 | acc_event 0.951 acc_dt 0.519 acc_cpu 0.218
step 004000 | loss 1.6358 | ce_event 0.1965 ce_dt 1.4393 ce_cpu 1.6295 | acc_event 0.939 acc_dt 0.517 acc_cpu 0.228
[VAL] step 004000 | avg_nll_per_token 3.026627
[BEST] /project/def-naser2/yuvraj/SyntheticLogGeneration/outputs/art_outputs/art-wcpu0/checkpoints_ar/compress-gzip/best_step_004000.pt (val_nll=3.026627)
[SAVE] /project/def-naser2/yuvraj/SyntheticLogGeneration/outputs/art_outputs/art-wcpu0/checkpoints_ar/compress-gzip/step_004000.pt
step 004050 | loss 1.5084 | ce_event 0.1544 ce_dt 1.3540 ce_cpu 1.6624 | acc_event 0.955 acc_dt 0.534 acc_cpu 0.203
step 004100 | loss 1.7027 | ce_event 0.2324 ce_dt 1.4703 ce_cpu 1.5698 | acc_event 0.931 acc_dt 0.510 acc_cpu 0.256
step 004150 | loss 1.4013 | ce_event 0.1245 ce_dt 1.2767 ce_cpu 1.6270 | acc_event 0.958 acc_dt 0.558 acc_cpu 0.241
step 004200 | loss 1.5093 | ce_event 0.1568 ce_dt 1.3525 ce_cpu 1.6056 | acc_event 0.952 acc_dt 0.532 acc_cpu 0.230
step 004250 | loss 1.5658 | ce_event 0.1644 ce_dt 1.4014 ce_cpu 1.7527 | acc_event 0.947 acc_dt 0.515 acc_cpu 0.177
step 004300 | loss 1.3858 | ce_event 0.1192 ce_dt 1.2666 ce_cpu 1.6966 | acc_event 0.963 acc_dt 0.552 acc_cpu 0.204
step 004350 | loss 1.5668 | ce_event 0.1780 ce_dt 1.3888 ce_cpu 1.5719 | acc_event 0.947 acc_dt 0.524 acc_cpu 0.248
step 004400 | loss 1.5937 | ce_event 0.1635 ce_dt 1.4302 ce_cpu 1.5773 | acc_event 0.950 acc_dt 0.506 acc_cpu 0.248
step 004450 | loss 1.3152 | ce_event 0.0926 ce_dt 1.2226 ce_cpu 1.5142 | acc_event 0.970 acc_dt 0.575 acc_cpu 0.270
step 004500 | loss 1.5891 | ce_event 0.1855 ce_dt 1.4036 ce_cpu 1.5576 | acc_event 0.942 acc_dt 0.538 acc_cpu 0.250
step 004550 | loss 1.6237 | ce_event 0.1826 ce_dt 1.4411 ce_cpu 1.6539 | acc_event 0.942 acc_dt 0.516 acc_cpu 0.220
step 004600 | loss 1.5523 | ce_event 0.1525 ce_dt 1.3998 ce_cpu 1.5318 | acc_event 0.951 acc_dt 0.519 acc_cpu 0.260
step 004650 | loss 1.5445 | ce_event 0.1598 ce_dt 1.3846 ce_cpu 1.5343 | acc_event 0.950 acc_dt 0.534 acc_cpu 0.262
step 004700 | loss 1.6405 | ce_event 0.1815 ce_dt 1.4590 ce_cpu 1.5846 | acc_event 0.945 acc_dt 0.501 acc_cpu 0.271
step 004750 | loss 1.5870 | ce_event 0.1671 ce_dt 1.4199 ce_cpu 1.6613 | acc_event 0.947 acc_dt 0.519 acc_cpu 0.248
step 004800 | loss 1.4912 | ce_event 0.1146 ce_dt 1.3766 ce_cpu 1.6136 | acc_event 0.962 acc_dt 0.520 acc_cpu 0.237
step 004850 | loss 1.5511 | ce_event 0.1457 ce_dt 1.4054 ce_cpu 1.6498 | acc_event 0.955 acc_dt 0.509 acc_cpu 0.209
step 004900 | loss 1.6342 | ce_event 0.2061 ce_dt 1.4281 ce_cpu 1.6199 | acc_event 0.937 acc_dt 0.512 acc_cpu 0.249
step 004950 | loss 1.5026 | ce_event 0.1486 ce_dt 1.3540 ce_cpu 1.7124 | acc_event 0.952 acc_dt 0.537 acc_cpu 0.192
step 005000 | loss 1.5431 | ce_event 0.1577 ce_dt 1.3854 ce_cpu 1.5642 | acc_event 0.950 acc_dt 0.513 acc_cpu 0.246
step 005050 | loss 1.5546 | ce_event 0.1676 ce_dt 1.3870 ce_cpu 1.7233 | acc_event 0.950 acc_dt 0.528 acc_cpu 0.198
step 005100 | loss 1.4347 | ce_event 0.1273 ce_dt 1.3074 ce_cpu 1.6724 | acc_event 0.960 acc_dt 0.553 acc_cpu 0.210
step 005150 | loss 1.5785 | ce_event 0.1415 ce_dt 1.4371 ce_cpu 1.6041 | acc_event 0.953 acc_dt 0.496 acc_cpu 0.250
step 005200 | loss 1.5682 | ce_event 0.1704 ce_dt 1.3978 ce_cpu 1.5566 | acc_event 0.951 acc_dt 0.526 acc_cpu 0.271
step 005250 | loss 1.5275 | ce_event 0.1616 ce_dt 1.3659 ce_cpu 1.6659 | acc_event 0.954 acc_dt 0.526 acc_cpu 0.221
step 005300 | loss 1.6017 | ce_event 0.1537 ce_dt 1.4480 ce_cpu 1.6688 | acc_event 0.951 acc_dt 0.502 acc_cpu 0.212
step 005350 | loss 1.5244 | ce_event 0.1514 ce_dt 1.3730 ce_cpu 1.5855 | acc_event 0.953 acc_dt 0.521 acc_cpu 0.241
step 005400 | loss 1.7219 | ce_event 0.2164 ce_dt 1.5055 ce_cpu 1.6670 | acc_event 0.933 acc_dt 0.501 acc_cpu 0.234
step 005450 | loss 1.3803 | ce_event 0.1241 ce_dt 1.2562 ce_cpu 1.5794 | acc_event 0.958 acc_dt 0.562 acc_cpu 0.252
step 005500 | loss 1.4891 | ce_event 0.1425 ce_dt 1.3466 ce_cpu 1.6234 | acc_event 0.955 acc_dt 0.535 acc_cpu 0.224
step 005550 | loss 1.3961 | ce_event 0.1252 ce_dt 1.2710 ce_cpu 1.6852 | acc_event 0.960 acc_dt 0.560 acc_cpu 0.206
step 005600 | loss 1.4302 | ce_event 0.1311 ce_dt 1.2991 ce_cpu 1.6002 | acc_event 0.959 acc_dt 0.551 acc_cpu 0.232
step 005650 | loss 1.5148 | ce_event 0.1871 ce_dt 1.3278 ce_cpu 1.6610 | acc_event 0.947 acc_dt 0.547 acc_cpu 0.227
step 005700 | loss 1.4940 | ce_event 0.1405 ce_dt 1.3535 ce_cpu 1.6109 | acc_event 0.953 acc_dt 0.531 acc_cpu 0.238
step 005750 | loss 1.5729 | ce_event 0.1531 ce_dt 1.4198 ce_cpu 1.6414 | acc_event 0.952 acc_dt 0.506 acc_cpu 0.225
step 005800 | loss 1.5395 | ce_event 0.1805 ce_dt 1.3591 ce_cpu 1.6231 | acc_event 0.945 acc_dt 0.533 acc_cpu 0.248
step 005850 | loss 1.5647 | ce_event 0.1749 ce_dt 1.3898 ce_cpu 1.6034 | acc_event 0.945 acc_dt 0.520 acc_cpu 0.247
step 005900 | loss 1.5227 | ce_event 0.1579 ce_dt 1.3648 ce_cpu 1.6124 | acc_event 0.948 acc_dt 0.542 acc_cpu 0.236
step 005950 | loss 1.4525 | ce_event 0.1394 ce_dt 1.3131 ce_cpu 1.6345 | acc_event 0.956 acc_dt 0.539 acc_cpu 0.238
step 006000 | loss 1.4176 | ce_event 0.1272 ce_dt 1.2904 ce_cpu 1.6877 | acc_event 0.960 acc_dt 0.550 acc_cpu 0.215
[VAL] step 006000 | avg_nll_per_token 2.839604
[BEST] /project/def-naser2/yuvraj/SyntheticLogGeneration/outputs/art_outputs/art-wcpu0/checkpoints_ar/compress-gzip/best_step_006000.pt (val_nll=2.839604)
[SAVE] /project/def-naser2/yuvraj/SyntheticLogGeneration/outputs/art_outputs/art-wcpu0/checkpoints_ar/compress-gzip/step_006000.pt
step 006050 | loss 1.5201 | ce_event 0.1459 ce_dt 1.3742 ce_cpu 1.6575 | acc_event 0.954 acc_dt 0.530 acc_cpu 0.216
step 006100 | loss 1.5041 | ce_event 0.1390 ce_dt 1.3650 ce_cpu 1.6388 | acc_event 0.956 acc_dt 0.524 acc_cpu 0.226
step 006150 | loss 1.6254 | ce_event 0.2042 ce_dt 1.4212 ce_cpu 1.6951 | acc_event 0.940 acc_dt 0.519 acc_cpu 0.225
step 006200 | loss 1.5451 | ce_event 0.1398 ce_dt 1.4053 ce_cpu 1.5463 | acc_event 0.955 acc_dt 0.511 acc_cpu 0.268
step 006250 | loss 1.5313 | ce_event 0.1671 ce_dt 1.3642 ce_cpu 1.6209 | acc_event 0.952 acc_dt 0.533 acc_cpu 0.248
step 006300 | loss 1.3612 | ce_event 0.1175 ce_dt 1.2437 ce_cpu 1.6207 | acc_event 0.963 acc_dt 0.570 acc_cpu 0.246
step 006350 | loss 1.4549 | ce_event 0.1414 ce_dt 1.3135 ce_cpu 1.6887 | acc_event 0.957 acc_dt 0.545 acc_cpu 0.199
step 006400 | loss 1.4825 | ce_event 0.1515 ce_dt 1.3309 ce_cpu 1.5835 | acc_event 0.954 acc_dt 0.539 acc_cpu 0.229
step 006450 | loss 1.6593 | ce_event 0.1784 ce_dt 1.4809 ce_cpu 1.6689 | acc_event 0.945 acc_dt 0.491 acc_cpu 0.212
step 006500 | loss 1.4484 | ce_event 0.1078 ce_dt 1.3406 ce_cpu 1.5806 | acc_event 0.965 acc_dt 0.529 acc_cpu 0.244
step 006550 | loss 1.3892 | ce_event 0.1129 ce_dt 1.2763 ce_cpu 1.6118 | acc_event 0.967 acc_dt 0.547 acc_cpu 0.227
step 006600 | loss 1.6955 | ce_event 0.1888 ce_dt 1.5067 ce_cpu 1.6276 | acc_event 0.942 acc_dt 0.487 acc_cpu 0.235
step 006650 | loss 1.4815 | ce_event 0.1428 ce_dt 1.3387 ce_cpu 1.6211 | acc_event 0.956 acc_dt 0.536 acc_cpu 0.246
step 006700 | loss 1.5811 | ce_event 0.1840 ce_dt 1.3971 ce_cpu 1.6229 | acc_event 0.944 acc_dt 0.527 acc_cpu 0.230
step 006750 | loss 1.5677 | ce_event 0.1423 ce_dt 1.4254 ce_cpu 1.6161 | acc_event 0.954 acc_dt 0.506 acc_cpu 0.238
step 006800 | loss 1.3491 | ce_event 0.1074 ce_dt 1.2417 ce_cpu 1.6375 | acc_event 0.966 acc_dt 0.564 acc_cpu 0.225
step 006850 | loss 1.5743 | ce_event 0.1520 ce_dt 1.4223 ce_cpu 1.6638 | acc_event 0.951 acc_dt 0.508 acc_cpu 0.222
step 006900 | loss 1.5412 | ce_event 0.1377 ce_dt 1.4035 ce_cpu 1.6789 | acc_event 0.957 acc_dt 0.518 acc_cpu 0.208
step 006950 | loss 1.6478 | ce_event 0.1920 ce_dt 1.4558 ce_cpu 1.6002 | acc_event 0.940 acc_dt 0.510 acc_cpu 0.255
step 007000 | loss 1.3261 | ce_event 0.1010 ce_dt 1.2251 ce_cpu 1.6039 | acc_event 0.965 acc_dt 0.570 acc_cpu 0.253
step 007050 | loss 1.4284 | ce_event 0.1341 ce_dt 1.2943 ce_cpu 1.5979 | acc_event 0.959 acc_dt 0.555 acc_cpu 0.233
step 007100 | loss 1.3402 | ce_event 0.1120 ce_dt 1.2282 ce_cpu 1.6343 | acc_event 0.967 acc_dt 0.563 acc_cpu 0.245
step 007150 | loss 1.4010 | ce_event 0.1183 ce_dt 1.2827 ce_cpu 1.5683 | acc_event 0.962 acc_dt 0.551 acc_cpu 0.258
step 007200 | loss 1.4201 | ce_event 0.1320 ce_dt 1.2881 ce_cpu 1.5830 | acc_event 0.960 acc_dt 0.545 acc_cpu 0.249
step 007250 | loss 1.3843 | ce_event 0.1015 ce_dt 1.2828 ce_cpu 1.6423 | acc_event 0.967 acc_dt 0.546 acc_cpu 0.232
step 007300 | loss 1.4573 | ce_event 0.1392 ce_dt 1.3182 ce_cpu 1.6474 | acc_event 0.959 acc_dt 0.543 acc_cpu 0.223
step 007350 | loss 1.6335 | ce_event 0.1817 ce_dt 1.4517 ce_cpu 1.5719 | acc_event 0.945 acc_dt 0.493 acc_cpu 0.256
step 007400 | loss 1.4858 | ce_event 0.1347 ce_dt 1.3511 ce_cpu 1.6193 | acc_event 0.956 acc_dt 0.519 acc_cpu 0.241
step 007450 | loss 1.4259 | ce_event 0.1479 ce_dt 1.2779 ce_cpu 1.6491 | acc_event 0.955 acc_dt 0.561 acc_cpu 0.236
step 007500 | loss 1.3489 | ce_event 0.1252 ce_dt 1.2237 ce_cpu 1.6334 | acc_event 0.962 acc_dt 0.571 acc_cpu 0.225
step 007550 | loss 1.4671 | ce_event 0.1259 ce_dt 1.3412 ce_cpu 1.6301 | acc_event 0.958 acc_dt 0.523 acc_cpu 0.228
step 007600 | loss 1.6425 | ce_event 0.1644 ce_dt 1.4781 ce_cpu 1.5738 | acc_event 0.947 acc_dt 0.494 acc_cpu 0.226
step 007650 | loss 1.7229 | ce_event 0.2134 ce_dt 1.5095 ce_cpu 1.6280 | acc_event 0.934 acc_dt 0.503 acc_cpu 0.224
step 007700 | loss 1.3427 | ce_event 0.1248 ce_dt 1.2179 ce_cpu 1.5956 | acc_event 0.961 acc_dt 0.581 acc_cpu 0.243
step 007750 | loss 1.3613 | ce_event 0.1251 ce_dt 1.2362 ce_cpu 1.6099 | acc_event 0.961 acc_dt 0.575 acc_cpu 0.246
step 007800 | loss 1.4476 | ce_event 0.1354 ce_dt 1.3122 ce_cpu 1.6117 | acc_event 0.958 acc_dt 0.551 acc_cpu 0.228
step 007850 | loss 1.5098 | ce_event 0.1377 ce_dt 1.3721 ce_cpu 1.6394 | acc_event 0.955 acc_dt 0.528 acc_cpu 0.221
step 007900 | loss 1.2994 | ce_event 0.0869 ce_dt 1.2124 ce_cpu 1.6722 | acc_event 0.974 acc_dt 0.569 acc_cpu 0.224
step 007950 | loss 1.6338 | ce_event 0.1684 ce_dt 1.4654 ce_cpu 1.4858 | acc_event 0.945 acc_dt 0.505 acc_cpu 0.302
step 008000 | loss 1.4935 | ce_event 0.1423 ce_dt 1.3512 ce_cpu 1.6520 | acc_event 0.955 acc_dt 0.547 acc_cpu 0.220
[VAL] step 008000 | avg_nll_per_token 2.691538
[BEST] /project/def-naser2/yuvraj/SyntheticLogGeneration/outputs/art_outputs/art-wcpu0/checkpoints_ar/compress-gzip/best_step_008000.pt (val_nll=2.691538)
[SAVE] /project/def-naser2/yuvraj/SyntheticLogGeneration/outputs/art_outputs/art-wcpu0/checkpoints_ar/compress-gzip/step_008000.pt
step 008050 | loss 1.5012 | ce_event 0.1589 ce_dt 1.3423 ce_cpu 1.6846 | acc_event 0.950 acc_dt 0.535 acc_cpu 0.227
step 008100 | loss 1.4464 | ce_event 0.1518 ce_dt 1.2946 ce_cpu 1.6214 | acc_event 0.952 acc_dt 0.562 acc_cpu 0.243
step 008150 | loss 1.4542 | ce_event 0.1341 ce_dt 1.3202 ce_cpu 1.6136 | acc_event 0.956 acc_dt 0.538 acc_cpu 0.225
step 008200 | loss 1.5686 | ce_event 0.1888 ce_dt 1.3798 ce_cpu 1.6578 | acc_event 0.943 acc_dt 0.533 acc_cpu 0.211
step 008250 | loss 1.4738 | ce_event 0.1612 ce_dt 1.3126 ce_cpu 1.5768 | acc_event 0.951 acc_dt 0.546 acc_cpu 0.241
step 008300 | loss 1.5914 | ce_event 0.1595 ce_dt 1.4319 ce_cpu 1.6903 | acc_event 0.950 acc_dt 0.507 acc_cpu 0.202
step 008350 | loss 1.4101 | ce_event 0.1296 ce_dt 1.2805 ce_cpu 1.5516 | acc_event 0.960 acc_dt 0.554 acc_cpu 0.253
step 008400 | loss 1.5341 | ce_event 0.1510 ce_dt 1.3831 ce_cpu 1.6819 | acc_event 0.954 acc_dt 0.524 acc_cpu 0.235
step 008450 | loss 1.4325 | ce_event 0.1176 ce_dt 1.3148 ce_cpu 1.5129 | acc_event 0.960 acc_dt 0.533 acc_cpu 0.264
step 008500 | loss 1.5671 | ce_event 0.1685 ce_dt 1.3986 ce_cpu 1.5885 | acc_event 0.947 acc_dt 0.525 acc_cpu 0.247
step 008550 | loss 1.6737 | ce_event 0.1949 ce_dt 1.4788 ce_cpu 1.7176 | acc_event 0.938 acc_dt 0.503 acc_cpu 0.193
step 008600 | loss 1.6215 | ce_event 0.1820 ce_dt 1.4394 ce_cpu 1.5947 | acc_event 0.946 acc_dt 0.516 acc_cpu 0.238
step 008650 | loss 1.5601 | ce_event 0.1509 ce_dt 1.4092 ce_cpu 1.6119 | acc_event 0.948 acc_dt 0.517 acc_cpu 0.233
step 008700 | loss 1.4715 | ce_event 0.1316 ce_dt 1.3399 ce_cpu 1.6612 | acc_event 0.959 acc_dt 0.530 acc_cpu 0.235
step 008750 | loss 1.2925 | ce_event 0.1001 ce_dt 1.1924 ce_cpu 1.6204 | acc_event 0.966 acc_dt 0.579 acc_cpu 0.249
step 008800 | loss 1.5338 | ce_event 0.1448 ce_dt 1.3890 ce_cpu 1.6138 | acc_event 0.955 acc_dt 0.516 acc_cpu 0.239
step 008850 | loss 1.6491 | ce_event 0.1773 ce_dt 1.4718 ce_cpu 1.5770 | acc_event 0.940 acc_dt 0.505 acc_cpu 0.239
step 008900 | loss 1.4300 | ce_event 0.1026 ce_dt 1.3274 ce_cpu 1.5381 | acc_event 0.968 acc_dt 0.538 acc_cpu 0.270
step 008950 | loss 1.3762 | ce_event 0.1154 ce_dt 1.2607 ce_cpu 1.6607 | acc_event 0.962 acc_dt 0.559 acc_cpu 0.221
step 009000 | loss 1.4011 | ce_event 0.1412 ce_dt 1.2600 ce_cpu 1.5841 | acc_event 0.956 acc_dt 0.568 acc_cpu 0.253
step 009050 | loss 1.4381 | ce_event 0.1370 ce_dt 1.3011 ce_cpu 1.6614 | acc_event 0.958 acc_dt 0.549 acc_cpu 0.232
step 009100 | loss 1.5254 | ce_event 0.1243 ce_dt 1.4011 ce_cpu 1.6737 | acc_event 0.959 acc_dt 0.512 acc_cpu 0.217
step 009150 | loss 1.5074 | ce_event 0.1277 ce_dt 1.3796 ce_cpu 1.7511 | acc_event 0.961 acc_dt 0.509 acc_cpu 0.194
step 009200 | loss 1.4745 | ce_event 0.1094 ce_dt 1.3651 ce_cpu 1.7273 | acc_event 0.962 acc_dt 0.518 acc_cpu 0.208
step 009250 | loss 1.6664 | ce_event 0.1878 ce_dt 1.4786 ce_cpu 1.6653 | acc_event 0.944 acc_dt 0.498 acc_cpu 0.230
step 009300 | loss 1.5671 | ce_event 0.1283 ce_dt 1.4389 ce_cpu 1.7286 | acc_event 0.959 acc_dt 0.496 acc_cpu 0.196
step 009350 | loss 1.4428 | ce_event 0.1393 ce_dt 1.3035 ce_cpu 1.5837 | acc_event 0.960 acc_dt 0.545 acc_cpu 0.245
step 009400 | loss 1.5306 | ce_event 0.1560 ce_dt 1.3746 ce_cpu 1.6455 | acc_event 0.949 acc_dt 0.522 acc_cpu 0.247
step 009450 | loss 1.4733 | ce_event 0.1346 ce_dt 1.3387 ce_cpu 1.6382 | acc_event 0.957 acc_dt 0.532 acc_cpu 0.241
step 009500 | loss 1.4361 | ce_event 0.1200 ce_dt 1.3161 ce_cpu 1.6027 | acc_event 0.962 acc_dt 0.540 acc_cpu 0.231
step 009550 | loss 1.7078 | ce_event 0.2428 ce_dt 1.4651 ce_cpu 1.6224 | acc_event 0.926 acc_dt 0.521 acc_cpu 0.209
step 009600 | loss 1.6423 | ce_event 0.1795 ce_dt 1.4628 ce_cpu 1.6690 | acc_event 0.946 acc_dt 0.508 acc_cpu 0.215
step 009650 | loss 1.4245 | ce_event 0.1395 ce_dt 1.2850 ce_cpu 1.6644 | acc_event 0.958 acc_dt 0.555 acc_cpu 0.219
step 009700 | loss 1.6164 | ce_event 0.1513 ce_dt 1.4651 ce_cpu 1.6347 | acc_event 0.952 acc_dt 0.496 acc_cpu 0.230
step 009750 | loss 1.3208 | ce_event 0.0971 ce_dt 1.2237 ce_cpu 1.7153 | acc_event 0.971 acc_dt 0.564 acc_cpu 0.211
step 009800 | loss 1.4678 | ce_event 0.1326 ce_dt 1.3352 ce_cpu 1.6344 | acc_event 0.957 acc_dt 0.545 acc_cpu 0.245
step 009850 | loss 1.3503 | ce_event 0.1276 ce_dt 1.2226 ce_cpu 1.6395 | acc_event 0.960 acc_dt 0.581 acc_cpu 0.227
step 009900 | loss 1.5072 | ce_event 0.1669 ce_dt 1.3403 ce_cpu 1.6963 | acc_event 0.949 acc_dt 0.542 acc_cpu 0.202
step 009950 | loss 1.4803 | ce_event 0.1359 ce_dt 1.3444 ce_cpu 1.5977 | acc_event 0.958 acc_dt 0.541 acc_cpu 0.236
step 010000 | loss 1.4254 | ce_event 0.1220 ce_dt 1.3034 ce_cpu 1.6303 | acc_event 0.963 acc_dt 0.531 acc_cpu 0.214
[VAL] step 010000 | avg_nll_per_token 2.615226
[BEST] /project/def-naser2/yuvraj/SyntheticLogGeneration/outputs/art_outputs/art-wcpu0/checkpoints_ar/compress-gzip/best_step_010000.pt (val_nll=2.615226)
[SAVE] /project/def-naser2/yuvraj/SyntheticLogGeneration/outputs/art_outputs/art-wcpu0/checkpoints_ar/compress-gzip/step_010000.pt
step 010050 | loss 1.5074 | ce_event 0.1669 ce_dt 1.3405 ce_cpu 1.6340 | acc_event 0.952 acc_dt 0.547 acc_cpu 0.223
step 010100 | loss 1.3759 | ce_event 0.1152 ce_dt 1.2606 ce_cpu 1.6901 | acc_event 0.963 acc_dt 0.556 acc_cpu 0.197
step 010150 | loss 1.4749 | ce_event 0.1592 ce_dt 1.3158 ce_cpu 1.6991 | acc_event 0.952 acc_dt 0.542 acc_cpu 0.210
step 010200 | loss 1.5830 | ce_event 0.1501 ce_dt 1.4329 ce_cpu 1.6598 | acc_event 0.952 acc_dt 0.504 acc_cpu 0.217
step 010250 | loss 1.6100 | ce_event 0.1537 ce_dt 1.4563 ce_cpu 1.6350 | acc_event 0.953 acc_dt 0.506 acc_cpu 0.225
step 010300 | loss 1.3669 | ce_event 0.0959 ce_dt 1.2710 ce_cpu 1.7142 | acc_event 0.969 acc_dt 0.543 acc_cpu 0.196
step 010350 | loss 1.5192 | ce_event 0.1550 ce_dt 1.3642 ce_cpu 1.7543 | acc_event 0.950 acc_dt 0.530 acc_cpu 0.185
step 010400 | loss 1.4484 | ce_event 0.1176 ce_dt 1.3308 ce_cpu 1.6478 | acc_event 0.963 acc_dt 0.531 acc_cpu 0.226
step 010450 | loss 1.3980 | ce_event 0.1165 ce_dt 1.2816 ce_cpu 1.6059 | acc_event 0.962 acc_dt 0.553 acc_cpu 0.255
step 010500 | loss 1.5512 | ce_event 0.1389 ce_dt 1.4124 ce_cpu 1.7389 | acc_event 0.954 acc_dt 0.509 acc_cpu 0.206
step 010550 | loss 1.6335 | ce_event 0.1843 ce_dt 1.4492 ce_cpu 1.6273 | acc_event 0.945 acc_dt 0.500 acc_cpu 0.220
step 010600 | loss 1.5189 | ce_event 0.1471 ce_dt 1.3718 ce_cpu 1.5525 | acc_event 0.952 acc_dt 0.525 acc_cpu 0.268
step 010650 | loss 1.4489 | ce_event 0.1326 ce_dt 1.3163 ce_cpu 1.6101 | acc_event 0.959 acc_dt 0.539 acc_cpu 0.244
step 010700 | loss 1.4566 | ce_event 0.1081 ce_dt 1.3485 ce_cpu 1.6468 | acc_event 0.964 acc_dt 0.528 acc_cpu 0.205
step 010750 | loss 1.5010 | ce_event 0.1435 ce_dt 1.3575 ce_cpu 1.6248 | acc_event 0.955 acc_dt 0.531 acc_cpu 0.237
step 010800 | loss 1.4001 | ce_event 0.1034 ce_dt 1.2967 ce_cpu 1.7205 | acc_event 0.963 acc_dt 0.536 acc_cpu 0.211
step 010850 | loss 1.4148 | ce_event 0.1237 ce_dt 1.2910 ce_cpu 1.6826 | acc_event 0.963 acc_dt 0.553 acc_cpu 0.202
step 010900 | loss 1.7320 | ce_event 0.1859 ce_dt 1.5461 ce_cpu 1.7091 | acc_event 0.937 acc_dt 0.482 acc_cpu 0.193
step 010950 | loss 1.3512 | ce_event 0.1042 ce_dt 1.2470 ce_cpu 1.6254 | acc_event 0.967 acc_dt 0.562 acc_cpu 0.225
step 011000 | loss 1.6937 | ce_event 0.1824 ce_dt 1.5113 ce_cpu 1.6236 | acc_event 0.938 acc_dt 0.499 acc_cpu 0.236
step 011050 | loss 1.4288 | ce_event 0.1085 ce_dt 1.3202 ce_cpu 1.6653 | acc_event 0.962 acc_dt 0.533 acc_cpu 0.229
step 011100 | loss 1.2883 | ce_event 0.0843 ce_dt 1.2041 ce_cpu 1.5912 | acc_event 0.973 acc_dt 0.567 acc_cpu 0.259
step 011150 | loss 1.4137 | ce_event 0.1174 ce_dt 1.2963 ce_cpu 1.5716 | acc_event 0.962 acc_dt 0.548 acc_cpu 0.254
step 011200 | loss 1.6533 | ce_event 0.1762 ce_dt 1.4770 ce_cpu 1.6674 | acc_event 0.940 acc_dt 0.498 acc_cpu 0.204
step 011250 | loss 1.5825 | ce_event 0.1502 ce_dt 1.4323 ce_cpu 1.6986 | acc_event 0.952 acc_dt 0.517 acc_cpu 0.208
step 011300 | loss 1.4028 | ce_event 0.1423 ce_dt 1.2606 ce_cpu 1.6317 | acc_event 0.956 acc_dt 0.561 acc_cpu 0.241
step 011350 | loss 1.4075 | ce_event 0.1242 ce_dt 1.2833 ce_cpu 1.5408 | acc_event 0.962 acc_dt 0.558 acc_cpu 0.261
step 011400 | loss 1.4168 | ce_event 0.1291 ce_dt 1.2877 ce_cpu 1.6749 | acc_event 0.961 acc_dt 0.551 acc_cpu 0.220
step 011450 | loss 1.4154 | ce_event 0.1110 ce_dt 1.3044 ce_cpu 1.6924 | acc_event 0.966 acc_dt 0.545 acc_cpu 0.207
step 011500 | loss 1.4273 | ce_event 0.1392 ce_dt 1.2880 ce_cpu 1.7009 | acc_event 0.955 acc_dt 0.554 acc_cpu 0.222
step 011550 | loss 1.4547 | ce_event 0.1186 ce_dt 1.3361 ce_cpu 1.6462 | acc_event 0.963 acc_dt 0.527 acc_cpu 0.225
step 011600 | loss 1.5284 | ce_event 0.1508 ce_dt 1.3776 ce_cpu 1.6369 | acc_event 0.953 acc_dt 0.532 acc_cpu 0.228
step 011650 | loss 1.3444 | ce_event 0.0936 ce_dt 1.2508 ce_cpu 1.6154 | acc_event 0.968 acc_dt 0.552 acc_cpu 0.230
step 011700 | loss 1.3926 | ce_event 0.1011 ce_dt 1.2916 ce_cpu 1.6272 | acc_event 0.966 acc_dt 0.540 acc_cpu 0.213
step 011750 | loss 1.5167 | ce_event 0.1128 ce_dt 1.4039 ce_cpu 1.6001 | acc_event 0.962 acc_dt 0.510 acc_cpu 0.241
step 011800 | loss 1.3741 | ce_event 0.1014 ce_dt 1.2727 ce_cpu 1.5745 | acc_event 0.965 acc_dt 0.556 acc_cpu 0.221
step 011850 | loss 1.4387 | ce_event 0.1249 ce_dt 1.3138 ce_cpu 1.6194 | acc_event 0.960 acc_dt 0.543 acc_cpu 0.229
step 011900 | loss 1.4341 | ce_event 0.1344 ce_dt 1.2996 ce_cpu 1.6869 | acc_event 0.957 acc_dt 0.543 acc_cpu 0.197
step 011950 | loss 1.4148 | ce_event 0.1040 ce_dt 1.3108 ce_cpu 1.5945 | acc_event 0.967 acc_dt 0.538 acc_cpu 0.262
step 012000 | loss 1.3621 | ce_event 0.1071 ce_dt 1.2550 ce_cpu 1.5881 | acc_event 0.966 acc_dt 0.560 acc_cpu 0.232
[VAL] step 012000 | avg_nll_per_token 2.542454
[BEST] /project/def-naser2/yuvraj/SyntheticLogGeneration/outputs/art_outputs/art-wcpu0/checkpoints_ar/compress-gzip/best_step_012000.pt (val_nll=2.542454)
[SAVE] /project/def-naser2/yuvraj/SyntheticLogGeneration/outputs/art_outputs/art-wcpu0/checkpoints_ar/compress-gzip/step_012000.pt
step 012050 | loss 1.3395 | ce_event 0.0992 ce_dt 1.2404 ce_cpu 1.6580 | acc_event 0.969 acc_dt 0.556 acc_cpu 0.219
step 012100 | loss 1.5056 | ce_event 0.1519 ce_dt 1.3537 ce_cpu 1.6672 | acc_event 0.955 acc_dt 0.538 acc_cpu 0.233
step 012150 | loss 1.6056 | ce_event 0.1555 ce_dt 1.4501 ce_cpu 1.6295 | acc_event 0.948 acc_dt 0.509 acc_cpu 0.239
step 012200 | loss 1.3391 | ce_event 0.0954 ce_dt 1.2438 ce_cpu 1.7641 | acc_event 0.968 acc_dt 0.561 acc_cpu 0.162
step 012250 | loss 1.2845 | ce_event 0.1058 ce_dt 1.1787 ce_cpu 1.6539 | acc_event 0.966 acc_dt 0.591 acc_cpu 0.229
step 012300 | loss 1.3973 | ce_event 0.1141 ce_dt 1.2832 ce_cpu 1.6596 | acc_event 0.961 acc_dt 0.549 acc_cpu 0.231
step 012350 | loss 1.4597 | ce_event 0.1289 ce_dt 1.3307 ce_cpu 1.5692 | acc_event 0.959 acc_dt 0.529 acc_cpu 0.249
step 012400 | loss 1.4674 | ce_event 0.1450 ce_dt 1.3225 ce_cpu 1.6268 | acc_event 0.954 acc_dt 0.544 acc_cpu 0.218
step 012450 | loss 1.4857 | ce_event 0.1322 ce_dt 1.3535 ce_cpu 1.6050 | acc_event 0.956 acc_dt 0.534 acc_cpu 0.247
step 012500 | loss 1.5613 | ce_event 0.1600 ce_dt 1.4014 ce_cpu 1.6080 | acc_event 0.951 acc_dt 0.513 acc_cpu 0.231
step 012550 | loss 1.5689 | ce_event 0.1297 ce_dt 1.4392 ce_cpu 1.6743 | acc_event 0.957 acc_dt 0.499 acc_cpu 0.189
step 012600 | loss 1.5224 | ce_event 0.1438 ce_dt 1.3787 ce_cpu 1.6838 | acc_event 0.952 acc_dt 0.519 acc_cpu 0.225
step 012650 | loss 1.4833 | ce_event 0.1249 ce_dt 1.3583 ce_cpu 1.6769 | acc_event 0.959 acc_dt 0.518 acc_cpu 0.221
step 012700 | loss 1.4657 | ce_event 0.1200 ce_dt 1.3456 ce_cpu 1.5914 | acc_event 0.959 acc_dt 0.528 acc_cpu 0.218
step 012750 | loss 1.4300 | ce_event 0.1257 ce_dt 1.3043 ce_cpu 1.6404 | acc_event 0.960 acc_dt 0.545 acc_cpu 0.229
step 012800 | loss 1.4815 | ce_event 0.1488 ce_dt 1.3327 ce_cpu 1.6372 | acc_event 0.954 acc_dt 0.542 acc_cpu 0.222
step 012850 | loss 1.4060 | ce_event 0.1252 ce_dt 1.2807 ce_cpu 1.5039 | acc_event 0.959 acc_dt 0.556 acc_cpu 0.283
step 012900 | loss 1.3175 | ce_event 0.0910 ce_dt 1.2265 ce_cpu 1.6501 | acc_event 0.969 acc_dt 0.562 acc_cpu 0.218
step 012950 | loss 1.4821 | ce_event 0.1506 ce_dt 1.3315 ce_cpu 1.6203 | acc_event 0.952 acc_dt 0.553 acc_cpu 0.258
step 013000 | loss 1.4094 | ce_event 0.1072 ce_dt 1.3023 ce_cpu 1.6119 | acc_event 0.966 acc_dt 0.547 acc_cpu 0.248
step 013050 | loss 1.2736 | ce_event 0.0887 ce_dt 1.1849 ce_cpu 1.6110 | acc_event 0.970 acc_dt 0.577 acc_cpu 0.236
step 013100 | loss 1.4667 | ce_event 0.1270 ce_dt 1.3397 ce_cpu 1.5819 | acc_event 0.959 acc_dt 0.537 acc_cpu 0.233
step 013150 | loss 1.5204 | ce_event 0.1318 ce_dt 1.3886 ce_cpu 1.5475 | acc_event 0.955 acc_dt 0.520 acc_cpu 0.256
step 013200 | loss 1.4949 | ce_event 0.1322 ce_dt 1.3627 ce_cpu 1.5776 | acc_event 0.956 acc_dt 0.540 acc_cpu 0.243
step 013250 | loss 1.5237 | ce_event 0.1624 ce_dt 1.3613 ce_cpu 1.5889 | acc_event 0.948 acc_dt 0.543 acc_cpu 0.257
step 013300 | loss 1.5449 | ce_event 0.1888 ce_dt 1.3561 ce_cpu 1.6362 | acc_event 0.943 acc_dt 0.543 acc_cpu 0.235
step 013350 | loss 1.5452 | ce_event 0.1481 ce_dt 1.3971 ce_cpu 1.5981 | acc_event 0.957 acc_dt 0.516 acc_cpu 0.249
step 013400 | loss 1.4124 | ce_event 0.1197 ce_dt 1.2927 ce_cpu 1.6332 | acc_event 0.962 acc_dt 0.546 acc_cpu 0.233
step 013450 | loss 1.5762 | ce_event 0.1687 ce_dt 1.4075 ce_cpu 1.6688 | acc_event 0.948 acc_dt 0.522 acc_cpu 0.222
step 013500 | loss 1.5852 | ce_event 0.1448 ce_dt 1.4404 ce_cpu 1.6984 | acc_event 0.950 acc_dt 0.500 acc_cpu 0.206
step 013550 | loss 1.3956 | ce_event 0.1343 ce_dt 1.2613 ce_cpu 1.6406 | acc_event 0.960 acc_dt 0.558 acc_cpu 0.237
step 013600 | loss 1.5075 | ce_event 0.1461 ce_dt 1.3614 ce_cpu 1.6332 | acc_event 0.954 acc_dt 0.538 acc_cpu 0.233
step 013650 | loss 1.5745 | ce_event 0.1496 ce_dt 1.4249 ce_cpu 1.6146 | acc_event 0.953 acc_dt 0.508 acc_cpu 0.231
step 013700 | loss 1.7147 | ce_event 0.1965 ce_dt 1.5182 ce_cpu 1.6787 | acc_event 0.940 acc_dt 0.500 acc_cpu 0.207
step 013750 | loss 1.3263 | ce_event 0.0875 ce_dt 1.2388 ce_cpu 1.6582 | acc_event 0.972 acc_dt 0.558 acc_cpu 0.231
step 013800 | loss 1.3259 | ce_event 0.1173 ce_dt 1.2086 ce_cpu 1.5889 | acc_event 0.964 acc_dt 0.583 acc_cpu 0.240
step 013850 | loss 1.4570 | ce_event 0.1473 ce_dt 1.3097 ce_cpu 1.7814 | acc_event 0.953 acc_dt 0.555 acc_cpu 0.183
step 013900 | loss 1.3805 | ce_event 0.1012 ce_dt 1.2792 ce_cpu 1.5254 | acc_event 0.968 acc_dt 0.550 acc_cpu 0.275
step 013950 | loss 1.3464 | ce_event 0.1011 ce_dt 1.2453 ce_cpu 1.5227 | acc_event 0.968 acc_dt 0.563 acc_cpu 0.258
step 014000 | loss 1.4034 | ce_event 0.1202 ce_dt 1.2831 ce_cpu 1.6080 | acc_event 0.960 acc_dt 0.550 acc_cpu 0.216
[VAL] step 014000 | avg_nll_per_token 2.487344
[BEST] /project/def-naser2/yuvraj/SyntheticLogGeneration/outputs/art_outputs/art-wcpu0/checkpoints_ar/compress-gzip/best_step_014000.pt (val_nll=2.487344)
[SAVE] /project/def-naser2/yuvraj/SyntheticLogGeneration/outputs/art_outputs/art-wcpu0/checkpoints_ar/compress-gzip/step_014000.pt
step 014050 | loss 1.3618 | ce_event 0.0943 ce_dt 1.2675 ce_cpu 1.6262 | acc_event 0.968 acc_dt 0.542 acc_cpu 0.229
step 014100 | loss 1.4165 | ce_event 0.1202 ce_dt 1.2963 ce_cpu 1.6733 | acc_event 0.962 acc_dt 0.535 acc_cpu 0.201
step 014150 | loss 1.4203 | ce_event 0.1035 ce_dt 1.3169 ce_cpu 1.6573 | acc_event 0.967 acc_dt 0.542 acc_cpu 0.225
step 014200 | loss 1.5431 | ce_event 0.1509 ce_dt 1.3922 ce_cpu 1.5765 | acc_event 0.954 acc_dt 0.529 acc_cpu 0.225
step 014250 | loss 1.3968 | ce_event 0.1170 ce_dt 1.2799 ce_cpu 1.5585 | acc_event 0.964 acc_dt 0.543 acc_cpu 0.265
step 014300 | loss 1.2838 | ce_event 0.0984 ce_dt 1.1854 ce_cpu 1.5899 | acc_event 0.967 acc_dt 0.583 acc_cpu 0.226
step 014350 | loss 1.3904 | ce_event 0.1223 ce_dt 1.2681 ce_cpu 1.6054 | acc_event 0.960 acc_dt 0.553 acc_cpu 0.243
step 014400 | loss 1.4432 | ce_event 0.1325 ce_dt 1.3107 ce_cpu 1.6475 | acc_event 0.959 acc_dt 0.542 acc_cpu 0.220
step 014450 | loss 1.5221 | ce_event 0.1298 ce_dt 1.3923 ce_cpu 1.6344 | acc_event 0.956 acc_dt 0.511 acc_cpu 0.216
step 014500 | loss 1.6553 | ce_event 0.1694 ce_dt 1.4859 ce_cpu 1.5917 | acc_event 0.942 acc_dt 0.492 acc_cpu 0.236
step 014550 | loss 1.4309 | ce_event 0.1382 ce_dt 1.2927 ce_cpu 1.6057 | acc_event 0.957 acc_dt 0.551 acc_cpu 0.222
step 014600 | loss 1.5440 | ce_event 0.1595 ce_dt 1.3845 ce_cpu 1.5835 | acc_event 0.951 acc_dt 0.531 acc_cpu 0.235
step 014650 | loss 1.3347 | ce_event 0.0998 ce_dt 1.2349 ce_cpu 1.6263 | acc_event 0.968 acc_dt 0.565 acc_cpu 0.226
step 014700 | loss 1.3993 | ce_event 0.1000 ce_dt 1.2993 ce_cpu 1.6722 | acc_event 0.968 acc_dt 0.540 acc_cpu 0.203
step 014750 | loss 1.3542 | ce_event 0.1097 ce_dt 1.2445 ce_cpu 1.6243 | acc_event 0.965 acc_dt 0.558 acc_cpu 0.253
step 014800 | loss 1.4870 | ce_event 0.1325 ce_dt 1.3545 ce_cpu 1.6565 | acc_event 0.959 acc_dt 0.522 acc_cpu 0.229
step 014850 | loss 1.4187 | ce_event 0.1159 ce_dt 1.3028 ce_cpu 1.6352 | acc_event 0.963 acc_dt 0.537 acc_cpu 0.239
step 014900 | loss 1.4145 | ce_event 0.1315 ce_dt 1.2830 ce_cpu 1.5637 | acc_event 0.957 acc_dt 0.557 acc_cpu 0.250
step 014950 | loss 1.5117 | ce_event 0.1586 ce_dt 1.3531 ce_cpu 1.6733 | acc_event 0.951 acc_dt 0.532 acc_cpu 0.211
step 015000 | loss 1.4119 | ce_event 0.1111 ce_dt 1.3008 ce_cpu 1.5804 | acc_event 0.962 acc_dt 0.543 acc_cpu 0.238
step 015050 | loss 1.4935 | ce_event 0.1262 ce_dt 1.3673 ce_cpu 1.6066 | acc_event 0.958 acc_dt 0.524 acc_cpu 0.241
step 015100 | loss 1.3151 | ce_event 0.0971 ce_dt 1.2180 ce_cpu 1.6174 | acc_event 0.968 acc_dt 0.565 acc_cpu 0.239
step 015150 | loss 1.5121 | ce_event 0.1549 ce_dt 1.3572 ce_cpu 1.6420 | acc_event 0.951 acc_dt 0.528 acc_cpu 0.229
step 015200 | loss 1.3396 | ce_event 0.1104 ce_dt 1.2292 ce_cpu 1.6698 | acc_event 0.965 acc_dt 0.568 acc_cpu 0.206
step 015250 | loss 1.4069 | ce_event 0.1170 ce_dt 1.2899 ce_cpu 1.5784 | acc_event 0.961 acc_dt 0.546 acc_cpu 0.251
step 015300 | loss 1.4221 | ce_event 0.1113 ce_dt 1.3107 ce_cpu 1.7036 | acc_event 0.963 acc_dt 0.543 acc_cpu 0.207
step 015350 | loss 1.3724 | ce_event 0.1195 ce_dt 1.2529 ce_cpu 1.5436 | acc_event 0.961 acc_dt 0.565 acc_cpu 0.260
step 015400 | loss 1.6065 | ce_event 0.1579 ce_dt 1.4486 ce_cpu 1.6741 | acc_event 0.951 acc_dt 0.497 acc_cpu 0.197
step 015450 | loss 1.5894 | ce_event 0.1394 ce_dt 1.4500 ce_cpu 1.5605 | acc_event 0.953 acc_dt 0.501 acc_cpu 0.246
step 015500 | loss 1.5935 | ce_event 0.1513 ce_dt 1.4422 ce_cpu 1.5779 | acc_event 0.948 acc_dt 0.505 acc_cpu 0.249
step 015550 | loss 1.5506 | ce_event 0.1480 ce_dt 1.4026 ce_cpu 1.7156 | acc_event 0.954 acc_dt 0.515 acc_cpu 0.171
step 015600 | loss 1.5383 | ce_event 0.1563 ce_dt 1.3820 ce_cpu 1.5822 | acc_event 0.952 acc_dt 0.531 acc_cpu 0.232
step 015650 | loss 1.4345 | ce_event 0.1348 ce_dt 1.2997 ce_cpu 1.6904 | acc_event 0.960 acc_dt 0.546 acc_cpu 0.223
step 015700 | loss 1.5281 | ce_event 0.1333 ce_dt 1.3948 ce_cpu 1.6024 | acc_event 0.956 acc_dt 0.513 acc_cpu 0.207
step 015750 | loss 1.3235 | ce_event 0.1096 ce_dt 1.2139 ce_cpu 1.6551 | acc_event 0.964 acc_dt 0.582 acc_cpu 0.213
step 015800 | loss 1.4611 | ce_event 0.1230 ce_dt 1.3381 ce_cpu 1.6997 | acc_event 0.962 acc_dt 0.531 acc_cpu 0.203
step 015850 | loss 1.5084 | ce_event 0.1282 ce_dt 1.3802 ce_cpu 1.5700 | acc_event 0.957 acc_dt 0.516 acc_cpu 0.258
step 015900 | loss 1.3377 | ce_event 0.0927 ce_dt 1.2450 ce_cpu 1.7265 | acc_event 0.970 acc_dt 0.553 acc_cpu 0.195
step 015950 | loss 1.3643 | ce_event 0.1005 ce_dt 1.2639 ce_cpu 1.6598 | acc_event 0.967 acc_dt 0.553 acc_cpu 0.225
step 016000 | loss 1.4740 | ce_event 0.1441 ce_dt 1.3299 ce_cpu 1.6481 | acc_event 0.953 acc_dt 0.543 acc_cpu 0.219
[VAL] step 016000 | avg_nll_per_token 2.460787
[BEST] /project/def-naser2/yuvraj/SyntheticLogGeneration/outputs/art_outputs/art-wcpu0/checkpoints_ar/compress-gzip/best_step_016000.pt (val_nll=2.460787)
[SAVE] /project/def-naser2/yuvraj/SyntheticLogGeneration/outputs/art_outputs/art-wcpu0/checkpoints_ar/compress-gzip/step_016000.pt
step 016050 | loss 1.5565 | ce_event 0.1461 ce_dt 1.4105 ce_cpu 1.5786 | acc_event 0.953 acc_dt 0.508 acc_cpu 0.233
step 016100 | loss 1.3958 | ce_event 0.1028 ce_dt 1.2930 ce_cpu 1.6222 | acc_event 0.965 acc_dt 0.542 acc_cpu 0.236
step 016150 | loss 1.4763 | ce_event 0.1465 ce_dt 1.3299 ce_cpu 1.6455 | acc_event 0.956 acc_dt 0.543 acc_cpu 0.216
step 016200 | loss 1.4744 | ce_event 0.1490 ce_dt 1.3254 ce_cpu 1.6628 | acc_event 0.954 acc_dt 0.546 acc_cpu 0.219
step 016250 | loss 1.5871 | ce_event 0.1533 ce_dt 1.4338 ce_cpu 1.7456 | acc_event 0.951 acc_dt 0.498 acc_cpu 0.213
step 016300 | loss 1.5084 | ce_event 0.1211 ce_dt 1.3873 ce_cpu 1.6521 | acc_event 0.959 acc_dt 0.522 acc_cpu 0.232
step 016350 | loss 1.4164 | ce_event 0.1278 ce_dt 1.2886 ce_cpu 1.6919 | acc_event 0.961 acc_dt 0.556 acc_cpu 0.201
step 016400 | loss 1.4556 | ce_event 0.1373 ce_dt 1.3183 ce_cpu 1.5480 | acc_event 0.957 acc_dt 0.546 acc_cpu 0.253
step 016450 | loss 1.6081 | ce_event 0.1568 ce_dt 1.4514 ce_cpu 1.6176 | acc_event 0.949 acc_dt 0.508 acc_cpu 0.225
step 016500 | loss 1.4361 | ce_event 0.1245 ce_dt 1.3116 ce_cpu 1.5954 | acc_event 0.958 acc_dt 0.556 acc_cpu 0.226
step 016550 | loss 1.3617 | ce_event 0.1177 ce_dt 1.2440 ce_cpu 1.7753 | acc_event 0.965 acc_dt 0.559 acc_cpu 0.193
step 016600 | loss 1.3130 | ce_event 0.1120 ce_dt 1.2010 ce_cpu 1.6041 | acc_event 0.963 acc_dt 0.576 acc_cpu 0.228
step 016650 | loss 1.3425 | ce_event 0.0951 ce_dt 1.2474 ce_cpu 1.6715 | acc_event 0.967 acc_dt 0.559 acc_cpu 0.202
step 016700 | loss 1.3444 | ce_event 0.1076 ce_dt 1.2368 ce_cpu 1.5846 | acc_event 0.965 acc_dt 0.564 acc_cpu 0.239
step 016750 | loss 1.4718 | ce_event 0.1245 ce_dt 1.3473 ce_cpu 1.5472 | acc_event 0.958 acc_dt 0.537 acc_cpu 0.257
step 016800 | loss 1.4618 | ce_event 0.1166 ce_dt 1.3452 ce_cpu 1.6458 | acc_event 0.962 acc_dt 0.541 acc_cpu 0.224
step 016850 | loss 1.3253 | ce_event 0.0937 ce_dt 1.2316 ce_cpu 1.6127 | acc_event 0.967 acc_dt 0.565 acc_cpu 0.230
step 016900 | loss 1.3851 | ce_event 0.1009 ce_dt 1.2842 ce_cpu 1.6147 | acc_event 0.967 acc_dt 0.545 acc_cpu 0.221
step 016950 | loss 1.6356 | ce_event 0.1539 ce_dt 1.4818 ce_cpu 1.6004 | acc_event 0.953 acc_dt 0.493 acc_cpu 0.232
step 017000 | loss 1.3257 | ce_event 0.1182 ce_dt 1.2075 ce_cpu 1.6409 | acc_event 0.964 acc_dt 0.571 acc_cpu 0.225
step 017050 | loss 1.3333 | ce_event 0.1167 ce_dt 1.2166 ce_cpu 1.6319 | acc_event 0.963 acc_dt 0.568 acc_cpu 0.221
step 017100 | loss 1.5007 | ce_event 0.1469 ce_dt 1.3538 ce_cpu 1.6378 | acc_event 0.953 acc_dt 0.529 acc_cpu 0.221
step 017150 | loss 1.4986 | ce_event 0.1310 ce_dt 1.3676 ce_cpu 1.7046 | acc_event 0.957 acc_dt 0.525 acc_cpu 0.204
step 017200 | loss 1.3983 | ce_event 0.1167 ce_dt 1.2816 ce_cpu 1.6474 | acc_event 0.961 acc_dt 0.546 acc_cpu 0.239
step 017250 | loss 1.5189 | ce_event 0.1565 ce_dt 1.3624 ce_cpu 1.6346 | acc_event 0.948 acc_dt 0.536 acc_cpu 0.224
step 017300 | loss 1.5149 | ce_event 0.1301 ce_dt 1.3848 ce_cpu 1.5898 | acc_event 0.957 acc_dt 0.524 acc_cpu 0.254
step 017350 | loss 1.3144 | ce_event 0.0842 ce_dt 1.2302 ce_cpu 1.7008 | acc_event 0.972 acc_dt 0.556 acc_cpu 0.193
step 017400 | loss 1.3564 | ce_event 0.0982 ce_dt 1.2581 ce_cpu 1.6529 | acc_event 0.966 acc_dt 0.562 acc_cpu 0.224
step 017450 | loss 1.4765 | ce_event 0.1257 ce_dt 1.3508 ce_cpu 1.6605 | acc_event 0.960 acc_dt 0.530 acc_cpu 0.218
step 017500 | loss 1.1944 | ce_event 0.0836 ce_dt 1.1108 ce_cpu 1.6681 | acc_event 0.974 acc_dt 0.599 acc_cpu 0.203
step 017550 | loss 1.4257 | ce_event 0.1316 ce_dt 1.2941 ce_cpu 1.7818 | acc_event 0.959 acc_dt 0.555 acc_cpu 0.185
step 017600 | loss 1.4163 | ce_event 0.0959 ce_dt 1.3204 ce_cpu 1.5496 | acc_event 0.968 acc_dt 0.533 acc_cpu 0.238
step 017650 | loss 1.5776 | ce_event 0.1508 ce_dt 1.4268 ce_cpu 1.6269 | acc_event 0.952 acc_dt 0.513 acc_cpu 0.233
step 017700 | loss 1.5213 | ce_event 0.1458 ce_dt 1.3755 ce_cpu 1.5957 | acc_event 0.954 acc_dt 0.528 acc_cpu 0.242
step 017750 | loss 1.4967 | ce_event 0.1344 ce_dt 1.3623 ce_cpu 1.7256 | acc_event 0.960 acc_dt 0.524 acc_cpu 0.189
step 017800 | loss 1.4942 | ce_event 0.1141 ce_dt 1.3800 ce_cpu 1.6298 | acc_event 0.960 acc_dt 0.516 acc_cpu 0.236
step 017850 | loss 1.3699 | ce_event 0.0986 ce_dt 1.2713 ce_cpu 1.6710 | acc_event 0.966 acc_dt 0.557 acc_cpu 0.225
step 017900 | loss 1.4124 | ce_event 0.1429 ce_dt 1.2695 ce_cpu 1.6401 | acc_event 0.957 acc_dt 0.563 acc_cpu 0.227
step 017950 | loss 1.4037 | ce_event 0.1199 ce_dt 1.2838 ce_cpu 1.5886 | acc_event 0.960 acc_dt 0.548 acc_cpu 0.237
step 018000 | loss 1.3799 | ce_event 0.1079 ce_dt 1.2720 ce_cpu 1.6132 | acc_event 0.965 acc_dt 0.560 acc_cpu 0.236
[VAL] step 018000 | avg_nll_per_token 2.435368
[BEST] /project/def-naser2/yuvraj/SyntheticLogGeneration/outputs/art_outputs/art-wcpu0/checkpoints_ar/compress-gzip/best_step_018000.pt (val_nll=2.435368)
[SAVE] /project/def-naser2/yuvraj/SyntheticLogGeneration/outputs/art_outputs/art-wcpu0/checkpoints_ar/compress-gzip/step_018000.pt
step 018050 | loss 1.4168 | ce_event 0.1162 ce_dt 1.3006 ce_cpu 1.6425 | acc_event 0.961 acc_dt 0.543 acc_cpu 0.211
step 018100 | loss 1.4317 | ce_event 0.1053 ce_dt 1.3264 ce_cpu 1.6376 | acc_event 0.965 acc_dt 0.539 acc_cpu 0.227
step 018150 | loss 1.4822 | ce_event 0.1164 ce_dt 1.3659 ce_cpu 1.6862 | acc_event 0.963 acc_dt 0.517 acc_cpu 0.205
step 018200 | loss 1.4236 | ce_event 0.1123 ce_dt 1.3113 ce_cpu 1.6089 | acc_event 0.966 acc_dt 0.536 acc_cpu 0.236
step 018250 | loss 1.2642 | ce_event 0.0900 ce_dt 1.1742 ce_cpu 1.5868 | acc_event 0.971 acc_dt 0.580 acc_cpu 0.234
step 018300 | loss 1.4346 | ce_event 0.1333 ce_dt 1.3012 ce_cpu 1.5970 | acc_event 0.957 acc_dt 0.546 acc_cpu 0.240
step 018350 | loss 1.4022 | ce_event 0.1394 ce_dt 1.2628 ce_cpu 1.6516 | acc_event 0.958 acc_dt 0.560 acc_cpu 0.221
step 018400 | loss 1.4847 | ce_event 0.1319 ce_dt 1.3527 ce_cpu 1.6247 | acc_event 0.959 acc_dt 0.523 acc_cpu 0.222
step 018450 | loss 1.5723 | ce_event 0.1724 ce_dt 1.3999 ce_cpu 1.7132 | acc_event 0.945 acc_dt 0.516 acc_cpu 0.201
step 018500 | loss 1.2604 | ce_event 0.0899 ce_dt 1.1706 ce_cpu 1.6350 | acc_event 0.970 acc_dt 0.592 acc_cpu 0.206
step 018550 | loss 1.4990 | ce_event 0.1439 ce_dt 1.3551 ce_cpu 1.5991 | acc_event 0.953 acc_dt 0.535 acc_cpu 0.239
step 018600 | loss 1.4790 | ce_event 0.1301 ce_dt 1.3490 ce_cpu 1.7043 | acc_event 0.959 acc_dt 0.532 acc_cpu 0.202
step 018650 | loss 1.4819 | ce_event 0.1493 ce_dt 1.3326 ce_cpu 1.6377 | acc_event 0.954 acc_dt 0.547 acc_cpu 0.227
step 018700 | loss 1.3997 | ce_event 0.1410 ce_dt 1.2587 ce_cpu 1.6409 | acc_event 0.957 acc_dt 0.562 acc_cpu 0.215
step 018750 | loss 1.4571 | ce_event 0.1132 ce_dt 1.3439 ce_cpu 1.6289 | acc_event 0.964 acc_dt 0.520 acc_cpu 0.203
step 018800 | loss 1.4274 | ce_event 0.1317 ce_dt 1.2957 ce_cpu 1.6036 | acc_event 0.958 acc_dt 0.548 acc_cpu 0.233
step 018850 | loss 1.3764 | ce_event 0.1065 ce_dt 1.2699 ce_cpu 1.6799 | acc_event 0.967 acc_dt 0.547 acc_cpu 0.209
step 018900 | loss 1.4600 | ce_event 0.0906 ce_dt 1.3694 ce_cpu 1.6397 | acc_event 0.969 acc_dt 0.511 acc_cpu 0.207
step 018950 | loss 1.6406 | ce_event 0.1375 ce_dt 1.5031 ce_cpu 1.7381 | acc_event 0.953 acc_dt 0.474 acc_cpu 0.185
step 019000 | loss 1.3905 | ce_event 0.1140 ce_dt 1.2765 ce_cpu 1.6052 | acc_event 0.962 acc_dt 0.547 acc_cpu 0.250
step 019050 | loss 1.3867 | ce_event 0.1053 ce_dt 1.2814 ce_cpu 1.6157 | acc_event 0.965 acc_dt 0.543 acc_cpu 0.231
step 019100 | loss 1.3185 | ce_event 0.1055 ce_dt 1.2130 ce_cpu 1.5398 | acc_event 0.966 acc_dt 0.577 acc_cpu 0.240
step 019150 | loss 1.4325 | ce_event 0.1274 ce_dt 1.3051 ce_cpu 1.6690 | acc_event 0.959 acc_dt 0.541 acc_cpu 0.227
step 019200 | loss 1.3066 | ce_event 0.0847 ce_dt 1.2219 ce_cpu 1.7209 | acc_event 0.973 acc_dt 0.559 acc_cpu 0.201
step 019250 | loss 1.3472 | ce_event 0.1204 ce_dt 1.2268 ce_cpu 1.5803 | acc_event 0.964 acc_dt 0.566 acc_cpu 0.237
step 019300 | loss 1.5031 | ce_event 0.1360 ce_dt 1.3672 ce_cpu 1.7656 | acc_event 0.954 acc_dt 0.532 acc_cpu 0.186
step 019350 | loss 1.2638 | ce_event 0.0843 ce_dt 1.1795 ce_cpu 1.5796 | acc_event 0.972 acc_dt 0.581 acc_cpu 0.249
step 019400 | loss 1.5278 | ce_event 0.1362 ce_dt 1.3916 ce_cpu 1.5944 | acc_event 0.954 acc_dt 0.519 acc_cpu 0.244
step 019450 | loss 1.3830 | ce_event 0.1054 ce_dt 1.2776 ce_cpu 1.6964 | acc_event 0.965 acc_dt 0.546 acc_cpu 0.198
step 019500 | loss 1.3686 | ce_event 0.1088 ce_dt 1.2598 ce_cpu 1.5904 | acc_event 0.964 acc_dt 0.548 acc_cpu 0.235
step 019550 | loss 1.3901 | ce_event 0.1249 ce_dt 1.2653 ce_cpu 1.6152 | acc_event 0.960 acc_dt 0.571 acc_cpu 0.231
step 019600 | loss 1.6058 | ce_event 0.1534 ce_dt 1.4524 ce_cpu 1.6248 | acc_event 0.949 acc_dt 0.498 acc_cpu 0.232
step 019650 | loss 1.3274 | ce_event 0.1111 ce_dt 1.2163 ce_cpu 1.5626 | acc_event 0.964 acc_dt 0.571 acc_cpu 0.252
step 019700 | loss 1.3712 | ce_event 0.1207 ce_dt 1.2505 ce_cpu 1.6309 | acc_event 0.965 acc_dt 0.563 acc_cpu 0.214
step 019750 | loss 1.5020 | ce_event 0.1397 ce_dt 1.3623 ce_cpu 1.6025 | acc_event 0.953 acc_dt 0.529 acc_cpu 0.223
step 019800 | loss 1.4017 | ce_event 0.0989 ce_dt 1.3028 ce_cpu 1.6233 | acc_event 0.967 acc_dt 0.536 acc_cpu 0.238
step 019850 | loss 1.1356 | ce_event 0.0743 ce_dt 1.0613 ce_cpu 1.6464 | acc_event 0.976 acc_dt 0.625 acc_cpu 0.219
step 019900 | loss 1.4228 | ce_event 0.1081 ce_dt 1.3147 ce_cpu 1.5941 | acc_event 0.964 acc_dt 0.539 acc_cpu 0.216
step 019950 | loss 1.4029 | ce_event 0.1072 ce_dt 1.2957 ce_cpu 1.6130 | acc_event 0.966 acc_dt 0.542 acc_cpu 0.234
step 020000 | loss 1.4043 | ce_event 0.1249 ce_dt 1.2794 ce_cpu 1.5701 | acc_event 0.958 acc_dt 0.554 acc_cpu 0.254
[VAL] step 020000 | avg_nll_per_token 2.386478
[BEST] /project/def-naser2/yuvraj/SyntheticLogGeneration/outputs/art_outputs/art-wcpu0/checkpoints_ar/compress-gzip/best_step_020000.pt (val_nll=2.386478)
[SAVE] /project/def-naser2/yuvraj/SyntheticLogGeneration/outputs/art_outputs/art-wcpu0/checkpoints_ar/compress-gzip/step_020000.pt
[SAVE] /project/def-naser2/yuvraj/SyntheticLogGeneration/outputs/art_outputs/art-wcpu0/checkpoints_ar/compress-gzip/final_step_020000.pt
[DONE] best checkpoint: /project/def-naser2/yuvraj/SyntheticLogGeneration/outputs/art_outputs/art-wcpu0/checkpoints_ar/compress-gzip/best_step_020000.pt (val_nll=2.386478)
[INFO] Checkpoints:
total 2.0G
-rw-r----- 1 yuvraj17 def-naser2 94M Jan  5 10:03 best_step_002000.pt
-rw-r----- 1 yuvraj17 def-naser2 94M Jan  5 11:06 best_step_004000.pt
-rw-r----- 1 yuvraj17 def-naser2 94M Jan  5 12:08 best_step_006000.pt
-rw-r----- 1 yuvraj17 def-naser2 94M Jan  5 13:11 best_step_008000.pt
-rw-r----- 1 yuvraj17 def-naser2 94M Jan  5 14:15 best_step_010000.pt
-rw-r----- 1 yuvraj17 def-naser2 94M Jan  5 15:22 best_step_012000.pt
-rw-r----- 1 yuvraj17 def-naser2 94M Jan  5 16:28 best_step_014000.pt
-rw-r----- 1 yuvraj17 def-naser2 94M Jan  5 17:34 best_step_016000.pt
-rw-r----- 1 yuvraj17 def-naser2 94M Jan  5 18:41 best_step_018000.pt
-rw-r----- 1 yuvraj17 def-naser2 94M Jan  5 19:48 best_step_020000.pt
-rw-r----- 1 yuvraj17 def-naser2 94M Jan  5 19:48 final_step_020000.pt
-rw-r----- 1 yuvraj17 def-naser2 94M Jan  5 10:03 step_002000.pt
-rw-r----- 1 yuvraj17 def-naser2 94M Jan  5 11:06 step_004000.pt
-rw-r----- 1 yuvraj17 def-naser2 94M Jan  5 12:08 step_006000.pt
-rw-r----- 1 yuvraj17 def-naser2 94M Jan  5 13:11 step_008000.pt
-rw-r----- 1 yuvraj17 def-naser2 94M Jan  5 14:15 step_010000.pt
-rw-r----- 1 yuvraj17 def-naser2 94M Jan  5 15:22 step_012000.pt
-rw-r----- 1 yuvraj17 def-naser2 94M Jan  5 16:28 step_014000.pt
-rw-r----- 1 yuvraj17 def-naser2 94M Jan  5 17:34 step_016000.pt
-rw-r----- 1 yuvraj17 def-naser2 94M Jan  5 18:41 step_018000.pt
-rw-r----- 1 yuvraj17 def-naser2 94M Jan  5 19:48 step_020000.pt
========== ART TRAIN JOB DONE ==========
Time: Mon Jan  5 19:48:27 EST 2026
