
========== RUN: diff-wdt0 ==========
Time: Tue Jan  6 04:50:52 EST 2026
[RUN] diff-wdt0
  ckpt: /project/def-naser2/yuvraj/SyntheticLogGeneration/outputs/diffusion_outputs/diff-wdt0/checkpoints_discrete/compress-gzip/step_020000.pt
  -> /project/def-naser2/yuvraj/SyntheticLogGeneration/outputs/diffusion_outputs/diff-wdt0/generated_traces/discrete/compress-gzip/synth_10000_T1000_seed123.npz
Device: cuda
[INFO] Sampling 10000 windows (L=200) in batches of 128 ...
[INFO] done 1280/10000
[INFO] done 2560/10000
[INFO] done 3840/10000
[INFO] done 5120/10000
[INFO] done 6400/10000
[INFO] done 7680/10000
[INFO] done 8960/10000
[INFO] done 10000/10000
[WRITE] /project/def-naser2/yuvraj/SyntheticLogGeneration/outputs/diffusion_outputs/diff-wdt0/generated_traces/discrete/compress-gzip/synth_10000_T1000_seed123.npz (10000, 200)
[RANGE] event: 0 379
[RANGE] dt   : 0 255
[RANGE] cpu  : 0 3
    event (10000, 200) int32 min 0 max 379
    dt (10000, 200) uint8 min 0 max 255
    cpu (10000, 200) uint8 min 0 max 3
  -> /project/def-naser2/yuvraj/SyntheticLogGeneration/outputs/diffusion_outputs/diff-wdt0/generated_traces/discrete/compress-gzip/synth_10000_T1000_seed456.npz
Device: cuda
[INFO] Sampling 10000 windows (L=200) in batches of 128 ...
[INFO] done 1280/10000
[INFO] done 2560/10000
[INFO] done 3840/10000
