Device: cuda
Train shards: 130
Total windows: 11971800
step 000050 | loss 26.6971 | mse 1.4171 | ce_event 16.9524 ce_dt 36.0669 ce_cpu 8.3276
step 000100 | loss 15.4731 | mse 1.3140 | ce_event 10.5132 ce_dt 29.7713 ce_cpu 3.6459
step 000150 | loss 17.0275 | mse 1.3216 | ce_event 12.0021 ce_dt 47.1818 ce_cpu 3.7038
step 000200 | loss 7.9257 | mse 1.2903 | ce_event 5.4492 ce_dt 32.1698 ce_cpu 1.1862
step 000250 | loss 7.3269 | mse 1.2487 | ce_event 4.8680 ce_dt 36.9858 ce_cpu 1.2102
step 000300 | loss 7.2250 | mse 1.2035 | ce_event 5.2867 ce_dt 32.1996 ce_cpu 0.7348
step 000350 | loss 6.3115 | mse 1.1736 | ce_event 4.3598 ce_dt 33.7797 ce_cpu 0.7781
step 000400 | loss 5.2817 | mse 1.1429 | ce_event 3.2531 ce_dt 29.0972 ce_cpu 0.8857
step 000450 | loss 6.1130 | mse 1.1267 | ce_event 3.6880 ce_dt 33.7387 ce_cpu 1.2983
step 000500 | loss 4.4313 | mse 1.1052 | ce_event 2.7790 ce_dt 28.0100 ce_cpu 0.5472
[SAVE] /project/def-naser2/yuvraj/SyntheticLogGeneration/outputs/diffusion_outputs/diff-wdt0/checkpoints_discrete/compress-gzip/step_000500.pt
step 000550 | loss 5.0909 | mse 1.0805 | ce_event 3.4323 ce_dt 27.4026 ce_cpu 0.5782
step 000600 | loss 4.7088 | mse 1.0877 | ce_event 2.9442 ce_dt 32.1932 ce_cpu 0.6769
step 000650 | loss 4.4748 | mse 1.0788 | ce_event 2.7019 ce_dt 31.7596 ce_cpu 0.6941
step 000700 | loss 5.9435 | mse 1.0691 | ce_event 4.0290 ce_dt 43.2218 ce_cpu 0.8454
step 000750 | loss 3.5766 | mse 1.0740 | ce_event 2.0928 ce_dt 25.6456 ce_cpu 0.4098
step 000800 | loss 3.6737 | mse 1.0560 | ce_event 2.0996 ce_dt 26.4089 ce_cpu 0.5182
step 000850 | loss 3.3270 | mse 1.0569 | ce_event 2.0051 ce_dt 26.0514 ce_cpu 0.2650
step 000900 | loss 4.7132 | mse 1.0530 | ce_event 2.9468 ce_dt 32.3737 ce_cpu 0.7134
step 000950 | loss 5.1839 | mse 1.0500 | ce_event 2.9995 ce_dt 41.4682 ce_cpu 1.1344
step 001000 | loss 4.3190 | mse 1.0450 | ce_event 2.6179 ce_dt 35.8910 ce_cpu 0.6561
[SAVE] /project/def-naser2/yuvraj/SyntheticLogGeneration/outputs/diffusion_outputs/diff-wdt0/checkpoints_discrete/compress-gzip/step_001000.pt
step 001050 | loss 3.2630 | mse 1.0498 | ce_event 1.7700 ce_dt 22.9525 ce_cpu 0.4432
step 001100 | loss 3.7466 | mse 1.0462 | ce_event 2.1398 ce_dt 30.1238 ce_cpu 0.5606
step 001150 | loss 3.8974 | mse 1.0330 | ce_event 2.2685 ce_dt 32.5051 ce_cpu 0.5959
step 001200 | loss 2.9782 | mse 1.0351 | ce_event 1.6320 ce_dt 21.3313 ce_cpu 0.3112
step 001250 | loss 3.6392 | mse 1.0314 | ce_event 2.0838 ce_dt 30.7250 ce_cpu 0.5239
step 001300 | loss 3.8267 | mse 1.0275 | ce_event 2.2086 ce_dt 30.4514 ce_cpu 0.5907
step 001350 | loss 3.4264 | mse 1.0202 | ce_event 2.0339 ce_dt 30.2348 ce_cpu 0.3723
step 001400 | loss 3.6748 | mse 1.0161 | ce_event 2.0280 ce_dt 31.1073 ce_cpu 0.6307
step 001450 | loss 3.4833 | mse 1.0205 | ce_event 2.0481 ce_dt 31.0913 ce_cpu 0.4147
step 001500 | loss 3.3776 | mse 1.0167 | ce_event 1.9003 ce_dt 31.5567 ce_cpu 0.4606
[SAVE] /project/def-naser2/yuvraj/SyntheticLogGeneration/outputs/diffusion_outputs/diff-wdt0/checkpoints_discrete/compress-gzip/step_001500.pt
step 001550 | loss 3.3119 | mse 1.0158 | ce_event 1.7912 ce_dt 28.1196 ce_cpu 0.5048
step 001600 | loss 3.6720 | mse 1.0118 | ce_event 2.0803 ce_dt 33.8359 ce_cpu 0.5799
step 001650 | loss 3.2792 | mse 1.0070 | ce_event 1.9227 ce_dt 34.9778 ce_cpu 0.3496
step 001700 | loss 3.9022 | mse 1.0205 | ce_event 1.9931 ce_dt 27.6911 ce_cpu 0.8887
step 001750 | loss 3.2260 | mse 1.0087 | ce_event 1.8100 ce_dt 30.5180 ce_cpu 0.4073
step 001800 | loss 3.4168 | mse 1.0015 | ce_event 1.9119 ce_dt 32.3340 ce_cpu 0.5034
step 001850 | loss 3.1938 | mse 0.9993 | ce_event 1.8301 ce_dt 29.3190 ce_cpu 0.3643
step 001900 | loss 3.1561 | mse 1.0174 | ce_event 1.7192 ce_dt 28.7324 ce_cpu 0.4195
step 001950 | loss 2.8251 | mse 1.0003 | ce_event 1.5608 ce_dt 27.8981 ce_cpu 0.2640
step 002000 | loss 2.2670 | mse 1.0050 | ce_event 1.0980 ce_dt 18.0146 ce_cpu 0.1641
[SAVE] /project/def-naser2/yuvraj/SyntheticLogGeneration/outputs/diffusion_outputs/diff-wdt0/checkpoints_discrete/compress-gzip/step_002000.pt
step 002050 | loss 2.8914 | mse 0.9961 | ce_event 1.4980 ce_dt 24.0963 ce_cpu 0.3973
step 002100 | loss 3.0843 | mse 0.9858 | ce_event 1.6211 ce_dt 27.5635 ce_cpu 0.4775
step 002150 | loss 3.2329 | mse 0.9974 | ce_event 1.8183 ce_dt 28.6700 ce_cpu 0.4173
step 002200 | loss 3.5548 | mse 0.9871 | ce_event 1.9559 ce_dt 35.4221 ce_cpu 0.6118
step 002250 | loss 3.6420 | mse 0.9851 | ce_event 2.2219 ce_dt 38.4865 ce_cpu 0.4351
step 002300 | loss 2.5453 | mse 0.9875 | ce_event 1.3008 ce_dt 21.7432 ce_cpu 0.2570
step 002350 | loss 3.5675 | mse 0.9711 | ce_event 2.1281 ce_dt 42.7030 ce_cpu 0.4683
step 002400 | loss 3.4057 | mse 0.9727 | ce_event 1.8866 ce_dt 36.9295 ce_cpu 0.5465
step 002450 | loss 2.6801 | mse 0.9897 | ce_event 1.4037 ce_dt 26.1684 ce_cpu 0.2867
step 002500 | loss 3.3225 | mse 0.9734 | ce_event 1.8567 ce_dt 40.6302 ce_cpu 0.4924
[SAVE] /project/def-naser2/yuvraj/SyntheticLogGeneration/outputs/diffusion_outputs/diff-wdt0/checkpoints_discrete/compress-gzip/step_002500.pt
step 002550 | loss 3.3346 | mse 0.9713 | ce_event 1.9183 ce_dt 39.6139 ce_cpu 0.4450
step 002600 | loss 2.6662 | mse 0.9850 | ce_event 1.2696 ce_dt 23.7111 ce_cpu 0.4117
step 002650 | loss 2.9000 | mse 0.9692 | ce_event 1.5238 ce_dt 29.9538 ce_cpu 0.4070
step 002700 | loss 2.5035 | mse 0.9744 | ce_event 1.2350 ce_dt 23.8690 ce_cpu 0.2941
step 002750 | loss 3.0973 | mse 0.9709 | ce_event 1.6083 ce_dt 32.5310 ce_cpu 0.5180
step 002800 | loss 3.1728 | mse 0.9462 | ce_event 1.8631 ce_dt 36.0464 ce_cpu 0.3634
step 002850 | loss 2.3788 | mse 0.9779 | ce_event 1.2073 ce_dt 24.4454 ce_cpu 0.1935
step 002900 | loss 2.5366 | mse 0.9716 | ce_event 1.2310 ce_dt 26.7190 ce_cpu 0.3340
step 002950 | loss 3.2641 | mse 0.9548 | ce_event 1.7764 ce_dt 36.7691 ce_cpu 0.5328
step 003000 | loss 2.4545 | mse 0.9667 | ce_event 1.2602 ce_dt 23.8070 ce_cpu 0.2276
[SAVE] /project/def-naser2/yuvraj/SyntheticLogGeneration/outputs/diffusion_outputs/diff-wdt0/checkpoints_discrete/compress-gzip/step_003000.pt
step 003050 | loss 2.8032 | mse 0.9585 | ce_event 1.4568 ce_dt 29.0268 ce_cpu 0.3879
step 003100 | loss 2.4737 | mse 0.9592 | ce_event 1.1778 ce_dt 23.5183 ce_cpu 0.3367
step 003150 | loss 3.2062 | mse 0.9497 | ce_event 1.7833 ce_dt 33.5820 ce_cpu 0.4731
step 003200 | loss 3.1740 | mse 0.9261 | ce_event 1.7945 ce_dt 35.9128 ce_cpu 0.4534
step 003250 | loss 2.7895 | mse 0.9427 | ce_event 1.5098 ce_dt 30.1861 ce_cpu 0.3370
step 003300 | loss 2.2162 | mse 0.9443 | ce_event 1.0328 ce_dt 26.6729 ce_cpu 0.2391
step 003350 | loss 3.3268 | mse 0.9296 | ce_event 1.6431 ce_dt 38.3513 ce_cpu 0.7541
step 003400 | loss 3.1026 | mse 0.9173 | ce_event 1.5798 ce_dt 32.5518 ce_cpu 0.6054
step 003450 | loss 2.4719 | mse 0.9266 | ce_event 1.2676 ce_dt 26.2000 ce_cpu 0.2777
step 003500 | loss 2.6956 | mse 0.9188 | ce_event 1.4390 ce_dt 28.4024 ce_cpu 0.3378
[SAVE] /project/def-naser2/yuvraj/SyntheticLogGeneration/outputs/diffusion_outputs/diff-wdt0/checkpoints_discrete/compress-gzip/step_003500.pt
step 003550 | loss 3.0825 | mse 0.8747 | ce_event 1.8247 ce_dt 36.2928 ce_cpu 0.3831
step 003600 | loss 3.3942 | mse 0.8773 | ce_event 2.0926 ce_dt 37.5146 ce_cpu 0.4243
step 003650 | loss 2.3753 | mse 0.9026 | ce_event 1.2171 ce_dt 28.5923 ce_cpu 0.2557
step 003700 | loss 2.3102 | mse 0.8947 | ce_event 1.1513 ce_dt 26.6350 ce_cpu 0.2642
step 003750 | loss 2.2438 | mse 0.8562 | ce_event 1.1523 ce_dt 24.4586 ce_cpu 0.2353
step 003800 | loss 2.3819 | mse 0.8668 | ce_event 1.2546 ce_dt 28.5998 ce_cpu 0.2605
step 003850 | loss 2.6729 | mse 0.8433 | ce_event 1.5140 ce_dt 30.7068 ce_cpu 0.3156
step 003900 | loss 2.0840 | mse 0.8521 | ce_event 1.0106 ce_dt 22.0832 ce_cpu 0.2213
step 003950 | loss 2.8790 | mse 0.8262 | ce_event 1.6391 ce_dt 37.4276 ce_cpu 0.4138
step 004000 | loss 2.5003 | mse 0.8251 | ce_event 1.3389 ce_dt 29.7803 ce_cpu 0.3363
[SAVE] /project/def-naser2/yuvraj/SyntheticLogGeneration/outputs/diffusion_outputs/diff-wdt0/checkpoints_discrete/compress-gzip/step_004000.pt
step 004050 | loss 2.2290 | mse 0.8171 | ce_event 1.1956 ce_dt 26.2512 ce_cpu 0.2163
step 004100 | loss 2.5833 | mse 0.8276 | ce_event 1.4368 ce_dt 29.6832 ce_cpu 0.3189
step 004150 | loss 2.7585 | mse 0.8072 | ce_event 1.5595 ce_dt 40.3678 ce_cpu 0.3918
step 004200 | loss 2.6546 | mse 0.8012 | ce_event 1.5170 ce_dt 34.8751 ce_cpu 0.3365
step 004250 | loss 2.2515 | mse 0.8274 | ce_event 1.1133 ce_dt 25.4891 ce_cpu 0.3107
step 004300 | loss 2.2750 | mse 0.7782 | ce_event 1.1314 ce_dt 26.0059 ce_cpu 0.3654
step 004350 | loss 2.3082 | mse 0.8006 | ce_event 1.2415 ce_dt 23.6544 ce_cpu 0.2660
step 004400 | loss 2.8157 | mse 0.7497 | ce_event 1.6650 ce_dt 39.7243 ce_cpu 0.4011
step 004450 | loss 2.1616 | mse 0.7604 | ce_event 1.1447 ce_dt 25.7413 ce_cpu 0.2564
step 004500 | loss 2.1165 | mse 0.7644 | ce_event 1.1276 ce_dt 23.2936 ce_cpu 0.2245
[SAVE] /project/def-naser2/yuvraj/SyntheticLogGeneration/outputs/diffusion_outputs/diff-wdt0/checkpoints_discrete/compress-gzip/step_004500.pt
step 004550 | loss 2.3750 | mse 0.7588 | ce_event 1.3631 ce_dt 32.3696 ce_cpu 0.2531
step 004600 | loss 2.0067 | mse 0.7446 | ce_event 1.0517 ce_dt 25.0778 ce_cpu 0.2103
step 004650 | loss 2.5419 | mse 0.7503 | ce_event 1.4154 ce_dt 37.6080 ce_cpu 0.3762
step 004700 | loss 2.6445 | mse 0.7372 | ce_event 1.4884 ce_dt 35.7019 ce_cpu 0.4189
step 004750 | loss 2.0354 | mse 0.7227 | ce_event 1.0491 ce_dt 25.9804 ce_cpu 0.2637
step 004800 | loss 2.0762 | mse 0.7242 | ce_event 1.0976 ce_dt 25.7983 ce_cpu 0.2545
step 004850 | loss 2.7230 | mse 0.7412 | ce_event 1.5450 ce_dt 36.3502 ce_cpu 0.4367
step 004900 | loss 2.7112 | mse 0.7109 | ce_event 1.6674 ce_dt 42.0832 ce_cpu 0.3329
step 004950 | loss 1.8588 | mse 0.7141 | ce_event 0.8759 ce_dt 23.0427 ce_cpu 0.2688
step 005000 | loss 2.0004 | mse 0.7068 | ce_event 1.0708 ce_dt 22.8128 ce_cpu 0.2228
[SAVE] /project/def-naser2/yuvraj/SyntheticLogGeneration/outputs/diffusion_outputs/diff-wdt0/checkpoints_discrete/compress-gzip/step_005000.pt
step 005050 | loss 1.4243 | mse 0.7108 | ce_event 0.5505 ce_dt 16.1556 ce_cpu 0.1630
step 005100 | loss 1.9415 | mse 0.7184 | ce_event 1.1302 ce_dt 26.6406 ce_cpu 0.0929
step 005150 | loss 2.3188 | mse 0.6840 | ce_event 1.2618 ce_dt 29.7477 ce_cpu 0.3730
step 005200 | loss 2.0754 | mse 0.7064 | ce_event 1.0992 ce_dt 28.4474 ce_cpu 0.2698
step 005250 | loss 2.2058 | mse 0.6530 | ce_event 1.2998 ce_dt 25.6245 ce_cpu 0.2530
step 005300 | loss 1.8123 | mse 0.6766 | ce_event 0.9204 ce_dt 23.9690 ce_cpu 0.2153
step 005350 | loss 2.1946 | mse 0.7085 | ce_event 1.2230 ce_dt 29.2753 ce_cpu 0.2631
step 005400 | loss 2.0317 | mse 0.6971 | ce_event 1.1165 ce_dt 27.6644 ce_cpu 0.2181
step 005450 | loss 1.7372 | mse 0.6969 | ce_event 0.8552 ce_dt 21.6333 ce_cpu 0.1851
step 005500 | loss 1.8073 | mse 0.6587 | ce_event 0.9782 ce_dt 24.7257 ce_cpu 0.1704
[SAVE] /project/def-naser2/yuvraj/SyntheticLogGeneration/outputs/diffusion_outputs/diff-wdt0/checkpoints_discrete/compress-gzip/step_005500.pt
step 005550 | loss 2.0361 | mse 0.6697 | ce_event 1.0694 ce_dt 25.7855 ce_cpu 0.2970
step 005600 | loss 1.5095 | mse 0.6726 | ce_event 0.7153 ce_dt 16.5264 ce_cpu 0.1216
step 005650 | loss 1.7408 | mse 0.6521 | ce_event 0.9373 ce_dt 22.7894 ce_cpu 0.1513
step 005700 | loss 1.5758 | mse 0.6201 | ce_event 0.8005 ce_dt 19.5875 ce_cpu 0.1552
step 005750 | loss 1.4967 | mse 0.6380 | ce_event 0.7294 ce_dt 19.4769 ce_cpu 0.1294
step 005800 | loss 1.9536 | mse 0.6483 | ce_event 1.0081 ce_dt 23.8434 ce_cpu 0.2972
step 005850 | loss 1.7583 | mse 0.6665 | ce_event 0.9416 ce_dt 23.0428 ce_cpu 0.1501
step 005900 | loss 2.2113 | mse 0.6654 | ce_event 1.2037 ce_dt 28.5925 ce_cpu 0.3423
step 005950 | loss 2.0297 | mse 0.6379 | ce_event 1.1882 ce_dt 31.6796 ce_cpu 0.2036
step 006000 | loss 1.7849 | mse 0.6246 | ce_event 0.9898 ce_dt 24.7825 ce_cpu 0.1705
[SAVE] /project/def-naser2/yuvraj/SyntheticLogGeneration/outputs/diffusion_outputs/diff-wdt0/checkpoints_discrete/compress-gzip/step_006000.pt
step 006050 | loss 1.6525 | mse 0.6622 | ce_event 0.8482 ce_dt 21.9337 ce_cpu 0.1422
step 006100 | loss 1.9087 | mse 0.6536 | ce_event 1.0001 ce_dt 23.9754 ce_cpu 0.2550
step 006150 | loss 2.1627 | mse 0.6399 | ce_event 1.3114 ce_dt 32.2187 ce_cpu 0.2113
step 006200 | loss 1.4759 | mse 0.6356 | ce_event 0.6945 ce_dt 17.4947 ce_cpu 0.1458
step 006250 | loss 1.8122 | mse 0.5967 | ce_event 1.0694 ce_dt 28.7847 ce_cpu 0.1461
step 006300 | loss 1.7300 | mse 0.5855 | ce_event 0.9869 ce_dt 27.5877 ce_cpu 0.1576
step 006350 | loss 1.8616 | mse 0.6345 | ce_event 1.0390 ce_dt 25.8494 ce_cpu 0.1881
step 006400 | loss 1.9353 | mse 0.6185 | ce_event 1.0534 ce_dt 26.4432 ce_cpu 0.2634
step 006450 | loss 1.5720 | mse 0.5929 | ce_event 0.8137 ce_dt 20.4455 ce_cpu 0.1655
step 006500 | loss 1.7778 | mse 0.5827 | ce_event 0.9515 ce_dt 25.0333 ce_cpu 0.2437
[SAVE] /project/def-naser2/yuvraj/SyntheticLogGeneration/outputs/diffusion_outputs/diff-wdt0/checkpoints_discrete/compress-gzip/step_006500.pt
step 006550 | loss 2.3045 | mse 0.6262 | ce_event 1.2761 ce_dt 35.3881 ce_cpu 0.4023
step 006600 | loss 1.7753 | mse 0.5653 | ce_event 0.9027 ce_dt 22.0345 ce_cpu 0.3073
step 006650 | loss 1.7671 | mse 0.5753 | ce_event 1.0012 ce_dt 27.6629 ce_cpu 0.1905
step 006700 | loss 1.5461 | mse 0.5827 | ce_event 0.8579 ce_dt 19.0848 ce_cpu 0.1054
step 006750 | loss 1.7251 | mse 0.5829 | ce_event 0.8835 ce_dt 21.9435 ce_cpu 0.2587
step 006800 | loss 1.9139 | mse 0.5804 | ce_event 1.0944 ce_dt 28.6121 ce_cpu 0.2391
step 006850 | loss 1.4694 | mse 0.6322 | ce_event 0.7287 ce_dt 21.0079 ce_cpu 0.1084
step 006900 | loss 1.8838 | mse 0.5820 | ce_event 1.0917 ce_dt 28.7003 ce_cpu 0.2102
step 006950 | loss 1.7718 | mse 0.5472 | ce_event 0.9502 ce_dt 27.0181 ce_cpu 0.2744
step 007000 | loss 1.4209 | mse 0.5561 | ce_event 0.7076 ce_dt 21.2762 ce_cpu 0.1572
[SAVE] /project/def-naser2/yuvraj/SyntheticLogGeneration/outputs/diffusion_outputs/diff-wdt0/checkpoints_discrete/compress-gzip/step_007000.pt
step 007050 | loss 1.5736 | mse 0.5569 | ce_event 0.8247 ce_dt 22.9190 ce_cpu 0.1921
step 007100 | loss 1.6465 | mse 0.5404 | ce_event 0.8176 ce_dt 23.8843 ce_cpu 0.2885
step 007150 | loss 1.6271 | mse 0.5516 | ce_event 0.9098 ce_dt 27.9780 ce_cpu 0.1656
step 007200 | loss 1.4480 | mse 0.5533 | ce_event 0.7855 ce_dt 19.2674 ce_cpu 0.1091
step 007250 | loss 1.3553 | mse 0.5451 | ce_event 0.6869 ce_dt 23.0096 ce_cpu 0.1233
step 007300 | loss 1.4791 | mse 0.5606 | ce_event 0.7736 ce_dt 21.9683 ce_cpu 0.1449
step 007350 | loss 1.7772 | mse 0.5106 | ce_event 1.0245 ce_dt 27.0693 ce_cpu 0.2422
step 007400 | loss 1.6109 | mse 0.4963 | ce_event 0.9301 ce_dt 23.0017 ce_cpu 0.1846
step 007450 | loss 1.5453 | mse 0.5249 | ce_event 0.8531 ce_dt 25.4543 ce_cpu 0.1674
step 007500 | loss 1.3247 | mse 0.5481 | ce_event 0.6824 ce_dt 21.6669 ce_cpu 0.0942
[SAVE] /project/def-naser2/yuvraj/SyntheticLogGeneration/outputs/diffusion_outputs/diff-wdt0/checkpoints_discrete/compress-gzip/step_007500.pt
step 007550 | loss 1.2013 | mse 0.5417 | ce_event 0.5738 ce_dt 19.2101 ce_cpu 0.0859
step 007600 | loss 1.6086 | mse 0.5235 | ce_event 0.9077 ce_dt 27.9412 ce_cpu 0.1774
step 007650 | loss 1.2780 | mse 0.5451 | ce_event 0.6723 ce_dt 19.5255 ce_cpu 0.0606
step 007700 | loss 1.6907 | mse 0.5066 | ce_event 1.0224 ce_dt 31.9439 ce_cpu 0.1618
step 007750 | loss 1.3608 | mse 0.5062 | ce_event 0.7367 ce_dt 20.9398 ce_cpu 0.1180
step 007800 | loss 1.4297 | mse 0.5575 | ce_event 0.7282 ce_dt 24.1640 ce_cpu 0.1439
step 007850 | loss 1.9775 | mse 0.5124 | ce_event 1.1327 ce_dt 32.8824 ce_cpu 0.3323
step 007900 | loss 1.6131 | mse 0.5167 | ce_event 0.9398 ce_dt 28.4846 ce_cpu 0.1566
step 007950 | loss 1.4594 | mse 0.4752 | ce_event 0.7725 ce_dt 23.2596 ce_cpu 0.2118
step 008000 | loss 1.5285 | mse 0.4925 | ce_event 0.7883 ce_dt 19.8963 ce_cpu 0.2477
[SAVE] /project/def-naser2/yuvraj/SyntheticLogGeneration/outputs/diffusion_outputs/diff-wdt0/checkpoints_discrete/compress-gzip/step_008000.pt
step 008050 | loss 1.5009 | mse 0.4761 | ce_event 0.8134 ce_dt 24.0989 ce_cpu 0.2114
step 008100 | loss 1.5115 | mse 0.4465 | ce_event 0.9349 ce_dt 20.8024 ce_cpu 0.1300
step 008150 | loss 1.6602 | mse 0.4653 | ce_event 0.9152 ce_dt 23.5332 ce_cpu 0.2797
step 008200 | loss 1.8344 | mse 0.4864 | ce_event 1.1819 ce_dt 31.9141 ce_cpu 0.1662
step 008250 | loss 1.2551 | mse 0.4556 | ce_event 0.6089 ce_dt 19.7976 ce_cpu 0.1906
step 008300 | loss 1.4312 | mse 0.4775 | ce_event 0.7519 ce_dt 19.3857 ce_cpu 0.2018
step 008350 | loss 1.6793 | mse 0.4698 | ce_event 1.0248 ce_dt 25.6514 ce_cpu 0.1847
step 008400 | loss 1.4174 | mse 0.4281 | ce_event 0.8345 ce_dt 22.0859 ce_cpu 0.1547
step 008450 | loss 1.3338 | mse 0.4452 | ce_event 0.6690 ce_dt 19.8810 ce_cpu 0.2196
step 008500 | loss 1.1147 | mse 0.4618 | ce_event 0.5572 ce_dt 19.0642 ce_cpu 0.0957
[SAVE] /project/def-naser2/yuvraj/SyntheticLogGeneration/outputs/diffusion_outputs/diff-wdt0/checkpoints_discrete/compress-gzip/step_008500.pt
step 008550 | loss 1.2151 | mse 0.4512 | ce_event 0.6120 ce_dt 17.5887 ce_cpu 0.1519
step 008600 | loss 1.0381 | mse 0.4335 | ce_event 0.5167 ce_dt 14.1031 ce_cpu 0.0879
step 008650 | loss 1.1742 | mse 0.4404 | ce_event 0.6012 ce_dt 20.6244 ce_cpu 0.1326
step 008700 | loss 1.3422 | mse 0.4293 | ce_event 0.8439 ce_dt 22.6105 ce_cpu 0.0691
step 008750 | loss 0.8827 | mse 0.4167 | ce_event 0.4147 ce_dt 14.0183 ce_cpu 0.0513
step 008800 | loss 1.0506 | mse 0.4412 | ce_event 0.5035 ce_dt 17.5507 ce_cpu 0.1059
step 008850 | loss 1.8574 | mse 0.4026 | ce_event 1.1461 ce_dt 29.8314 ce_cpu 0.3088
step 008900 | loss 1.1813 | mse 0.4093 | ce_event 0.6442 ce_dt 21.0539 ce_cpu 0.1278
step 008950 | loss 1.2741 | mse 0.4594 | ce_event 0.7134 ce_dt 22.9964 ce_cpu 0.1014
step 009000 | loss 1.1541 | mse 0.3972 | ce_event 0.6571 ce_dt 19.6822 ce_cpu 0.0997
[SAVE] /project/def-naser2/yuvraj/SyntheticLogGeneration/outputs/diffusion_outputs/diff-wdt0/checkpoints_discrete/compress-gzip/step_009000.pt
step 009050 | loss 1.2286 | mse 0.4208 | ce_event 0.6713 ce_dt 18.7737 ce_cpu 0.1365
step 009100 | loss 1.2136 | mse 0.3916 | ce_event 0.6991 ce_dt 17.8340 ce_cpu 0.1230
step 009150 | loss 1.2490 | mse 0.4152 | ce_event 0.7349 ce_dt 21.8847 ce_cpu 0.0988
step 009200 | loss 1.2589 | mse 0.3892 | ce_event 0.7044 ce_dt 23.6559 ce_cpu 0.1653
step 009250 | loss 1.3612 | mse 0.3890 | ce_event 0.7952 ce_dt 22.6499 ce_cpu 0.1771
step 009300 | loss 1.3571 | mse 0.3937 | ce_event 0.7582 ce_dt 22.3085 ce_cpu 0.2052
step 009350 | loss 1.0622 | mse 0.3905 | ce_event 0.5461 ce_dt 17.7611 ce_cpu 0.1255
step 009400 | loss 1.3701 | mse 0.3716 | ce_event 0.7668 ce_dt 23.4058 ce_cpu 0.2316
step 009450 | loss 1.0175 | mse 0.4126 | ce_event 0.5279 ce_dt 15.7705 ce_cpu 0.0769
step 009500 | loss 1.4283 | mse 0.3770 | ce_event 0.8504 ce_dt 25.2025 ce_cpu 0.2009
[SAVE] /project/def-naser2/yuvraj/SyntheticLogGeneration/outputs/diffusion_outputs/diff-wdt0/checkpoints_discrete/compress-gzip/step_009500.pt
step 009550 | loss 1.5952 | mse 0.3664 | ce_event 0.9981 ce_dt 23.2747 ce_cpu 0.2308
step 009600 | loss 1.1768 | mse 0.3491 | ce_event 0.7180 ce_dt 17.0848 ce_cpu 0.1098
step 009650 | loss 1.4902 | mse 0.4269 | ce_event 0.7410 ce_dt 25.2313 ce_cpu 0.3223
step 009700 | loss 1.4666 | mse 0.3511 | ce_event 0.9250 ce_dt 25.1493 ce_cpu 0.1906
step 009750 | loss 1.4359 | mse 0.3720 | ce_event 0.8956 ce_dt 24.3062 ce_cpu 0.1683
step 009800 | loss 1.2913 | mse 0.3961 | ce_event 0.7578 ce_dt 24.0036 ce_cpu 0.1375
step 009850 | loss 1.1158 | mse 0.3700 | ce_event 0.6554 ce_dt 22.3315 ce_cpu 0.0904
step 009900 | loss 1.2541 | mse 0.3427 | ce_event 0.7669 ce_dt 22.6491 ce_cpu 0.1445
step 009950 | loss 1.0538 | mse 0.3496 | ce_event 0.5841 ce_dt 20.8617 ce_cpu 0.1201
step 010000 | loss 0.9192 | mse 0.3160 | ce_event 0.5513 ce_dt 17.5560 ce_cpu 0.0519
[SAVE] /project/def-naser2/yuvraj/SyntheticLogGeneration/outputs/diffusion_outputs/diff-wdt0/checkpoints_discrete/compress-gzip/step_010000.pt
step 010050 | loss 1.0372 | mse 0.3141 | ce_event 0.6041 ce_dt 20.5928 ce_cpu 0.1190
step 010100 | loss 1.5550 | mse 0.3562 | ce_event 1.0149 ce_dt 31.0475 ce_cpu 0.1840
step 010150 | loss 1.0052 | mse 0.3347 | ce_event 0.5741 ce_dt 17.9309 ce_cpu 0.0964
step 010200 | loss 1.6137 | mse 0.4016 | ce_event 1.0405 ce_dt 26.3879 ce_cpu 0.1717
step 010250 | loss 1.3303 | mse 0.3356 | ce_event 0.8826 ce_dt 22.0555 ce_cpu 0.1121
step 010300 | loss 1.4014 | mse 0.3686 | ce_event 0.9193 ce_dt 28.4853 ce_cpu 0.1135
step 010350 | loss 0.9324 | mse 0.3141 | ce_event 0.5352 ce_dt 13.7779 ce_cpu 0.0830
step 010400 | loss 0.9809 | mse 0.3058 | ce_event 0.5924 ce_dt 18.8481 ce_cpu 0.0827
step 010450 | loss 0.9647 | mse 0.3182 | ce_event 0.5414 ce_dt 16.6996 ce_cpu 0.1051
step 010500 | loss 1.4099 | mse 0.3199 | ce_event 0.8465 ce_dt 24.7372 ce_cpu 0.2435
[SAVE] /project/def-naser2/yuvraj/SyntheticLogGeneration/outputs/diffusion_outputs/diff-wdt0/checkpoints_discrete/compress-gzip/step_010500.pt
step 010550 | loss 1.1191 | mse 0.3310 | ce_event 0.6221 ce_dt 19.1773 ce_cpu 0.1660
step 010600 | loss 0.8005 | mse 0.2874 | ce_event 0.4412 ce_dt 14.5389 ce_cpu 0.0718
step 010650 | loss 0.9017 | mse 0.2989 | ce_event 0.5346 ce_dt 15.7814 ce_cpu 0.0682
step 010700 | loss 0.7462 | mse 0.3042 | ce_event 0.3797 ce_dt 14.1812 ce_cpu 0.0623
step 010750 | loss 1.1423 | mse 0.3256 | ce_event 0.6179 ce_dt 18.6221 ce_cpu 0.1988
step 010800 | loss 1.2847 | mse 0.3003 | ce_event 0.8597 ce_dt 25.0325 ce_cpu 0.1248
step 010850 | loss 0.7209 | mse 0.3147 | ce_event 0.3738 ce_dt 16.1502 ce_cpu 0.0324
step 010900 | loss 1.1702 | mse 0.2991 | ce_event 0.7343 ce_dt 20.9106 ce_cpu 0.1368
step 010950 | loss 1.1847 | mse 0.3061 | ce_event 0.7337 ce_dt 19.1686 ce_cpu 0.1449
step 011000 | loss 0.8825 | mse 0.2903 | ce_event 0.5043 ce_dt 17.5576 ce_cpu 0.0879
[SAVE] /project/def-naser2/yuvraj/SyntheticLogGeneration/outputs/diffusion_outputs/diff-wdt0/checkpoints_discrete/compress-gzip/step_011000.pt
step 011050 | loss 0.9232 | mse 0.2567 | ce_event 0.5898 ce_dt 18.1256 ce_cpu 0.0767
step 011100 | loss 1.3311 | mse 0.2713 | ce_event 0.8751 ce_dt 21.6248 ce_cpu 0.1847
step 011150 | loss 0.8514 | mse 0.2759 | ce_event 0.4834 ce_dt 14.7164 ce_cpu 0.0920
step 011200 | loss 0.8624 | mse 0.2772 | ce_event 0.5060 ce_dt 14.0937 ce_cpu 0.0792
step 011250 | loss 0.8649 | mse 0.2665 | ce_event 0.4821 ce_dt 14.1567 ce_cpu 0.1163
step 011300 | loss 1.2816 | mse 0.3016 | ce_event 0.9003 ce_dt 25.2732 ce_cpu 0.0798
step 011350 | loss 0.9389 | mse 0.2628 | ce_event 0.5820 ce_dt 18.3151 ce_cpu 0.0941
step 011400 | loss 0.9144 | mse 0.2841 | ce_event 0.5557 ce_dt 14.7647 ce_cpu 0.0745
step 011450 | loss 1.0329 | mse 0.2665 | ce_event 0.6441 ce_dt 20.2912 ce_cpu 0.1223
step 011500 | loss 0.9487 | mse 0.2519 | ce_event 0.6095 ce_dt 16.6172 ce_cpu 0.0874
[SAVE] /project/def-naser2/yuvraj/SyntheticLogGeneration/outputs/diffusion_outputs/diff-wdt0/checkpoints_discrete/compress-gzip/step_011500.pt
step 011550 | loss 0.9912 | mse 0.2578 | ce_event 0.6243 ce_dt 16.8966 ce_cpu 0.1091
step 011600 | loss 1.1266 | mse 0.2557 | ce_event 0.7020 ce_dt 18.9161 ce_cpu 0.1689
step 011650 | loss 0.9189 | mse 0.2445 | ce_event 0.5636 ce_dt 15.3210 ce_cpu 0.1108
step 011700 | loss 1.0771 | mse 0.2729 | ce_event 0.6592 ce_dt 19.8329 ce_cpu 0.1450
step 011750 | loss 1.2260 | mse 0.2562 | ce_event 0.8077 ce_dt 19.8309 ce_cpu 0.1622
step 011800 | loss 1.3933 | mse 0.2304 | ce_event 0.9546 ce_dt 25.0509 ce_cpu 0.2083
step 011850 | loss 0.8794 | mse 0.2459 | ce_event 0.5510 ce_dt 16.4183 ce_cpu 0.0825
step 011900 | loss 1.1695 | mse 0.2390 | ce_event 0.7243 ce_dt 22.6182 ce_cpu 0.2063
step 011950 | loss 1.0984 | mse 0.2695 | ce_event 0.6207 ce_dt 17.6749 ce_cpu 0.2081
step 012000 | loss 0.8993 | mse 0.2428 | ce_event 0.5439 ce_dt 16.0662 ce_cpu 0.1125
[SAVE] /project/def-naser2/yuvraj/SyntheticLogGeneration/outputs/diffusion_outputs/diff-wdt0/checkpoints_discrete/compress-gzip/step_012000.pt
step 012050 | loss 0.8565 | mse 0.2343 | ce_event 0.5820 ce_dt 18.3660 ce_cpu 0.0402
step 012100 | loss 0.9546 | mse 0.2624 | ce_event 0.6082 ce_dt 15.5653 ce_cpu 0.0841
step 012150 | loss 1.4766 | mse 0.2208 | ce_event 1.0105 ce_dt 25.4860 ce_cpu 0.2454
step 012200 | loss 1.0491 | mse 0.2714 | ce_event 0.6888 ce_dt 17.7490 ce_cpu 0.0889
step 012250 | loss 0.7685 | mse 0.2263 | ce_event 0.5066 ce_dt 14.5455 ce_cpu 0.0356
step 012300 | loss 0.9677 | mse 0.2415 | ce_event 0.6157 ce_dt 17.6191 ce_cpu 0.1105
step 012350 | loss 0.9370 | mse 0.2189 | ce_event 0.6053 ce_dt 17.3479 ce_cpu 0.1128
step 012400 | loss 1.0982 | mse 0.2127 | ce_event 0.7203 ce_dt 19.0769 ce_cpu 0.1651
step 012450 | loss 0.8011 | mse 0.2341 | ce_event 0.4661 ce_dt 15.6896 ce_cpu 0.1009
step 012500 | loss 0.6507 | mse 0.2014 | ce_event 0.3899 ce_dt 12.3520 ce_cpu 0.0595
[SAVE] /project/def-naser2/yuvraj/SyntheticLogGeneration/outputs/diffusion_outputs/diff-wdt0/checkpoints_discrete/compress-gzip/step_012500.pt
step 012550 | loss 1.1610 | mse 0.2318 | ce_event 0.7587 ce_dt 18.5870 ce_cpu 0.1705
step 012600 | loss 0.7410 | mse 0.2036 | ce_event 0.4533 ce_dt 15.0665 ce_cpu 0.0841
step 012650 | loss 0.8529 | mse 0.2196 | ce_event 0.4922 ce_dt 14.2465 ce_cpu 0.1412
step 012700 | loss 0.9897 | mse 0.2108 | ce_event 0.6685 ce_dt 18.5545 ce_cpu 0.1104
step 012750 | loss 0.6915 | mse 0.2135 | ce_event 0.4071 ce_dt 12.9852 ce_cpu 0.0709
step 012800 | loss 0.7527 | mse 0.2224 | ce_event 0.4898 ce_dt 17.5924 ce_cpu 0.0405
step 012850 | loss 0.9339 | mse 0.2299 | ce_event 0.6330 ce_dt 16.2114 ce_cpu 0.0710
step 012900 | loss 0.7649 | mse 0.2280 | ce_event 0.4406 ce_dt 14.5312 ce_cpu 0.0963
step 012950 | loss 0.8277 | mse 0.1985 | ce_event 0.5252 ce_dt 15.1711 ce_cpu 0.1041
step 013000 | loss 0.6815 | mse 0.2070 | ce_event 0.4420 ce_dt 12.4142 ce_cpu 0.0325
[SAVE] /project/def-naser2/yuvraj/SyntheticLogGeneration/outputs/diffusion_outputs/diff-wdt0/checkpoints_discrete/compress-gzip/step_013000.pt
step 013050 | loss 1.1805 | mse 0.1894 | ce_event 0.9045 ce_dt 22.2061 ce_cpu 0.0865
step 013100 | loss 0.8334 | mse 0.1958 | ce_event 0.5870 ce_dt 15.2806 ce_cpu 0.0507
step 013150 | loss 0.6370 | mse 0.1871 | ce_event 0.3892 ce_dt 13.2683 ce_cpu 0.0607
step 013200 | loss 0.7308 | mse 0.1953 | ce_event 0.4565 ce_dt 15.6521 ce_cpu 0.0789
step 013250 | loss 1.0472 | mse 0.2061 | ce_event 0.7106 ce_dt 18.6713 ce_cpu 0.1305
step 013300 | loss 1.2895 | mse 0.1802 | ce_event 0.8850 ce_dt 19.9570 ce_cpu 0.2243
step 013350 | loss 0.8912 | mse 0.1796 | ce_event 0.6590 ce_dt 15.6117 ce_cpu 0.0525
step 013400 | loss 0.8244 | mse 0.1911 | ce_event 0.5604 ce_dt 15.1860 ce_cpu 0.0729
step 013450 | loss 1.0052 | mse 0.1741 | ce_event 0.6965 ce_dt 16.7417 ce_cpu 0.1346
step 013500 | loss 0.7169 | mse 0.2127 | ce_event 0.4574 ce_dt 14.3952 ce_cpu 0.0468
[SAVE] /project/def-naser2/yuvraj/SyntheticLogGeneration/outputs/diffusion_outputs/diff-wdt0/checkpoints_discrete/compress-gzip/step_013500.pt
step 013550 | loss 0.9842 | mse 0.1862 | ce_event 0.6221 ce_dt 14.9945 ce_cpu 0.1760
step 013600 | loss 0.8825 | mse 0.1880 | ce_event 0.6312 ce_dt 17.6782 ce_cpu 0.0634
step 013650 | loss 0.6025 | mse 0.1943 | ce_event 0.3750 ce_dt 11.3342 ce_cpu 0.0332
step 013700 | loss 0.7217 | mse 0.2116 | ce_event 0.4229 ce_dt 13.8386 ce_cpu 0.0872
step 013750 | loss 1.1096 | mse 0.1949 | ce_event 0.7310 ce_dt 18.7202 ce_cpu 0.1837
step 013800 | loss 0.5686 | mse 0.1670 | ce_event 0.3668 ce_dt 11.0466 ce_cpu 0.0349
step 013850 | loss 1.0216 | mse 0.1734 | ce_event 0.7216 ce_dt 16.8882 ce_cpu 0.1267
step 013900 | loss 0.6699 | mse 0.2067 | ce_event 0.3757 ce_dt 13.4157 ce_cpu 0.0875
step 013950 | loss 0.7640 | mse 0.1876 | ce_event 0.4750 ce_dt 12.7357 ce_cpu 0.1014
step 014000 | loss 0.9412 | mse 0.2020 | ce_event 0.6249 ce_dt 15.9263 ce_cpu 0.1143
[SAVE] /project/def-naser2/yuvraj/SyntheticLogGeneration/outputs/diffusion_outputs/diff-wdt0/checkpoints_discrete/compress-gzip/step_014000.pt
step 014050 | loss 0.8393 | mse 0.1861 | ce_event 0.6172 ce_dt 17.6103 ce_cpu 0.0359
step 014100 | loss 0.7201 | mse 0.1936 | ce_event 0.4570 ce_dt 12.6893 ce_cpu 0.0696
step 014150 | loss 0.6654 | mse 0.1875 | ce_event 0.3867 ce_dt 12.6495 ce_cpu 0.0912
step 014200 | loss 0.5545 | mse 0.1632 | ce_event 0.3287 ce_dt 11.4546 ce_cpu 0.0626
step 014250 | loss 0.9689 | mse 0.1785 | ce_event 0.6941 ce_dt 16.7422 ce_cpu 0.0962
step 014300 | loss 1.0937 | mse 0.1520 | ce_event 0.8274 ce_dt 19.5493 ce_cpu 0.1143
step 014350 | loss 0.7450 | mse 0.1473 | ce_event 0.4825 ce_dt 14.1327 ce_cpu 0.1152
step 014400 | loss 0.8721 | mse 0.1518 | ce_event 0.6147 ce_dt 18.0872 ce_cpu 0.1056
step 014450 | loss 1.0122 | mse 0.1623 | ce_event 0.7511 ce_dt 18.5485 ce_cpu 0.0988
step 014500 | loss 0.9074 | mse 0.1650 | ce_event 0.6473 ce_dt 14.8784 ce_cpu 0.0951
[SAVE] /project/def-naser2/yuvraj/SyntheticLogGeneration/outputs/diffusion_outputs/diff-wdt0/checkpoints_discrete/compress-gzip/step_014500.pt
step 014550 | loss 0.7499 | mse 0.2036 | ce_event 0.4412 ce_dt 13.6116 ce_cpu 0.1050
step 014600 | loss 0.8587 | mse 0.1516 | ce_event 0.5965 ce_dt 15.6608 ce_cpu 0.1106
step 014650 | loss 0.6449 | mse 0.1721 | ce_event 0.4117 ce_dt 12.2101 ce_cpu 0.0610
step 014700 | loss 0.7197 | mse 0.1627 | ce_event 0.4955 ce_dt 13.2306 ce_cpu 0.0615
step 014750 | loss 0.7690 | mse 0.1595 | ce_event 0.4582 ce_dt 14.1816 ce_cpu 0.1513
step 014800 | loss 1.1506 | mse 0.1865 | ce_event 0.7411 ce_dt 17.3831 ce_cpu 0.2229
step 014850 | loss 0.9371 | mse 0.1509 | ce_event 0.6293 ce_dt 16.9726 ce_cpu 0.1569
step 014900 | loss 0.6331 | mse 0.1398 | ce_event 0.3971 ce_dt 12.7813 ce_cpu 0.0962
step 014950 | loss 0.7750 | mse 0.1604 | ce_event 0.4939 ce_dt 15.6633 ce_cpu 0.1208
step 015000 | loss 0.6558 | mse 0.1336 | ce_event 0.4523 ce_dt 12.5368 ce_cpu 0.0698
[SAVE] /project/def-naser2/yuvraj/SyntheticLogGeneration/outputs/diffusion_outputs/diff-wdt0/checkpoints_discrete/compress-gzip/step_015000.pt
step 015050 | loss 0.8593 | mse 0.1336 | ce_event 0.6207 ce_dt 13.2360 ce_cpu 0.1049
step 015100 | loss 0.7048 | mse 0.1529 | ce_event 0.4392 ce_dt 14.2044 ce_cpu 0.1126
step 015150 | loss 0.7544 | mse 0.1668 | ce_event 0.4869 ce_dt 14.6206 ce_cpu 0.1008
step 015200 | loss 0.8500 | mse 0.1520 | ce_event 0.5767 ce_dt 13.7653 ce_cpu 0.1213
step 015250 | loss 0.6230 | mse 0.1630 | ce_event 0.3965 ce_dt 11.7745 ce_cpu 0.0634
step 015300 | loss 0.8125 | mse 0.1443 | ce_event 0.5887 ce_dt 15.1088 ce_cpu 0.0795
step 015350 | loss 0.6519 | mse 0.1437 | ce_event 0.4405 ce_dt 12.7549 ce_cpu 0.0677
step 015400 | loss 0.6234 | mse 0.1640 | ce_event 0.3300 ce_dt 11.6360 ce_cpu 0.1294
step 015450 | loss 0.9689 | mse 0.1678 | ce_event 0.6336 ce_dt 15.7180 ce_cpu 0.1675
step 015500 | loss 0.8217 | mse 0.1502 | ce_event 0.5306 ce_dt 15.4939 ce_cpu 0.1408
[SAVE] /project/def-naser2/yuvraj/SyntheticLogGeneration/outputs/diffusion_outputs/diff-wdt0/checkpoints_discrete/compress-gzip/step_015500.pt
step 015550 | loss 0.8520 | mse 0.1442 | ce_event 0.6161 ce_dt 13.8029 ce_cpu 0.0917
step 015600 | loss 0.7760 | mse 0.1485 | ce_event 0.5297 ce_dt 13.0394 ce_cpu 0.0978
step 015650 | loss 0.8326 | mse 0.1307 | ce_event 0.5224 ce_dt 14.4954 ce_cpu 0.1795
step 015700 | loss 0.7845 | mse 0.1402 | ce_event 0.4769 ce_dt 14.5879 ce_cpu 0.1673
step 015750 | loss 1.0873 | mse 0.1322 | ce_event 0.8204 ce_dt 17.0428 ce_cpu 0.1347
step 015800 | loss 0.7682 | mse 0.1349 | ce_event 0.5698 ce_dt 13.1020 ce_cpu 0.0636
step 015850 | loss 0.8586 | mse 0.1411 | ce_event 0.5761 ce_dt 14.5197 ce_cpu 0.1413
step 015900 | loss 0.7113 | mse 0.1705 | ce_event 0.4594 ce_dt 12.6954 ce_cpu 0.0814
step 015950 | loss 0.7233 | mse 0.1388 | ce_event 0.5105 ce_dt 13.3599 ce_cpu 0.0740
step 016000 | loss 0.7524 | mse 0.1439 | ce_event 0.4753 ce_dt 12.8595 ce_cpu 0.1333
[SAVE] /project/def-naser2/yuvraj/SyntheticLogGeneration/outputs/diffusion_outputs/diff-wdt0/checkpoints_discrete/compress-gzip/step_016000.pt
step 016050 | loss 0.6717 | mse 0.1536 | ce_event 0.4137 ce_dt 12.2695 ce_cpu 0.1044
step 016100 | loss 0.7360 | mse 0.1380 | ce_event 0.4984 ce_dt 14.8767 ce_cpu 0.0997
step 016150 | loss 0.8035 | mse 0.1422 | ce_event 0.5188 ce_dt 13.5895 ce_cpu 0.1425
step 016200 | loss 0.7355 | mse 0.1460 | ce_event 0.4930 ce_dt 13.5064 ce_cpu 0.0965
step 016250 | loss 0.8028 | mse 0.1374 | ce_event 0.5513 ce_dt 13.7333 ce_cpu 0.1142
step 016300 | loss 0.9115 | mse 0.1312 | ce_event 0.6431 ce_dt 16.6002 ce_cpu 0.1373
step 016350 | loss 0.9344 | mse 0.1369 | ce_event 0.6921 ce_dt 15.9569 ce_cpu 0.1054
step 016400 | loss 0.8048 | mse 0.1315 | ce_event 0.5786 ce_dt 14.5000 ce_cpu 0.0947
step 016450 | loss 0.7359 | mse 0.1505 | ce_event 0.5265 ce_dt 15.2056 ce_cpu 0.0589
step 016500 | loss 0.6114 | mse 0.1343 | ce_event 0.3896 ce_dt 12.7829 ce_cpu 0.0874
[SAVE] /project/def-naser2/yuvraj/SyntheticLogGeneration/outputs/diffusion_outputs/diff-wdt0/checkpoints_discrete/compress-gzip/step_016500.pt
step 016550 | loss 0.7696 | mse 0.1385 | ce_event 0.5449 ce_dt 13.6846 ce_cpu 0.0862
step 016600 | loss 0.6661 | mse 0.1460 | ce_event 0.4481 ce_dt 13.8284 ce_cpu 0.0719
step 016650 | loss 0.5643 | mse 0.1310 | ce_event 0.3532 ce_dt 11.6951 ce_cpu 0.0801
step 016700 | loss 0.8604 | mse 0.1530 | ce_event 0.6049 ce_dt 13.8471 ce_cpu 0.1026
step 016750 | loss 0.6856 | mse 0.1323 | ce_event 0.4630 ce_dt 14.1912 ce_cpu 0.0902
step 016800 | loss 0.6903 | mse 0.1376 | ce_event 0.4704 ce_dt 12.5274 ce_cpu 0.0822
step 016850 | loss 0.5657 | mse 0.1736 | ce_event 0.3405 ce_dt 12.0483 ce_cpu 0.0516
step 016900 | loss 0.7732 | mse 0.1536 | ce_event 0.5531 ce_dt 14.3301 ce_cpu 0.0665
step 016950 | loss 0.6537 | mse 0.1534 | ce_event 0.4285 ce_dt 12.8708 ce_cpu 0.0717
step 017000 | loss 0.7196 | mse 0.1299 | ce_event 0.5370 ce_dt 13.7889 ce_cpu 0.0527
[SAVE] /project/def-naser2/yuvraj/SyntheticLogGeneration/outputs/diffusion_outputs/diff-wdt0/checkpoints_discrete/compress-gzip/step_017000.pt
step 017050 | loss 0.8043 | mse 0.1264 | ce_event 0.5642 ce_dt 15.5364 ce_cpu 0.1137
step 017100 | loss 0.6580 | mse 0.1287 | ce_event 0.4353 ce_dt 11.2595 ce_cpu 0.0939
step 017150 | loss 0.7209 | mse 0.1310 | ce_event 0.4926 ce_dt 13.3033 ce_cpu 0.0973
step 017200 | loss 0.7866 | mse 0.1317 | ce_event 0.5468 ce_dt 14.7637 ce_cpu 0.1081
step 017250 | loss 0.8358 | mse 0.1312 | ce_event 0.5891 ce_dt 13.7984 ce_cpu 0.1155
step 017300 | loss 0.7643 | mse 0.1664 | ce_event 0.5090 ce_dt 13.6939 ce_cpu 0.0890
step 017350 | loss 0.5600 | mse 0.1242 | ce_event 0.3987 ce_dt 11.8595 ce_cpu 0.0371
step 017400 | loss 0.5600 | mse 0.1297 | ce_event 0.3654 ce_dt 12.6051 ce_cpu 0.0649
step 017450 | loss 0.8460 | mse 0.1199 | ce_event 0.5165 ce_dt 13.8575 ce_cpu 0.2096
step 017500 | loss 0.8561 | mse 0.1119 | ce_event 0.6505 ce_dt 14.4557 ce_cpu 0.0937
[SAVE] /project/def-naser2/yuvraj/SyntheticLogGeneration/outputs/diffusion_outputs/diff-wdt0/checkpoints_discrete/compress-gzip/step_017500.pt
step 017550 | loss 0.8623 | mse 0.1261 | ce_event 0.6323 ce_dt 15.4625 ce_cpu 0.1039
step 017600 | loss 0.7140 | mse 0.1222 | ce_event 0.4865 ce_dt 13.4391 ce_cpu 0.1053
step 017650 | loss 0.5714 | mse 0.1515 | ce_event 0.3337 ce_dt 10.8784 ce_cpu 0.0862
step 017700 | loss 0.6446 | mse 0.1337 | ce_event 0.4187 ce_dt 12.0691 ce_cpu 0.0923
step 017750 | loss 0.7661 | mse 0.1549 | ce_event 0.5340 ce_dt 13.3780 ce_cpu 0.0772
step 017800 | loss 0.6257 | mse 0.1398 | ce_event 0.4148 ce_dt 13.0309 ce_cpu 0.0711
step 017850 | loss 0.5001 | mse 0.1246 | ce_event 0.3263 ce_dt 12.2678 ce_cpu 0.0493
step 017900 | loss 0.9507 | mse 0.1124 | ce_event 0.7333 ce_dt 17.0798 ce_cpu 0.1051
step 017950 | loss 0.8580 | mse 0.1241 | ce_event 0.6324 ce_dt 16.0238 ce_cpu 0.1015
step 018000 | loss 0.6079 | mse 0.1282 | ce_event 0.4408 ce_dt 12.9172 ce_cpu 0.0389
[SAVE] /project/def-naser2/yuvraj/SyntheticLogGeneration/outputs/diffusion_outputs/diff-wdt0/checkpoints_discrete/compress-gzip/step_018000.pt
step 018050 | loss 0.4323 | mse 0.1252 | ce_event 0.2695 ce_dt 10.8023 ce_cpu 0.0376
step 018100 | loss 0.9610 | mse 0.1212 | ce_event 0.7159 ce_dt 18.6101 ce_cpu 0.1239
step 018150 | loss 0.5247 | mse 0.1272 | ce_event 0.3189 ce_dt 12.0596 ce_cpu 0.0786
step 018200 | loss 0.5893 | mse 0.1186 | ce_event 0.4021 ce_dt 11.8645 ce_cpu 0.0686
step 018250 | loss 0.6692 | mse 0.1291 | ce_event 0.4690 ce_dt 13.0575 ce_cpu 0.0711
step 018300 | loss 0.6226 | mse 0.1268 | ce_event 0.4032 ce_dt 13.1520 ce_cpu 0.0925
step 018350 | loss 0.6249 | mse 0.1176 | ce_event 0.4391 ce_dt 12.3900 ce_cpu 0.0682
step 018400 | loss 0.7195 | mse 0.1234 | ce_event 0.4859 ce_dt 12.9351 ce_cpu 0.1102
step 018450 | loss 0.7797 | mse 0.1282 | ce_event 0.5368 ce_dt 14.1042 ce_cpu 0.1146
step 018500 | loss 0.6360 | mse 0.1166 | ce_event 0.4180 ce_dt 13.2440 ce_cpu 0.1015
[SAVE] /project/def-naser2/yuvraj/SyntheticLogGeneration/outputs/diffusion_outputs/diff-wdt0/checkpoints_discrete/compress-gzip/step_018500.pt
step 018550 | loss 0.5357 | mse 0.1270 | ce_event 0.3440 ce_dt 11.9767 ce_cpu 0.0648
step 018600 | loss 0.5924 | mse 0.1115 | ce_event 0.3849 ce_dt 11.2760 ce_cpu 0.0961
step 018650 | loss 0.5115 | mse 0.1213 | ce_event 0.3140 ce_dt 11.1740 ce_cpu 0.0762
step 018700 | loss 0.6394 | mse 0.1407 | ce_event 0.4311 ce_dt 13.4381 ce_cpu 0.0676
step 018750 | loss 0.5814 | mse 0.1073 | ce_event 0.4186 ce_dt 13.0398 ce_cpu 0.0555
step 018800 | loss 0.7064 | mse 0.1240 | ce_event 0.5025 ce_dt 13.3045 ce_cpu 0.0799
step 018850 | loss 0.6546 | mse 0.1166 | ce_event 0.4433 ce_dt 12.6523 ce_cpu 0.0947
step 018900 | loss 0.6791 | mse 0.1304 | ce_event 0.4775 ce_dt 14.2008 ce_cpu 0.0712
step 018950 | loss 0.6310 | mse 0.1360 | ce_event 0.4071 ce_dt 11.6162 ce_cpu 0.0878
step 019000 | loss 0.4870 | mse 0.1371 | ce_event 0.3256 ce_dt 12.3224 ce_cpu 0.0242
[SAVE] /project/def-naser2/yuvraj/SyntheticLogGeneration/outputs/diffusion_outputs/diff-wdt0/checkpoints_discrete/compress-gzip/step_019000.pt
step 019050 | loss 0.6186 | mse 0.1331 | ce_event 0.4103 ce_dt 11.8922 ce_cpu 0.0752
step 019100 | loss 0.6604 | mse 0.1247 | ce_event 0.4123 ce_dt 11.7341 ce_cpu 0.1234
step 019150 | loss 0.6662 | mse 0.1236 | ce_event 0.4145 ce_dt 13.2636 ce_cpu 0.1281
step 019200 | loss 0.5329 | mse 0.1277 | ce_event 0.3354 ce_dt 11.5653 ce_cpu 0.0698
step 019250 | loss 0.4786 | mse 0.1315 | ce_event 0.3171 ce_dt 11.0426 ce_cpu 0.0300
step 019300 | loss 0.5350 | mse 0.1103 | ce_event 0.3338 ce_dt 11.5541 ce_cpu 0.0909
step 019350 | loss 0.6656 | mse 0.1086 | ce_event 0.4653 ce_dt 12.1675 ce_cpu 0.0918
step 019400 | loss 0.4601 | mse 0.1059 | ce_event 0.2969 ce_dt 11.3895 ce_cpu 0.0572
step 019450 | loss 0.6140 | mse 0.1012 | ce_event 0.4473 ce_dt 11.9594 ce_cpu 0.0655
step 019500 | loss 0.6614 | mse 0.1106 | ce_event 0.4350 ce_dt 12.0658 ce_cpu 0.1158
[SAVE] /project/def-naser2/yuvraj/SyntheticLogGeneration/outputs/diffusion_outputs/diff-wdt0/checkpoints_discrete/compress-gzip/step_019500.pt
step 019550 | loss 0.6750 | mse 0.1033 | ce_event 0.4962 ce_dt 13.0447 ce_cpu 0.0755
step 019600 | loss 0.5372 | mse 0.1215 | ce_event 0.3545 ce_dt 11.2921 ce_cpu 0.0612
step 019650 | loss 0.3732 | mse 0.1267 | ce_event 0.2075 ce_dt 10.7646 ce_cpu 0.0390
step 019700 | loss 0.4142 | mse 0.1172 | ce_event 0.2384 ce_dt 10.7080 ce_cpu 0.0587
step 019750 | loss 0.7446 | mse 0.1087 | ce_event 0.5349 ce_dt 13.5111 ce_cpu 0.1010
step 019800 | loss 0.6598 | mse 0.1149 | ce_event 0.4510 ce_dt 12.9973 ce_cpu 0.0940
step 019850 | loss 0.8725 | mse 0.1151 | ce_event 0.6441 ce_dt 14.5820 ce_cpu 0.1133
step 019900 | loss 0.5970 | mse 0.1316 | ce_event 0.4457 ce_dt 14.8874 ce_cpu 0.0197
step 019950 | loss 0.5559 | mse 0.1164 | ce_event 0.3634 ce_dt 11.8347 ce_cpu 0.0762
step 020000 | loss 0.5221 | mse 0.1267 | ce_event 0.3201 ce_dt 11.6793 ce_cpu 0.0753
[SAVE] /project/def-naser2/yuvraj/SyntheticLogGeneration/outputs/diffusion_outputs/diff-wdt0/checkpoints_discrete/compress-gzip/step_020000.pt
[SAVE] /project/def-naser2/yuvraj/SyntheticLogGeneration/outputs/diffusion_outputs/diff-wdt0/checkpoints_discrete/compress-gzip/final_step_020000.pt
