========== ART TRAIN JOB START ==========
RUN_NAME: art-wdt0
BENCH:    compress-gzip
Time:     Mon Jan  5 09:15:23 EST 2026
Host:     g29.nibi.sharcnet
PWD:      /project/def-naser2/yuvraj/SyntheticLogGeneration
Repo:     /project/def-naser2/yuvraj/SyntheticLogGeneration
Python:   /project/6083487/yuvraj/SyntheticLogGeneration/.venv/bin/python
Python 3.13.2
Mon Jan  5 09:15:23 2026       
+-----------------------------------------------------------------------------------------+
| NVIDIA-SMI 580.82.07              Driver Version: 580.82.07      CUDA Version: 13.0     |
+-----------------------------------------+------------------------+----------------------+
| GPU  Name                 Persistence-M | Bus-Id          Disp.A | Volatile Uncorr. ECC |
| Fan  Temp   Perf          Pwr:Usage/Cap |           Memory-Usage | GPU-Util  Compute M. |
|                                         |                        |               MIG M. |
|=========================================+========================+======================|
|   0  NVIDIA H100 80GB HBM3          On  |   00000000:19:00.0 Off |                    0 |
| N/A   29C    P0             69W /  700W |       0MiB /  81559MiB |      0%      Default |
|                                         |                        |             Disabled |
+-----------------------------------------+------------------------+----------------------+

+-----------------------------------------------------------------------------------------+
| Processes:                                                                              |
|  GPU   GI   CI              PID   Type   Process name                        GPU Memory |
|        ID   ID                                                               Usage      |
|=========================================================================================|
|  No running processes found                                                             |
+-----------------------------------------------------------------------------------------+
LOGDIR:   /project/def-naser2/yuvraj/SyntheticLogGeneration/logs/art_logs/art-wdt0
OUTDIR:   /project/def-naser2/yuvraj/SyntheticLogGeneration/outputs/art_outputs/art-wdt0
CKPT:     /project/def-naser2/yuvraj/SyntheticLogGeneration/outputs/art_outputs/art-wdt0/checkpoints_ar
========================================
Device: cuda
Train shards: 130
Total windows: 11971800
/project/6083487/yuvraj/SyntheticLogGeneration/.venv/lib/python3.13/site-packages/torch/_compile.py:53: UserWarning: optimizer contains a parameter group with duplicate parameters; in future, this will cause an error; see github.com/pytorch/pytorch/issues/40967 for more information
  return disable_fn(*args, **kwargs)
step 000050 | loss 1.7655 | ce_event 1.3036 ce_dt 5.7199 ce_cpu 0.2309 | acc_event 0.704 acc_dt 0.001 acc_cpu 0.909
step 000100 | loss 1.2189 | ce_event 0.8663 ce_dt 5.7279 ce_cpu 0.1763 | acc_event 0.755 acc_dt 0.002 acc_cpu 0.931
step 000150 | loss 0.8284 | ce_event 0.6068 ce_dt 5.7442 ce_cpu 0.1108 | acc_event 0.830 acc_dt 0.000 acc_cpu 0.959
step 000200 | loss 1.3176 | ce_event 0.9292 ce_dt 5.7374 ce_cpu 0.1942 | acc_event 0.735 acc_dt 0.002 acc_cpu 0.913
step 000250 | loss 0.8315 | ce_event 0.6008 ce_dt 5.6963 ce_cpu 0.1154 | acc_event 0.820 acc_dt 0.005 acc_cpu 0.952
step 000300 | loss 0.9264 | ce_event 0.6364 ce_dt 5.7521 ce_cpu 0.1450 | acc_event 0.825 acc_dt 0.002 acc_cpu 0.936
step 000350 | loss 0.7123 | ce_event 0.5095 ce_dt 5.7307 ce_cpu 0.1014 | acc_event 0.848 acc_dt 0.003 acc_cpu 0.959
step 000400 | loss 0.7593 | ce_event 0.5162 ce_dt 5.7429 ce_cpu 0.1215 | acc_event 0.837 acc_dt 0.004 acc_cpu 0.950
step 000450 | loss 0.7382 | ce_event 0.4956 ce_dt 5.7315 ce_cpu 0.1213 | acc_event 0.846 acc_dt 0.004 acc_cpu 0.943
step 000500 | loss 0.7570 | ce_event 0.5000 ce_dt 5.7192 ce_cpu 0.1285 | acc_event 0.849 acc_dt 0.008 acc_cpu 0.945
step 000550 | loss 0.6993 | ce_event 0.4681 ce_dt 5.7733 ce_cpu 0.1156 | acc_event 0.862 acc_dt 0.005 acc_cpu 0.952
step 000600 | loss 0.5929 | ce_event 0.3931 ce_dt 5.7615 ce_cpu 0.0999 | acc_event 0.873 acc_dt 0.010 acc_cpu 0.957
step 000650 | loss 0.6132 | ce_event 0.3837 ce_dt 5.7279 ce_cpu 0.1147 | acc_event 0.877 acc_dt 0.010 acc_cpu 0.951
step 000700 | loss 0.5735 | ce_event 0.3866 ce_dt 5.7374 ce_cpu 0.0935 | acc_event 0.886 acc_dt 0.007 acc_cpu 0.960
step 000750 | loss 0.4018 | ce_event 0.2563 ce_dt 5.7418 ce_cpu 0.0727 | acc_event 0.922 acc_dt 0.009 acc_cpu 0.970
step 000800 | loss 0.5569 | ce_event 0.3333 ce_dt 5.7355 ce_cpu 0.1118 | acc_event 0.902 acc_dt 0.009 acc_cpu 0.955
step 000850 | loss 0.3136 | ce_event 0.1943 ce_dt 5.7333 ce_cpu 0.0596 | acc_event 0.943 acc_dt 0.009 acc_cpu 0.974
step 000900 | loss 0.6028 | ce_event 0.3335 ce_dt 5.7102 ce_cpu 0.1347 | acc_event 0.893 acc_dt 0.012 acc_cpu 0.940
step 000950 | loss 0.4644 | ce_event 0.2772 ce_dt 5.7131 ce_cpu 0.0936 | acc_event 0.923 acc_dt 0.010 acc_cpu 0.962
step 001000 | loss 0.5269 | ce_event 0.3059 ce_dt 5.7085 ce_cpu 0.1105 | acc_event 0.913 acc_dt 0.010 acc_cpu 0.956
step 001050 | loss 0.4436 | ce_event 0.2583 ce_dt 5.7394 ce_cpu 0.0927 | acc_event 0.921 acc_dt 0.007 acc_cpu 0.960
step 001100 | loss 0.6367 | ce_event 0.3642 ce_dt 5.7064 ce_cpu 0.1362 | acc_event 0.888 acc_dt 0.008 acc_cpu 0.941
step 001150 | loss 0.5154 | ce_event 0.3037 ce_dt 5.7026 ce_cpu 0.1059 | acc_event 0.909 acc_dt 0.010 acc_cpu 0.957
step 001200 | loss 0.4032 | ce_event 0.2374 ce_dt 5.7263 ce_cpu 0.0829 | acc_event 0.928 acc_dt 0.006 acc_cpu 0.966
step 001250 | loss 0.4697 | ce_event 0.2683 ce_dt 5.7095 ce_cpu 0.1007 | acc_event 0.920 acc_dt 0.006 acc_cpu 0.958
step 001300 | loss 0.5107 | ce_event 0.2931 ce_dt 5.7308 ce_cpu 0.1088 | acc_event 0.918 acc_dt 0.005 acc_cpu 0.954
step 001350 | loss 0.5379 | ce_event 0.3010 ce_dt 5.7381 ce_cpu 0.1184 | acc_event 0.913 acc_dt 0.007 acc_cpu 0.948
step 001400 | loss 0.3388 | ce_event 0.2096 ce_dt 5.7233 ce_cpu 0.0646 | acc_event 0.937 acc_dt 0.006 acc_cpu 0.971
step 001450 | loss 0.4658 | ce_event 0.2645 ce_dt 5.7179 ce_cpu 0.1007 | acc_event 0.919 acc_dt 0.009 acc_cpu 0.957
step 001500 | loss 0.4470 | ce_event 0.2627 ce_dt 5.7003 ce_cpu 0.0922 | acc_event 0.928 acc_dt 0.010 acc_cpu 0.961
step 001550 | loss 0.3759 | ce_event 0.2053 ce_dt 5.7285 ce_cpu 0.0853 | acc_event 0.935 acc_dt 0.005 acc_cpu 0.964
step 001600 | loss 0.5946 | ce_event 0.3317 ce_dt 5.7212 ce_cpu 0.1314 | acc_event 0.906 acc_dt 0.006 acc_cpu 0.942
step 001650 | loss 0.3781 | ce_event 0.1965 ce_dt 5.7022 ce_cpu 0.0908 | acc_event 0.940 acc_dt 0.007 acc_cpu 0.963
step 001700 | loss 0.4436 | ce_event 0.2524 ce_dt 5.7214 ce_cpu 0.0956 | acc_event 0.923 acc_dt 0.007 acc_cpu 0.959
step 001750 | loss 0.3858 | ce_event 0.2151 ce_dt 5.7101 ce_cpu 0.0853 | acc_event 0.934 acc_dt 0.005 acc_cpu 0.963
step 001800 | loss 0.3949 | ce_event 0.2151 ce_dt 5.6966 ce_cpu 0.0899 | acc_event 0.936 acc_dt 0.006 acc_cpu 0.964
step 001850 | loss 0.3833 | ce_event 0.2071 ce_dt 5.7391 ce_cpu 0.0881 | acc_event 0.937 acc_dt 0.004 acc_cpu 0.968
step 001900 | loss 0.3020 | ce_event 0.1923 ce_dt 5.7474 ce_cpu 0.0548 | acc_event 0.943 acc_dt 0.006 acc_cpu 0.979
step 001950 | loss 0.3326 | ce_event 0.1828 ce_dt 5.7276 ce_cpu 0.0749 | acc_event 0.940 acc_dt 0.009 acc_cpu 0.968
step 002000 | loss 0.3087 | ce_event 0.1706 ce_dt 5.7007 ce_cpu 0.0691 | acc_event 0.944 acc_dt 0.007 acc_cpu 0.971
[VAL] step 002000 | avg_nll_per_token 1.073696
[BEST] /project/def-naser2/yuvraj/SyntheticLogGeneration/outputs/art_outputs/art-wdt0/checkpoints_ar/compress-gzip/best_step_002000.pt (val_nll=1.073696)
[SAVE] /project/def-naser2/yuvraj/SyntheticLogGeneration/outputs/art_outputs/art-wdt0/checkpoints_ar/compress-gzip/step_002000.pt
step 002050 | loss 0.5107 | ce_event 0.2667 ce_dt 5.7202 ce_cpu 0.1220 | acc_event 0.921 acc_dt 0.008 acc_cpu 0.950
step 002100 | loss 0.5209 | ce_event 0.2697 ce_dt 5.7234 ce_cpu 0.1256 | acc_event 0.912 acc_dt 0.010 acc_cpu 0.947
step 002150 | loss 0.3326 | ce_event 0.1958 ce_dt 5.7324 ce_cpu 0.0684 | acc_event 0.940 acc_dt 0.007 acc_cpu 0.972
step 002200 | loss 0.3846 | ce_event 0.2160 ce_dt 5.6847 ce_cpu 0.0843 | acc_event 0.935 acc_dt 0.009 acc_cpu 0.967
step 002250 | loss 0.3806 | ce_event 0.2308 ce_dt 5.6869 ce_cpu 0.0749 | acc_event 0.932 acc_dt 0.012 acc_cpu 0.969
step 002300 | loss 0.4464 | ce_event 0.2350 ce_dt 5.7040 ce_cpu 0.1057 | acc_event 0.930 acc_dt 0.008 acc_cpu 0.957
step 002350 | loss 0.2694 | ce_event 0.1460 ce_dt 5.6828 ce_cpu 0.0617 | acc_event 0.950 acc_dt 0.009 acc_cpu 0.975
step 002400 | loss 0.4431 | ce_event 0.2345 ce_dt 5.6890 ce_cpu 0.1043 | acc_event 0.927 acc_dt 0.007 acc_cpu 0.958
step 002450 | loss 0.2797 | ce_event 0.1556 ce_dt 5.6972 ce_cpu 0.0620 | acc_event 0.952 acc_dt 0.007 acc_cpu 0.975
step 002500 | loss 0.2125 | ce_event 0.1269 ce_dt 5.6986 ce_cpu 0.0428 | acc_event 0.962 acc_dt 0.009 acc_cpu 0.984
step 002550 | loss 0.4038 | ce_event 0.2119 ce_dt 5.6979 ce_cpu 0.0960 | acc_event 0.932 acc_dt 0.011 acc_cpu 0.959
step 002600 | loss 0.3183 | ce_event 0.1652 ce_dt 5.7371 ce_cpu 0.0766 | acc_event 0.947 acc_dt 0.005 acc_cpu 0.968
step 002650 | loss 0.2464 | ce_event 0.1393 ce_dt 5.6931 ce_cpu 0.0536 | acc_event 0.957 acc_dt 0.008 acc_cpu 0.980
step 002700 | loss 0.3327 | ce_event 0.1856 ce_dt 5.6916 ce_cpu 0.0736 | acc_event 0.941 acc_dt 0.008 acc_cpu 0.971
step 002750 | loss 0.4357 | ce_event 0.2301 ce_dt 5.6716 ce_cpu 0.1028 | acc_event 0.926 acc_dt 0.011 acc_cpu 0.958
step 002800 | loss 0.3165 | ce_event 0.1758 ce_dt 5.7086 ce_cpu 0.0703 | acc_event 0.948 acc_dt 0.005 acc_cpu 0.972
step 002850 | loss 0.3297 | ce_event 0.1804 ce_dt 5.7018 ce_cpu 0.0746 | acc_event 0.946 acc_dt 0.007 acc_cpu 0.970
step 002900 | loss 0.3530 | ce_event 0.2037 ce_dt 5.6986 ce_cpu 0.0747 | acc_event 0.935 acc_dt 0.009 acc_cpu 0.969
step 002950 | loss 0.3639 | ce_event 0.1894 ce_dt 5.7037 ce_cpu 0.0872 | acc_event 0.939 acc_dt 0.005 acc_cpu 0.967
step 003000 | loss 0.3064 | ce_event 0.1813 ce_dt 5.7166 ce_cpu 0.0625 | acc_event 0.944 acc_dt 0.009 acc_cpu 0.976
step 003050 | loss 0.3080 | ce_event 0.1600 ce_dt 5.7135 ce_cpu 0.0740 | acc_event 0.948 acc_dt 0.008 acc_cpu 0.970
step 003100 | loss 0.3332 | ce_event 0.1740 ce_dt 5.7040 ce_cpu 0.0796 | acc_event 0.944 acc_dt 0.006 acc_cpu 0.968
step 003150 | loss 0.3745 | ce_event 0.1937 ce_dt 5.7065 ce_cpu 0.0904 | acc_event 0.938 acc_dt 0.006 acc_cpu 0.964
step 003200 | loss 0.2914 | ce_event 0.1566 ce_dt 5.7105 ce_cpu 0.0674 | acc_event 0.950 acc_dt 0.008 acc_cpu 0.973
step 003250 | loss 0.3777 | ce_event 0.2293 ce_dt 5.7127 ce_cpu 0.0742 | acc_event 0.935 acc_dt 0.009 acc_cpu 0.971
step 003300 | loss 0.2234 | ce_event 0.1257 ce_dt 5.7074 ce_cpu 0.0488 | acc_event 0.958 acc_dt 0.011 acc_cpu 0.979
step 003350 | loss 0.3596 | ce_event 0.1814 ce_dt 5.7348 ce_cpu 0.0891 | acc_event 0.941 acc_dt 0.004 acc_cpu 0.964
step 003400 | loss 0.2167 | ce_event 0.1270 ce_dt 5.7259 ce_cpu 0.0448 | acc_event 0.958 acc_dt 0.005 acc_cpu 0.982
step 003450 | loss 0.2564 | ce_event 0.1575 ce_dt 5.7328 ce_cpu 0.0494 | acc_event 0.950 acc_dt 0.008 acc_cpu 0.982
step 003500 | loss 0.3511 | ce_event 0.1769 ce_dt 5.7240 ce_cpu 0.0871 | acc_event 0.944 acc_dt 0.004 acc_cpu 0.966
step 003550 | loss 0.3190 | ce_event 0.1693 ce_dt 5.7036 ce_cpu 0.0748 | acc_event 0.948 acc_dt 0.008 acc_cpu 0.971
step 003600 | loss 0.3638 | ce_event 0.2247 ce_dt 5.6992 ce_cpu 0.0696 | acc_event 0.934 acc_dt 0.007 acc_cpu 0.974
step 003650 | loss 0.2697 | ce_event 0.1440 ce_dt 5.7170 ce_cpu 0.0629 | acc_event 0.954 acc_dt 0.004 acc_cpu 0.976
step 003700 | loss 0.4052 | ce_event 0.2009 ce_dt 5.7057 ce_cpu 0.1021 | acc_event 0.937 acc_dt 0.005 acc_cpu 0.958
step 003750 | loss 0.3369 | ce_event 0.1691 ce_dt 5.7208 ce_cpu 0.0839 | acc_event 0.945 acc_dt 0.005 acc_cpu 0.967
step 003800 | loss 0.3228 | ce_event 0.1758 ce_dt 5.7149 ce_cpu 0.0735 | acc_event 0.946 acc_dt 0.005 acc_cpu 0.972
step 003850 | loss 0.3617 | ce_event 0.1938 ce_dt 5.6946 ce_cpu 0.0840 | acc_event 0.941 acc_dt 0.005 acc_cpu 0.968
step 003900 | loss 0.3095 | ce_event 0.1687 ce_dt 5.6758 ce_cpu 0.0704 | acc_event 0.949 acc_dt 0.006 acc_cpu 0.973
step 003950 | loss 0.2979 | ce_event 0.1538 ce_dt 5.7107 ce_cpu 0.0721 | acc_event 0.951 acc_dt 0.005 acc_cpu 0.974
step 004000 | loss 0.3565 | ce_event 0.1848 ce_dt 5.7115 ce_cpu 0.0858 | acc_event 0.941 acc_dt 0.008 acc_cpu 0.965
[VAL] step 004000 | avg_nll_per_token 0.858590
[BEST] /project/def-naser2/yuvraj/SyntheticLogGeneration/outputs/art_outputs/art-wdt0/checkpoints_ar/compress-gzip/best_step_004000.pt (val_nll=0.858590)
[SAVE] /project/def-naser2/yuvraj/SyntheticLogGeneration/outputs/art_outputs/art-wdt0/checkpoints_ar/compress-gzip/step_004000.pt
step 004050 | loss 0.2953 | ce_event 0.1535 ce_dt 5.6886 ce_cpu 0.0709 | acc_event 0.954 acc_dt 0.005 acc_cpu 0.971
step 004100 | loss 0.4014 | ce_event 0.2214 ce_dt 5.7330 ce_cpu 0.0900 | acc_event 0.932 acc_dt 0.004 acc_cpu 0.963
step 004150 | loss 0.2335 | ce_event 0.1247 ce_dt 5.7291 ce_cpu 0.0544 | acc_event 0.959 acc_dt 0.008 acc_cpu 0.978
step 004200 | loss 0.2710 | ce_event 0.1450 ce_dt 5.7176 ce_cpu 0.0630 | acc_event 0.954 acc_dt 0.008 acc_cpu 0.975
step 004250 | loss 0.2695 | ce_event 0.1534 ce_dt 5.7404 ce_cpu 0.0581 | acc_event 0.949 acc_dt 0.005 acc_cpu 0.977
step 004300 | loss 0.1954 | ce_event 0.1146 ce_dt 5.7137 ce_cpu 0.0404 | acc_event 0.962 acc_dt 0.008 acc_cpu 0.985
step 004350 | loss 0.2982 | ce_event 0.1662 ce_dt 5.6950 ce_cpu 0.0660 | acc_event 0.948 acc_dt 0.005 acc_cpu 0.974
step 004400 | loss 0.3075 | ce_event 0.1640 ce_dt 5.6915 ce_cpu 0.0718 | acc_event 0.948 acc_dt 0.008 acc_cpu 0.972
step 004450 | loss 0.1527 | ce_event 0.0897 ce_dt 5.7000 ce_cpu 0.0315 | acc_event 0.970 acc_dt 0.006 acc_cpu 0.988
step 004500 | loss 0.3651 | ce_event 0.1849 ce_dt 5.7088 ce_cpu 0.0901 | acc_event 0.940 acc_dt 0.004 acc_cpu 0.962
step 004550 | loss 0.3590 | ce_event 0.1728 ce_dt 5.7185 ce_cpu 0.0931 | acc_event 0.945 acc_dt 0.005 acc_cpu 0.963
step 004600 | loss 0.2725 | ce_event 0.1440 ce_dt 5.6977 ce_cpu 0.0643 | acc_event 0.953 acc_dt 0.010 acc_cpu 0.975
step 004650 | loss 0.3079 | ce_event 0.1555 ce_dt 5.6986 ce_cpu 0.0762 | acc_event 0.951 acc_dt 0.009 acc_cpu 0.970
step 004700 | loss 0.3601 | ce_event 0.1779 ce_dt 5.7210 ce_cpu 0.0911 | acc_event 0.943 acc_dt 0.005 acc_cpu 0.965
step 004750 | loss 0.3083 | ce_event 0.1612 ce_dt 5.7009 ce_cpu 0.0735 | acc_event 0.949 acc_dt 0.004 acc_cpu 0.971
step 004800 | loss 0.2177 | ce_event 0.1154 ce_dt 5.7306 ce_cpu 0.0511 | acc_event 0.961 acc_dt 0.006 acc_cpu 0.981
step 004850 | loss 0.2647 | ce_event 0.1381 ce_dt 5.7190 ce_cpu 0.0633 | acc_event 0.955 acc_dt 0.009 acc_cpu 0.976
step 004900 | loss 0.3744 | ce_event 0.1921 ce_dt 5.7280 ce_cpu 0.0912 | acc_event 0.940 acc_dt 0.004 acc_cpu 0.963
step 004950 | loss 0.2402 | ce_event 0.1413 ce_dt 5.7415 ce_cpu 0.0494 | acc_event 0.954 acc_dt 0.003 acc_cpu 0.980
step 005000 | loss 0.2956 | ce_event 0.1583 ce_dt 5.7473 ce_cpu 0.0686 | acc_event 0.949 acc_dt 0.003 acc_cpu 0.971
step 005050 | loss 0.3135 | ce_event 0.1620 ce_dt 5.7295 ce_cpu 0.0757 | acc_event 0.951 acc_dt 0.005 acc_cpu 0.972
step 005100 | loss 0.2247 | ce_event 0.1221 ce_dt 5.6667 ce_cpu 0.0513 | acc_event 0.961 acc_dt 0.008 acc_cpu 0.980
step 005150 | loss 0.2677 | ce_event 0.1364 ce_dt 5.6865 ce_cpu 0.0657 | acc_event 0.954 acc_dt 0.007 acc_cpu 0.975
step 005200 | loss 0.3368 | ce_event 0.1673 ce_dt 5.6576 ce_cpu 0.0848 | acc_event 0.949 acc_dt 0.014 acc_cpu 0.965
step 005250 | loss 0.2887 | ce_event 0.1550 ce_dt 5.7202 ce_cpu 0.0669 | acc_event 0.954 acc_dt 0.006 acc_cpu 0.974
step 005300 | loss 0.2953 | ce_event 0.1539 ce_dt 5.7376 ce_cpu 0.0707 | acc_event 0.950 acc_dt 0.003 acc_cpu 0.972
step 005350 | loss 0.2734 | ce_event 0.1462 ce_dt 5.7195 ce_cpu 0.0636 | acc_event 0.954 acc_dt 0.009 acc_cpu 0.976
step 005400 | loss 0.3969 | ce_event 0.2057 ce_dt 5.7040 ce_cpu 0.0956 | acc_event 0.937 acc_dt 0.007 acc_cpu 0.961
step 005450 | loss 0.2377 | ce_event 0.1171 ce_dt 5.6853 ce_cpu 0.0603 | acc_event 0.961 acc_dt 0.005 acc_cpu 0.975
step 005500 | loss 0.2491 | ce_event 0.1319 ce_dt 5.6875 ce_cpu 0.0586 | acc_event 0.958 acc_dt 0.007 acc_cpu 0.977
step 005550 | loss 0.2344 | ce_event 0.1235 ce_dt 5.7224 ce_cpu 0.0554 | acc_event 0.962 acc_dt 0.004 acc_cpu 0.978
step 005600 | loss 0.2452 | ce_event 0.1316 ce_dt 5.7062 ce_cpu 0.0568 | acc_event 0.957 acc_dt 0.005 acc_cpu 0.976
step 005650 | loss 0.3187 | ce_event 0.1794 ce_dt 5.6862 ce_cpu 0.0697 | acc_event 0.946 acc_dt 0.003 acc_cpu 0.974
step 005700 | loss 0.2811 | ce_event 0.1343 ce_dt 5.6682 ce_cpu 0.0734 | acc_event 0.954 acc_dt 0.009 acc_cpu 0.971
step 005750 | loss 0.2977 | ce_event 0.1484 ce_dt 5.6817 ce_cpu 0.0746 | acc_event 0.951 acc_dt 0.007 acc_cpu 0.970
step 005800 | loss 0.3243 | ce_event 0.1734 ce_dt 5.7171 ce_cpu 0.0754 | acc_event 0.947 acc_dt 0.006 acc_cpu 0.972
step 005850 | loss 0.3154 | ce_event 0.1761 ce_dt 5.7140 ce_cpu 0.0697 | acc_event 0.944 acc_dt 0.005 acc_cpu 0.972
step 005900 | loss 0.3047 | ce_event 0.1512 ce_dt 5.7012 ce_cpu 0.0767 | acc_event 0.950 acc_dt 0.008 acc_cpu 0.968
step 005950 | loss 0.2559 | ce_event 0.1337 ce_dt 5.6748 ce_cpu 0.0611 | acc_event 0.957 acc_dt 0.010 acc_cpu 0.976
step 006000 | loss 0.2496 | ce_event 0.1291 ce_dt 5.7105 ce_cpu 0.0603 | acc_event 0.959 acc_dt 0.005 acc_cpu 0.976
[VAL] step 006000 | avg_nll_per_token 0.738647
[BEST] /project/def-naser2/yuvraj/SyntheticLogGeneration/outputs/art_outputs/art-wdt0/checkpoints_ar/compress-gzip/best_step_006000.pt (val_nll=0.738647)
[SAVE] /project/def-naser2/yuvraj/SyntheticLogGeneration/outputs/art_outputs/art-wdt0/checkpoints_ar/compress-gzip/step_006000.pt
step 006050 | loss 0.2679 | ce_event 0.1368 ce_dt 5.7416 ce_cpu 0.0655 | acc_event 0.955 acc_dt 0.005 acc_cpu 0.974
step 006100 | loss 0.2637 | ce_event 0.1368 ce_dt 5.7324 ce_cpu 0.0635 | acc_event 0.955 acc_dt 0.004 acc_cpu 0.974
step 006150 | loss 0.3665 | ce_event 0.2014 ce_dt 5.7034 ce_cpu 0.0825 | acc_event 0.942 acc_dt 0.006 acc_cpu 0.966
step 006200 | loss 0.2518 | ce_event 0.1301 ce_dt 5.7303 ce_cpu 0.0608 | acc_event 0.957 acc_dt 0.004 acc_cpu 0.976
step 006250 | loss 0.2893 | ce_event 0.1581 ce_dt 5.6910 ce_cpu 0.0656 | acc_event 0.952 acc_dt 0.009 acc_cpu 0.974
step 006300 | loss 0.2334 | ce_event 0.1168 ce_dt 5.6653 ce_cpu 0.0583 | acc_event 0.963 acc_dt 0.006 acc_cpu 0.978
step 006350 | loss 0.2639 | ce_event 0.1350 ce_dt 5.7053 ce_cpu 0.0645 | acc_event 0.958 acc_dt 0.006 acc_cpu 0.974
step 006400 | loss 0.2607 | ce_event 0.1403 ce_dt 5.6974 ce_cpu 0.0602 | acc_event 0.956 acc_dt 0.009 acc_cpu 0.977
step 006450 | loss 0.3318 | ce_event 0.1713 ce_dt 5.6808 ce_cpu 0.0803 | acc_event 0.947 acc_dt 0.007 acc_cpu 0.969
step 006500 | loss 0.1947 | ce_event 0.1024 ce_dt 5.7097 ce_cpu 0.0462 | acc_event 0.966 acc_dt 0.009 acc_cpu 0.982
step 006550 | loss 0.1986 | ce_event 0.1127 ce_dt 5.7020 ce_cpu 0.0430 | acc_event 0.966 acc_dt 0.009 acc_cpu 0.984
step 006600 | loss 0.3649 | ce_event 0.1802 ce_dt 5.7038 ce_cpu 0.0923 | acc_event 0.943 acc_dt 0.007 acc_cpu 0.964
step 006650 | loss 0.2469 | ce_event 0.1357 ce_dt 5.7312 ce_cpu 0.0556 | acc_event 0.958 acc_dt 0.012 acc_cpu 0.980
step 006700 | loss 0.3505 | ce_event 0.1795 ce_dt 5.7190 ce_cpu 0.0855 | acc_event 0.944 acc_dt 0.004 acc_cpu 0.966
step 006750 | loss 0.2434 | ce_event 0.1354 ce_dt 5.7082 ce_cpu 0.0540 | acc_event 0.954 acc_dt 0.009 acc_cpu 0.979
step 006800 | loss 0.1985 | ce_event 0.1061 ce_dt 5.7003 ce_cpu 0.0462 | acc_event 0.966 acc_dt 0.010 acc_cpu 0.982
step 006850 | loss 0.2889 | ce_event 0.1439 ce_dt 5.6881 ce_cpu 0.0725 | acc_event 0.950 acc_dt 0.008 acc_cpu 0.971
step 006900 | loss 0.2224 | ce_event 0.1264 ce_dt 5.7107 ce_cpu 0.0480 | acc_event 0.958 acc_dt 0.007 acc_cpu 0.981
step 006950 | loss 0.3711 | ce_event 0.1826 ce_dt 5.7275 ce_cpu 0.0942 | acc_event 0.940 acc_dt 0.004 acc_cpu 0.961
step 007000 | loss 0.1958 | ce_event 0.1021 ce_dt 5.7083 ce_cpu 0.0469 | acc_event 0.964 acc_dt 0.009 acc_cpu 0.982
step 007050 | loss 0.2578 | ce_event 0.1279 ce_dt 5.7220 ce_cpu 0.0649 | acc_event 0.959 acc_dt 0.006 acc_cpu 0.977
step 007100 | loss 0.2039 | ce_event 0.1084 ce_dt 5.7010 ce_cpu 0.0477 | acc_event 0.966 acc_dt 0.005 acc_cpu 0.981
step 007150 | loss 0.2262 | ce_event 0.1146 ce_dt 5.6975 ce_cpu 0.0558 | acc_event 0.962 acc_dt 0.008 acc_cpu 0.978
step 007200 | loss 0.2472 | ce_event 0.1263 ce_dt 5.7229 ce_cpu 0.0605 | acc_event 0.961 acc_dt 0.007 acc_cpu 0.976
step 007250 | loss 0.1864 | ce_event 0.1008 ce_dt 5.7407 ce_cpu 0.0428 | acc_event 0.966 acc_dt 0.005 acc_cpu 0.982
step 007300 | loss 0.2556 | ce_event 0.1326 ce_dt 5.7457 ce_cpu 0.0615 | acc_event 0.958 acc_dt 0.005 acc_cpu 0.976
step 007350 | loss 0.3413 | ce_event 0.1819 ce_dt 5.7190 ce_cpu 0.0797 | acc_event 0.945 acc_dt 0.005 acc_cpu 0.967
step 007400 | loss 0.2424 | ce_event 0.1291 ce_dt 5.7623 ce_cpu 0.0566 | acc_event 0.958 acc_dt 0.006 acc_cpu 0.977
step 007450 | loss 0.2554 | ce_event 0.1393 ce_dt 5.7110 ce_cpu 0.0580 | acc_event 0.956 acc_dt 0.004 acc_cpu 0.978
step 007500 | loss 0.2010 | ce_event 0.1190 ce_dt 5.7195 ce_cpu 0.0410 | acc_event 0.964 acc_dt 0.006 acc_cpu 0.984
step 007550 | loss 0.2318 | ce_event 0.1190 ce_dt 5.7206 ce_cpu 0.0564 | acc_event 0.960 acc_dt 0.005 acc_cpu 0.978
step 007600 | loss 0.2931 | ce_event 0.1577 ce_dt 5.7343 ce_cpu 0.0677 | acc_event 0.948 acc_dt 0.005 acc_cpu 0.973
step 007650 | loss 0.3923 | ce_event 0.2111 ce_dt 5.7404 ce_cpu 0.0906 | acc_event 0.935 acc_dt 0.006 acc_cpu 0.962
step 007700 | loss 0.2125 | ce_event 0.1194 ce_dt 5.7191 ce_cpu 0.0465 | acc_event 0.961 acc_dt 0.006 acc_cpu 0.982
step 007750 | loss 0.2459 | ce_event 0.1232 ce_dt 5.7249 ce_cpu 0.0613 | acc_event 0.958 acc_dt 0.007 acc_cpu 0.977
step 007800 | loss 0.2416 | ce_event 0.1274 ce_dt 5.7490 ce_cpu 0.0571 | acc_event 0.959 acc_dt 0.007 acc_cpu 0.976
step 007850 | loss 0.2748 | ce_event 0.1339 ce_dt 5.7115 ce_cpu 0.0704 | acc_event 0.955 acc_dt 0.007 acc_cpu 0.972
step 007900 | loss 0.1603 | ce_event 0.0850 ce_dt 5.7448 ce_cpu 0.0377 | acc_event 0.973 acc_dt 0.005 acc_cpu 0.987
step 007950 | loss 0.3196 | ce_event 0.1604 ce_dt 5.7626 ce_cpu 0.0796 | acc_event 0.946 acc_dt 0.005 acc_cpu 0.968
step 008000 | loss 0.2640 | ce_event 0.1334 ce_dt 5.7586 ce_cpu 0.0653 | acc_event 0.957 acc_dt 0.005 acc_cpu 0.974
[VAL] step 008000 | avg_nll_per_token 0.652448
[BEST] /project/def-naser2/yuvraj/SyntheticLogGeneration/outputs/art_outputs/art-wdt0/checkpoints_ar/compress-gzip/best_step_008000.pt (val_nll=0.652448)
[SAVE] /project/def-naser2/yuvraj/SyntheticLogGeneration/outputs/art_outputs/art-wdt0/checkpoints_ar/compress-gzip/step_008000.pt
step 008050 | loss 0.2706 | ce_event 0.1444 ce_dt 5.7658 ce_cpu 0.0631 | acc_event 0.954 acc_dt 0.003 acc_cpu 0.975
step 008100 | loss 0.2857 | ce_event 0.1503 ce_dt 5.7177 ce_cpu 0.0677 | acc_event 0.951 acc_dt 0.009 acc_cpu 0.972
step 008150 | loss 0.2436 | ce_event 0.1287 ce_dt 5.7463 ce_cpu 0.0575 | acc_event 0.957 acc_dt 0.005 acc_cpu 0.977
step 008200 | loss 0.3561 | ce_event 0.1765 ce_dt 5.7392 ce_cpu 0.0898 | acc_event 0.944 acc_dt 0.008 acc_cpu 0.965
step 008250 | loss 0.2995 | ce_event 0.1558 ce_dt 5.7254 ce_cpu 0.0719 | acc_event 0.952 acc_dt 0.012 acc_cpu 0.970
step 008300 | loss 0.3031 | ce_event 0.1516 ce_dt 5.7499 ce_cpu 0.0758 | acc_event 0.952 acc_dt 0.006 acc_cpu 0.969
step 008350 | loss 0.2404 | ce_event 0.1259 ce_dt 5.7413 ce_cpu 0.0572 | acc_event 0.960 acc_dt 0.004 acc_cpu 0.979
step 008400 | loss 0.2551 | ce_event 0.1444 ce_dt 5.7191 ce_cpu 0.0554 | acc_event 0.954 acc_dt 0.004 acc_cpu 0.979
step 008450 | loss 0.2156 | ce_event 0.1149 ce_dt 5.7148 ce_cpu 0.0503 | acc_event 0.961 acc_dt 0.006 acc_cpu 0.978
step 008500 | loss 0.3182 | ce_event 0.1638 ce_dt 5.7352 ce_cpu 0.0772 | acc_event 0.946 acc_dt 0.008 acc_cpu 0.969
step 008550 | loss 0.3533 | ce_event 0.1841 ce_dt 5.7511 ce_cpu 0.0846 | acc_event 0.939 acc_dt 0.006 acc_cpu 0.966
step 008600 | loss 0.3422 | ce_event 0.1759 ce_dt 5.7384 ce_cpu 0.0832 | acc_event 0.947 acc_dt 0.004 acc_cpu 0.966
step 008650 | loss 0.2820 | ce_event 0.1357 ce_dt 5.7383 ce_cpu 0.0732 | acc_event 0.954 acc_dt 0.007 acc_cpu 0.972
step 008700 | loss 0.2396 | ce_event 0.1299 ce_dt 5.7161 ce_cpu 0.0549 | acc_event 0.956 acc_dt 0.005 acc_cpu 0.978
step 008750 | loss 0.1816 | ce_event 0.0894 ce_dt 5.7121 ce_cpu 0.0461 | acc_event 0.969 acc_dt 0.005 acc_cpu 0.981
step 008800 | loss 0.2634 | ce_event 0.1378 ce_dt 5.7527 ce_cpu 0.0628 | acc_event 0.953 acc_dt 0.005 acc_cpu 0.975
step 008850 | loss 0.3257 | ce_event 0.1671 ce_dt 5.7338 ce_cpu 0.0793 | acc_event 0.944 acc_dt 0.008 acc_cpu 0.967
step 008900 | loss 0.1788 | ce_event 0.0957 ce_dt 5.7287 ce_cpu 0.0416 | acc_event 0.967 acc_dt 0.007 acc_cpu 0.984
step 008950 | loss 0.1922 | ce_event 0.1172 ce_dt 5.7207 ce_cpu 0.0375 | acc_event 0.960 acc_dt 0.006 acc_cpu 0.986
step 009000 | loss 0.2683 | ce_event 0.1386 ce_dt 5.7526 ce_cpu 0.0648 | acc_event 0.954 acc_dt 0.006 acc_cpu 0.973
step 009050 | loss 0.2278 | ce_event 0.1285 ce_dt 5.7112 ce_cpu 0.0497 | acc_event 0.960 acc_dt 0.009 acc_cpu 0.980
step 009100 | loss 0.2249 | ce_event 0.1191 ce_dt 5.7369 ce_cpu 0.0529 | acc_event 0.960 acc_dt 0.008 acc_cpu 0.980
step 009150 | loss 0.2151 | ce_event 0.1196 ce_dt 5.7280 ce_cpu 0.0477 | acc_event 0.963 acc_dt 0.007 acc_cpu 0.984
step 009200 | loss 0.2058 | ce_event 0.1059 ce_dt 5.7183 ce_cpu 0.0500 | acc_event 0.965 acc_dt 0.007 acc_cpu 0.981
step 009250 | loss 0.3346 | ce_event 0.1785 ce_dt 5.7270 ce_cpu 0.0781 | acc_event 0.947 acc_dt 0.007 acc_cpu 0.970
step 009300 | loss 0.2319 | ce_event 0.1239 ce_dt 5.6938 ce_cpu 0.0540 | acc_event 0.958 acc_dt 0.005 acc_cpu 0.979
step 009350 | loss 0.2642 | ce_event 0.1343 ce_dt 5.7225 ce_cpu 0.0649 | acc_event 0.958 acc_dt 0.005 acc_cpu 0.976
step 009400 | loss 0.2809 | ce_event 0.1501 ce_dt 5.7293 ce_cpu 0.0654 | acc_event 0.950 acc_dt 0.004 acc_cpu 0.976
step 009450 | loss 0.2294 | ce_event 0.1299 ce_dt 5.7324 ce_cpu 0.0497 | acc_event 0.957 acc_dt 0.007 acc_cpu 0.982
step 009500 | loss 0.1984 | ce_event 0.1154 ce_dt 5.7237 ce_cpu 0.0415 | acc_event 0.963 acc_dt 0.005 acc_cpu 0.984
step 009550 | loss 0.4411 | ce_event 0.2239 ce_dt 5.7395 ce_cpu 0.1086 | acc_event 0.930 acc_dt 0.005 acc_cpu 0.957
step 009600 | loss 0.3363 | ce_event 0.1643 ce_dt 5.7235 ce_cpu 0.0860 | acc_event 0.947 acc_dt 0.006 acc_cpu 0.965
step 009650 | loss 0.2541 | ce_event 0.1353 ce_dt 5.7510 ce_cpu 0.0594 | acc_event 0.957 acc_dt 0.007 acc_cpu 0.975
step 009700 | loss 0.3012 | ce_event 0.1452 ce_dt 5.7096 ce_cpu 0.0780 | acc_event 0.954 acc_dt 0.005 acc_cpu 0.970
step 009750 | loss 0.1698 | ce_event 0.0965 ce_dt 5.7266 ce_cpu 0.0366 | acc_event 0.968 acc_dt 0.005 acc_cpu 0.987
step 009800 | loss 0.2450 | ce_event 0.1248 ce_dt 5.6888 ce_cpu 0.0601 | acc_event 0.957 acc_dt 0.006 acc_cpu 0.977
step 009850 | loss 0.2223 | ce_event 0.1217 ce_dt 5.7110 ce_cpu 0.0503 | acc_event 0.960 acc_dt 0.006 acc_cpu 0.978
step 009900 | loss 0.3123 | ce_event 0.1621 ce_dt 5.7382 ce_cpu 0.0751 | acc_event 0.948 acc_dt 0.005 acc_cpu 0.971
step 009950 | loss 0.2589 | ce_event 0.1303 ce_dt 5.7126 ce_cpu 0.0643 | acc_event 0.957 acc_dt 0.006 acc_cpu 0.975
step 010000 | loss 0.2135 | ce_event 0.1142 ce_dt 5.7068 ce_cpu 0.0497 | acc_event 0.964 acc_dt 0.007 acc_cpu 0.981
[VAL] step 010000 | avg_nll_per_token 0.596194
[BEST] /project/def-naser2/yuvraj/SyntheticLogGeneration/outputs/art_outputs/art-wdt0/checkpoints_ar/compress-gzip/best_step_010000.pt (val_nll=0.596194)
[SAVE] /project/def-naser2/yuvraj/SyntheticLogGeneration/outputs/art_outputs/art-wdt0/checkpoints_ar/compress-gzip/step_010000.pt
step 010050 | loss 0.3150 | ce_event 0.1604 ce_dt 5.7849 ce_cpu 0.0773 | acc_event 0.953 acc_dt 0.005 acc_cpu 0.970
step 010100 | loss 0.1883 | ce_event 0.1099 ce_dt 5.7178 ce_cpu 0.0392 | acc_event 0.963 acc_dt 0.009 acc_cpu 0.984
step 010150 | loss 0.2815 | ce_event 0.1490 ce_dt 5.7346 ce_cpu 0.0662 | acc_event 0.952 acc_dt 0.006 acc_cpu 0.973
step 010200 | loss 0.2732 | ce_event 0.1426 ce_dt 5.7159 ce_cpu 0.0653 | acc_event 0.954 acc_dt 0.005 acc_cpu 0.976
step 010250 | loss 0.2752 | ce_event 0.1493 ce_dt 5.7718 ce_cpu 0.0629 | acc_event 0.954 acc_dt 0.005 acc_cpu 0.975
step 010300 | loss 0.1787 | ce_event 0.0902 ce_dt 5.7397 ce_cpu 0.0442 | acc_event 0.968 acc_dt 0.010 acc_cpu 0.983
step 010350 | loss 0.3031 | ce_event 0.1513 ce_dt 5.7383 ce_cpu 0.0759 | acc_event 0.951 acc_dt 0.007 acc_cpu 0.969
step 010400 | loss 0.2187 | ce_event 0.1103 ce_dt 5.7749 ce_cpu 0.0542 | acc_event 0.963 acc_dt 0.004 acc_cpu 0.978
step 010450 | loss 0.1989 | ce_event 0.1154 ce_dt 5.7391 ce_cpu 0.0417 | acc_event 0.961 acc_dt 0.004 acc_cpu 0.984
step 010500 | loss 0.2766 | ce_event 0.1335 ce_dt 5.7214 ce_cpu 0.0715 | acc_event 0.956 acc_dt 0.007 acc_cpu 0.972
step 010550 | loss 0.3458 | ce_event 0.1786 ce_dt 5.7157 ce_cpu 0.0836 | acc_event 0.946 acc_dt 0.005 acc_cpu 0.966
step 010600 | loss 0.2599 | ce_event 0.1392 ce_dt 5.7408 ce_cpu 0.0604 | acc_event 0.954 acc_dt 0.005 acc_cpu 0.977
step 010650 | loss 0.2424 | ce_event 0.1246 ce_dt 5.7422 ce_cpu 0.0589 | acc_event 0.960 acc_dt 0.006 acc_cpu 0.977
step 010700 | loss 0.2025 | ce_event 0.1029 ce_dt 5.7499 ce_cpu 0.0498 | acc_event 0.965 acc_dt 0.006 acc_cpu 0.981
step 010750 | loss 0.2634 | ce_event 0.1402 ce_dt 5.7511 ce_cpu 0.0616 | acc_event 0.956 acc_dt 0.005 acc_cpu 0.976
step 010800 | loss 0.2050 | ce_event 0.0989 ce_dt 5.7313 ce_cpu 0.0531 | acc_event 0.966 acc_dt 0.006 acc_cpu 0.978
step 010850 | loss 0.2275 | ce_event 0.1199 ce_dt 5.7445 ce_cpu 0.0538 | acc_event 0.961 acc_dt 0.007 acc_cpu 0.977
step 010900 | loss 0.3676 | ce_event 0.1689 ce_dt 5.7499 ce_cpu 0.0993 | acc_event 0.942 acc_dt 0.004 acc_cpu 0.960
step 010950 | loss 0.1860 | ce_event 0.1002 ce_dt 5.7729 ce_cpu 0.0429 | acc_event 0.967 acc_dt 0.006 acc_cpu 0.982
step 011000 | loss 0.3618 | ce_event 0.1758 ce_dt 5.7421 ce_cpu 0.0930 | acc_event 0.939 acc_dt 0.005 acc_cpu 0.963
step 011050 | loss 0.2068 | ce_event 0.1050 ce_dt 5.7486 ce_cpu 0.0509 | acc_event 0.964 acc_dt 0.004 acc_cpu 0.981
step 011100 | loss 0.1543 | ce_event 0.0851 ce_dt 5.7222 ce_cpu 0.0346 | acc_event 0.972 acc_dt 0.006 acc_cpu 0.987
step 011150 | loss 0.2174 | ce_event 0.1082 ce_dt 5.7484 ce_cpu 0.0546 | acc_event 0.963 acc_dt 0.006 acc_cpu 0.978
step 011200 | loss 0.3218 | ce_event 0.1691 ce_dt 5.7564 ce_cpu 0.0764 | acc_event 0.944 acc_dt 0.006 acc_cpu 0.969
step 011250 | loss 0.3048 | ce_event 0.1463 ce_dt 5.7373 ce_cpu 0.0792 | acc_event 0.952 acc_dt 0.005 acc_cpu 0.968
step 011300 | loss 0.2759 | ce_event 0.1368 ce_dt 5.7341 ce_cpu 0.0695 | acc_event 0.955 acc_dt 0.005 acc_cpu 0.971
step 011350 | loss 0.2376 | ce_event 0.1181 ce_dt 5.7291 ce_cpu 0.0597 | acc_event 0.962 acc_dt 0.005 acc_cpu 0.976
step 011400 | loss 0.2303 | ce_event 0.1214 ce_dt 5.7353 ce_cpu 0.0544 | acc_event 0.963 acc_dt 0.003 acc_cpu 0.979
step 011450 | loss 0.2107 | ce_event 0.1053 ce_dt 5.7301 ce_cpu 0.0527 | acc_event 0.967 acc_dt 0.007 acc_cpu 0.979
step 011500 | loss 0.2520 | ce_event 0.1298 ce_dt 5.7471 ce_cpu 0.0611 | acc_event 0.956 acc_dt 0.005 acc_cpu 0.976
step 011550 | loss 0.2288 | ce_event 0.1217 ce_dt 5.7190 ce_cpu 0.0536 | acc_event 0.959 acc_dt 0.007 acc_cpu 0.979
step 011600 | loss 0.3046 | ce_event 0.1461 ce_dt 5.7535 ce_cpu 0.0793 | acc_event 0.954 acc_dt 0.006 acc_cpu 0.970
step 011650 | loss 0.1630 | ce_event 0.0902 ce_dt 5.7405 ce_cpu 0.0364 | acc_event 0.969 acc_dt 0.006 acc_cpu 0.987
step 011700 | loss 0.1815 | ce_event 0.0994 ce_dt 5.7551 ce_cpu 0.0411 | acc_event 0.967 acc_dt 0.008 acc_cpu 0.984
step 011750 | loss 0.2283 | ce_event 0.1092 ce_dt 5.7305 ce_cpu 0.0595 | acc_event 0.962 acc_dt 0.005 acc_cpu 0.977
step 011800 | loss 0.1985 | ce_event 0.0963 ce_dt 5.7464 ce_cpu 0.0511 | acc_event 0.967 acc_dt 0.004 acc_cpu 0.979
step 011850 | loss 0.2197 | ce_event 0.1190 ce_dt 5.7251 ce_cpu 0.0504 | acc_event 0.962 acc_dt 0.009 acc_cpu 0.981
step 011900 | loss 0.2377 | ce_event 0.1277 ce_dt 5.7563 ce_cpu 0.0550 | acc_event 0.957 acc_dt 0.008 acc_cpu 0.979
step 011950 | loss 0.2066 | ce_event 0.0993 ce_dt 5.7338 ce_cpu 0.0536 | acc_event 0.967 acc_dt 0.006 acc_cpu 0.979
step 012000 | loss 0.2044 | ce_event 0.1015 ce_dt 5.7207 ce_cpu 0.0514 | acc_event 0.966 acc_dt 0.006 acc_cpu 0.981
[VAL] step 012000 | avg_nll_per_token 0.574556
[BEST] /project/def-naser2/yuvraj/SyntheticLogGeneration/outputs/art_outputs/art-wdt0/checkpoints_ar/compress-gzip/best_step_012000.pt (val_nll=0.574556)
[SAVE] /project/def-naser2/yuvraj/SyntheticLogGeneration/outputs/art_outputs/art-wdt0/checkpoints_ar/compress-gzip/step_012000.pt
step 012050 | loss 0.1696 | ce_event 0.0951 ce_dt 5.7346 ce_cpu 0.0373 | acc_event 0.969 acc_dt 0.008 acc_cpu 0.986
step 012100 | loss 0.2944 | ce_event 0.1455 ce_dt 5.7263 ce_cpu 0.0744 | acc_event 0.956 acc_dt 0.006 acc_cpu 0.970
step 012150 | loss 0.3073 | ce_event 0.1452 ce_dt 5.7702 ce_cpu 0.0810 | acc_event 0.953 acc_dt 0.004 acc_cpu 0.970
step 012200 | loss 0.1743 | ce_event 0.0892 ce_dt 5.7157 ce_cpu 0.0425 | acc_event 0.970 acc_dt 0.007 acc_cpu 0.983
step 012250 | loss 0.1903 | ce_event 0.1021 ce_dt 5.7338 ce_cpu 0.0441 | acc_event 0.967 acc_dt 0.005 acc_cpu 0.983
step 012300 | loss 0.2133 | ce_event 0.1124 ce_dt 5.7807 ce_cpu 0.0505 | acc_event 0.962 acc_dt 0.004 acc_cpu 0.980
step 012350 | loss 0.2406 | ce_event 0.1230 ce_dt 5.7590 ce_cpu 0.0588 | acc_event 0.958 acc_dt 0.005 acc_cpu 0.976
step 012400 | loss 0.2755 | ce_event 0.1336 ce_dt 5.7552 ce_cpu 0.0709 | acc_event 0.957 acc_dt 0.006 acc_cpu 0.973
step 012450 | loss 0.2623 | ce_event 0.1258 ce_dt 5.7654 ce_cpu 0.0683 | acc_event 0.957 acc_dt 0.005 acc_cpu 0.972
step 012500 | loss 0.3023 | ce_event 0.1514 ce_dt 5.7389 ce_cpu 0.0754 | acc_event 0.951 acc_dt 0.005 acc_cpu 0.970
step 012550 | loss 0.2624 | ce_event 0.1256 ce_dt 5.7438 ce_cpu 0.0684 | acc_event 0.958 acc_dt 0.006 acc_cpu 0.974
step 012600 | loss 0.2770 | ce_event 0.1382 ce_dt 5.7545 ce_cpu 0.0694 | acc_event 0.953 acc_dt 0.004 acc_cpu 0.972
step 012650 | loss 0.2252 | ce_event 0.1193 ce_dt 5.7590 ce_cpu 0.0530 | acc_event 0.959 acc_dt 0.005 acc_cpu 0.980
step 012700 | loss 0.2375 | ce_event 0.1179 ce_dt 5.7514 ce_cpu 0.0598 | acc_event 0.959 acc_dt 0.005 acc_cpu 0.976
step 012750 | loss 0.2446 | ce_event 0.1217 ce_dt 5.7144 ce_cpu 0.0614 | acc_event 0.961 acc_dt 0.007 acc_cpu 0.976
step 012800 | loss 0.2654 | ce_event 0.1413 ce_dt 5.7584 ce_cpu 0.0620 | acc_event 0.954 acc_dt 0.007 acc_cpu 0.975
step 012850 | loss 0.2319 | ce_event 0.1188 ce_dt 5.7450 ce_cpu 0.0566 | acc_event 0.960 acc_dt 0.005 acc_cpu 0.978
step 012900 | loss 0.1649 | ce_event 0.0856 ce_dt 5.7559 ce_cpu 0.0397 | acc_event 0.970 acc_dt 0.003 acc_cpu 0.985
step 012950 | loss 0.2843 | ce_event 0.1390 ce_dt 5.7174 ce_cpu 0.0726 | acc_event 0.953 acc_dt 0.004 acc_cpu 0.972
step 013000 | loss 0.1847 | ce_event 0.1020 ce_dt 5.7261 ce_cpu 0.0414 | acc_event 0.966 acc_dt 0.004 acc_cpu 0.984
step 013050 | loss 0.1659 | ce_event 0.0827 ce_dt 5.7309 ce_cpu 0.0416 | acc_event 0.970 acc_dt 0.005 acc_cpu 0.983
step 013100 | loss 0.2440 | ce_event 0.1219 ce_dt 5.7119 ce_cpu 0.0610 | acc_event 0.959 acc_dt 0.006 acc_cpu 0.977
step 013150 | loss 0.2570 | ce_event 0.1267 ce_dt 5.7057 ce_cpu 0.0651 | acc_event 0.958 acc_dt 0.006 acc_cpu 0.975
step 013200 | loss 0.2553 | ce_event 0.1285 ce_dt 5.7134 ce_cpu 0.0634 | acc_event 0.957 acc_dt 0.003 acc_cpu 0.974
step 013250 | loss 0.3085 | ce_event 0.1522 ce_dt 5.6939 ce_cpu 0.0781 | acc_event 0.950 acc_dt 0.004 acc_cpu 0.969
step 013300 | loss 0.3484 | ce_event 0.1767 ce_dt 5.7201 ce_cpu 0.0859 | acc_event 0.944 acc_dt 0.003 acc_cpu 0.964
step 013350 | loss 0.2400 | ce_event 0.1425 ce_dt 5.7185 ce_cpu 0.0488 | acc_event 0.959 acc_dt 0.003 acc_cpu 0.981
step 013400 | loss 0.2226 | ce_event 0.1158 ce_dt 5.7491 ce_cpu 0.0534 | acc_event 0.962 acc_dt 0.003 acc_cpu 0.980
step 013450 | loss 0.3458 | ce_event 0.1604 ce_dt 5.7468 ce_cpu 0.0927 | acc_event 0.948 acc_dt 0.003 acc_cpu 0.963
step 013500 | loss 0.2870 | ce_event 0.1347 ce_dt 5.7257 ce_cpu 0.0761 | acc_event 0.954 acc_dt 0.004 acc_cpu 0.969
step 013550 | loss 0.2522 | ce_event 0.1281 ce_dt 5.7469 ce_cpu 0.0620 | acc_event 0.959 acc_dt 0.006 acc_cpu 0.976
step 013600 | loss 0.2520 | ce_event 0.1299 ce_dt 5.7239 ce_cpu 0.0610 | acc_event 0.958 acc_dt 0.005 acc_cpu 0.977
step 013650 | loss 0.2579 | ce_event 0.1431 ce_dt 5.7315 ce_cpu 0.0574 | acc_event 0.952 acc_dt 0.005 acc_cpu 0.978
step 013700 | loss 0.3255 | ce_event 0.1840 ce_dt 5.7591 ce_cpu 0.0708 | acc_event 0.943 acc_dt 0.003 acc_cpu 0.972
step 013750 | loss 0.1589 | ce_event 0.0835 ce_dt 5.7393 ce_cpu 0.0377 | acc_event 0.972 acc_dt 0.004 acc_cpu 0.986
step 013800 | loss 0.1970 | ce_event 0.1073 ce_dt 5.7462 ce_cpu 0.0448 | acc_event 0.967 acc_dt 0.006 acc_cpu 0.983
step 013850 | loss 0.2759 | ce_event 0.1375 ce_dt 5.7326 ce_cpu 0.0692 | acc_event 0.957 acc_dt 0.005 acc_cpu 0.973
step 013900 | loss 0.1934 | ce_event 0.0971 ce_dt 5.7252 ce_cpu 0.0481 | acc_event 0.968 acc_dt 0.005 acc_cpu 0.982
step 013950 | loss 0.1968 | ce_event 0.0995 ce_dt 5.7189 ce_cpu 0.0486 | acc_event 0.969 acc_dt 0.008 acc_cpu 0.981
step 014000 | loss 0.2348 | ce_event 0.1126 ce_dt 5.7207 ce_cpu 0.0611 | acc_event 0.963 acc_dt 0.006 acc_cpu 0.977
[VAL] step 014000 | avg_nll_per_token 0.566119
[BEST] /project/def-naser2/yuvraj/SyntheticLogGeneration/outputs/art_outputs/art-wdt0/checkpoints_ar/compress-gzip/best_step_014000.pt (val_nll=0.566119)
[SAVE] /project/def-naser2/yuvraj/SyntheticLogGeneration/outputs/art_outputs/art-wdt0/checkpoints_ar/compress-gzip/step_014000.pt
step 014050 | loss 0.1778 | ce_event 0.0903 ce_dt 5.7430 ce_cpu 0.0437 | acc_event 0.969 acc_dt 0.004 acc_cpu 0.983
step 014100 | loss 0.2133 | ce_event 0.1155 ce_dt 5.7637 ce_cpu 0.0489 | acc_event 0.962 acc_dt 0.004 acc_cpu 0.980
step 014150 | loss 0.1966 | ce_event 0.1011 ce_dt 5.7371 ce_cpu 0.0477 | acc_event 0.966 acc_dt 0.005 acc_cpu 0.981
step 014200 | loss 0.2970 | ce_event 0.1420 ce_dt 5.7290 ce_cpu 0.0775 | acc_event 0.954 acc_dt 0.005 acc_cpu 0.971
step 014250 | loss 0.1992 | ce_event 0.1101 ce_dt 5.7450 ce_cpu 0.0446 | acc_event 0.967 acc_dt 0.006 acc_cpu 0.984
step 014300 | loss 0.1634 | ce_event 0.0886 ce_dt 5.7356 ce_cpu 0.0374 | acc_event 0.970 acc_dt 0.005 acc_cpu 0.986
step 014350 | loss 0.2209 | ce_event 0.1165 ce_dt 5.7570 ce_cpu 0.0522 | acc_event 0.962 acc_dt 0.004 acc_cpu 0.979
step 014400 | loss 0.2350 | ce_event 0.1286 ce_dt 5.7556 ce_cpu 0.0532 | acc_event 0.960 acc_dt 0.005 acc_cpu 0.980
step 014450 | loss 0.2567 | ce_event 0.1214 ce_dt 5.7470 ce_cpu 0.0676 | acc_event 0.955 acc_dt 0.007 acc_cpu 0.972
step 014500 | loss 0.3080 | ce_event 0.1654 ce_dt 5.7438 ce_cpu 0.0713 | acc_event 0.943 acc_dt 0.005 acc_cpu 0.971
step 014550 | loss 0.2655 | ce_event 0.1351 ce_dt 5.7549 ce_cpu 0.0652 | acc_event 0.957 acc_dt 0.006 acc_cpu 0.973
step 014600 | loss 0.3209 | ce_event 0.1492 ce_dt 5.7715 ce_cpu 0.0858 | acc_event 0.952 acc_dt 0.007 acc_cpu 0.964
step 014650 | loss 0.1915 | ce_event 0.0986 ce_dt 5.7833 ce_cpu 0.0465 | acc_event 0.968 acc_dt 0.003 acc_cpu 0.982
step 014700 | loss 0.1791 | ce_event 0.0986 ce_dt 5.7563 ce_cpu 0.0402 | acc_event 0.967 acc_dt 0.003 acc_cpu 0.984
step 014750 | loss 0.2005 | ce_event 0.1026 ce_dt 5.7545 ce_cpu 0.0489 | acc_event 0.966 acc_dt 0.005 acc_cpu 0.980
step 014800 | loss 0.2566 | ce_event 0.1290 ce_dt 5.7694 ce_cpu 0.0638 | acc_event 0.959 acc_dt 0.006 acc_cpu 0.975
step 014850 | loss 0.2078 | ce_event 0.1134 ce_dt 5.7590 ce_cpu 0.0472 | acc_event 0.963 acc_dt 0.004 acc_cpu 0.982
step 014900 | loss 0.2332 | ce_event 0.1302 ce_dt 5.7547 ce_cpu 0.0515 | acc_event 0.959 acc_dt 0.004 acc_cpu 0.981
step 014950 | loss 0.3008 | ce_event 0.1514 ce_dt 5.7307 ce_cpu 0.0747 | acc_event 0.953 acc_dt 0.005 acc_cpu 0.969
step 015000 | loss 0.2047 | ce_event 0.1074 ce_dt 5.7691 ce_cpu 0.0487 | acc_event 0.962 acc_dt 0.004 acc_cpu 0.982
step 015050 | loss 0.2329 | ce_event 0.1204 ce_dt 5.7858 ce_cpu 0.0563 | acc_event 0.960 acc_dt 0.003 acc_cpu 0.977
step 015100 | loss 0.1902 | ce_event 0.0959 ce_dt 5.7175 ce_cpu 0.0471 | acc_event 0.968 acc_dt 0.006 acc_cpu 0.982
step 015150 | loss 0.3090 | ce_event 0.1473 ce_dt 5.7323 ce_cpu 0.0809 | acc_event 0.953 acc_dt 0.006 acc_cpu 0.967
step 015200 | loss 0.2050 | ce_event 0.1053 ce_dt 5.7282 ce_cpu 0.0499 | acc_event 0.966 acc_dt 0.005 acc_cpu 0.980
step 015250 | loss 0.2186 | ce_event 0.1134 ce_dt 5.7364 ce_cpu 0.0526 | acc_event 0.961 acc_dt 0.008 acc_cpu 0.978
step 015300 | loss 0.2166 | ce_event 0.1054 ce_dt 5.7309 ce_cpu 0.0556 | acc_event 0.965 acc_dt 0.004 acc_cpu 0.979
step 015350 | loss 0.2447 | ce_event 0.1123 ce_dt 5.7322 ce_cpu 0.0662 | acc_event 0.961 acc_dt 0.005 acc_cpu 0.973
step 015400 | loss 0.3099 | ce_event 0.1550 ce_dt 5.7796 ce_cpu 0.0774 | acc_event 0.951 acc_dt 0.003 acc_cpu 0.970
step 015450 | loss 0.2858 | ce_event 0.1360 ce_dt 5.7508 ce_cpu 0.0749 | acc_event 0.953 acc_dt 0.004 acc_cpu 0.970
step 015500 | loss 0.2864 | ce_event 0.1410 ce_dt 5.7429 ce_cpu 0.0727 | acc_event 0.951 acc_dt 0.005 acc_cpu 0.970
step 015550 | loss 0.2569 | ce_event 0.1443 ce_dt 5.7824 ce_cpu 0.0563 | acc_event 0.953 acc_dt 0.003 acc_cpu 0.977
step 015600 | loss 0.3056 | ce_event 0.1459 ce_dt 5.7545 ce_cpu 0.0798 | acc_event 0.953 acc_dt 0.004 acc_cpu 0.969
step 015650 | loss 0.2527 | ce_event 0.1280 ce_dt 5.7429 ce_cpu 0.0624 | acc_event 0.961 acc_dt 0.003 acc_cpu 0.977
step 015700 | loss 0.2583 | ce_event 0.1254 ce_dt 5.7372 ce_cpu 0.0665 | acc_event 0.957 acc_dt 0.005 acc_cpu 0.974
step 015750 | loss 0.1970 | ce_event 0.1047 ce_dt 5.7361 ce_cpu 0.0461 | acc_event 0.966 acc_dt 0.005 acc_cpu 0.983
step 015800 | loss 0.2310 | ce_event 0.1181 ce_dt 5.7174 ce_cpu 0.0564 | acc_event 0.962 acc_dt 0.006 acc_cpu 0.979
step 015850 | loss 0.2532 | ce_event 0.1240 ce_dt 5.7180 ce_cpu 0.0646 | acc_event 0.961 acc_dt 0.007 acc_cpu 0.976
step 015900 | loss 0.1700 | ce_event 0.0883 ce_dt 5.7626 ce_cpu 0.0409 | acc_event 0.971 acc_dt 0.004 acc_cpu 0.985
step 015950 | loss 0.1849 | ce_event 0.0979 ce_dt 5.7513 ce_cpu 0.0435 | acc_event 0.967 acc_dt 0.003 acc_cpu 0.983
step 016000 | loss 0.2770 | ce_event 0.1373 ce_dt 5.7319 ce_cpu 0.0699 | acc_event 0.954 acc_dt 0.005 acc_cpu 0.971
[VAL] step 016000 | avg_nll_per_token 0.545547
[BEST] /project/def-naser2/yuvraj/SyntheticLogGeneration/outputs/art_outputs/art-wdt0/checkpoints_ar/compress-gzip/best_step_016000.pt (val_nll=0.545547)
[SAVE] /project/def-naser2/yuvraj/SyntheticLogGeneration/outputs/art_outputs/art-wdt0/checkpoints_ar/compress-gzip/step_016000.pt
step 016050 | loss 0.2776 | ce_event 0.1406 ce_dt 5.7488 ce_cpu 0.0685 | acc_event 0.953 acc_dt 0.006 acc_cpu 0.974
step 016100 | loss 0.1788 | ce_event 0.1020 ce_dt 5.7504 ce_cpu 0.0384 | acc_event 0.965 acc_dt 0.006 acc_cpu 0.985
step 016150 | loss 0.2753 | ce_event 0.1410 ce_dt 5.7670 ce_cpu 0.0672 | acc_event 0.954 acc_dt 0.005 acc_cpu 0.974
step 016200 | loss 0.2916 | ce_event 0.1456 ce_dt 5.7481 ce_cpu 0.0730 | acc_event 0.955 acc_dt 0.004 acc_cpu 0.972
step 016250 | loss 0.2728 | ce_event 0.1498 ce_dt 5.7585 ce_cpu 0.0615 | acc_event 0.952 acc_dt 0.004 acc_cpu 0.977
step 016300 | loss 0.2464 | ce_event 0.1212 ce_dt 5.7591 ce_cpu 0.0626 | acc_event 0.959 acc_dt 0.004 acc_cpu 0.977
step 016350 | loss 0.2508 | ce_event 0.1214 ce_dt 5.7631 ce_cpu 0.0647 | acc_event 0.959 acc_dt 0.006 acc_cpu 0.976
step 016400 | loss 0.2580 | ce_event 0.1309 ce_dt 5.7529 ce_cpu 0.0636 | acc_event 0.959 acc_dt 0.006 acc_cpu 0.975
step 016450 | loss 0.3193 | ce_event 0.1472 ce_dt 5.7693 ce_cpu 0.0861 | acc_event 0.949 acc_dt 0.004 acc_cpu 0.965
step 016500 | loss 0.2511 | ce_event 0.1199 ce_dt 5.7686 ce_cpu 0.0656 | acc_event 0.958 acc_dt 0.006 acc_cpu 0.973
step 016550 | loss 0.1936 | ce_event 0.1120 ce_dt 5.7661 ce_cpu 0.0408 | acc_event 0.965 acc_dt 0.005 acc_cpu 0.985
step 016600 | loss 0.2168 | ce_event 0.1045 ce_dt 5.7570 ce_cpu 0.0561 | acc_event 0.965 acc_dt 0.006 acc_cpu 0.977
step 016650 | loss 0.1896 | ce_event 0.0926 ce_dt 5.7401 ce_cpu 0.0485 | acc_event 0.969 acc_dt 0.006 acc_cpu 0.981
step 016700 | loss 0.2011 | ce_event 0.1063 ce_dt 5.7768 ce_cpu 0.0474 | acc_event 0.964 acc_dt 0.004 acc_cpu 0.981
step 016750 | loss 0.2501 | ce_event 0.1227 ce_dt 5.7531 ce_cpu 0.0637 | acc_event 0.959 acc_dt 0.008 acc_cpu 0.976
step 016800 | loss 0.2411 | ce_event 0.1107 ce_dt 5.7341 ce_cpu 0.0652 | acc_event 0.964 acc_dt 0.006 acc_cpu 0.975
step 016850 | loss 0.1533 | ce_event 0.0862 ce_dt 5.7504 ce_cpu 0.0335 | acc_event 0.971 acc_dt 0.005 acc_cpu 0.987
step 016900 | loss 0.1890 | ce_event 0.0980 ce_dt 5.7334 ce_cpu 0.0455 | acc_event 0.967 acc_dt 0.006 acc_cpu 0.983
step 016950 | loss 0.3069 | ce_event 0.1439 ce_dt 5.7479 ce_cpu 0.0815 | acc_event 0.954 acc_dt 0.007 acc_cpu 0.969
step 017000 | loss 0.2171 | ce_event 0.1131 ce_dt 5.7621 ce_cpu 0.0520 | acc_event 0.966 acc_dt 0.004 acc_cpu 0.979
step 017050 | loss 0.2465 | ce_event 0.1182 ce_dt 5.7255 ce_cpu 0.0641 | acc_event 0.960 acc_dt 0.006 acc_cpu 0.975
step 017100 | loss 0.2632 | ce_event 0.1319 ce_dt 5.7787 ce_cpu 0.0657 | acc_event 0.959 acc_dt 0.006 acc_cpu 0.975
step 017150 | loss 0.2484 | ce_event 0.1285 ce_dt 5.7745 ce_cpu 0.0599 | acc_event 0.957 acc_dt 0.005 acc_cpu 0.977
step 017200 | loss 0.2343 | ce_event 0.1144 ce_dt 5.7432 ce_cpu 0.0599 | acc_event 0.961 acc_dt 0.006 acc_cpu 0.975
step 017250 | loss 0.3279 | ce_event 0.1499 ce_dt 5.7636 ce_cpu 0.0890 | acc_event 0.951 acc_dt 0.005 acc_cpu 0.964
step 017300 | loss 0.2498 | ce_event 0.1223 ce_dt 5.7509 ce_cpu 0.0638 | acc_event 0.959 acc_dt 0.005 acc_cpu 0.976
step 017350 | loss 0.1527 | ce_event 0.0802 ce_dt 5.7519 ce_cpu 0.0363 | acc_event 0.973 acc_dt 0.005 acc_cpu 0.986
step 017400 | loss 0.1927 | ce_event 0.0937 ce_dt 5.7497 ce_cpu 0.0495 | acc_event 0.967 acc_dt 0.005 acc_cpu 0.981
step 017450 | loss 0.2326 | ce_event 0.1192 ce_dt 5.7287 ce_cpu 0.0567 | acc_event 0.961 acc_dt 0.006 acc_cpu 0.977
step 017500 | loss 0.1404 | ce_event 0.0788 ce_dt 5.7585 ce_cpu 0.0308 | acc_event 0.975 acc_dt 0.004 acc_cpu 0.989
step 017550 | loss 0.2611 | ce_event 0.1205 ce_dt 5.7426 ce_cpu 0.0703 | acc_event 0.961 acc_dt 0.005 acc_cpu 0.971
step 017600 | loss 0.1619 | ce_event 0.0903 ce_dt 5.7634 ce_cpu 0.0358 | acc_event 0.971 acc_dt 0.003 acc_cpu 0.987
step 017650 | loss 0.2979 | ce_event 0.1413 ce_dt 5.7653 ce_cpu 0.0783 | acc_event 0.955 acc_dt 0.004 acc_cpu 0.968
step 017700 | loss 0.2753 | ce_event 0.1396 ce_dt 5.7767 ce_cpu 0.0679 | acc_event 0.953 acc_dt 0.005 acc_cpu 0.974
step 017750 | loss 0.2317 | ce_event 0.1264 ce_dt 5.7640 ce_cpu 0.0526 | acc_event 0.960 acc_dt 0.003 acc_cpu 0.980
step 017800 | loss 0.2109 | ce_event 0.1041 ce_dt 5.7591 ce_cpu 0.0534 | acc_event 0.962 acc_dt 0.004 acc_cpu 0.980
step 017850 | loss 0.2057 | ce_event 0.0961 ce_dt 5.7697 ce_cpu 0.0548 | acc_event 0.966 acc_dt 0.003 acc_cpu 0.979
step 017900 | loss 0.2661 | ce_event 0.1361 ce_dt 5.7422 ce_cpu 0.0650 | acc_event 0.957 acc_dt 0.003 acc_cpu 0.974
step 017950 | loss 0.2383 | ce_event 0.1152 ce_dt 5.7574 ce_cpu 0.0615 | acc_event 0.960 acc_dt 0.005 acc_cpu 0.975
step 018000 | loss 0.1920 | ce_event 0.1045 ce_dt 5.7733 ce_cpu 0.0438 | acc_event 0.966 acc_dt 0.006 acc_cpu 0.982
[VAL] step 018000 | avg_nll_per_token 0.526285
[BEST] /project/def-naser2/yuvraj/SyntheticLogGeneration/outputs/art_outputs/art-wdt0/checkpoints_ar/compress-gzip/best_step_018000.pt (val_nll=0.526285)
[SAVE] /project/def-naser2/yuvraj/SyntheticLogGeneration/outputs/art_outputs/art-wdt0/checkpoints_ar/compress-gzip/step_018000.pt
step 018050 | loss 0.2138 | ce_event 0.1078 ce_dt 5.7459 ce_cpu 0.0530 | acc_event 0.964 acc_dt 0.006 acc_cpu 0.979
step 018100 | loss 0.2028 | ce_event 0.1000 ce_dt 5.7372 ce_cpu 0.0514 | acc_event 0.967 acc_dt 0.005 acc_cpu 0.981
step 018150 | loss 0.2251 | ce_event 0.1099 ce_dt 5.7737 ce_cpu 0.0576 | acc_event 0.963 acc_dt 0.004 acc_cpu 0.979
step 018200 | loss 0.2147 | ce_event 0.1078 ce_dt 5.7419 ce_cpu 0.0535 | acc_event 0.964 acc_dt 0.005 acc_cpu 0.980
step 018250 | loss 0.1586 | ce_event 0.0875 ce_dt 5.7422 ce_cpu 0.0356 | acc_event 0.971 acc_dt 0.004 acc_cpu 0.986
step 018300 | loss 0.2656 | ce_event 0.1240 ce_dt 5.7348 ce_cpu 0.0708 | acc_event 0.958 acc_dt 0.004 acc_cpu 0.971
step 018350 | loss 0.2308 | ce_event 0.1299 ce_dt 5.7877 ce_cpu 0.0505 | acc_event 0.960 acc_dt 0.004 acc_cpu 0.981
step 018400 | loss 0.2639 | ce_event 0.1271 ce_dt 5.7365 ce_cpu 0.0684 | acc_event 0.957 acc_dt 0.006 acc_cpu 0.972
step 018450 | loss 0.3315 | ce_event 0.1619 ce_dt 5.7695 ce_cpu 0.0848 | acc_event 0.948 acc_dt 0.004 acc_cpu 0.968
step 018500 | loss 0.1606 | ce_event 0.0825 ce_dt 5.7505 ce_cpu 0.0390 | acc_event 0.973 acc_dt 0.004 acc_cpu 0.985
step 018550 | loss 0.2828 | ce_event 0.1335 ce_dt 5.7207 ce_cpu 0.0747 | acc_event 0.955 acc_dt 0.005 acc_cpu 0.970
step 018600 | loss 0.2683 | ce_event 0.1260 ce_dt 5.7457 ce_cpu 0.0712 | acc_event 0.958 acc_dt 0.006 acc_cpu 0.972
step 018650 | loss 0.3019 | ce_event 0.1455 ce_dt 5.7229 ce_cpu 0.0782 | acc_event 0.953 acc_dt 0.004 acc_cpu 0.968
step 018700 | loss 0.2622 | ce_event 0.1300 ce_dt 5.7656 ce_cpu 0.0661 | acc_event 0.959 acc_dt 0.005 acc_cpu 0.975
step 018750 | loss 0.2107 | ce_event 0.1110 ce_dt 5.7755 ce_cpu 0.0498 | acc_event 0.965 acc_dt 0.004 acc_cpu 0.981
step 018800 | loss 0.2770 | ce_event 0.1247 ce_dt 5.7185 ce_cpu 0.0762 | acc_event 0.959 acc_dt 0.009 acc_cpu 0.971
step 018850 | loss 0.1845 | ce_event 0.0993 ce_dt 5.7009 ce_cpu 0.0426 | acc_event 0.968 acc_dt 0.007 acc_cpu 0.983
step 018900 | loss 0.1823 | ce_event 0.0894 ce_dt 5.7276 ce_cpu 0.0465 | acc_event 0.970 acc_dt 0.003 acc_cpu 0.983
step 018950 | loss 0.2785 | ce_event 0.1288 ce_dt 5.7492 ce_cpu 0.0749 | acc_event 0.957 acc_dt 0.007 acc_cpu 0.970
step 019000 | loss 0.1905 | ce_event 0.1055 ce_dt 5.7313 ce_cpu 0.0425 | acc_event 0.964 acc_dt 0.007 acc_cpu 0.982
step 019050 | loss 0.2091 | ce_event 0.1054 ce_dt 5.7419 ce_cpu 0.0518 | acc_event 0.966 acc_dt 0.007 acc_cpu 0.980
step 019100 | loss 0.1995 | ce_event 0.1009 ce_dt 5.7334 ce_cpu 0.0493 | acc_event 0.967 acc_dt 0.007 acc_cpu 0.981
step 019150 | loss 0.2164 | ce_event 0.1205 ce_dt 5.7995 ce_cpu 0.0480 | acc_event 0.960 acc_dt 0.005 acc_cpu 0.980
step 019200 | loss 0.1423 | ce_event 0.0832 ce_dt 5.7406 ce_cpu 0.0296 | acc_event 0.970 acc_dt 0.008 acc_cpu 0.990
step 019250 | loss 0.1964 | ce_event 0.1079 ce_dt 5.7099 ce_cpu 0.0443 | acc_event 0.967 acc_dt 0.010 acc_cpu 0.982
step 019300 | loss 0.2781 | ce_event 0.1318 ce_dt 5.7540 ce_cpu 0.0731 | acc_event 0.954 acc_dt 0.005 acc_cpu 0.971
step 019350 | loss 0.1583 | ce_event 0.0835 ce_dt 5.7279 ce_cpu 0.0374 | acc_event 0.972 acc_dt 0.007 acc_cpu 0.985
step 019400 | loss 0.2666 | ce_event 0.1302 ce_dt 5.7528 ce_cpu 0.0682 | acc_event 0.957 acc_dt 0.006 acc_cpu 0.973
step 019450 | loss 0.1954 | ce_event 0.0989 ce_dt 5.7871 ce_cpu 0.0483 | acc_event 0.966 acc_dt 0.002 acc_cpu 0.981
step 019500 | loss 0.2146 | ce_event 0.1068 ce_dt 5.7437 ce_cpu 0.0539 | acc_event 0.965 acc_dt 0.006 acc_cpu 0.980
step 019550 | loss 0.2638 | ce_event 0.1218 ce_dt 5.7480 ce_cpu 0.0710 | acc_event 0.960 acc_dt 0.004 acc_cpu 0.972
step 019600 | loss 0.2996 | ce_event 0.1463 ce_dt 5.7408 ce_cpu 0.0767 | acc_event 0.950 acc_dt 0.005 acc_cpu 0.970
step 019650 | loss 0.2062 | ce_event 0.1079 ce_dt 5.7404 ce_cpu 0.0492 | acc_event 0.965 acc_dt 0.006 acc_cpu 0.981
step 019700 | loss 0.2124 | ce_event 0.1122 ce_dt 5.7472 ce_cpu 0.0501 | acc_event 0.965 acc_dt 0.006 acc_cpu 0.980
step 019750 | loss 0.2778 | ce_event 0.1372 ce_dt 5.7251 ce_cpu 0.0703 | acc_event 0.953 acc_dt 0.006 acc_cpu 0.971
step 019800 | loss 0.1900 | ce_event 0.1004 ce_dt 5.7868 ce_cpu 0.0448 | acc_event 0.966 acc_dt 0.003 acc_cpu 0.982
step 019850 | loss 0.1090 | ce_event 0.0694 ce_dt 5.7505 ce_cpu 0.0198 | acc_event 0.978 acc_dt 0.006 acc_cpu 0.993
step 019900 | loss 0.1955 | ce_event 0.1026 ce_dt 5.7429 ce_cpu 0.0465 | acc_event 0.967 acc_dt 0.006 acc_cpu 0.983
step 019950 | loss 0.1970 | ce_event 0.1034 ce_dt 5.7450 ce_cpu 0.0468 | acc_event 0.966 acc_dt 0.004 acc_cpu 0.982
step 020000 | loss 0.2144 | ce_event 0.1120 ce_dt 5.7650 ce_cpu 0.0512 | acc_event 0.961 acc_dt 0.005 acc_cpu 0.979
[VAL] step 020000 | avg_nll_per_token 0.513130
[BEST] /project/def-naser2/yuvraj/SyntheticLogGeneration/outputs/art_outputs/art-wdt0/checkpoints_ar/compress-gzip/best_step_020000.pt (val_nll=0.513130)
[SAVE] /project/def-naser2/yuvraj/SyntheticLogGeneration/outputs/art_outputs/art-wdt0/checkpoints_ar/compress-gzip/step_020000.pt
[SAVE] /project/def-naser2/yuvraj/SyntheticLogGeneration/outputs/art_outputs/art-wdt0/checkpoints_ar/compress-gzip/final_step_020000.pt
[DONE] best checkpoint: /project/def-naser2/yuvraj/SyntheticLogGeneration/outputs/art_outputs/art-wdt0/checkpoints_ar/compress-gzip/best_step_020000.pt (val_nll=0.513130)
[INFO] Checkpoints:
total 2.0G
-rw-r----- 1 yuvraj17 def-naser2 94M Jan  5 10:18 best_step_002000.pt
-rw-r----- 1 yuvraj17 def-naser2 94M Jan  5 11:20 best_step_004000.pt
-rw-r----- 1 yuvraj17 def-naser2 94M Jan  5 12:22 best_step_006000.pt
-rw-r----- 1 yuvraj17 def-naser2 94M Jan  5 13:24 best_step_008000.pt
-rw-r----- 1 yuvraj17 def-naser2 94M Jan  5 14:26 best_step_010000.pt
-rw-r----- 1 yuvraj17 def-naser2 94M Jan  5 15:28 best_step_012000.pt
-rw-r----- 1 yuvraj17 def-naser2 94M Jan  5 16:29 best_step_014000.pt
-rw-r----- 1 yuvraj17 def-naser2 94M Jan  5 17:31 best_step_016000.pt
-rw-r----- 1 yuvraj17 def-naser2 94M Jan  5 18:33 best_step_018000.pt
-rw-r----- 1 yuvraj17 def-naser2 94M Jan  5 19:35 best_step_020000.pt
-rw-r----- 1 yuvraj17 def-naser2 94M Jan  5 19:35 final_step_020000.pt
-rw-r----- 1 yuvraj17 def-naser2 94M Jan  5 10:18 step_002000.pt
-rw-r----- 1 yuvraj17 def-naser2 94M Jan  5 11:20 step_004000.pt
-rw-r----- 1 yuvraj17 def-naser2 94M Jan  5 12:22 step_006000.pt
-rw-r----- 1 yuvraj17 def-naser2 94M Jan  5 13:24 step_008000.pt
-rw-r----- 1 yuvraj17 def-naser2 94M Jan  5 14:26 step_010000.pt
-rw-r----- 1 yuvraj17 def-naser2 94M Jan  5 15:28 step_012000.pt
-rw-r----- 1 yuvraj17 def-naser2 94M Jan  5 16:29 step_014000.pt
-rw-r----- 1 yuvraj17 def-naser2 94M Jan  5 17:31 step_016000.pt
-rw-r----- 1 yuvraj17 def-naser2 94M Jan  5 18:33 step_018000.pt
-rw-r----- 1 yuvraj17 def-naser2 94M Jan  5 19:35 step_020000.pt
========== ART TRAIN JOB DONE ==========
Time: Mon Jan  5 19:35:35 EST 2026
