[INFO] Starting NPZ Generation (L=4096, S=2048)...
[INFO] Found 288 parquet files.
       Train: 230
       Val:   28
       Test:  30
--- Processing train ---
[OK] Saved /scratch/yuvraj17/windowed_npz_4096/train/ffmpeg-all-events-run20_L4096_S2048.npz (821 windows)
[OK] Saved /scratch/yuvraj17/windowed_npz_4096/train/pybench-all-events-run7_L4096_S2048.npz (349 windows)
[OK] Saved /scratch/yuvraj17/windowed_npz_4096/train/unpack-linux-all-events-run0_L4096_S2048.npz (4077 windows)
[OK] Saved /scratch/yuvraj17/windowed_npz_4096/train/ffmpeg-all-events-run18_L4096_S2048.npz (819 windows)
[OK] Saved /scratch/yuvraj17/windowed_npz_4096/train/ramspeed-all-events-run28_L4096_S2048.npz (13206 windows)
[OK] Saved /scratch/yuvraj17/windowed_npz_4096/train/compress-gzip-all-events-run17_L4096_S2048.npz (12137 windows)
[OK] Saved /scratch/yuvraj17/windowed_npz_4096/train/ffmpeg-all-events-run21_L4096_S2048.npz (774 windows)
[OK] Saved /scratch/yuvraj17/windowed_npz_4096/train/ramspeed-all-events-run2_L4096_S2048.npz (13208 windows)
[OK] Saved /scratch/yuvraj17/windowed_npz_4096/train/iozone-all-events-run20_L4096_S2048.npz (4751 windows)
[OK] Saved /scratch/yuvraj17/windowed_npz_4096/train/scimark2-all-events-run11_L4096_S2048.npz (352 windows)
[OK] Saved /scratch/yuvraj17/windowed_npz_4096/train/scimark2-all-events-run8_L4096_S2048.npz (369 windows)
[OK] Saved /scratch/yuvraj17/windowed_npz_4096/train/ffmpeg-all-events-run1_L4096_S2048.npz (783 windows)
[OK] Saved /scratch/yuvraj17/windowed_npz_4096/train/phpbench-all-events-run27_L4096_S2048.npz (5815 windows)
[OK] Saved /scratch/yuvraj17/windowed_npz_4096/train/unpack-linux-all-events-run3_L4096_S2048.npz (3775 windows)
[OK] Saved /scratch/yuvraj17/windowed_npz_4096/train/ffmpeg-all-events-run30_L4096_S2048.npz (775 windows)
[OK] Saved /scratch/yuvraj17/windowed_npz_4096/train/scimark2-all-events-run30_L4096_S2048.npz (350 windows)
[OK] Saved /scratch/yuvraj17/windowed_npz_4096/train/compress-gzip-all-events-run13_L4096_S2048.npz (12265 windows)
[OK] Saved /scratch/yuvraj17/windowed_npz_4096/train/stream-all-events-run0_L4096_S2048.npz (3165 windows)
[OK] Saved /scratch/yuvraj17/windowed_npz_4096/train/stream-all-events-run20_L4096_S2048.npz (2310 windows)
[OK] Saved /scratch/yuvraj17/windowed_npz_4096/train/iozone-all-events-run19_L4096_S2048.npz (4748 windows)
[OK] Saved /scratch/yuvraj17/windowed_npz_4096/train/unpack-linux-all-events-run19_L4096_S2048.npz (3793 windows)
[OK] Saved /scratch/yuvraj17/windowed_npz_4096/train/iozone-all-events-run27_L4096_S2048.npz (4739 windows)
[OK] Saved /scratch/yuvraj17/windowed_npz_4096/train/phpbench-all-events-run24_L4096_S2048.npz (5815 windows)
[OK] Saved /scratch/yuvraj17/windowed_npz_4096/train/unpack-linux-all-events-run8_L4096_S2048.npz (3832 windows)
[OK] Saved /scratch/yuvraj17/windowed_npz_4096/train/iozone-all-events-run17_L4096_S2048.npz (4811 windows)
[OK] Saved /scratch/yuvraj17/windowed_npz_4096/train/stream-all-events-run4_L4096_S2048.npz (2316 windows)
[OK] Saved /scratch/yuvraj17/windowed_npz_4096/train/pybench-all-events-run2_L4096_S2048.npz (348 windows)
[OK] Saved /scratch/yuvraj17/windowed_npz_4096/train/pybench-all-events-run26_L4096_S2048.npz (347 windows)
[OK] Saved /scratch/yuvraj17/windowed_npz_4096/train/phpbench-all-events-run22_L4096_S2048.npz (5821 windows)
[OK] Saved /scratch/yuvraj17/windowed_npz_4096/train/ffmpeg-all-events-run6_L4096_S2048.npz (813 windows)
[OK] Saved /scratch/yuvraj17/windowed_npz_4096/train/phpbench-all-events-run13_L4096_S2048.npz (5838 windows)
[OK] Saved /scratch/yuvraj17/windowed_npz_4096/train/ramspeed-all-events-run31_L4096_S2048.npz (13202 windows)
[OK] Saved /scratch/yuvraj17/windowed_npz_4096/train/pybench-all-events-run4_L4096_S2048.npz (360 windows)
[OK] Saved /scratch/yuvraj17/windowed_npz_4096/train/stream-all-events-run2_L4096_S2048.npz (2321 windows)
[OK] Saved /scratch/yuvraj17/windowed_npz_4096/train/ramspeed-all-events-run3_L4096_S2048.npz (13200 windows)
[OK] Saved /scratch/yuvraj17/windowed_npz_4096/train/ramspeed-all-events-run16_L4096_S2048.npz (13208 windows)
[OK] Saved /scratch/yuvraj17/windowed_npz_4096/train/stream-all-events-run15_L4096_S2048.npz (2326 windows)
[OK] Saved /scratch/yuvraj17/windowed_npz_4096/train/pybench-all-events-run22_L4096_S2048.npz (363 windows)
[OK] Saved /scratch/yuvraj17/windowed_npz_4096/train/scimark2-all-events-run18_L4096_S2048.npz (341 windows)
[OK] Saved /scratch/yuvraj17/windowed_npz_4096/train/phpbench-all-events-run28_L4096_S2048.npz (5842 windows)
[OK] Saved /scratch/yuvraj17/windowed_npz_4096/train/ramspeed-all-events-run13_L4096_S2048.npz (13192 windows)
[OK] Saved /scratch/yuvraj17/windowed_npz_4096/train/stream-all-events-run8_L4096_S2048.npz (2333 windows)
[OK] Saved /scratch/yuvraj17/windowed_npz_4096/train/pybench-all-events-run5_L4096_S2048.npz (348 windows)
[OK] Saved /scratch/yuvraj17/windowed_npz_4096/train/pybench-all-events-run12_L4096_S2048.npz (349 windows)
[OK] Saved /scratch/yuvraj17/windowed_npz_4096/train/compress-gzip-all-events-run8_L4096_S2048.npz (12261 windows)
[OK] Saved /scratch/yuvraj17/windowed_npz_4096/train/compress-gzip-all-events-run29_L4096_S2048.npz (12139 windows)
[OK] Saved /scratch/yuvraj17/windowed_npz_4096/train/compress-gzip-all-events-run30_L4096_S2048.npz (12180 windows)
[OK] Saved /scratch/yuvraj17/windowed_npz_4096/train/pybench-all-events-run8_L4096_S2048.npz (362 windows)
[OK] Saved /scratch/yuvraj17/windowed_npz_4096/train/pybench-all-events-run23_L4096_S2048.npz (351 windows)
[OK] Saved /scratch/yuvraj17/windowed_npz_4096/train/ramspeed-all-events-run15_L4096_S2048.npz (13164 windows)
[OK] Saved /scratch/yuvraj17/windowed_npz_4096/train/stream-all-events-run22_L4096_S2048.npz (2313 windows)
[OK] Saved /scratch/yuvraj17/windowed_npz_4096/train/stream-all-events-run7_L4096_S2048.npz (2351 windows)
[OK] Saved /scratch/yuvraj17/windowed_npz_4096/train/phpbench-all-events-run1_L4096_S2048.npz (5832 windows)
[OK] Saved /scratch/yuvraj17/windowed_npz_4096/train/scimark2-all-events-run22_L4096_S2048.npz (351 windows)
[OK] Saved /scratch/yuvraj17/windowed_npz_4096/train/ramspeed-all-events-run20_L4096_S2048.npz (13212 windows)
[OK] Saved /scratch/yuvraj17/windowed_npz_4096/train/ramspeed-all-events-run26_L4096_S2048.npz (13175 windows)
[OK] Saved /scratch/yuvraj17/windowed_npz_4096/train/unpack-linux-all-events-run28_L4096_S2048.npz (3774 windows)
[OK] Saved /scratch/yuvraj17/windowed_npz_4096/train/compress-gzip-all-events-run14_L4096_S2048.npz (12179 windows)
[OK] Saved /scratch/yuvraj17/windowed_npz_4096/train/iozone-all-events-run7_L4096_S2048.npz (4695 windows)
[OK] Saved /scratch/yuvraj17/windowed_npz_4096/train/iozone-all-events-run10_L4096_S2048.npz (4772 windows)
[OK] Saved /scratch/yuvraj17/windowed_npz_4096/train/ffmpeg-all-events-run9_L4096_S2048.npz (776 windows)
[OK] Saved /scratch/yuvraj17/windowed_npz_4096/train/iozone-all-events-run22_L4096_S2048.npz (4754 windows)
[OK] Saved /scratch/yuvraj17/windowed_npz_4096/train/compress-gzip-all-events-run31_L4096_S2048.npz (12101 windows)
[OK] Saved /scratch/yuvraj17/windowed_npz_4096/train/scimark2-all-events-run10_L4096_S2048.npz (353 windows)
[OK] Saved /scratch/yuvraj17/windowed_npz_4096/train/pybench-all-events-run25_L4096_S2048.npz (347 windows)
[OK] Saved /scratch/yuvraj17/windowed_npz_4096/train/stream-all-events-run9_L4096_S2048.npz (2313 windows)
[OK] Saved /scratch/yuvraj17/windowed_npz_4096/train/compress-gzip-all-events-run26_L4096_S2048.npz (12253 windows)
[OK] Saved /scratch/yuvraj17/windowed_npz_4096/train/unpack-linux-all-events-run30_L4096_S2048.npz (3780 windows)
[OK] Saved /scratch/yuvraj17/windowed_npz_4096/train/iozone-all-events-run6_L4096_S2048.npz (4761 windows)
[OK] Saved /scratch/yuvraj17/windowed_npz_4096/train/compress-gzip-all-events-run22_L4096_S2048.npz (12063 windows)
[OK] Saved /scratch/yuvraj17/windowed_npz_4096/train/compress-gzip-all-events-run18_L4096_S2048.npz (12095 windows)
[OK] Saved /scratch/yuvraj17/windowed_npz_4096/train/scimark2-all-events-run21_L4096_S2048.npz (352 windows)
[OK] Saved /scratch/yuvraj17/windowed_npz_4096/train/iozone-all-events-run12_L4096_S2048.npz (4796 windows)
[OK] Saved /scratch/yuvraj17/windowed_npz_4096/train/phpbench-all-events-run2_L4096_S2048.npz (5811 windows)
[OK] Saved /scratch/yuvraj17/windowed_npz_4096/train/ffmpeg-all-events-run13_L4096_S2048.npz (776 windows)
[OK] Saved /scratch/yuvraj17/windowed_npz_4096/train/compress-gzip-all-events-run23_L4096_S2048.npz (12116 windows)
[OK] Saved /scratch/yuvraj17/windowed_npz_4096/train/scimark2-all-events-run28_L4096_S2048.npz (349 windows)
[OK] Saved /scratch/yuvraj17/windowed_npz_4096/train/unpack-linux-all-events-run25_L4096_S2048.npz (3821 windows)
[OK] Saved /scratch/yuvraj17/windowed_npz_4096/train/unpack-linux-all-events-run12_L4096_S2048.npz (3786 windows)
[OK] Saved /scratch/yuvraj17/windowed_npz_4096/train/iozone-all-events-run11_L4096_S2048.npz (4748 windows)
[OK] Saved /scratch/yuvraj17/windowed_npz_4096/train/iozone-all-events-run25_L4096_S2048.npz (4788 windows)
[OK] Saved /scratch/yuvraj17/windowed_npz_4096/train/phpbench-all-events-run29_L4096_S2048.npz (5824 windows)
[OK] Saved /scratch/yuvraj17/windowed_npz_4096/train/scimark2-all-events-run24_L4096_S2048.npz (349 windows)
[OK] Saved /scratch/yuvraj17/windowed_npz_4096/train/phpbench-all-events-run20_L4096_S2048.npz (5812 windows)
[OK] Saved /scratch/yuvraj17/windowed_npz_4096/train/scimark2-all-events-run2_L4096_S2048.npz (364 windows)
[OK] Saved /scratch/yuvraj17/windowed_npz_4096/train/iozone-all-events-run4_L4096_S2048.npz (4740 windows)
[OK] Saved /scratch/yuvraj17/windowed_npz_4096/train/compress-gzip-all-events-run25_L4096_S2048.npz (12087 windows)
[OK] Saved /scratch/yuvraj17/windowed_npz_4096/train/stream-all-events-run16_L4096_S2048.npz (2313 windows)
[OK] Saved /scratch/yuvraj17/windowed_npz_4096/train/iozone-all-events-run29_L4096_S2048.npz (4752 windows)
[OK] Saved /scratch/yuvraj17/windowed_npz_4096/train/scimark2-all-events-run9_L4096_S2048.npz (353 windows)
[OK] Saved /scratch/yuvraj17/windowed_npz_4096/train/stream-all-events-run27_L4096_S2048.npz (2337 windows)
[OK] Saved /scratch/yuvraj17/windowed_npz_4096/train/phpbench-all-events-run23_L4096_S2048.npz (5818 windows)
[OK] Saved /scratch/yuvraj17/windowed_npz_4096/train/unpack-linux-all-events-run7_L4096_S2048.npz (3986 windows)
[OK] Saved /scratch/yuvraj17/windowed_npz_4096/train/ramspeed-all-events-run4_L4096_S2048.npz (13189 windows)
[OK] Saved /scratch/yuvraj17/windowed_npz_4096/train/ffmpeg-all-events-run3_L4096_S2048.npz (773 windows)
[OK] Saved /scratch/yuvraj17/windowed_npz_4096/train/phpbench-all-events-run6_L4096_S2048.npz (5823 windows)
[OK] Saved /scratch/yuvraj17/windowed_npz_4096/train/stream-all-events-run12_L4096_S2048.npz (2333 windows)
[OK] Saved /scratch/yuvraj17/windowed_npz_4096/train/ffmpeg-all-events-run14_L4096_S2048.npz (773 windows)
[OK] Saved /scratch/yuvraj17/windowed_npz_4096/train/ramspeed-all-events-run22_L4096_S2048.npz (13317 windows)
[OK] Saved /scratch/yuvraj17/windowed_npz_4096/train/phpbench-all-events-run3_L4096_S2048.npz (5804 windows)
[OK] Saved /scratch/yuvraj17/windowed_npz_4096/train/ffmpeg-all-events-run31_L4096_S2048.npz (771 windows)
[OK] Saved /scratch/yuvraj17/windowed_npz_4096/train/phpbench-all-events-run25_L4096_S2048.npz (5836 windows)
[OK] Saved /scratch/yuvraj17/windowed_npz_4096/train/unpack-linux-all-events-run27_L4096_S2048.npz (3996 windows)
[OK] Saved /scratch/yuvraj17/windowed_npz_4096/train/unpack-linux-all-events-run23_L4096_S2048.npz (3777 windows)
[OK] Saved /scratch/yuvraj17/windowed_npz_4096/train/stream-all-events-run21_L4096_S2048.npz (2329 windows)
[OK] Saved /scratch/yuvraj17/windowed_npz_4096/train/compress-gzip-all-events-run9_L4096_S2048.npz (12096 windows)
[OK] Saved /scratch/yuvraj17/windowed_npz_4096/train/unpack-linux-all-events-run18_L4096_S2048.npz (3756 windows)
[OK] Saved /scratch/yuvraj17/windowed_npz_4096/train/iozone-all-events-run21_L4096_S2048.npz (4691 windows)
[OK] Saved /scratch/yuvraj17/windowed_npz_4096/train/scimark2-all-events-run19_L4096_S2048.npz (349 windows)
[OK] Saved /scratch/yuvraj17/windowed_npz_4096/train/ramspeed-all-events-run24_L4096_S2048.npz (13266 windows)
[OK] Saved /scratch/yuvraj17/windowed_npz_4096/train/stream-all-events-run1_L4096_S2048.npz (2330 windows)
[OK] Saved /scratch/yuvraj17/windowed_npz_4096/train/unpack-linux-all-events-run13_L4096_S2048.npz (3784 windows)
[OK] Saved /scratch/yuvraj17/windowed_npz_4096/train/phpbench-all-events-run0_L4096_S2048.npz (5800 windows)
[OK] Saved /scratch/yuvraj17/windowed_npz_4096/train/unpack-linux-all-events-run17_L4096_S2048.npz (3763 windows)
[OK] Saved /scratch/yuvraj17/windowed_npz_4096/train/phpbench-all-events-run7_L4096_S2048.npz (5830 windows)
[OK] Saved /scratch/yuvraj17/windowed_npz_4096/train/scimark2-all-events-run0_L4096_S2048.npz (348 windows)
[OK] Saved /scratch/yuvraj17/windowed_npz_4096/train/phpbench-all-events-run8_L4096_S2048.npz (5855 windows)
[OK] Saved /scratch/yuvraj17/windowed_npz_4096/train/ramspeed-all-events-run23_L4096_S2048.npz (13253 windows)
[OK] Saved /scratch/yuvraj17/windowed_npz_4096/train/iozone-all-events-run13_L4096_S2048.npz (4776 windows)
[OK] Saved /scratch/yuvraj17/windowed_npz_4096/train/unpack-linux-all-events-run22_L4096_S2048.npz (3771 windows)
[OK] Saved /scratch/yuvraj17/windowed_npz_4096/train/compress-gzip-all-events-run10_L4096_S2048.npz (12219 windows)
[OK] Saved /scratch/yuvraj17/windowed_npz_4096/train/phpbench-all-events-run16_L4096_S2048.npz (5821 windows)
[OK] Saved /scratch/yuvraj17/windowed_npz_4096/train/iozone-all-events-run2_L4096_S2048.npz (4747 windows)
[OK] Saved /scratch/yuvraj17/windowed_npz_4096/train/phpbench-all-events-run26_L4096_S2048.npz (5821 windows)
[OK] Saved /scratch/yuvraj17/windowed_npz_4096/train/ramspeed-all-events-run12_L4096_S2048.npz (13160 windows)
[OK] Saved /scratch/yuvraj17/windowed_npz_4096/train/pybench-all-events-run19_L4096_S2048.npz (348 windows)
[OK] Saved /scratch/yuvraj17/windowed_npz_4096/train/pybench-all-events-run9_L4096_S2048.npz (345 windows)
[OK] Saved /scratch/yuvraj17/windowed_npz_4096/train/phpbench-all-events-run30_L4096_S2048.npz (5821 windows)
[OK] Saved /scratch/yuvraj17/windowed_npz_4096/train/scimark2-all-events-run7_L4096_S2048.npz (352 windows)
[OK] Saved /scratch/yuvraj17/windowed_npz_4096/train/stream-all-events-run25_L4096_S2048.npz (2319 windows)
[OK] Saved /scratch/yuvraj17/windowed_npz_4096/train/phpbench-all-events-run9_L4096_S2048.npz (5822 windows)
[OK] Saved /scratch/yuvraj17/windowed_npz_4096/train/iozone-all-events-run18_L4096_S2048.npz (4735 windows)
[OK] Saved /scratch/yuvraj17/windowed_npz_4096/train/compress-gzip-all-events-run7_L4096_S2048.npz (12168 windows)
[OK] Saved /scratch/yuvraj17/windowed_npz_4096/train/unpack-linux-all-events-run11_L4096_S2048.npz (3741 windows)
[OK] Saved /scratch/yuvraj17/windowed_npz_4096/train/scimark2-all-events-run4_L4096_S2048.npz (352 windows)
[OK] Saved /scratch/yuvraj17/windowed_npz_4096/train/phpbench-all-events-run19_L4096_S2048.npz (5854 windows)
[OK] Saved /scratch/yuvraj17/windowed_npz_4096/train/pybench-all-events-run17_L4096_S2048.npz (347 windows)
[OK] Saved /scratch/yuvraj17/windowed_npz_4096/train/pybench-all-events-run27_L4096_S2048.npz (360 windows)
[OK] Saved /scratch/yuvraj17/windowed_npz_4096/train/stream-all-events-run11_L4096_S2048.npz (2331 windows)
[OK] Saved /scratch/yuvraj17/windowed_npz_4096/train/ramspeed-all-events-run18_L4096_S2048.npz (13195 windows)
[OK] Saved /scratch/yuvraj17/windowed_npz_4096/train/scimark2-all-events-run12_L4096_S2048.npz (357 windows)
[OK] Saved /scratch/yuvraj17/windowed_npz_4096/train/iozone-all-events-run1_L4096_S2048.npz (4778 windows)
[OK] Saved /scratch/yuvraj17/windowed_npz_4096/train/ramspeed-all-events-run25_L4096_S2048.npz (13244 windows)
[OK] Saved /scratch/yuvraj17/windowed_npz_4096/train/iozone-all-events-run28_L4096_S2048.npz (4719 windows)
[OK] Saved /scratch/yuvraj17/windowed_npz_4096/train/scimark2-all-events-run1_L4096_S2048.npz (353 windows)
[OK] Saved /scratch/yuvraj17/windowed_npz_4096/train/compress-gzip-all-events-run2_L4096_S2048.npz (12233 windows)
[OK] Saved /scratch/yuvraj17/windowed_npz_4096/train/ffmpeg-all-events-run11_L4096_S2048.npz (819 windows)
[OK] Saved /scratch/yuvraj17/windowed_npz_4096/train/compress-gzip-all-events-run6_L4096_S2048.npz (12200 windows)
[OK] Saved /scratch/yuvraj17/windowed_npz_4096/train/pybench-all-events-run21_L4096_S2048.npz (348 windows)
[OK] Saved /scratch/yuvraj17/windowed_npz_4096/train/stream-all-events-run13_L4096_S2048.npz (2313 windows)
[OK] Saved /scratch/yuvraj17/windowed_npz_4096/train/pybench-all-events-run30_L4096_S2048.npz (348 windows)
[OK] Saved /scratch/yuvraj17/windowed_npz_4096/train/ffmpeg-all-events-run26_L4096_S2048.npz (820 windows)
[OK] Saved /scratch/yuvraj17/windowed_npz_4096/train/iozone-all-events-run9_L4096_S2048.npz (4752 windows)
[OK] Saved /scratch/yuvraj17/windowed_npz_4096/train/unpack-linux-all-events-run5_L4096_S2048.npz (3845 windows)
[OK] Saved /scratch/yuvraj17/windowed_npz_4096/train/scimark2-all-events-run16_L4096_S2048.npz (357 windows)
[OK] Saved /scratch/yuvraj17/windowed_npz_4096/train/ffmpeg-all-events-run17_L4096_S2048.npz (816 windows)
[OK] Saved /scratch/yuvraj17/windowed_npz_4096/train/stream-all-events-run29_L4096_S2048.npz (2311 windows)
[OK] Saved /scratch/yuvraj17/windowed_npz_4096/train/scimark2-all-events-run13_L4096_S2048.npz (352 windows)
[OK] Saved /scratch/yuvraj17/windowed_npz_4096/train/pybench-all-events-run16_L4096_S2048.npz (347 windows)
[OK] Saved /scratch/yuvraj17/windowed_npz_4096/train/compress-gzip-all-events-run4_L4096_S2048.npz (12080 windows)
[OK] Saved /scratch/yuvraj17/windowed_npz_4096/train/unpack-linux-all-events-run31_L4096_S2048.npz (3837 windows)
[OK] Saved /scratch/yuvraj17/windowed_npz_4096/train/pybench-all-events-run20_L4096_S2048.npz (349 windows)
[OK] Saved /scratch/yuvraj17/windowed_npz_4096/train/ramspeed-all-events-run27_L4096_S2048.npz (13236 windows)
[OK] Saved /scratch/yuvraj17/windowed_npz_4096/train/compress-gzip-all-events-run0_L4096_S2048.npz (12200 windows)
[OK] Saved /scratch/yuvraj17/windowed_npz_4096/train/unpack-linux-all-events-run10_L4096_S2048.npz (3811 windows)
[OK] Saved /scratch/yuvraj17/windowed_npz_4096/train/phpbench-all-events-run12_L4096_S2048.npz (5822 windows)
[OK] Saved /scratch/yuvraj17/windowed_npz_4096/train/unpack-linux-all-events-run2_L4096_S2048.npz (3796 windows)
[OK] Saved /scratch/yuvraj17/windowed_npz_4096/train/stream-all-events-run14_L4096_S2048.npz (2317 windows)
[OK] Saved /scratch/yuvraj17/windowed_npz_4096/train/phpbench-all-events-run10_L4096_S2048.npz (5813 windows)
[OK] Saved /scratch/yuvraj17/windowed_npz_4096/train/ffmpeg-all-events-run12_L4096_S2048.npz (818 windows)
[OK] Saved /scratch/yuvraj17/windowed_npz_4096/train/ffmpeg-all-events-run7_L4096_S2048.npz (773 windows)
[OK] Saved /scratch/yuvraj17/windowed_npz_4096/train/pybench-all-events-run29_L4096_S2048.npz (348 windows)
[OK] Saved /scratch/yuvraj17/windowed_npz_4096/train/scimark2-all-events-run27_L4096_S2048.npz (352 windows)
[OK] Saved /scratch/yuvraj17/windowed_npz_4096/train/ramspeed-all-events-run29_L4096_S2048.npz (13187 windows)
[OK] Saved /scratch/yuvraj17/windowed_npz_4096/train/scimark2-all-events-run5_L4096_S2048.npz (352 windows)
[OK] Saved /scratch/yuvraj17/windowed_npz_4096/train/compress-gzip-all-events-run19_L4096_S2048.npz (12088 windows)
[OK] Saved /scratch/yuvraj17/windowed_npz_4096/train/unpack-linux-all-events-run6_L4096_S2048.npz (3806 windows)
[OK] Saved /scratch/yuvraj17/windowed_npz_4096/train/unpack-linux-all-events-run24_L4096_S2048.npz (4111 windows)
[OK] Saved /scratch/yuvraj17/windowed_npz_4096/train/compress-gzip-all-events-run5_L4096_S2048.npz (12308 windows)
[OK] Saved /scratch/yuvraj17/windowed_npz_4096/train/scimark2-all-events-run25_L4096_S2048.npz (351 windows)
[OK] Saved /scratch/yuvraj17/windowed_npz_4096/train/compress-gzip-all-events-run12_L4096_S2048.npz (12255 windows)
[OK] Saved /scratch/yuvraj17/windowed_npz_4096/train/phpbench-all-events-run4_L4096_S2048.npz (5884 windows)
[OK] Saved /scratch/yuvraj17/windowed_npz_4096/train/ffmpeg-all-events-run0_L4096_S2048.npz (770 windows)
[OK] Saved /scratch/yuvraj17/windowed_npz_4096/train/ramspeed-all-events-run30_L4096_S2048.npz (13185 windows)
[OK] Saved /scratch/yuvraj17/windowed_npz_4096/train/ramspeed-all-events-run10_L4096_S2048.npz (13215 windows)
[OK] Saved /scratch/yuvraj17/windowed_npz_4096/train/scimark2-all-events-run23_L4096_S2048.npz (352 windows)
[OK] Saved /scratch/yuvraj17/windowed_npz_4096/train/stream-all-events-run17_L4096_S2048.npz (2312 windows)
[OK] Saved /scratch/yuvraj17/windowed_npz_4096/train/pybench-all-events-run18_L4096_S2048.npz (363 windows)
[OK] Saved /scratch/yuvraj17/windowed_npz_4096/train/ffmpeg-all-events-run8_L4096_S2048.npz (774 windows)
[OK] Saved /scratch/yuvraj17/windowed_npz_4096/train/pybench-all-events-run15_L4096_S2048.npz (346 windows)
[OK] Saved /scratch/yuvraj17/windowed_npz_4096/train/pybench-all-events-run0_L4096_S2048.npz (364 windows)
[OK] Saved /scratch/yuvraj17/windowed_npz_4096/train/unpack-linux-all-events-run29_L4096_S2048.npz (3759 windows)
[OK] Saved /scratch/yuvraj17/windowed_npz_4096/train/stream-all-events-run3_L4096_S2048.npz (2317 windows)
[OK] Saved /scratch/yuvraj17/windowed_npz_4096/train/iozone-all-events-run14_L4096_S2048.npz (4755 windows)
[OK] Saved /scratch/yuvraj17/windowed_npz_4096/train/stream-all-events-run5_L4096_S2048.npz (2329 windows)
[OK] Saved /scratch/yuvraj17/windowed_npz_4096/train/iozone-all-events-run0_L4096_S2048.npz (4756 windows)
[OK] Saved /scratch/yuvraj17/windowed_npz_4096/train/ffmpeg-all-events-run2_L4096_S2048.npz (774 windows)
[OK] Saved /scratch/yuvraj17/windowed_npz_4096/train/scimark2-all-events-run26_L4096_S2048.npz (365 windows)
[OK] Saved /scratch/yuvraj17/windowed_npz_4096/train/pybench-all-events-run6_L4096_S2048.npz (346 windows)
[OK] Saved /scratch/yuvraj17/windowed_npz_4096/train/ffmpeg-all-events-run16_L4096_S2048.npz (811 windows)
[OK] Saved /scratch/yuvraj17/windowed_npz_4096/train/phpbench-all-events-run5_L4096_S2048.npz (5818 windows)
[OK] Saved /scratch/yuvraj17/windowed_npz_4096/train/stream-all-events-run23_L4096_S2048.npz (2311 windows)
[OK] Saved /scratch/yuvraj17/windowed_npz_4096/train/pybench-all-events-run31_L4096_S2048.npz (360 windows)
[OK] Saved /scratch/yuvraj17/windowed_npz_4096/train/compress-gzip-all-events-run3_L4096_S2048.npz (12210 windows)
[OK] Saved /scratch/yuvraj17/windowed_npz_4096/train/stream-all-events-run28_L4096_S2048.npz (2316 windows)
[OK] Saved /scratch/yuvraj17/windowed_npz_4096/train/stream-all-events-run30_L4096_S2048.npz (2321 windows)
[OK] Saved /scratch/yuvraj17/windowed_npz_4096/train/iozone-all-events-run24_L4096_S2048.npz (4719 windows)
[OK] Saved /scratch/yuvraj17/windowed_npz_4096/train/ffmpeg-all-events-run15_L4096_S2048.npz (816 windows)
[OK] Saved /scratch/yuvraj17/windowed_npz_4096/train/scimark2-all-events-run3_L4096_S2048.npz (351 windows)
[OK] Saved /scratch/yuvraj17/windowed_npz_4096/train/stream-all-events-run18_L4096_S2048.npz (2312 windows)
[OK] Saved /scratch/yuvraj17/windowed_npz_4096/train/scimark2-all-events-run15_L4096_S2048.npz (351 windows)
[OK] Saved /scratch/yuvraj17/windowed_npz_4096/train/compress-gzip-all-events-run21_L4096_S2048.npz (12044 windows)
[OK] Saved /scratch/yuvraj17/windowed_npz_4096/train/ffmpeg-all-events-run22_L4096_S2048.npz (774 windows)
[OK] Saved /scratch/yuvraj17/windowed_npz_4096/train/iozone-all-events-run8_L4096_S2048.npz (4839 windows)
[OK] Saved /scratch/yuvraj17/windowed_npz_4096/train/stream-all-events-run31_L4096_S2048.npz (2329 windows)
[OK] Saved /scratch/yuvraj17/windowed_npz_4096/train/unpack-linux-all-events-run15_L4096_S2048.npz (3707 windows)
[OK] Saved /scratch/yuvraj17/windowed_npz_4096/train/scimark2-all-events-run17_L4096_S2048.npz (350 windows)
[OK] Saved /scratch/yuvraj17/windowed_npz_4096/train/ramspeed-all-events-run1_L4096_S2048.npz (13161 windows)
[OK] Saved /scratch/yuvraj17/windowed_npz_4096/train/ffmpeg-all-events-run19_L4096_S2048.npz (815 windows)
[OK] Saved /scratch/yuvraj17/windowed_npz_4096/train/scimark2-all-events-run31_L4096_S2048.npz (348 windows)
[OK] Saved /scratch/yuvraj17/windowed_npz_4096/train/pybench-all-events-run24_L4096_S2048.npz (350 windows)
[OK] Saved /scratch/yuvraj17/windowed_npz_4096/train/ramspeed-all-events-run8_L4096_S2048.npz (13223 windows)
[OK] Saved /scratch/yuvraj17/windowed_npz_4096/train/scimark2-all-events-run6_L4096_S2048.npz (352 windows)
[OK] Saved /scratch/yuvraj17/windowed_npz_4096/train/stream-all-events-run10_L4096_S2048.npz (2312 windows)
[OK] Saved /scratch/yuvraj17/windowed_npz_4096/train/compress-gzip-all-events-run11_L4096_S2048.npz (12264 windows)
[OK] Saved /scratch/yuvraj17/windowed_npz_4096/train/phpbench-all-events-run17_L4096_S2048.npz (5828 windows)
[OK] Saved /scratch/yuvraj17/windowed_npz_4096/train/ffmpeg-all-events-run28_L4096_S2048.npz (815 windows)
[OK] Saved /scratch/yuvraj17/windowed_npz_4096/train/pybench-all-events-run13_L4096_S2048.npz (363 windows)
[OK] Saved /scratch/yuvraj17/windowed_npz_4096/train/compress-gzip-all-events-run1_L4096_S2048.npz (12288 windows)
[OK] Saved /scratch/yuvraj17/windowed_npz_4096/train/unpack-linux-all-events-run20_L4096_S2048.npz (3742 windows)
--- Processing val ---
[OK] Saved /scratch/yuvraj17/windowed_npz_4096/val/phpbench-all-events-run15_L4096_S2048.npz (5831 windows)
[OK] Saved /scratch/yuvraj17/windowed_npz_4096/val/ffmpeg-all-events-run24_L4096_S2048.npz (814 windows)
[OK] Saved /scratch/yuvraj17/windowed_npz_4096/val/ramspeed-all-events-run11_L4096_S2048.npz (13124 windows)
[OK] Saved /scratch/yuvraj17/windowed_npz_4096/val/iozone-all-events-run23_L4096_S2048.npz (4739 windows)
[OK] Saved /scratch/yuvraj17/windowed_npz_4096/val/scimark2-all-events-run20_L4096_S2048.npz (369 windows)
[OK] Saved /scratch/yuvraj17/windowed_npz_4096/val/ffmpeg-all-events-run10_L4096_S2048.npz (820 windows)
[OK] Saved /scratch/yuvraj17/windowed_npz_4096/val/unpack-linux-all-events-run14_L4096_S2048.npz (4026 windows)
[OK] Saved /scratch/yuvraj17/windowed_npz_4096/val/compress-gzip-all-events-run15_L4096_S2048.npz (12212 windows)
[OK] Saved /scratch/yuvraj17/windowed_npz_4096/val/ramspeed-all-events-run19_L4096_S2048.npz (13200 windows)
[OK] Saved /scratch/yuvraj17/windowed_npz_4096/val/scimark2-all-events-run14_L4096_S2048.npz (363 windows)
[OK] Saved /scratch/yuvraj17/windowed_npz_4096/val/unpack-linux-all-events-run16_L4096_S2048.npz (3800 windows)
[OK] Saved /scratch/yuvraj17/windowed_npz_4096/val/phpbench-all-events-run21_L4096_S2048.npz (5829 windows)
[OK] Saved /scratch/yuvraj17/windowed_npz_4096/val/iozone-all-events-run5_L4096_S2048.npz (4758 windows)
[OK] Saved /scratch/yuvraj17/windowed_npz_4096/val/iozone-all-events-run26_L4096_S2048.npz (4787 windows)
[OK] Saved /scratch/yuvraj17/windowed_npz_4096/val/pybench-all-events-run1_L4096_S2048.npz (346 windows)
[OK] Saved /scratch/yuvraj17/windowed_npz_4096/val/ffmpeg-all-events-run27_L4096_S2048.npz (778 windows)
[OK] Saved /scratch/yuvraj17/windowed_npz_4096/val/iozone-all-events-run31_L4096_S2048.npz (4718 windows)
[OK] Saved /scratch/yuvraj17/windowed_npz_4096/val/compress-gzip-all-events-run16_L4096_S2048.npz (12087 windows)
[OK] Saved /scratch/yuvraj17/windowed_npz_4096/val/stream-all-events-run24_L4096_S2048.npz (2326 windows)
[OK] Saved /scratch/yuvraj17/windowed_npz_4096/val/compress-gzip-all-events-run20_L4096_S2048.npz (12176 windows)
[OK] Saved /scratch/yuvraj17/windowed_npz_4096/val/ffmpeg-all-events-run5_L4096_S2048.npz (813 windows)
[OK] Saved /scratch/yuvraj17/windowed_npz_4096/val/iozone-all-events-run30_L4096_S2048.npz (4704 windows)
[OK] Saved /scratch/yuvraj17/windowed_npz_4096/val/pybench-all-events-run11_L4096_S2048.npz (347 windows)
[OK] Saved /scratch/yuvraj17/windowed_npz_4096/val/compress-gzip-all-events-run24_L4096_S2048.npz (12158 windows)
[OK] Saved /scratch/yuvraj17/windowed_npz_4096/val/ramspeed-all-events-run14_L4096_S2048.npz (13165 windows)
[OK] Saved /scratch/yuvraj17/windowed_npz_4096/val/iozone-all-events-run16_L4096_S2048.npz (4779 windows)
[OK] Saved /scratch/yuvraj17/windowed_npz_4096/val/unpack-linux-all-events-run4_L4096_S2048.npz (3802 windows)
[OK] Saved /scratch/yuvraj17/windowed_npz_4096/val/pybench-all-events-run14_L4096_S2048.npz (346 windows)
--- Processing test ---
[OK] Saved /scratch/yuvraj17/windowed_npz_4096/test/unpack-linux-all-events-run26_L4096_S2048.npz (3764 windows)
[OK] Saved /scratch/yuvraj17/windowed_npz_4096/test/stream-all-events-run26_L4096_S2048.npz (2328 windows)
[OK] Saved /scratch/yuvraj17/windowed_npz_4096/test/ffmpeg-all-events-run29_L4096_S2048.npz (822 windows)
[OK] Saved /scratch/yuvraj17/windowed_npz_4096/test/ffmpeg-all-events-run25_L4096_S2048.npz (770 windows)
[OK] Saved /scratch/yuvraj17/windowed_npz_4096/test/ramspeed-all-events-run21_L4096_S2048.npz (13198 windows)
[OK] Saved /scratch/yuvraj17/windowed_npz_4096/test/ramspeed-all-events-run7_L4096_S2048.npz (13225 windows)
[OK] Saved /scratch/yuvraj17/windowed_npz_4096/test/ramspeed-all-events-run5_L4096_S2048.npz (13230 windows)
[OK] Saved /scratch/yuvraj17/windowed_npz_4096/test/ramspeed-all-events-run17_L4096_S2048.npz (13228 windows)
[OK] Saved /scratch/yuvraj17/windowed_npz_4096/test/ffmpeg-all-events-run4_L4096_S2048.npz (769 windows)
[OK] Saved /scratch/yuvraj17/windowed_npz_4096/test/ffmpeg-all-events-run23_L4096_S2048.npz (775 windows)
[OK] Saved /scratch/yuvraj17/windowed_npz_4096/test/stream-all-events-run19_L4096_S2048.npz (2324 windows)
[OK] Saved /scratch/yuvraj17/windowed_npz_4096/test/stream-all-events-run6_L4096_S2048.npz (2312 windows)
[OK] Saved /scratch/yuvraj17/windowed_npz_4096/test/compress-gzip-all-events-run28_L4096_S2048.npz (12189 windows)
[OK] Saved /scratch/yuvraj17/windowed_npz_4096/test/ramspeed-all-events-run0_L4096_S2048.npz (13233 windows)
[OK] Saved /scratch/yuvraj17/windowed_npz_4096/test/ramspeed-all-events-run9_L4096_S2048.npz (13234 windows)
[OK] Saved /scratch/yuvraj17/windowed_npz_4096/test/unpack-linux-all-events-run1_L4096_S2048.npz (4111 windows)
[OK] Saved /scratch/yuvraj17/windowed_npz_4096/test/pybench-all-events-run28_L4096_S2048.npz (350 windows)
[OK] Saved /scratch/yuvraj17/windowed_npz_4096/test/pybench-all-events-run10_L4096_S2048.npz (346 windows)
[OK] Saved /scratch/yuvraj17/windowed_npz_4096/test/pybench-all-events-run3_L4096_S2048.npz (345 windows)
[OK] Saved /scratch/yuvraj17/windowed_npz_4096/test/phpbench-all-events-run11_L4096_S2048.npz (5823 windows)
[OK] Saved /scratch/yuvraj17/windowed_npz_4096/test/iozone-all-events-run3_L4096_S2048.npz (4790 windows)
[OK] Saved /scratch/yuvraj17/windowed_npz_4096/test/scimark2-all-events-run29_L4096_S2048.npz (352 windows)
[OK] Saved /scratch/yuvraj17/windowed_npz_4096/test/phpbench-all-events-run31_L4096_S2048.npz (5812 windows)
[OK] Saved /scratch/yuvraj17/windowed_npz_4096/test/unpack-linux-all-events-run9_L4096_S2048.npz (3761 windows)
[OK] Saved /scratch/yuvraj17/windowed_npz_4096/test/compress-gzip-all-events-run27_L4096_S2048.npz (12212 windows)
[OK] Saved /scratch/yuvraj17/windowed_npz_4096/test/ramspeed-all-events-run6_L4096_S2048.npz (13230 windows)
[OK] Saved /scratch/yuvraj17/windowed_npz_4096/test/iozone-all-events-run15_L4096_S2048.npz (4696 windows)
[OK] Saved /scratch/yuvraj17/windowed_npz_4096/test/phpbench-all-events-run18_L4096_S2048.npz (5842 windows)
[OK] Saved /scratch/yuvraj17/windowed_npz_4096/test/unpack-linux-all-events-run21_L4096_S2048.npz (3754 windows)
[OK] Saved /scratch/yuvraj17/windowed_npz_4096/test/phpbench-all-events-run14_L4096_S2048.npz (5809 windows)
[INFO] Done.
