
========== RUN: diff-wcpu2 ==========
Time: Tue Jan  6 02:04:00 EST 2026
[RUN] diff-wcpu2
  ckpt: /project/def-naser2/yuvraj/SyntheticLogGeneration/outputs/diffusion_outputs/diff-wcpu2/checkpoints_discrete/compress-gzip/step_020000.pt
  -> /project/def-naser2/yuvraj/SyntheticLogGeneration/outputs/diffusion_outputs/diff-wcpu2/generated_traces/discrete/compress-gzip/synth_10000_T1000_seed123.npz
Device: cuda
[INFO] Sampling 10000 windows (L=200) in batches of 128 ...
[INFO] done 1280/10000
[INFO] done 2560/10000
[INFO] done 3840/10000
[INFO] done 5120/10000
[INFO] done 6400/10000
[INFO] done 7680/10000
[INFO] done 8960/10000
[INFO] done 10000/10000
[WRITE] /project/def-naser2/yuvraj/SyntheticLogGeneration/outputs/diffusion_outputs/diff-wcpu2/generated_traces/discrete/compress-gzip/synth_10000_T1000_seed123.npz (10000, 200)
[RANGE] event: 0 379
[RANGE] dt   : 0 255
[RANGE] cpu  : 0 3
    event (10000, 200) int32 min 0 max 379
    dt (10000, 200) uint8 min 0 max 255
    cpu (10000, 200) uint8 min 0 max 3
  -> /project/def-naser2/yuvraj/SyntheticLogGeneration/outputs/diffusion_outputs/diff-wcpu2/generated_traces/discrete/compress-gzip/synth_10000_T1000_seed456.npz
Device: cuda
[INFO] Sampling 10000 windows (L=200) in batches of 128 ...
[INFO] done 1280/10000
[INFO] done 2560/10000
[INFO] done 3840/10000
[INFO] done 5120/10000
[INFO] done 6400/10000
[INFO] done 7680/10000
[INFO] done 8960/10000
[INFO] done 10000/10000
[WRITE] /project/def-naser2/yuvraj/SyntheticLogGeneration/outputs/diffusion_outputs/diff-wcpu2/generated_traces/discrete/compress-gzip/synth_10000_T1000_seed456.npz (10000, 200)
[RANGE] event: 0 379
[RANGE] dt   : 0 253
[RANGE] cpu  : 0 3
    event (10000, 200) int32 min 0 max 379
    dt (10000, 200) uint8 min 0 max 253
    cpu (10000, 200) uint8 min 0 max 3
  -> /project/def-naser2/yuvraj/SyntheticLogGeneration/outputs/diffusion_outputs/diff-wcpu2/generated_traces/discrete/compress-gzip/synth_10000_T1000_seed789.npz
Device: cuda
[INFO] Sampling 10000 windows (L=200) in batches of 128 ...
[INFO] done 1280/10000
[INFO] done 2560/10000
[INFO] done 3840/10000
[INFO] done 5120/10000
[INFO] done 6400/10000
[INFO] done 7680/10000
[INFO] done 8960/10000
[INFO] done 10000/10000
[WRITE] /project/def-naser2/yuvraj/SyntheticLogGeneration/outputs/diffusion_outputs/diff-wcpu2/generated_traces/discrete/compress-gzip/synth_10000_T1000_seed789.npz (10000, 200)
[RANGE] event: 0 379
[RANGE] dt   : 0 254
[RANGE] cpu  : 0 3
    event (10000, 200) int32 min 0 max 379
    dt (10000, 200) uint8 min 0 max 254
    cpu (10000, 200) uint8 min 0 max 3
  -> /project/def-naser2/yuvraj/SyntheticLogGeneration/outputs/diffusion_outputs/diff-wcpu2/generated_traces/discrete/compress-gzip/synth_20000_T1000_seed123.npz
Device: cuda
[INFO] Sampling 20000 windows (L=200) in batches of 128 ...
[INFO] done 1280/20000
[INFO] done 2560/20000
[INFO] done 3840/20000
[INFO] done 5120/20000
[INFO] done 6400/20000
[INFO] done 7680/20000
[INFO] done 8960/20000
[INFO] done 10240/20000
[INFO] done 11520/20000
[INFO] done 12800/20000
[INFO] done 14080/20000
[INFO] done 15360/20000
[INFO] done 16640/20000
[INFO] done 17920/20000
[INFO] done 19200/20000
[INFO] done 20000/20000
[WRITE] /project/def-naser2/yuvraj/SyntheticLogGeneration/outputs/diffusion_outputs/diff-wcpu2/generated_traces/discrete/compress-gzip/synth_20000_T1000_seed123.npz (20000, 200)
[RANGE] event: 0 379
[RANGE] dt   : 0 255
[RANGE] cpu  : 0 3
    event (20000, 200) int32 min 0 max 379
    dt (20000, 200) uint8 min 0 max 255
    cpu (20000, 200) uint8 min 0 max 3
  -> /project/def-naser2/yuvraj/SyntheticLogGeneration/outputs/diffusion_outputs/diff-wcpu2/generated_traces/discrete/compress-gzip/synth_20000_T1000_seed456.npz
Device: cuda
[INFO] Sampling 20000 windows (L=200) in batches of 128 ...
[INFO] done 1280/20000
[INFO] done 2560/20000
[INFO] done 3840/20000
[INFO] done 5120/20000
[INFO] done 6400/20000
[INFO] done 7680/20000
[INFO] done 8960/20000
[INFO] done 10240/20000
[INFO] done 11520/20000
[INFO] done 12800/20000
[INFO] done 14080/20000
[INFO] done 15360/20000
[INFO] done 16640/20000
[INFO] done 17920/20000
[INFO] done 19200/20000
[INFO] done 20000/20000
[WRITE] /project/def-naser2/yuvraj/SyntheticLogGeneration/outputs/diffusion_outputs/diff-wcpu2/generated_traces/discrete/compress-gzip/synth_20000_T1000_seed456.npz (20000, 200)
[RANGE] event: 0 379
[RANGE] dt   : 0 255
[RANGE] cpu  : 0 3
    event (20000, 200) int32 min 0 max 379
    dt (20000, 200) uint8 min 0 max 255
    cpu (20000, 200) uint8 min 0 max 3
  -> /project/def-naser2/yuvraj/SyntheticLogGeneration/outputs/diffusion_outputs/diff-wcpu2/generated_traces/discrete/compress-gzip/synth_20000_T1000_seed789.npz
Device: cuda
[INFO] Sampling 20000 windows (L=200) in batches of 128 ...
[INFO] done 1280/20000
[INFO] done 2560/20000
[INFO] done 3840/20000
[INFO] done 5120/20000
[INFO] done 6400/20000
[INFO] done 7680/20000
[INFO] done 8960/20000
[INFO] done 10240/20000
[INFO] done 11520/20000
[INFO] done 12800/20000
[INFO] done 14080/20000
[INFO] done 15360/20000
[INFO] done 16640/20000
[INFO] done 17920/20000
[INFO] done 19200/20000
[INFO] done 20000/20000
[WRITE] /project/def-naser2/yuvraj/SyntheticLogGeneration/outputs/diffusion_outputs/diff-wcpu2/generated_traces/discrete/compress-gzip/synth_20000_T1000_seed789.npz (20000, 200)
[RANGE] event: 0 379
[RANGE] dt   : 0 254
[RANGE] cpu  : 0 3
    event (20000, 200) int32 min 0 max 379
    dt (20000, 200) uint8 min 0 max 254
    cpu (20000, 200) uint8 min 0 max 3
========== DONE RUN: diff-wcpu2 ==========
Time: Tue Jan  6 04:50:52 EST 2026
