Device: cuda
Train shards: 130
Total windows: 11971800
step 000050 | loss 42.3096 | mse 1.4602 | ce_event 13.9405 ce_dt 14.7071 ce_cpu 6.1009
step 000100 | loss 42.1861 | mse 1.4023 | ce_event 14.1488 ce_dt 15.1089 ce_cpu 5.7631
step 000150 | loss 23.9719 | mse 1.3684 | ce_event 9.9453 ce_dt 10.5841 ce_cpu 1.0371
step 000200 | loss 17.0702 | mse 1.3586 | ce_event 6.3623 ce_dt 7.2611 ce_cpu 1.0441
step 000250 | loss 25.9069 | mse 1.3133 | ce_event 10.0137 ce_dt 11.0532 ce_cpu 1.7634
step 000300 | loss 11.5619 | mse 1.2633 | ce_event 4.6354 ce_dt 4.8477 ce_cpu 0.4077
step 000350 | loss 10.7270 | mse 1.2461 | ce_event 3.7131 ce_dt 4.2201 ce_cpu 0.7739
step 000400 | loss 14.7823 | mse 1.2086 | ce_event 5.0382 ce_dt 6.2705 ce_cpu 1.1325
step 000450 | loss 15.9203 | mse 1.1950 | ce_event 5.7234 ce_dt 6.0146 ce_cpu 1.4936
step 000500 | loss 10.7601 | mse 1.1697 | ce_event 4.1695 ce_dt 4.2329 ce_cpu 0.5940
[SAVE] /project/def-naser2/yuvraj/SyntheticLogGeneration/outputs/diffusion_outputs/diff-wcpu2/checkpoints_discrete/compress-gzip/step_000500.pt
step 000550 | loss 9.2184 | mse 1.1332 | ce_event 3.4179 ce_dt 3.5238 ce_cpu 0.5718
step 000600 | loss 9.1063 | mse 1.1224 | ce_event 3.1100 ce_dt 3.5070 ce_cpu 0.6835
step 000650 | loss 8.2336 | mse 1.1171 | ce_event 2.6685 ce_dt 3.3013 ce_cpu 0.5733
step 000700 | loss 10.0059 | mse 1.0986 | ce_event 3.4271 ce_dt 3.7045 ce_cpu 0.8879
step 000750 | loss 8.5880 | mse 1.0881 | ce_event 3.0697 ce_dt 3.3110 ce_cpu 0.5596
step 000800 | loss 7.7142 | mse 1.0856 | ce_event 2.6532 ce_dt 3.1444 ce_cpu 0.4154
step 000850 | loss 11.2699 | mse 1.0808 | ce_event 3.9899 ce_dt 4.1195 ce_cpu 1.0398
step 000900 | loss 9.1384 | mse 1.0848 | ce_event 3.1934 ce_dt 3.4422 ce_cpu 0.7090
step 000950 | loss 9.6499 | mse 1.0756 | ce_event 3.2278 ce_dt 3.6381 ce_cpu 0.8542
step 001000 | loss 8.6859 | mse 1.0601 | ce_event 3.0639 ce_dt 3.2860 ce_cpu 0.6379
[SAVE] /project/def-naser2/yuvraj/SyntheticLogGeneration/outputs/diffusion_outputs/diff-wcpu2/checkpoints_discrete/compress-gzip/step_001000.pt
step 001050 | loss 7.4609 | mse 1.0659 | ce_event 2.6096 ce_dt 2.9334 ce_cpu 0.4260
step 001100 | loss 7.0186 | mse 1.0647 | ce_event 2.2934 ce_dt 2.6580 ce_cpu 0.5013
step 001150 | loss 8.0866 | mse 1.0674 | ce_event 2.5436 ce_dt 2.9541 ce_cpu 0.7608
step 001200 | loss 8.0533 | mse 1.0446 | ce_event 2.6120 ce_dt 2.9616 ce_cpu 0.7175
step 001250 | loss 7.5643 | mse 1.0524 | ce_event 2.5678 ce_dt 2.9244 ce_cpu 0.5098
step 001300 | loss 7.4968 | mse 1.0483 | ce_event 2.5588 ce_dt 2.8065 ce_cpu 0.5416
step 001350 | loss 6.7903 | mse 1.0510 | ce_event 2.2561 ce_dt 2.5681 ce_cpu 0.4575
step 001400 | loss 5.8181 | mse 1.0559 | ce_event 1.9141 ce_dt 2.2679 ce_cpu 0.2900
step 001450 | loss 7.1950 | mse 1.0482 | ce_event 2.4010 ce_dt 2.7196 ce_cpu 0.5131
step 001500 | loss 6.5273 | mse 1.0543 | ce_event 2.0958 ce_dt 2.5592 ce_cpu 0.4090
[SAVE] /project/def-naser2/yuvraj/SyntheticLogGeneration/outputs/diffusion_outputs/diff-wcpu2/checkpoints_discrete/compress-gzip/step_001500.pt
step 001550 | loss 6.7476 | mse 1.0466 | ce_event 2.2404 ce_dt 2.5074 ce_cpu 0.4766
step 001600 | loss 5.6015 | mse 1.0441 | ce_event 1.7264 ce_dt 2.1365 ce_cpu 0.3473
step 001650 | loss 6.4678 | mse 1.0326 | ce_event 2.1340 ce_dt 2.4883 ce_cpu 0.4065
step 001700 | loss 7.1486 | mse 1.0251 | ce_event 2.3026 ce_dt 2.7023 ce_cpu 0.5593
step 001750 | loss 6.8457 | mse 1.0404 | ce_event 2.3138 ce_dt 2.5740 ce_cpu 0.4588
step 001800 | loss 4.9971 | mse 1.0425 | ce_event 1.5770 ce_dt 1.9339 ce_cpu 0.2218
step 001850 | loss 7.3857 | mse 1.0311 | ce_event 2.4663 ce_dt 2.6658 ce_cpu 0.6112
step 001900 | loss 6.0336 | mse 1.0269 | ce_event 1.9936 ce_dt 2.2028 ce_cpu 0.4052
step 001950 | loss 5.6617 | mse 1.0359 | ce_event 1.9518 ce_dt 2.2349 ce_cpu 0.2196
step 002000 | loss 6.6224 | mse 1.0210 | ce_event 2.1841 ce_dt 2.5020 ce_cpu 0.4577
[SAVE] /project/def-naser2/yuvraj/SyntheticLogGeneration/outputs/diffusion_outputs/diff-wcpu2/checkpoints_discrete/compress-gzip/step_002000.pt
step 002050 | loss 5.4418 | mse 1.0358 | ce_event 1.7672 ce_dt 2.0297 ce_cpu 0.3046
step 002100 | loss 7.1202 | mse 1.0077 | ce_event 2.2445 ce_dt 2.6757 ce_cpu 0.5962
step 002150 | loss 5.7042 | mse 1.0321 | ce_event 1.8718 ce_dt 2.0694 ce_cpu 0.3655
step 002200 | loss 5.7500 | mse 1.0262 | ce_event 1.9028 ce_dt 2.1547 ce_cpu 0.3331
step 002250 | loss 7.5953 | mse 1.0164 | ce_event 2.6127 ce_dt 2.6134 ce_cpu 0.6764
step 002300 | loss 6.1128 | mse 1.0195 | ce_event 1.9621 ce_dt 2.2503 ce_cpu 0.4404
step 002350 | loss 5.1824 | mse 1.0204 | ce_event 1.6907 ce_dt 1.9606 ce_cpu 0.2553
step 002400 | loss 6.0488 | mse 1.0242 | ce_event 2.1237 ce_dt 2.2654 ce_cpu 0.3178
step 002450 | loss 6.3652 | mse 1.0053 | ce_event 2.1841 ce_dt 2.3950 ce_cpu 0.3904
step 002500 | loss 4.2688 | mse 1.0345 | ce_event 1.3109 ce_dt 1.4943 ce_cpu 0.2146
[SAVE] /project/def-naser2/yuvraj/SyntheticLogGeneration/outputs/diffusion_outputs/diff-wcpu2/checkpoints_discrete/compress-gzip/step_002500.pt
step 002550 | loss 6.5975 | mse 1.0090 | ce_event 2.1142 ce_dt 2.3428 ce_cpu 0.5658
step 002600 | loss 5.2679 | mse 1.0204 | ce_event 1.7061 ce_dt 1.9393 ce_cpu 0.3011
step 002650 | loss 4.9991 | mse 1.0182 | ce_event 1.5836 ce_dt 1.7751 ce_cpu 0.3111
step 002700 | loss 5.8910 | mse 1.0146 | ce_event 1.9356 ce_dt 2.2196 ce_cpu 0.3606
step 002750 | loss 4.6911 | mse 1.0248 | ce_event 1.4909 ce_dt 1.6796 ce_cpu 0.2479
step 002800 | loss 5.7779 | mse 1.0005 | ce_event 1.9439 ce_dt 2.1234 ce_cpu 0.3551
step 002850 | loss 6.3236 | mse 0.9910 | ce_event 2.0717 ce_dt 2.2946 ce_cpu 0.4831
step 002900 | loss 4.4336 | mse 1.0277 | ce_event 1.3977 ce_dt 1.6286 ce_cpu 0.1898
step 002950 | loss 5.3577 | mse 1.0035 | ce_event 1.7015 ce_dt 2.0068 ce_cpu 0.3230
step 003000 | loss 5.0624 | mse 1.0208 | ce_event 1.7159 ce_dt 1.7720 ce_cpu 0.2769
[SAVE] /project/def-naser2/yuvraj/SyntheticLogGeneration/outputs/diffusion_outputs/diff-wcpu2/checkpoints_discrete/compress-gzip/step_003000.pt
step 003050 | loss 5.7572 | mse 0.9944 | ce_event 1.9541 ce_dt 2.1505 ce_cpu 0.3291
step 003100 | loss 5.9402 | mse 1.0009 | ce_event 1.9860 ce_dt 2.1907 ce_cpu 0.3812
step 003150 | loss 5.5843 | mse 1.0074 | ce_event 1.7683 ce_dt 1.9722 ce_cpu 0.4182
step 003200 | loss 5.6731 | mse 1.0080 | ce_event 1.7132 ce_dt 1.9392 ce_cpu 0.5064
step 003250 | loss 5.2565 | mse 1.0134 | ce_event 1.8277 ce_dt 1.8758 ce_cpu 0.2698
step 003300 | loss 4.1419 | mse 1.0111 | ce_event 1.2599 ce_dt 1.4914 ce_cpu 0.1897
step 003350 | loss 5.8446 | mse 1.0070 | ce_event 1.8890 ce_dt 2.1902 ce_cpu 0.3792
step 003400 | loss 5.3860 | mse 1.0016 | ce_event 1.6865 ce_dt 1.9397 ce_cpu 0.3791
step 003450 | loss 6.2652 | mse 0.9952 | ce_event 1.9323 ce_dt 2.1049 ce_cpu 0.6164
step 003500 | loss 4.1699 | mse 1.0194 | ce_event 1.1875 ce_dt 1.3046 ce_cpu 0.3292
[SAVE] /project/def-naser2/yuvraj/SyntheticLogGeneration/outputs/diffusion_outputs/diff-wcpu2/checkpoints_discrete/compress-gzip/step_003500.pt
step 003550 | loss 5.9224 | mse 0.9880 | ce_event 1.8808 ce_dt 2.1031 ce_cpu 0.4753
step 003600 | loss 5.9436 | mse 1.0006 | ce_event 2.1651 ce_dt 2.0742 ce_cpu 0.3519
step 003650 | loss 4.6824 | mse 1.0014 | ce_event 1.4528 ce_dt 1.6944 ce_cpu 0.2670
step 003700 | loss 5.0307 | mse 0.9985 | ce_event 1.5432 ce_dt 1.7768 ce_cpu 0.3560
step 003750 | loss 4.8268 | mse 1.0002 | ce_event 1.4602 ce_dt 1.8173 ce_cpu 0.2745
step 003800 | loss 5.6584 | mse 0.9909 | ce_event 1.7684 ce_dt 2.0826 ce_cpu 0.4082
step 003850 | loss 5.4930 | mse 0.9948 | ce_event 1.7058 ce_dt 1.8467 ce_cpu 0.4728
step 003900 | loss 4.3160 | mse 1.0138 | ce_event 1.2486 ce_dt 1.4988 ce_cpu 0.2774
step 003950 | loss 4.8802 | mse 1.0030 | ce_event 1.4892 ce_dt 1.5948 ce_cpu 0.3966
step 004000 | loss 5.0499 | mse 0.9844 | ce_event 1.6576 ce_dt 1.8416 ce_cpu 0.2831
[SAVE] /project/def-naser2/yuvraj/SyntheticLogGeneration/outputs/diffusion_outputs/diff-wcpu2/checkpoints_discrete/compress-gzip/step_004000.pt
step 004050 | loss 5.0889 | mse 0.9948 | ce_event 1.6277 ce_dt 1.8541 ce_cpu 0.3062
step 004100 | loss 4.1502 | mse 1.0025 | ce_event 1.3223 ce_dt 1.4385 ce_cpu 0.1935
step 004150 | loss 5.8186 | mse 0.9823 | ce_event 1.8534 ce_dt 2.0905 ce_cpu 0.4462
step 004200 | loss 4.4170 | mse 0.9827 | ce_event 1.4034 ce_dt 1.5752 ce_cpu 0.2279
step 004250 | loss 4.7051 | mse 0.9541 | ce_event 1.6095 ce_dt 1.8187 ce_cpu 0.1614
step 004300 | loss 4.5718 | mse 1.0029 | ce_event 1.3459 ce_dt 1.4639 ce_cpu 0.3795
step 004350 | loss 5.4739 | mse 0.9659 | ce_event 2.0158 ce_dt 2.0344 ce_cpu 0.2289
step 004400 | loss 5.4000 | mse 0.9821 | ce_event 1.7377 ce_dt 1.9384 ce_cpu 0.3709
step 004450 | loss 4.4403 | mse 0.9766 | ce_event 1.2779 ce_dt 1.4639 ce_cpu 0.3609
step 004500 | loss 4.8448 | mse 0.9955 | ce_event 1.4779 ce_dt 1.7162 ce_cpu 0.3276
[SAVE] /project/def-naser2/yuvraj/SyntheticLogGeneration/outputs/diffusion_outputs/diff-wcpu2/checkpoints_discrete/compress-gzip/step_004500.pt
step 004550 | loss 4.8267 | mse 0.9849 | ce_event 1.4994 ce_dt 1.7748 ce_cpu 0.2838
step 004600 | loss 4.6469 | mse 0.9688 | ce_event 1.5021 ce_dt 1.6071 ce_cpu 0.2844
step 004650 | loss 3.9459 | mse 0.9794 | ce_event 1.1880 ce_dt 1.4000 ce_cpu 0.1893
step 004700 | loss 4.2229 | mse 0.9689 | ce_event 1.3091 ce_dt 1.4108 ce_cpu 0.2671
step 004750 | loss 3.4944 | mse 0.9831 | ce_event 1.0383 ce_dt 1.2021 ce_cpu 0.1355
step 004800 | loss 4.0393 | mse 0.9591 | ce_event 1.2314 ce_dt 1.4185 ce_cpu 0.2152
step 004850 | loss 4.2103 | mse 0.9571 | ce_event 1.3209 ce_dt 1.4291 ce_cpu 0.2516
step 004900 | loss 3.6073 | mse 0.9835 | ce_event 1.0842 ce_dt 1.1850 ce_cpu 0.1773
step 004950 | loss 5.2257 | mse 0.9490 | ce_event 1.6991 ce_dt 1.8099 ce_cpu 0.3838
step 005000 | loss 4.9293 | mse 0.9680 | ce_event 1.7022 ce_dt 1.5241 ce_cpu 0.3676
[SAVE] /project/def-naser2/yuvraj/SyntheticLogGeneration/outputs/diffusion_outputs/diff-wcpu2/checkpoints_discrete/compress-gzip/step_005000.pt
step 005050 | loss 3.7457 | mse 0.9580 | ce_event 1.0919 ce_dt 1.2696 ce_cpu 0.2132
step 005100 | loss 3.2164 | mse 0.9583 | ce_event 0.9408 ce_dt 1.0538 ce_cpu 0.1318
step 005150 | loss 4.0949 | mse 0.9420 | ce_event 1.3195 ce_dt 1.3943 ce_cpu 0.2195
step 005200 | loss 4.1005 | mse 0.9506 | ce_event 1.3118 ce_dt 1.3548 ce_cpu 0.2416
step 005250 | loss 3.3416 | mse 0.9362 | ce_event 1.0360 ce_dt 1.1025 ce_cpu 0.1335
step 005300 | loss 4.1786 | mse 0.9133 | ce_event 1.3133 ce_dt 1.5247 ce_cpu 0.2137
step 005350 | loss 4.3069 | mse 0.9223 | ce_event 1.2966 ce_dt 1.5135 ce_cpu 0.2873
step 005400 | loss 3.0959 | mse 0.9311 | ce_event 0.9230 ce_dt 1.0046 ce_cpu 0.1186
step 005450 | loss 2.8553 | mse 0.8928 | ce_event 0.8291 ce_dt 0.8956 ce_cpu 0.1189
step 005500 | loss 4.4802 | mse 0.8956 | ce_event 1.3863 ce_dt 1.6583 ce_cpu 0.2700
[SAVE] /project/def-naser2/yuvraj/SyntheticLogGeneration/outputs/diffusion_outputs/diff-wcpu2/checkpoints_discrete/compress-gzip/step_005500.pt
step 005550 | loss 3.8111 | mse 0.9068 | ce_event 1.2249 ce_dt 1.2974 ce_cpu 0.1910
step 005600 | loss 4.0633 | mse 0.9072 | ce_event 1.2109 ce_dt 1.4324 ce_cpu 0.2565
step 005650 | loss 4.0375 | mse 0.9027 | ce_event 1.2319 ce_dt 1.3177 ce_cpu 0.2926
step 005700 | loss 4.0860 | mse 0.8930 | ce_event 1.2398 ce_dt 1.3677 ce_cpu 0.2927
step 005750 | loss 2.8449 | mse 0.8965 | ce_event 0.7847 ce_dt 0.9053 ce_cpu 0.1291
step 005800 | loss 4.2388 | mse 0.9097 | ce_event 1.2635 ce_dt 1.5136 ce_cpu 0.2760
step 005850 | loss 3.6477 | mse 0.8891 | ce_event 1.0562 ce_dt 1.1897 ce_cpu 0.2564
step 005900 | loss 3.4363 | mse 0.8693 | ce_event 0.9404 ce_dt 1.1226 ce_cpu 0.2520
step 005950 | loss 3.2410 | mse 0.8488 | ce_event 0.9440 ce_dt 1.1060 ce_cpu 0.1711
step 006000 | loss 3.1664 | mse 0.8786 | ce_event 0.9021 ce_dt 1.0963 ce_cpu 0.1447
[SAVE] /project/def-naser2/yuvraj/SyntheticLogGeneration/outputs/diffusion_outputs/diff-wcpu2/checkpoints_discrete/compress-gzip/step_006000.pt
step 006050 | loss 3.8405 | mse 0.8681 | ce_event 1.2057 ce_dt 1.3451 ce_cpu 0.2108
step 006100 | loss 3.1264 | mse 0.8479 | ce_event 0.9720 ce_dt 1.0721 ce_cpu 0.1172
step 006150 | loss 3.5682 | mse 0.8289 | ce_event 1.2503 ce_dt 1.2506 ce_cpu 0.1192
step 006200 | loss 3.1648 | mse 0.8502 | ce_event 0.9505 ce_dt 1.1602 ce_cpu 0.1019
step 006250 | loss 3.1602 | mse 0.8507 | ce_event 0.9189 ce_dt 1.0239 ce_cpu 0.1833
step 006300 | loss 3.7631 | mse 0.8313 | ce_event 1.2102 ce_dt 1.3072 ce_cpu 0.2073
step 006350 | loss 3.9968 | mse 0.8234 | ce_event 1.2453 ce_dt 1.3839 ce_cpu 0.2721
step 006400 | loss 3.3833 | mse 0.8475 | ce_event 0.9439 ce_dt 1.0778 ce_cpu 0.2571
step 006450 | loss 2.7297 | mse 0.8569 | ce_event 0.7684 ce_dt 0.8920 ce_cpu 0.1062
step 006500 | loss 3.4998 | mse 0.8213 | ce_event 1.0630 ce_dt 1.2734 ce_cpu 0.1710
[SAVE] /project/def-naser2/yuvraj/SyntheticLogGeneration/outputs/diffusion_outputs/diff-wcpu2/checkpoints_discrete/compress-gzip/step_006500.pt
step 006550 | loss 3.3561 | mse 0.8032 | ce_event 1.1169 ce_dt 1.1712 ce_cpu 0.1324
step 006600 | loss 3.9260 | mse 0.8492 | ce_event 1.2066 ce_dt 1.4512 ce_cpu 0.2095
step 006650 | loss 3.1482 | mse 0.8332 | ce_event 0.9507 ce_dt 1.0432 ce_cpu 0.1605
step 006700 | loss 3.1234 | mse 0.8180 | ce_event 1.0181 ce_dt 1.0501 ce_cpu 0.1186
step 006750 | loss 3.7361 | mse 0.8190 | ce_event 1.0107 ce_dt 1.2373 ce_cpu 0.3346
step 006800 | loss 3.6082 | mse 0.7939 | ce_event 1.1629 ce_dt 1.2677 ce_cpu 0.1919
step 006850 | loss 3.9101 | mse 0.7802 | ce_event 1.2517 ce_dt 1.4740 ce_cpu 0.2021
step 006900 | loss 4.1470 | mse 0.7791 | ce_event 1.3053 ce_dt 1.5178 ce_cpu 0.2724
step 006950 | loss 3.1243 | mse 0.7715 | ce_event 0.9401 ce_dt 1.0537 ce_cpu 0.1795
step 007000 | loss 3.5668 | mse 0.7936 | ce_event 0.9624 ce_dt 1.0864 ce_cpu 0.3622
[SAVE] /project/def-naser2/yuvraj/SyntheticLogGeneration/outputs/diffusion_outputs/diff-wcpu2/checkpoints_discrete/compress-gzip/step_007000.pt
step 007050 | loss 3.3650 | mse 0.7863 | ce_event 1.0386 ce_dt 1.1437 ce_cpu 0.1982
step 007100 | loss 4.0822 | mse 0.7902 | ce_event 1.2564 ce_dt 1.3996 ce_cpu 0.3180
step 007150 | loss 3.5017 | mse 0.7478 | ce_event 0.9932 ce_dt 1.3420 ce_cpu 0.2093
step 007200 | loss 3.4354 | mse 0.7728 | ce_event 1.0406 ce_dt 1.1463 ce_cpu 0.2378
step 007250 | loss 2.8539 | mse 0.7429 | ce_event 0.7864 ce_dt 0.9303 ce_cpu 0.1971
step 007300 | loss 3.3285 | mse 0.7961 | ce_event 1.0999 ce_dt 1.1823 ce_cpu 0.1251
step 007350 | loss 3.2332 | mse 0.7867 | ce_event 1.0036 ce_dt 1.1646 ce_cpu 0.1391
step 007400 | loss 2.9590 | mse 0.7275 | ce_event 0.9075 ce_dt 1.0740 ce_cpu 0.1250
step 007450 | loss 2.7209 | mse 0.7604 | ce_event 0.8293 ce_dt 0.9437 ce_cpu 0.0938
step 007500 | loss 2.8897 | mse 0.7319 | ce_event 0.8484 ce_dt 0.8735 ce_cpu 0.2179
[SAVE] /project/def-naser2/yuvraj/SyntheticLogGeneration/outputs/diffusion_outputs/diff-wcpu2/checkpoints_discrete/compress-gzip/step_007500.pt
step 007550 | loss 2.5303 | mse 0.7912 | ce_event 0.6793 ce_dt 0.8431 ce_cpu 0.1084
step 007600 | loss 3.0089 | mse 0.7558 | ce_event 0.9288 ce_dt 1.0314 ce_cpu 0.1465
step 007650 | loss 3.2975 | mse 0.7283 | ce_event 1.0609 ce_dt 1.2227 ce_cpu 0.1428
step 007700 | loss 2.8662 | mse 0.7384 | ce_event 0.9755 ce_dt 1.0544 ce_cpu 0.0489
step 007750 | loss 2.7662 | mse 0.7623 | ce_event 0.8116 ce_dt 0.9465 ce_cpu 0.1229
step 007800 | loss 3.2328 | mse 0.7494 | ce_event 0.9925 ce_dt 1.1107 ce_cpu 0.1901
step 007850 | loss 2.8838 | mse 0.7480 | ce_event 0.8568 ce_dt 1.0151 ce_cpu 0.1320
step 007900 | loss 2.3036 | mse 0.7303 | ce_event 0.6753 ce_dt 0.7563 ce_cpu 0.0708
step 007950 | loss 3.5660 | mse 0.7605 | ce_event 1.1707 ce_dt 1.2856 ce_cpu 0.1746
step 008000 | loss 2.9182 | mse 0.7281 | ce_event 0.8855 ce_dt 0.9609 ce_cpu 0.1718
[SAVE] /project/def-naser2/yuvraj/SyntheticLogGeneration/outputs/diffusion_outputs/diff-wcpu2/checkpoints_discrete/compress-gzip/step_008000.pt
step 008050 | loss 2.5643 | mse 0.7341 | ce_event 0.7357 ce_dt 0.8352 ce_cpu 0.1297
step 008100 | loss 4.0621 | mse 0.7379 | ce_event 1.2801 ce_dt 1.4536 ce_cpu 0.2952
step 008150 | loss 3.1868 | mse 0.7058 | ce_event 1.0098 ce_dt 1.2103 ce_cpu 0.1304
step 008200 | loss 3.0657 | mse 0.7212 | ce_event 0.9250 ce_dt 1.0592 ce_cpu 0.1801
step 008250 | loss 3.2882 | mse 0.7059 | ce_event 1.0015 ce_dt 1.1823 ce_cpu 0.1992
step 008300 | loss 2.9711 | mse 0.7011 | ce_event 0.9248 ce_dt 1.0163 ce_cpu 0.1644
step 008350 | loss 2.7200 | mse 0.6930 | ce_event 0.8641 ce_dt 0.9144 ce_cpu 0.1242
step 008400 | loss 3.5081 | mse 0.6594 | ce_event 1.1456 ce_dt 1.2871 ce_cpu 0.2080
step 008450 | loss 2.9912 | mse 0.7010 | ce_event 0.8940 ce_dt 1.0500 ce_cpu 0.1731
step 008500 | loss 2.9057 | mse 0.7228 | ce_event 0.8961 ce_dt 1.0271 ce_cpu 0.1299
[SAVE] /project/def-naser2/yuvraj/SyntheticLogGeneration/outputs/diffusion_outputs/diff-wcpu2/checkpoints_discrete/compress-gzip/step_008500.pt
step 008550 | loss 3.5691 | mse 0.6765 | ce_event 1.1643 ce_dt 1.3021 ce_cpu 0.2131
step 008600 | loss 2.2792 | mse 0.7213 | ce_event 0.6634 ce_dt 0.7476 ce_cpu 0.0735
step 008650 | loss 3.7297 | mse 0.7055 | ce_event 1.2251 ce_dt 1.2950 ce_cpu 0.2521
step 008700 | loss 2.4739 | mse 0.6825 | ce_event 0.6872 ce_dt 0.8437 ce_cpu 0.1303
step 008750 | loss 2.4676 | mse 0.6559 | ce_event 0.7818 ce_dt 0.8755 ce_cpu 0.0772
step 008800 | loss 4.0291 | mse 0.6755 | ce_event 1.2491 ce_dt 1.4169 ce_cpu 0.3438
step 008850 | loss 2.3841 | mse 0.6884 | ce_event 0.6808 ce_dt 0.7798 ce_cpu 0.1175
step 008900 | loss 2.9918 | mse 0.6624 | ce_event 0.9756 ce_dt 1.0822 ce_cpu 0.1358
step 008950 | loss 3.1128 | mse 0.6484 | ce_event 0.9469 ce_dt 1.1182 ce_cpu 0.1996
step 009000 | loss 2.9924 | mse 0.6651 | ce_event 0.9646 ce_dt 1.1349 ce_cpu 0.1139
[SAVE] /project/def-naser2/yuvraj/SyntheticLogGeneration/outputs/diffusion_outputs/diff-wcpu2/checkpoints_discrete/compress-gzip/step_009000.pt
step 009050 | loss 3.0738 | mse 0.6414 | ce_event 0.9742 ce_dt 1.0696 ce_cpu 0.1943
step 009100 | loss 3.3094 | mse 0.6561 | ce_event 1.1457 ce_dt 1.1617 ce_cpu 0.1730
step 009150 | loss 2.9147 | mse 0.6227 | ce_event 0.9710 ce_dt 1.0661 ce_cpu 0.1274
step 009200 | loss 2.1374 | mse 0.6303 | ce_event 0.6139 ce_dt 0.7308 ce_cpu 0.0812
step 009250 | loss 2.9033 | mse 0.6291 | ce_event 0.9660 ce_dt 1.0704 ce_cpu 0.1189
step 009300 | loss 2.2686 | mse 0.6382 | ce_event 0.6886 ce_dt 0.7905 ce_cpu 0.0757
step 009350 | loss 3.1846 | mse 0.6432 | ce_event 0.9454 ce_dt 1.1148 ce_cpu 0.2406
step 009400 | loss 3.2962 | mse 0.6293 | ce_event 1.0568 ce_dt 1.1304 ce_cpu 0.2398
step 009450 | loss 2.6898 | mse 0.6459 | ce_event 0.8427 ce_dt 0.9055 ce_cpu 0.1479
step 009500 | loss 2.6958 | mse 0.5956 | ce_event 0.9232 ce_dt 1.0007 ce_cpu 0.0882
[SAVE] /project/def-naser2/yuvraj/SyntheticLogGeneration/outputs/diffusion_outputs/diff-wcpu2/checkpoints_discrete/compress-gzip/step_009500.pt
step 009550 | loss 2.1026 | mse 0.6330 | ce_event 0.6730 ce_dt 0.6911 ce_cpu 0.0527
step 009600 | loss 2.6440 | mse 0.6215 | ce_event 0.8627 ce_dt 0.9688 ce_cpu 0.0955
step 009650 | loss 2.9314 | mse 0.5982 | ce_event 0.9563 ce_dt 1.0677 ce_cpu 0.1546
step 009700 | loss 2.5756 | mse 0.5967 | ce_event 0.7548 ce_dt 0.9572 ce_cpu 0.1334
step 009750 | loss 2.8655 | mse 0.5881 | ce_event 0.9011 ce_dt 1.0067 ce_cpu 0.1848
step 009800 | loss 2.3608 | mse 0.5712 | ce_event 0.7170 ce_dt 0.8319 ce_cpu 0.1203
step 009850 | loss 2.5971 | mse 0.5867 | ce_event 0.8329 ce_dt 0.9792 ce_cpu 0.0991
step 009900 | loss 2.4558 | mse 0.5898 | ce_event 0.7559 ce_dt 0.8007 ce_cpu 0.1547
step 009950 | loss 2.8347 | mse 0.5960 | ce_event 0.9543 ce_dt 1.0734 ce_cpu 0.1055
step 010000 | loss 2.1511 | mse 0.6492 | ce_event 0.6291 ce_dt 0.6765 ce_cpu 0.0982
[SAVE] /project/def-naser2/yuvraj/SyntheticLogGeneration/outputs/diffusion_outputs/diff-wcpu2/checkpoints_discrete/compress-gzip/step_010000.pt
step 010050 | loss 2.6380 | mse 0.5864 | ce_event 0.8530 ce_dt 0.9803 ce_cpu 0.1092
step 010100 | loss 2.3122 | mse 0.5502 | ce_event 0.7195 ce_dt 0.8020 ce_cpu 0.1202
step 010150 | loss 2.7946 | mse 0.6156 | ce_event 0.8740 ce_dt 0.9637 ce_cpu 0.1707
step 010200 | loss 2.8566 | mse 0.5791 | ce_event 0.8631 ce_dt 0.9944 ce_cpu 0.2100
step 010250 | loss 2.7205 | mse 0.5627 | ce_event 0.9579 ce_dt 0.9778 ce_cpu 0.1111
step 010300 | loss 2.7923 | mse 0.5750 | ce_event 0.8862 ce_dt 0.9757 ce_cpu 0.1777
step 010350 | loss 2.9884 | mse 0.5452 | ce_event 1.0030 ce_dt 1.1438 ce_cpu 0.1482
step 010400 | loss 1.7928 | mse 0.5258 | ce_event 0.5228 ce_dt 0.5918 ce_cpu 0.0762
step 010450 | loss 2.5307 | mse 0.5871 | ce_event 0.8054 ce_dt 0.9362 ce_cpu 0.1010
step 010500 | loss 2.4713 | mse 0.5702 | ce_event 0.7232 ce_dt 0.8475 ce_cpu 0.1652
[SAVE] /project/def-naser2/yuvraj/SyntheticLogGeneration/outputs/diffusion_outputs/diff-wcpu2/checkpoints_discrete/compress-gzip/step_010500.pt
step 010550 | loss 3.0128 | mse 0.5512 | ce_event 0.9352 ce_dt 1.0933 ce_cpu 0.2165
step 010600 | loss 2.5261 | mse 0.5715 | ce_event 0.7736 ce_dt 0.9067 ce_cpu 0.1372
step 010650 | loss 2.5357 | mse 0.5266 | ce_event 0.8245 ce_dt 1.0141 ce_cpu 0.0853
step 010700 | loss 2.1389 | mse 0.5748 | ce_event 0.6269 ce_dt 0.7258 ce_cpu 0.1057
step 010750 | loss 3.0645 | mse 0.5297 | ce_event 1.0025 ce_dt 1.1369 ce_cpu 0.1977
step 010800 | loss 2.5907 | mse 0.5621 | ce_event 0.8665 ce_dt 0.9414 ce_cpu 0.1104
step 010850 | loss 2.5819 | mse 0.5202 | ce_event 0.7903 ce_dt 0.9736 ce_cpu 0.1489
step 010900 | loss 2.4383 | mse 0.5057 | ce_event 0.7174 ce_dt 0.8726 ce_cpu 0.1713
step 010950 | loss 1.7508 | mse 0.5060 | ce_event 0.5301 ce_dt 0.5631 ce_cpu 0.0758
step 011000 | loss 2.0600 | mse 0.5260 | ce_event 0.5880 ce_dt 0.7447 ce_cpu 0.1007
[SAVE] /project/def-naser2/yuvraj/SyntheticLogGeneration/outputs/diffusion_outputs/diff-wcpu2/checkpoints_discrete/compress-gzip/step_011000.pt
step 011050 | loss 2.6205 | mse 0.5287 | ce_event 0.8566 ce_dt 1.0085 ce_cpu 0.1134
step 011100 | loss 2.1348 | mse 0.4935 | ce_event 0.6755 ce_dt 0.7872 ce_cpu 0.0893
step 011150 | loss 2.8502 | mse 0.4898 | ce_event 0.9939 ce_dt 1.1917 ce_cpu 0.0873
step 011200 | loss 2.6865 | mse 0.4983 | ce_event 0.9278 ce_dt 1.0007 ce_cpu 0.1299
step 011250 | loss 3.2783 | mse 0.5317 | ce_event 1.1419 ce_dt 1.2442 ce_cpu 0.1803
step 011300 | loss 2.0323 | mse 0.5085 | ce_event 0.6418 ce_dt 0.6770 ce_cpu 0.1025
step 011350 | loss 2.5071 | mse 0.5079 | ce_event 0.7900 ce_dt 0.9471 ce_cpu 0.1311
step 011400 | loss 3.1930 | mse 0.4806 | ce_event 1.0536 ce_dt 1.1806 ce_cpu 0.2391
step 011450 | loss 2.3002 | mse 0.4579 | ce_event 0.7472 ce_dt 0.8130 ce_cpu 0.1411
step 011500 | loss 2.2565 | mse 0.5197 | ce_event 0.7431 ce_dt 0.7676 ce_cpu 0.1131
[SAVE] /project/def-naser2/yuvraj/SyntheticLogGeneration/outputs/diffusion_outputs/diff-wcpu2/checkpoints_discrete/compress-gzip/step_011500.pt
step 011550 | loss 2.0957 | mse 0.5344 | ce_event 0.6216 ce_dt 0.7215 ce_cpu 0.1091
step 011600 | loss 2.9673 | mse 0.4803 | ce_event 0.9924 ce_dt 1.1388 ce_cpu 0.1779
step 011650 | loss 2.2389 | mse 0.4855 | ce_event 0.7220 ce_dt 0.8210 ce_cpu 0.1052
step 011700 | loss 2.8488 | mse 0.4941 | ce_event 0.9171 ce_dt 1.1091 ce_cpu 0.1643
step 011750 | loss 2.9174 | mse 0.4858 | ce_event 0.9061 ce_dt 1.0864 ce_cpu 0.2195
step 011800 | loss 2.1342 | mse 0.4433 | ce_event 0.7143 ce_dt 0.8138 ce_cpu 0.0814
step 011850 | loss 2.6093 | mse 0.4767 | ce_event 0.8601 ce_dt 1.0413 ce_cpu 0.1156
step 011900 | loss 1.8494 | mse 0.4417 | ce_event 0.5865 ce_dt 0.6685 ce_cpu 0.0763
step 011950 | loss 2.8963 | mse 0.4613 | ce_event 0.9484 ce_dt 1.0637 ce_cpu 0.2115
step 012000 | loss 2.0779 | mse 0.4300 | ce_event 0.7127 ce_dt 0.7838 ce_cpu 0.0757
[SAVE] /project/def-naser2/yuvraj/SyntheticLogGeneration/outputs/diffusion_outputs/diff-wcpu2/checkpoints_discrete/compress-gzip/step_012000.pt
step 012050 | loss 1.8294 | mse 0.4163 | ce_event 0.5629 ce_dt 0.6450 ce_cpu 0.1026
step 012100 | loss 2.6840 | mse 0.4622 | ce_event 0.8427 ce_dt 0.9600 ce_cpu 0.2095
step 012150 | loss 2.4207 | mse 0.4593 | ce_event 0.7216 ce_dt 0.8769 ce_cpu 0.1815
step 012200 | loss 3.0767 | mse 0.4453 | ce_event 1.0519 ce_dt 1.1949 ce_cpu 0.1923
step 012250 | loss 2.8720 | mse 0.3976 | ce_event 1.0242 ce_dt 1.1264 ce_cpu 0.1618
step 012300 | loss 2.3907 | mse 0.4346 | ce_event 0.8251 ce_dt 0.9001 ce_cpu 0.1155
step 012350 | loss 2.4166 | mse 0.4282 | ce_event 0.7730 ce_dt 0.9046 ce_cpu 0.1554
step 012400 | loss 1.9984 | mse 0.4198 | ce_event 0.7063 ce_dt 0.7560 ce_cpu 0.0581
step 012450 | loss 2.7519 | mse 0.4185 | ce_event 0.9712 ce_dt 1.0858 ce_cpu 0.1382
step 012500 | loss 2.1940 | mse 0.4263 | ce_event 0.7099 ce_dt 0.8424 ce_cpu 0.1077
[SAVE] /project/def-naser2/yuvraj/SyntheticLogGeneration/outputs/diffusion_outputs/diff-wcpu2/checkpoints_discrete/compress-gzip/step_012500.pt
step 012550 | loss 1.5218 | mse 0.3987 | ce_event 0.4586 ce_dt 0.5024 ce_cpu 0.0810
step 012600 | loss 2.2268 | mse 0.4258 | ce_event 0.6788 ce_dt 0.7844 ce_cpu 0.1689
step 012650 | loss 1.9363 | mse 0.4025 | ce_event 0.5648 ce_dt 0.6405 ce_cpu 0.1642
step 012700 | loss 2.5476 | mse 0.4072 | ce_event 0.8944 ce_dt 1.0026 ce_cpu 0.1217
step 012750 | loss 2.0877 | mse 0.4013 | ce_event 0.6937 ce_dt 0.8098 ce_cpu 0.0914
step 012800 | loss 2.4793 | mse 0.4262 | ce_event 0.8280 ce_dt 0.9934 ce_cpu 0.1158
step 012850 | loss 2.2639 | mse 0.3947 | ce_event 0.7798 ce_dt 0.8293 ce_cpu 0.1300
step 012900 | loss 2.2176 | mse 0.4400 | ce_event 0.7310 ce_dt 0.8062 ce_cpu 0.1203
step 012950 | loss 1.2835 | mse 0.4193 | ce_event 0.3354 ce_dt 0.4373 ce_cpu 0.0457
step 013000 | loss 1.9600 | mse 0.4044 | ce_event 0.7066 ce_dt 0.7355 ce_cpu 0.0568
[SAVE] /project/def-naser2/yuvraj/SyntheticLogGeneration/outputs/diffusion_outputs/diff-wcpu2/checkpoints_discrete/compress-gzip/step_013000.pt
step 013050 | loss 1.8689 | mse 0.3857 | ce_event 0.5641 ce_dt 0.6801 ce_cpu 0.1195
step 013100 | loss 2.1089 | mse 0.3906 | ce_event 0.6862 ce_dt 0.7986 ce_cpu 0.1167
step 013150 | loss 2.2072 | mse 0.3789 | ce_event 0.7430 ce_dt 0.8604 ce_cpu 0.1124
step 013200 | loss 2.1631 | mse 0.3964 | ce_event 0.7519 ce_dt 0.8439 ce_cpu 0.0854
step 013250 | loss 1.8450 | mse 0.3731 | ce_event 0.6322 ce_dt 0.6728 ce_cpu 0.0835
step 013300 | loss 1.7429 | mse 0.3814 | ce_event 0.5847 ce_dt 0.7009 ce_cpu 0.0379
step 013350 | loss 2.9724 | mse 0.3766 | ce_event 1.0131 ce_dt 1.1500 ce_cpu 0.2164
step 013400 | loss 2.7167 | mse 0.3948 | ce_event 0.8632 ce_dt 1.0024 ce_cpu 0.2281
step 013450 | loss 2.0407 | mse 0.4081 | ce_event 0.6429 ce_dt 0.7705 ce_cpu 0.1096
step 013500 | loss 2.1218 | mse 0.3555 | ce_event 0.6538 ce_dt 0.8351 ce_cpu 0.1387
[SAVE] /project/def-naser2/yuvraj/SyntheticLogGeneration/outputs/diffusion_outputs/diff-wcpu2/checkpoints_discrete/compress-gzip/step_013500.pt
step 013550 | loss 1.5665 | mse 0.3626 | ce_event 0.5297 ce_dt 0.5671 ce_cpu 0.0535
step 013600 | loss 2.2456 | mse 0.3623 | ce_event 0.7362 ce_dt 0.8646 ce_cpu 0.1413
step 013650 | loss 2.5229 | mse 0.3619 | ce_event 0.8057 ce_dt 0.9970 ce_cpu 0.1792
step 013700 | loss 2.3666 | mse 0.3588 | ce_event 0.8197 ce_dt 0.9617 ce_cpu 0.1132
step 013750 | loss 1.6563 | mse 0.3583 | ce_event 0.5724 ce_dt 0.6234 ce_cpu 0.0511
step 013800 | loss 2.1766 | mse 0.3650 | ce_event 0.7363 ce_dt 0.8008 ce_cpu 0.1373
step 013850 | loss 2.0052 | mse 0.3591 | ce_event 0.6632 ce_dt 0.7516 ce_cpu 0.1157
step 013900 | loss 1.9726 | mse 0.3481 | ce_event 0.6637 ce_dt 0.7804 ce_cpu 0.0902
step 013950 | loss 1.9754 | mse 0.3630 | ce_event 0.6989 ce_dt 0.7458 ce_cpu 0.0839
step 014000 | loss 1.4950 | mse 0.3222 | ce_event 0.4788 ce_dt 0.5807 ce_cpu 0.0566
[SAVE] /project/def-naser2/yuvraj/SyntheticLogGeneration/outputs/diffusion_outputs/diff-wcpu2/checkpoints_discrete/compress-gzip/step_014000.pt
step 014050 | loss 1.8160 | mse 0.3580 | ce_event 0.6054 ce_dt 0.6799 ce_cpu 0.0863
step 014100 | loss 1.3933 | mse 0.3129 | ce_event 0.4677 ce_dt 0.5011 ce_cpu 0.0558
step 014150 | loss 2.0923 | mse 0.3294 | ce_event 0.7022 ce_dt 0.7952 ce_cpu 0.1328
step 014200 | loss 2.0301 | mse 0.3669 | ce_event 0.7090 ce_dt 0.7904 ce_cpu 0.0819
step 014250 | loss 1.6073 | mse 0.3305 | ce_event 0.5283 ce_dt 0.5525 ce_cpu 0.0980
step 014300 | loss 1.6450 | mse 0.3147 | ce_event 0.5457 ce_dt 0.6073 ce_cpu 0.0887
step 014350 | loss 1.9057 | mse 0.3433 | ce_event 0.6595 ce_dt 0.7433 ce_cpu 0.0798
step 014400 | loss 1.4861 | mse 0.3278 | ce_event 0.5242 ce_dt 0.5483 ce_cpu 0.0429
step 014450 | loss 1.9056 | mse 0.3191 | ce_event 0.6540 ce_dt 0.7494 ce_cpu 0.0915
step 014500 | loss 1.9782 | mse 0.3384 | ce_event 0.6284 ce_dt 0.7378 ce_cpu 0.1368
[SAVE] /project/def-naser2/yuvraj/SyntheticLogGeneration/outputs/diffusion_outputs/diff-wcpu2/checkpoints_discrete/compress-gzip/step_014500.pt
step 014550 | loss 1.6287 | mse 0.3285 | ce_event 0.5630 ce_dt 0.6139 ce_cpu 0.0617
step 014600 | loss 2.2390 | mse 0.3331 | ce_event 0.7277 ce_dt 0.8474 ce_cpu 0.1654
step 014650 | loss 2.4080 | mse 0.3080 | ce_event 0.8207 ce_dt 0.9341 ce_cpu 0.1726
step 014700 | loss 1.9852 | mse 0.3357 | ce_event 0.6380 ce_dt 0.7780 ce_cpu 0.1168
step 014750 | loss 1.6825 | mse 0.3030 | ce_event 0.5809 ce_dt 0.6290 ce_cpu 0.0848
step 014800 | loss 2.0314 | mse 0.3134 | ce_event 0.6863 ce_dt 0.7626 ce_cpu 0.1346
step 014850 | loss 2.5046 | mse 0.3044 | ce_event 0.9181 ce_dt 0.9575 ce_cpu 0.1623
step 014900 | loss 2.2351 | mse 0.2804 | ce_event 0.8295 ce_dt 0.9008 ce_cpu 0.1122
step 014950 | loss 2.0857 | mse 0.2928 | ce_event 0.7072 ce_dt 0.7982 ce_cpu 0.1437
step 015000 | loss 1.4183 | mse 0.3349 | ce_event 0.4570 ce_dt 0.5139 ce_cpu 0.0563
[SAVE] /project/def-naser2/yuvraj/SyntheticLogGeneration/outputs/diffusion_outputs/diff-wcpu2/checkpoints_discrete/compress-gzip/step_015000.pt
step 015050 | loss 2.2169 | mse 0.2774 | ce_event 0.8392 ce_dt 0.8937 ce_cpu 0.1033
step 015100 | loss 1.5224 | mse 0.3007 | ce_event 0.5038 ce_dt 0.5502 ce_cpu 0.0838
step 015150 | loss 2.1603 | mse 0.2988 | ce_event 0.7712 ce_dt 0.8439 ce_cpu 0.1232
step 015200 | loss 1.7806 | mse 0.2890 | ce_event 0.5922 ce_dt 0.6776 ce_cpu 0.1109
step 015250 | loss 2.2699 | mse 0.3196 | ce_event 0.7520 ce_dt 0.8622 ce_cpu 0.1681
step 015300 | loss 1.7303 | mse 0.3017 | ce_event 0.6135 ce_dt 0.6662 ce_cpu 0.0745
step 015350 | loss 2.3563 | mse 0.2937 | ce_event 0.8553 ce_dt 0.9545 ce_cpu 0.1264
step 015400 | loss 1.8673 | mse 0.2971 | ce_event 0.5674 ce_dt 0.6901 ce_cpu 0.1564
step 015450 | loss 1.6041 | mse 0.3025 | ce_event 0.4939 ce_dt 0.5639 ce_cpu 0.1219
step 015500 | loss 1.6539 | mse 0.2951 | ce_event 0.5225 ce_dt 0.6080 ce_cpu 0.1141
[SAVE] /project/def-naser2/yuvraj/SyntheticLogGeneration/outputs/diffusion_outputs/diff-wcpu2/checkpoints_discrete/compress-gzip/step_015500.pt
step 015550 | loss 1.1470 | mse 0.2996 | ce_event 0.3640 ce_dt 0.4013 ce_cpu 0.0411
step 015600 | loss 1.2233 | mse 0.2687 | ce_event 0.3913 ce_dt 0.4604 ce_cpu 0.0515
step 015650 | loss 1.9281 | mse 0.2785 | ce_event 0.6594 ce_dt 0.7369 ce_cpu 0.1267
step 015700 | loss 2.0642 | mse 0.3321 | ce_event 0.6533 ce_dt 0.8009 ce_cpu 0.1390
step 015750 | loss 1.4796 | mse 0.2830 | ce_event 0.5291 ce_dt 0.5707 ce_cpu 0.0484
step 015800 | loss 1.6231 | mse 0.2720 | ce_event 0.5730 ce_dt 0.6187 ce_cpu 0.0797
step 015850 | loss 1.5885 | mse 0.2670 | ce_event 0.5303 ce_dt 0.6458 ce_cpu 0.0727
step 015900 | loss 2.1632 | mse 0.2616 | ce_event 0.7603 ce_dt 0.8885 ce_cpu 0.1264
step 015950 | loss 1.4033 | mse 0.2765 | ce_event 0.4493 ce_dt 0.5058 ce_cpu 0.0858
step 016000 | loss 2.0545 | mse 0.2824 | ce_event 0.6895 ce_dt 0.7800 ce_cpu 0.1513
[SAVE] /project/def-naser2/yuvraj/SyntheticLogGeneration/outputs/diffusion_outputs/diff-wcpu2/checkpoints_discrete/compress-gzip/step_016000.pt
step 016050 | loss 0.7219 | mse 0.3025 | ce_event 0.1834 ce_dt 0.2026 ce_cpu 0.0167
step 016100 | loss 1.8381 | mse 0.2883 | ce_event 0.6219 ce_dt 0.7564 ce_cpu 0.0857
step 016150 | loss 1.7158 | mse 0.2948 | ce_event 0.5549 ce_dt 0.6785 ce_cpu 0.0938
step 016200 | loss 1.9578 | mse 0.2722 | ce_event 0.6730 ce_dt 0.7539 ce_cpu 0.1294
step 016250 | loss 1.1922 | mse 0.2832 | ce_event 0.3671 ce_dt 0.4358 ce_cpu 0.0531
step 016300 | loss 2.1356 | mse 0.2740 | ce_event 0.7593 ce_dt 0.8369 ce_cpu 0.1327
step 016350 | loss 2.0340 | mse 0.2346 | ce_event 0.7654 ce_dt 0.8453 ce_cpu 0.0943
step 016400 | loss 1.7602 | mse 0.2605 | ce_event 0.6103 ce_dt 0.6875 ce_cpu 0.1009
step 016450 | loss 2.1060 | mse 0.2514 | ce_event 0.7120 ce_dt 0.8719 ce_cpu 0.1354
step 016500 | loss 1.3888 | mse 0.2386 | ce_event 0.4576 ce_dt 0.5466 ce_cpu 0.0730
[SAVE] /project/def-naser2/yuvraj/SyntheticLogGeneration/outputs/diffusion_outputs/diff-wcpu2/checkpoints_discrete/compress-gzip/step_016500.pt
step 016550 | loss 1.6895 | mse 0.2525 | ce_event 0.5892 ce_dt 0.6147 ce_cpu 0.1166
step 016600 | loss 1.6083 | mse 0.2703 | ce_event 0.5729 ce_dt 0.6780 ce_cpu 0.0435
step 016650 | loss 1.9721 | mse 0.2467 | ce_event 0.6970 ce_dt 0.7674 ce_cpu 0.1305
step 016700 | loss 2.2323 | mse 0.2429 | ce_event 0.7521 ce_dt 0.8773 ce_cpu 0.1800
step 016750 | loss 1.9818 | mse 0.2478 | ce_event 0.7223 ce_dt 0.7999 ce_cpu 0.1059
step 016800 | loss 1.5111 | mse 0.2536 | ce_event 0.5304 ce_dt 0.6040 ce_cpu 0.0616
step 016850 | loss 1.6155 | mse 0.2566 | ce_event 0.5966 ce_dt 0.6317 ce_cpu 0.0653
step 016900 | loss 1.5547 | mse 0.2499 | ce_event 0.5703 ce_dt 0.6190 ce_cpu 0.0578
step 016950 | loss 1.6613 | mse 0.2280 | ce_event 0.5858 ce_dt 0.6752 ce_cpu 0.0861
step 017000 | loss 1.7039 | mse 0.2641 | ce_event 0.6132 ce_dt 0.6916 ce_cpu 0.0675
[SAVE] /project/def-naser2/yuvraj/SyntheticLogGeneration/outputs/diffusion_outputs/diff-wcpu2/checkpoints_discrete/compress-gzip/step_017000.pt
step 017050 | loss 1.5881 | mse 0.2629 | ce_event 0.5484 ce_dt 0.6165 ce_cpu 0.0802
step 017100 | loss 2.1397 | mse 0.2621 | ce_event 0.7330 ce_dt 0.8001 ce_cpu 0.1723
step 017150 | loss 2.0996 | mse 0.2286 | ce_event 0.7490 ce_dt 0.8429 ce_cpu 0.1395
step 017200 | loss 1.8830 | mse 0.2438 | ce_event 0.6434 ce_dt 0.7569 ce_cpu 0.1194
step 017250 | loss 1.8019 | mse 0.2363 | ce_event 0.6354 ce_dt 0.6955 ce_cpu 0.1174
step 017300 | loss 2.2007 | mse 0.2397 | ce_event 0.6940 ce_dt 0.9272 ce_cpu 0.1699
step 017350 | loss 1.5834 | mse 0.2390 | ce_event 0.5044 ce_dt 0.6127 ce_cpu 0.1137
step 017400 | loss 1.5241 | mse 0.2440 | ce_event 0.4658 ce_dt 0.6163 ce_cpu 0.0990
step 017450 | loss 1.7168 | mse 0.2421 | ce_event 0.6355 ce_dt 0.7026 ce_cpu 0.0683
step 017500 | loss 1.2704 | mse 0.2269 | ce_event 0.4412 ce_dt 0.4752 ce_cpu 0.0636
[SAVE] /project/def-naser2/yuvraj/SyntheticLogGeneration/outputs/diffusion_outputs/diff-wcpu2/checkpoints_discrete/compress-gzip/step_017500.pt
step 017550 | loss 2.0509 | mse 0.2432 | ce_event 0.7166 ce_dt 0.8261 ce_cpu 0.1326
step 017600 | loss 1.7488 | mse 0.2291 | ce_event 0.6292 ce_dt 0.7082 ce_cpu 0.0911
step 017650 | loss 1.6767 | mse 0.2260 | ce_event 0.5678 ce_dt 0.7044 ce_cpu 0.0892
step 017700 | loss 1.0262 | mse 0.2426 | ce_event 0.3150 ce_dt 0.3659 ce_cpu 0.0514
step 017750 | loss 1.6227 | mse 0.2440 | ce_event 0.5677 ce_dt 0.6144 ce_cpu 0.0983
step 017800 | loss 2.1229 | mse 0.2151 | ce_event 0.7285 ce_dt 0.9046 ce_cpu 0.1373
step 017850 | loss 1.5985 | mse 0.2563 | ce_event 0.5704 ce_dt 0.6532 ce_cpu 0.0593
step 017900 | loss 1.3046 | mse 0.2196 | ce_event 0.4304 ce_dt 0.4810 ce_cpu 0.0868
step 017950 | loss 1.7279 | mse 0.2215 | ce_event 0.6400 ce_dt 0.7342 ce_cpu 0.0662
step 018000 | loss 1.6838 | mse 0.2380 | ce_event 0.5928 ce_dt 0.6493 ce_cpu 0.1019
[SAVE] /project/def-naser2/yuvraj/SyntheticLogGeneration/outputs/diffusion_outputs/diff-wcpu2/checkpoints_discrete/compress-gzip/step_018000.pt
step 018050 | loss 2.4751 | mse 0.2132 | ce_event 0.8934 ce_dt 1.0310 ce_cpu 0.1688
step 018100 | loss 2.1062 | mse 0.2210 | ce_event 0.7928 ce_dt 0.8837 ce_cpu 0.1044
step 018150 | loss 1.6283 | mse 0.2257 | ce_event 0.6004 ce_dt 0.6673 ce_cpu 0.0675
step 018200 | loss 1.5364 | mse 0.2150 | ce_event 0.5689 ce_dt 0.6715 ce_cpu 0.0405
step 018250 | loss 1.1283 | mse 0.2358 | ce_event 0.3842 ce_dt 0.4483 ce_cpu 0.0300
step 018300 | loss 2.2735 | mse 0.2123 | ce_event 0.8103 ce_dt 0.9510 ce_cpu 0.1499
step 018350 | loss 0.9979 | mse 0.2200 | ce_event 0.2957 ce_dt 0.3672 ce_cpu 0.0575
step 018400 | loss 1.6946 | mse 0.2421 | ce_event 0.5788 ce_dt 0.6592 ce_cpu 0.1072
step 018450 | loss 1.4840 | mse 0.2390 | ce_event 0.5182 ce_dt 0.5833 ce_cpu 0.0718
step 018500 | loss 1.7389 | mse 0.2123 | ce_event 0.6487 ce_dt 0.7063 ce_cpu 0.0858
[SAVE] /project/def-naser2/yuvraj/SyntheticLogGeneration/outputs/diffusion_outputs/diff-wcpu2/checkpoints_discrete/compress-gzip/step_018500.pt
step 018550 | loss 1.1769 | mse 0.2348 | ce_event 0.3622 ce_dt 0.4324 ce_cpu 0.0737
step 018600 | loss 1.3848 | mse 0.2073 | ce_event 0.5320 ce_dt 0.5440 ce_cpu 0.0508
step 018650 | loss 1.5067 | mse 0.2157 | ce_event 0.5664 ce_dt 0.6102 ce_cpu 0.0572
step 018700 | loss 1.4028 | mse 0.2348 | ce_event 0.4911 ce_dt 0.5600 ce_cpu 0.0584
step 018750 | loss 1.5608 | mse 0.2267 | ce_event 0.5037 ce_dt 0.5845 ce_cpu 0.1230
step 018800 | loss 1.0594 | mse 0.2150 | ce_event 0.3479 ce_dt 0.4226 ce_cpu 0.0370
step 018850 | loss 1.8883 | mse 0.1980 | ce_event 0.7059 ce_dt 0.7991 ce_cpu 0.0926
step 018900 | loss 1.5154 | mse 0.2368 | ce_event 0.5299 ce_dt 0.5936 ce_cpu 0.0776
step 018950 | loss 1.8607 | mse 0.1930 | ce_event 0.6168 ce_dt 0.7395 ce_cpu 0.1557
step 019000 | loss 1.3985 | mse 0.2208 | ce_event 0.4865 ce_dt 0.5675 ce_cpu 0.0618
[SAVE] /project/def-naser2/yuvraj/SyntheticLogGeneration/outputs/diffusion_outputs/diff-wcpu2/checkpoints_discrete/compress-gzip/step_019000.pt
step 019050 | loss 1.3338 | mse 0.1967 | ce_event 0.4482 ce_dt 0.5431 ce_cpu 0.0729
step 019100 | loss 1.3829 | mse 0.2057 | ce_event 0.4962 ce_dt 0.5324 ce_cpu 0.0743
step 019150 | loss 1.3707 | mse 0.2300 | ce_event 0.4915 ce_dt 0.5846 ce_cpu 0.0323
step 019200 | loss 1.7020 | mse 0.2035 | ce_event 0.5828 ce_dt 0.7008 ce_cpu 0.1075
step 019250 | loss 1.7874 | mse 0.1838 | ce_event 0.6542 ce_dt 0.7214 ce_cpu 0.1140
step 019300 | loss 1.9679 | mse 0.2009 | ce_event 0.6947 ce_dt 0.8405 ce_cpu 0.1159
step 019350 | loss 2.1216 | mse 0.2088 | ce_event 0.8142 ce_dt 0.9217 ce_cpu 0.0884
step 019400 | loss 1.6888 | mse 0.2009 | ce_event 0.5754 ce_dt 0.7209 ce_cpu 0.0958
step 019450 | loss 1.6861 | mse 0.1858 | ce_event 0.6359 ce_dt 0.6974 ce_cpu 0.0835
step 019500 | loss 1.9461 | mse 0.1911 | ce_event 0.6709 ce_dt 0.7761 ce_cpu 0.1540
[SAVE] /project/def-naser2/yuvraj/SyntheticLogGeneration/outputs/diffusion_outputs/diff-wcpu2/checkpoints_discrete/compress-gzip/step_019500.pt
step 019550 | loss 1.6974 | mse 0.2101 | ce_event 0.5854 ce_dt 0.6878 ce_cpu 0.1070
step 019600 | loss 1.1045 | mse 0.2039 | ce_event 0.3461 ce_dt 0.4291 ce_cpu 0.0627
step 019650 | loss 1.8918 | mse 0.1995 | ce_event 0.7832 ce_dt 0.8376 ce_cpu 0.0358
step 019700 | loss 1.7023 | mse 0.1922 | ce_event 0.5945 ce_dt 0.6555 ce_cpu 0.1300
step 019750 | loss 2.0210 | mse 0.2000 | ce_event 0.6770 ce_dt 0.8402 ce_cpu 0.1519
step 019800 | loss 1.3511 | mse 0.2226 | ce_event 0.4053 ce_dt 0.5132 ce_cpu 0.1050
step 019850 | loss 1.2199 | mse 0.2096 | ce_event 0.4901 ce_dt 0.4617 ce_cpu 0.0292
step 019900 | loss 1.6136 | mse 0.2086 | ce_event 0.5593 ce_dt 0.6748 ce_cpu 0.0855
step 019950 | loss 1.3071 | mse 0.2055 | ce_event 0.4400 ce_dt 0.5553 ce_cpu 0.0531
step 020000 | loss 1.7965 | mse 0.1973 | ce_event 0.6451 ce_dt 0.7263 ce_cpu 0.1139
[SAVE] /project/def-naser2/yuvraj/SyntheticLogGeneration/outputs/diffusion_outputs/diff-wcpu2/checkpoints_discrete/compress-gzip/step_020000.pt
[SAVE] /project/def-naser2/yuvraj/SyntheticLogGeneration/outputs/diffusion_outputs/diff-wcpu2/checkpoints_discrete/compress-gzip/final_step_020000.pt
