========== DIFF SAMPLE ==========
Time: Tue Jan  6 14:25:01 EST 2026
Host: g34.nibi.sharcnet
PWD : /project/def-naser2/yuvraj/SyntheticLogGeneration
RUN : diff-wcpu2
CKPT: /project/def-naser2/yuvraj/SyntheticLogGeneration/outputs/diffusion_outputs/diff-wcpu2/checkpoints_discrete/compress-gzip/final_step_020000.pt
OUT : /project/def-naser2/yuvraj/SyntheticLogGeneration/outputs/diffusion_outputs/diff-wcpu2/generated_traces/discrete/compress-gzip/diff-wcpu2_synth_20000_L200_T250_bs128.npz
torch: 2.9.0 cuda: True
Tue Jan  6 14:25:04 2026       
+-----------------------------------------------------------------------------------------+
| NVIDIA-SMI 580.82.07              Driver Version: 580.82.07      CUDA Version: 13.0     |
+-----------------------------------------+------------------------+----------------------+
| GPU  Name                 Persistence-M | Bus-Id          Disp.A | Volatile Uncorr. ECC |
| Fan  Temp   Perf          Pwr:Usage/Cap |           Memory-Usage | GPU-Util  Compute M. |
|                                         |                        |               MIG M. |
|=========================================+========================+======================|
|   0  NVIDIA H100 80GB HBM3          On  |   00000000:CB:00.0 Off |                   On |
| N/A   40C    P0            336W /  700W |   35434MiB /  81559MiB |     N/A      Default |
|                                         |                        |              Enabled |
+-----------------------------------------+------------------------+----------------------+

+-----------------------------------------------------------------------------------------+
| MIG devices:                                                                            |
+------------------+----------------------------------+-----------+-----------------------+
| GPU  GI  CI  MIG |              Shared Memory-Usage |        Vol|        Shared         |
|      ID  ID  Dev |                Shared BAR1-Usage | SM     Unc| CE ENC  DEC  OFA  JPG |
|                  |                                  |        ECC|                       |
|==================+==================================+===========+=======================|
|  0    2   0   0  |              44MiB / 40448MiB    | 60      0 |  3   0    3    0    3 |
|                  |               0MiB / 24740MiB    |           |                       |
+------------------+----------------------------------+-----------+-----------------------+

+-----------------------------------------------------------------------------------------+
| Processes:                                                                              |
|  GPU   GI   CI              PID   Type   Process name                        GPU Memory |
|        ID   ID                                                               Usage      |
|=========================================================================================|
|  No running processes found                                                             |
+-----------------------------------------------------------------------------------------+
=================================
Device: cuda
[INFO] Sampling 20000 windows (L=200) in batches of 128 ...
[INFO] done 1280/20000
[INFO] done 2560/20000
[INFO] done 3840/20000
[INFO] done 5120/20000
[INFO] done 6400/20000
[INFO] done 7680/20000
[INFO] done 8960/20000
[INFO] done 10240/20000
[INFO] done 11520/20000
[INFO] done 12800/20000
[INFO] done 14080/20000
[INFO] done 15360/20000
[INFO] done 16640/20000
[INFO] done 17920/20000
[INFO] done 19200/20000
[INFO] done 20000/20000
[WRITE] /project/def-naser2/yuvraj/SyntheticLogGeneration/outputs/diffusion_outputs/diff-wcpu2/generated_traces/discrete/compress-gzip/diff-wcpu2_synth_20000_L200_T250_bs128.npz (20000, 200)
[RANGE] event: 0 345
[RANGE] dt   : 0 253
[RANGE] cpu  : 0 3
event (20000, 200) int32 min 0 max 345
dt (20000, 200) uint8 min 0 max 253
cpu (20000, 200) uint8 min 0 max 3
