========== DIFFUSION SAMPLING SWEEP ==========
Time: Mon Jan  5 23:16:48 EST 2026
Host: g20.nibi.sharcnet
PWD:  /project/def-naser2/yuvraj/SyntheticLogGeneration
Repo: /project/def-naser2/yuvraj/SyntheticLogGeneration
Python: /project/6083487/yuvraj/SyntheticLogGeneration/.venv/bin/python
torch: 2.9.0 cuda: True
GPU:
Mon Jan  5 23:17:00 2026       
+-----------------------------------------------------------------------------------------+
| NVIDIA-SMI 580.82.07              Driver Version: 580.82.07      CUDA Version: 13.0     |
+-----------------------------------------+------------------------+----------------------+
| GPU  Name                 Persistence-M | Bus-Id          Disp.A | Volatile Uncorr. ECC |
| Fan  Temp   Perf          Pwr:Usage/Cap |           Memory-Usage | GPU-Util  Compute M. |
|                                         |                        |               MIG M. |
|=========================================+========================+======================|
|   0  NVIDIA H100 80GB HBM3          On  |   00000000:4C:00.0 Off |                    0 |
| N/A   30C    P0             70W /  700W |       0MiB /  81559MiB |      0%      Default |
|                                         |                        |             Disabled |
+-----------------------------------------+------------------------+----------------------+

+-----------------------------------------------------------------------------------------+
| Processes:                                                                              |
|  GPU   GI   CI              PID   Type   Process name                        GPU Memory |
|        ID   ID                                                               Usage      |
|=========================================================================================|
|  No running processes found                                                             |
+-----------------------------------------------------------------------------------------+
===============================================
[INFO] Per-run log: /project/def-naser2/yuvraj/SyntheticLogGeneration/logs/diffusion_logs/diff-wcpu0/sample_sweep-6430032.log

========== RUN: diff-wcpu0 ==========
Time: Mon Jan  5 23:17:00 EST 2026
[RUN] diff-wcpu0
  ckpt: /project/def-naser2/yuvraj/SyntheticLogGeneration/outputs/diffusion_outputs/diff-wcpu0/checkpoints_discrete/compress-gzip/step_020000.pt
  -> /project/def-naser2/yuvraj/SyntheticLogGeneration/outputs/diffusion_outputs/diff-wcpu0/generated_traces/discrete/compress-gzip/synth_10000_T1000_seed123.npz
Device: cuda
[INFO] Sampling 10000 windows (L=200) in batches of 128 ...
[INFO] done 1280/10000
[INFO] done 2560/10000
[INFO] done 3840/10000
[INFO] done 5120/10000
[INFO] done 6400/10000
[INFO] done 7680/10000
[INFO] done 8960/10000
[INFO] done 10000/10000
[WRITE] /project/def-naser2/yuvraj/SyntheticLogGeneration/outputs/diffusion_outputs/diff-wcpu0/generated_traces/discrete/compress-gzip/synth_10000_T1000_seed123.npz (10000, 200)
[RANGE] event: 0 379
[RANGE] dt   : 0 255
[RANGE] cpu  : 0 3
    event (10000, 200) int32 min 0 max 379
    dt (10000, 200) uint8 min 0 max 255
    cpu (10000, 200) uint8 min 0 max 3
  -> /project/def-naser2/yuvraj/SyntheticLogGeneration/outputs/diffusion_outputs/diff-wcpu0/generated_traces/discrete/compress-gzip/synth_10000_T1000_seed456.npz
Device: cuda
[INFO] Sampling 10000 windows (L=200) in batches of 128 ...
[INFO] done 1280/10000
[INFO] done 2560/10000
[INFO] done 3840/10000
[INFO] done 5120/10000
[INFO] done 6400/10000
[INFO] done 7680/10000
[INFO] done 8960/10000
[INFO] done 10000/10000
[WRITE] /project/def-naser2/yuvraj/SyntheticLogGeneration/outputs/diffusion_outputs/diff-wcpu0/generated_traces/discrete/compress-gzip/synth_10000_T1000_seed456.npz (10000, 200)
[RANGE] event: 0 379
[RANGE] dt   : 0 255
[RANGE] cpu  : 0 3
    event (10000, 200) int32 min 0 max 379
    dt (10000, 200) uint8 min 0 max 255
    cpu (10000, 200) uint8 min 0 max 3
  -> /project/def-naser2/yuvraj/SyntheticLogGeneration/outputs/diffusion_outputs/diff-wcpu0/generated_traces/discrete/compress-gzip/synth_10000_T1000_seed789.npz
Device: cuda
[INFO] Sampling 10000 windows (L=200) in batches of 128 ...
[INFO] done 1280/10000
[INFO] done 2560/10000
[INFO] done 3840/10000
[INFO] done 5120/10000
[INFO] done 6400/10000
[INFO] done 7680/10000
[INFO] done 8960/10000
[INFO] done 10000/10000
[WRITE] /project/def-naser2/yuvraj/SyntheticLogGeneration/outputs/diffusion_outputs/diff-wcpu0/generated_traces/discrete/compress-gzip/synth_10000_T1000_seed789.npz (10000, 200)
[RANGE] event: 0 379
[RANGE] dt   : 0 255
[RANGE] cpu  : 0 3
    event (10000, 200) int32 min 0 max 379
    dt (10000, 200) uint8 min 0 max 255
    cpu (10000, 200) uint8 min 0 max 3
  -> /project/def-naser2/yuvraj/SyntheticLogGeneration/outputs/diffusion_outputs/diff-wcpu0/generated_traces/discrete/compress-gzip/synth_20000_T1000_seed123.npz
Device: cuda
[INFO] Sampling 20000 windows (L=200) in batches of 128 ...
[INFO] done 1280/20000
[INFO] done 2560/20000
[INFO] done 3840/20000
[INFO] done 5120/20000
[INFO] done 6400/20000
[INFO] done 7680/20000
[INFO] done 8960/20000
[INFO] done 10240/20000
[INFO] done 11520/20000
[INFO] done 12800/20000
[INFO] done 14080/20000
[INFO] done 15360/20000
[INFO] done 16640/20000
[INFO] done 17920/20000
[INFO] done 19200/20000
[INFO] done 20000/20000
[WRITE] /project/def-naser2/yuvraj/SyntheticLogGeneration/outputs/diffusion_outputs/diff-wcpu0/generated_traces/discrete/compress-gzip/synth_20000_T1000_seed123.npz (20000, 200)
[RANGE] event: 0 379
[RANGE] dt   : 0 255
[RANGE] cpu  : 0 3
    event (20000, 200) int32 min 0 max 379
    dt (20000, 200) uint8 min 0 max 255
    cpu (20000, 200) uint8 min 0 max 3
  -> /project/def-naser2/yuvraj/SyntheticLogGeneration/outputs/diffusion_outputs/diff-wcpu0/generated_traces/discrete/compress-gzip/synth_20000_T1000_seed456.npz
Device: cuda
[INFO] Sampling 20000 windows (L=200) in batches of 128 ...
[INFO] done 1280/20000
[INFO] done 2560/20000
[INFO] done 3840/20000
[INFO] done 5120/20000
[INFO] done 6400/20000
[INFO] done 7680/20000
[INFO] done 8960/20000
[INFO] done 10240/20000
[INFO] done 11520/20000
[INFO] done 12800/20000
[INFO] done 14080/20000
[INFO] done 15360/20000
[INFO] done 16640/20000
[INFO] done 17920/20000
[INFO] done 19200/20000
[INFO] done 20000/20000
[WRITE] /project/def-naser2/yuvraj/SyntheticLogGeneration/outputs/diffusion_outputs/diff-wcpu0/generated_traces/discrete/compress-gzip/synth_20000_T1000_seed456.npz (20000, 200)
[RANGE] event: 0 379
[RANGE] dt   : 0 255
[RANGE] cpu  : 0 3
    event (20000, 200) int32 min 0 max 379
    dt (20000, 200) uint8 min 0 max 255
    cpu (20000, 200) uint8 min 0 max 3
  -> /project/def-naser2/yuvraj/SyntheticLogGeneration/outputs/diffusion_outputs/diff-wcpu0/generated_traces/discrete/compress-gzip/synth_20000_T1000_seed789.npz
Device: cuda
[INFO] Sampling 20000 windows (L=200) in batches of 128 ...
[INFO] done 1280/20000
[INFO] done 2560/20000
[INFO] done 3840/20000
[INFO] done 5120/20000
[INFO] done 6400/20000
[INFO] done 7680/20000
[INFO] done 8960/20000
[INFO] done 10240/20000
[INFO] done 11520/20000
[INFO] done 12800/20000
[INFO] done 14080/20000
[INFO] done 15360/20000
[INFO] done 16640/20000
[INFO] done 17920/20000
[INFO] done 19200/20000
[INFO] done 20000/20000
[WRITE] /project/def-naser2/yuvraj/SyntheticLogGeneration/outputs/diffusion_outputs/diff-wcpu0/generated_traces/discrete/compress-gzip/synth_20000_T1000_seed789.npz (20000, 200)
[RANGE] event: 0 379
[RANGE] dt   : 0 255
[RANGE] cpu  : 0 3
    event (20000, 200) int32 min 0 max 379
    dt (20000, 200) uint8 min 0 max 255
    cpu (20000, 200) uint8 min 0 max 3
========== DONE RUN: diff-wcpu0 ==========
Time: Tue Jan  6 02:04:00 EST 2026
[INFO] Per-run log: /project/def-naser2/yuvraj/SyntheticLogGeneration/logs/diffusion_logs/diff-wcpu2/sample_sweep-6430032.log

========== RUN: diff-wcpu2 ==========
Time: Tue Jan  6 02:04:00 EST 2026
[RUN] diff-wcpu2
  ckpt: /project/def-naser2/yuvraj/SyntheticLogGeneration/outputs/diffusion_outputs/diff-wcpu2/checkpoints_discrete/compress-gzip/step_020000.pt
  -> /project/def-naser2/yuvraj/SyntheticLogGeneration/outputs/diffusion_outputs/diff-wcpu2/generated_traces/discrete/compress-gzip/synth_10000_T1000_seed123.npz
Device: cuda
[INFO] Sampling 10000 windows (L=200) in batches of 128 ...
[INFO] done 1280/10000
[INFO] done 2560/10000
[INFO] done 3840/10000
[INFO] done 5120/10000
[INFO] done 6400/10000
[INFO] done 7680/10000
[INFO] done 8960/10000
[INFO] done 10000/10000
[WRITE] /project/def-naser2/yuvraj/SyntheticLogGeneration/outputs/diffusion_outputs/diff-wcpu2/generated_traces/discrete/compress-gzip/synth_10000_T1000_seed123.npz (10000, 200)
[RANGE] event: 0 379
[RANGE] dt   : 0 255
[RANGE] cpu  : 0 3
    event (10000, 200) int32 min 0 max 379
    dt (10000, 200) uint8 min 0 max 255
    cpu (10000, 200) uint8 min 0 max 3
  -> /project/def-naser2/yuvraj/SyntheticLogGeneration/outputs/diffusion_outputs/diff-wcpu2/generated_traces/discrete/compress-gzip/synth_10000_T1000_seed456.npz
Device: cuda
[INFO] Sampling 10000 windows (L=200) in batches of 128 ...
[INFO] done 1280/10000
[INFO] done 2560/10000
[INFO] done 3840/10000
[INFO] done 5120/10000
[INFO] done 6400/10000
[INFO] done 7680/10000
[INFO] done 8960/10000
[INFO] done 10000/10000
[WRITE] /project/def-naser2/yuvraj/SyntheticLogGeneration/outputs/diffusion_outputs/diff-wcpu2/generated_traces/discrete/compress-gzip/synth_10000_T1000_seed456.npz (10000, 200)
[RANGE] event: 0 379
[RANGE] dt   : 0 253
[RANGE] cpu  : 0 3
    event (10000, 200) int32 min 0 max 379
    dt (10000, 200) uint8 min 0 max 253
    cpu (10000, 200) uint8 min 0 max 3
  -> /project/def-naser2/yuvraj/SyntheticLogGeneration/outputs/diffusion_outputs/diff-wcpu2/generated_traces/discrete/compress-gzip/synth_10000_T1000_seed789.npz
Device: cuda
[INFO] Sampling 10000 windows (L=200) in batches of 128 ...
[INFO] done 1280/10000
[INFO] done 2560/10000
[INFO] done 3840/10000
[INFO] done 5120/10000
[INFO] done 6400/10000
[INFO] done 7680/10000
[INFO] done 8960/10000
[INFO] done 10000/10000
[WRITE] /project/def-naser2/yuvraj/SyntheticLogGeneration/outputs/diffusion_outputs/diff-wcpu2/generated_traces/discrete/compress-gzip/synth_10000_T1000_seed789.npz (10000, 200)
[RANGE] event: 0 379
[RANGE] dt   : 0 254
[RANGE] cpu  : 0 3
    event (10000, 200) int32 min 0 max 379
    dt (10000, 200) uint8 min 0 max 254
    cpu (10000, 200) uint8 min 0 max 3
  -> /project/def-naser2/yuvraj/SyntheticLogGeneration/outputs/diffusion_outputs/diff-wcpu2/generated_traces/discrete/compress-gzip/synth_20000_T1000_seed123.npz
Device: cuda
[INFO] Sampling 20000 windows (L=200) in batches of 128 ...
[INFO] done 1280/20000
[INFO] done 2560/20000
[INFO] done 3840/20000
[INFO] done 5120/20000
[INFO] done 6400/20000
[INFO] done 7680/20000
[INFO] done 8960/20000
[INFO] done 10240/20000
[INFO] done 11520/20000
[INFO] done 12800/20000
[INFO] done 14080/20000
[INFO] done 15360/20000
[INFO] done 16640/20000
[INFO] done 17920/20000
[INFO] done 19200/20000
[INFO] done 20000/20000
[WRITE] /project/def-naser2/yuvraj/SyntheticLogGeneration/outputs/diffusion_outputs/diff-wcpu2/generated_traces/discrete/compress-gzip/synth_20000_T1000_seed123.npz (20000, 200)
[RANGE] event: 0 379
[RANGE] dt   : 0 255
[RANGE] cpu  : 0 3
    event (20000, 200) int32 min 0 max 379
    dt (20000, 200) uint8 min 0 max 255
    cpu (20000, 200) uint8 min 0 max 3
  -> /project/def-naser2/yuvraj/SyntheticLogGeneration/outputs/diffusion_outputs/diff-wcpu2/generated_traces/discrete/compress-gzip/synth_20000_T1000_seed456.npz
Device: cuda
[INFO] Sampling 20000 windows (L=200) in batches of 128 ...
[INFO] done 1280/20000
[INFO] done 2560/20000
[INFO] done 3840/20000
[INFO] done 5120/20000
[INFO] done 6400/20000
[INFO] done 7680/20000
[INFO] done 8960/20000
[INFO] done 10240/20000
[INFO] done 11520/20000
[INFO] done 12800/20000
[INFO] done 14080/20000
[INFO] done 15360/20000
[INFO] done 16640/20000
[INFO] done 17920/20000
[INFO] done 19200/20000
[INFO] done 20000/20000
[WRITE] /project/def-naser2/yuvraj/SyntheticLogGeneration/outputs/diffusion_outputs/diff-wcpu2/generated_traces/discrete/compress-gzip/synth_20000_T1000_seed456.npz (20000, 200)
[RANGE] event: 0 379
[RANGE] dt   : 0 255
[RANGE] cpu  : 0 3
    event (20000, 200) int32 min 0 max 379
    dt (20000, 200) uint8 min 0 max 255
    cpu (20000, 200) uint8 min 0 max 3
  -> /project/def-naser2/yuvraj/SyntheticLogGeneration/outputs/diffusion_outputs/diff-wcpu2/generated_traces/discrete/compress-gzip/synth_20000_T1000_seed789.npz
Device: cuda
[INFO] Sampling 20000 windows (L=200) in batches of 128 ...
[INFO] done 1280/20000
[INFO] done 2560/20000
[INFO] done 3840/20000
[INFO] done 5120/20000
[INFO] done 6400/20000
[INFO] done 7680/20000
[INFO] done 8960/20000
[INFO] done 10240/20000
[INFO] done 11520/20000
[INFO] done 12800/20000
[INFO] done 14080/20000
[INFO] done 15360/20000
[INFO] done 16640/20000
[INFO] done 17920/20000
[INFO] done 19200/20000
[INFO] done 20000/20000
[WRITE] /project/def-naser2/yuvraj/SyntheticLogGeneration/outputs/diffusion_outputs/diff-wcpu2/generated_traces/discrete/compress-gzip/synth_20000_T1000_seed789.npz (20000, 200)
[RANGE] event: 0 379
[RANGE] dt   : 0 254
[RANGE] cpu  : 0 3
    event (20000, 200) int32 min 0 max 379
    dt (20000, 200) uint8 min 0 max 254
    cpu (20000, 200) uint8 min 0 max 3
========== DONE RUN: diff-wcpu2 ==========
Time: Tue Jan  6 04:50:52 EST 2026
[INFO] Per-run log: /project/def-naser2/yuvraj/SyntheticLogGeneration/logs/diffusion_logs/diff-wdt0/sample_sweep-6430032.log

========== RUN: diff-wdt0 ==========
Time: Tue Jan  6 04:50:52 EST 2026
[RUN] diff-wdt0
  ckpt: /project/def-naser2/yuvraj/SyntheticLogGeneration/outputs/diffusion_outputs/diff-wdt0/checkpoints_discrete/compress-gzip/step_020000.pt
  -> /project/def-naser2/yuvraj/SyntheticLogGeneration/outputs/diffusion_outputs/diff-wdt0/generated_traces/discrete/compress-gzip/synth_10000_T1000_seed123.npz
Device: cuda
[INFO] Sampling 10000 windows (L=200) in batches of 128 ...
[INFO] done 1280/10000
[INFO] done 2560/10000
[INFO] done 3840/10000
[INFO] done 5120/10000
[INFO] done 6400/10000
[INFO] done 7680/10000
[INFO] done 8960/10000
[INFO] done 10000/10000
[WRITE] /project/def-naser2/yuvraj/SyntheticLogGeneration/outputs/diffusion_outputs/diff-wdt0/generated_traces/discrete/compress-gzip/synth_10000_T1000_seed123.npz (10000, 200)
[RANGE] event: 0 379
[RANGE] dt   : 0 255
[RANGE] cpu  : 0 3
    event (10000, 200) int32 min 0 max 379
    dt (10000, 200) uint8 min 0 max 255
    cpu (10000, 200) uint8 min 0 max 3
  -> /project/def-naser2/yuvraj/SyntheticLogGeneration/outputs/diffusion_outputs/diff-wdt0/generated_traces/discrete/compress-gzip/synth_10000_T1000_seed456.npz
Device: cuda
[INFO] Sampling 10000 windows (L=200) in batches of 128 ...
[INFO] done 1280/10000
[INFO] done 2560/10000
[INFO] done 3840/10000
