Host: g32.nibi.sharcnet
Submit dir: /project/6083487/yuvraj/SyntheticLogGeneration
Python: /project/6083487/yuvraj/SyntheticLogGeneration/.venv/bin/python
torch: 2.9.0
cuda available: True
=== GPU at start ===
Sun Dec 14 21:08:40 2025       
+-----------------------------------------------------------------------------------------+
| NVIDIA-SMI 580.82.07              Driver Version: 580.82.07      CUDA Version: 13.0     |
+-----------------------------------------+------------------------+----------------------+
| GPU  Name                 Persistence-M | Bus-Id          Disp.A | Volatile Uncorr. ECC |
| Fan  Temp   Perf          Pwr:Usage/Cap |           Memory-Usage | GPU-Util  Compute M. |
|                                         |                        |               MIG M. |
|=========================================+========================+======================|
|   0  NVIDIA H100 80GB HBM3          On  |   00000000:19:00.0 Off |                   On |
| N/A   43C    P0            436W /  700W |    6306MiB /  81559MiB |     N/A      Default |
|                                         |                        |              Enabled |
+-----------------------------------------+------------------------+----------------------+

+-----------------------------------------------------------------------------------------+
| MIG devices:                                                                            |
+------------------+----------------------------------+-----------+-----------------------+
| GPU  GI  CI  MIG |              Shared Memory-Usage |        Vol|        Shared         |
|      ID  ID  Dev |                Shared BAR1-Usage | SM     Unc| CE ENC  DEC  OFA  JPG |
|                  |                                  |        ECC|                       |
|==================+==================================+===========+=======================|
|  0   10   0   0  |              15MiB /  9984MiB    | 16      0 |  1   0    1    0    1 |
|                  |               0MiB /  6185MiB    |           |                       |
+------------------+----------------------------------+-----------+-----------------------+

+-----------------------------------------------------------------------------------------+
| Processes:                                                                              |
|  GPU   GI   CI              PID   Type   Process name                        GPU Memory |
|        ID   ID                                                               Usage      |
|=========================================================================================|
|  No running processes found                                                             |
+-----------------------------------------------------------------------------------------+
GPU logger PID: 86125
GPU log: logs/gpu-5866368.csv
Device: cuda
Train shards: 130
Total windows: 11971800
step 000050 | loss 42.3846 | mse 1.5358 | ce_event 16.2735 ce_dt 16.9559 ce_cpu 7.6195
step 000100 | loss 43.6920 | mse 1.4219 | ce_event 16.4231 ce_dt 17.7514 ce_cpu 8.0956
step 000150 | loss 14.3502 | mse 1.3987 | ce_event 5.5122 ce_dt 6.2326 ce_cpu 1.2067
step 000200 | loss 19.4343 | mse 1.3621 | ce_event 7.1332 ce_dt 9.4938 ce_cpu 1.4453
step 000250 | loss 12.0588 | mse 1.2805 | ce_event 4.3643 ce_dt 5.5350 ce_cpu 0.8789
step 000300 | loss 15.8838 | mse 1.2511 | ce_event 5.7062 ce_dt 6.6201 ce_cpu 2.3065
step 000350 | loss 11.7961 | mse 1.1999 | ce_event 4.6396 ce_dt 5.0669 ce_cpu 0.8897
step 000400 | loss 14.3251 | mse 1.1755 | ce_event 5.1235 ce_dt 6.7111 ce_cpu 1.3149
step 000450 | loss 9.7981 | mse 1.1626 | ce_event 3.4300 ce_dt 4.2797 ce_cpu 0.9257
step 000500 | loss 11.2374 | mse 1.1161 | ce_event 4.3635 ce_dt 4.5524 ce_cpu 1.2054
[SAVE] checkpoints_discrete_full/compress-gzip/step_000500.pt
step 000550 | loss 9.7726 | mse 1.1051 | ce_event 3.6214 ce_dt 4.0157 ce_cpu 1.0305
step 000600 | loss 8.4760 | mse 1.0963 | ce_event 2.9992 ce_dt 3.6798 ce_cpu 0.7007
step 000650 | loss 7.6682 | mse 1.0806 | ce_event 2.6593 ce_dt 3.1243 ce_cpu 0.8040
step 000700 | loss 9.1998 | mse 1.0581 | ce_event 3.2725 ce_dt 3.5772 ce_cpu 1.2919
step 000750 | loss 8.2514 | mse 1.0754 | ce_event 3.1674 ce_dt 3.2652 ce_cpu 0.7434
step 000800 | loss 8.0679 | mse 1.0546 | ce_event 2.9425 ce_dt 3.2399 ce_cpu 0.8308
step 000850 | loss 6.9415 | mse 1.0804 | ce_event 2.5002 ce_dt 2.7005 ce_cpu 0.6603
step 000900 | loss 6.8948 | mse 1.0629 | ce_event 2.3770 ce_dt 2.9064 ce_cpu 0.5485
step 000950 | loss 6.8122 | mse 1.0519 | ce_event 2.4853 ce_dt 2.7509 ce_cpu 0.5241
step 001000 | loss 7.7401 | mse 1.0385 | ce_event 2.8229 ce_dt 3.1486 ce_cpu 0.7302
[SAVE] checkpoints_discrete_full/compress-gzip/step_001000.pt
step 001050 | loss 6.4518 | mse 1.0532 | ce_event 2.3831 ce_dt 2.6370 ce_cpu 0.3785
step 001100 | loss 6.4631 | mse 1.0360 | ce_event 2.3059 ce_dt 2.6417 ce_cpu 0.4795
step 001150 | loss 6.9981 | mse 1.0327 | ce_event 2.4708 ce_dt 2.7986 ce_cpu 0.6960
step 001200 | loss 6.5678 | mse 1.0427 | ce_event 2.1623 ce_dt 2.5765 ce_cpu 0.7863
step 001250 | loss 8.2704 | mse 1.0315 | ce_event 3.0153 ce_dt 3.3055 ce_cpu 0.9181
step 001300 | loss 6.0049 | mse 1.0237 | ce_event 2.0770 ce_dt 2.3903 ce_cpu 0.5139
step 001350 | loss 6.1047 | mse 1.0397 | ce_event 2.1520 ce_dt 2.4482 ce_cpu 0.4648
step 001400 | loss 5.1671 | mse 1.0434 | ce_event 1.7107 ce_dt 1.9664 ce_cpu 0.4466
step 001450 | loss 5.5540 | mse 1.0238 | ce_event 1.8920 ce_dt 2.2045 ce_cpu 0.4337
step 001500 | loss 5.4416 | mse 1.0272 | ce_event 1.9071 ce_dt 2.1987 ce_cpu 0.3085
[SAVE] checkpoints_discrete_full/compress-gzip/step_001500.pt
step 001550 | loss 4.9343 | mse 1.0331 | ce_event 1.6469 ce_dt 1.9684 ce_cpu 0.2859
step 001600 | loss 7.0765 | mse 1.0233 | ce_event 2.5349 ce_dt 2.6468 ce_cpu 0.8716
step 001650 | loss 5.3319 | mse 1.0210 | ce_event 1.8593 ce_dt 2.1236 ce_cpu 0.3280
step 001700 | loss 7.1891 | mse 0.9945 | ce_event 2.6253 ce_dt 2.9304 ce_cpu 0.6389
step 001750 | loss 6.9345 | mse 1.0014 | ce_event 2.6022 ce_dt 2.8230 ce_cpu 0.5079
step 001800 | loss 6.3747 | mse 1.0001 | ce_event 2.2427 ce_dt 2.5227 ce_cpu 0.6092
step 001850 | loss 5.9176 | mse 0.9971 | ce_event 2.0313 ce_dt 2.3232 ce_cpu 0.5659
step 001900 | loss 5.3902 | mse 1.0039 | ce_event 1.9223 ce_dt 2.0200 ce_cpu 0.4440
step 001950 | loss 5.5983 | mse 1.0094 | ce_event 1.9049 ce_dt 2.2209 ce_cpu 0.4631
step 002000 | loss 5.4893 | mse 1.0170 | ce_event 1.7955 ce_dt 2.1155 ce_cpu 0.5612
[SAVE] checkpoints_discrete_full/compress-gzip/step_002000.pt
step 002050 | loss 4.7460 | mse 0.9963 | ce_event 1.5982 ce_dt 1.8467 ce_cpu 0.3048
step 002100 | loss 5.0497 | mse 1.0002 | ce_event 1.5967 ce_dt 2.0415 ce_cpu 0.4113
step 002150 | loss 5.4846 | mse 0.9951 | ce_event 1.8963 ce_dt 2.0730 ce_cpu 0.5203
step 002200 | loss 4.9829 | mse 1.0025 | ce_event 1.6791 ce_dt 1.8828 ce_cpu 0.4184
step 002250 | loss 6.6050 | mse 0.9908 | ce_event 2.3941 ce_dt 2.5319 ce_cpu 0.6882
step 002300 | loss 5.0547 | mse 0.9966 | ce_event 1.6675 ce_dt 1.9119 ce_cpu 0.4787
step 002350 | loss 5.0907 | mse 0.9945 | ce_event 1.7037 ce_dt 1.8922 ce_cpu 0.5002
step 002400 | loss 5.9926 | mse 0.9943 | ce_event 2.1585 ce_dt 2.2675 ce_cpu 0.5722
step 002450 | loss 5.0069 | mse 0.9870 | ce_event 1.7629 ce_dt 1.8960 ce_cpu 0.3610
step 002500 | loss 5.2762 | mse 0.9811 | ce_event 1.8218 ce_dt 2.0716 ce_cpu 0.4017
[SAVE] checkpoints_discrete_full/compress-gzip/step_002500.pt
step 002550 | loss 4.5022 | mse 1.0038 | ce_event 1.4492 ce_dt 1.6761 ce_cpu 0.3732
step 002600 | loss 5.1480 | mse 0.9917 | ce_event 1.6948 ce_dt 1.8991 ce_cpu 0.5623
step 002650 | loss 5.3308 | mse 0.9756 | ce_event 1.8776 ce_dt 2.0121 ce_cpu 0.4654
step 002700 | loss 5.4191 | mse 0.9836 | ce_event 1.8535 ce_dt 2.1007 ce_cpu 0.4812
step 002750 | loss 4.7977 | mse 0.9862 | ce_event 1.6217 ce_dt 1.8502 ce_cpu 0.3396
step 002800 | loss 5.1859 | mse 0.9886 | ce_event 1.6673 ce_dt 1.9581 ce_cpu 0.5718
step 002850 | loss 5.2405 | mse 0.9831 | ce_event 1.7897 ce_dt 1.9381 ce_cpu 0.5296
step 002900 | loss 5.3835 | mse 0.9742 | ce_event 1.8378 ce_dt 2.0699 ce_cpu 0.5015
step 002950 | loss 4.9011 | mse 0.9909 | ce_event 1.6884 ce_dt 1.8413 ce_cpu 0.3805
step 003000 | loss 4.6920 | mse 0.9914 | ce_event 1.6062 ce_dt 1.7624 ce_cpu 0.3320
[SAVE] checkpoints_discrete_full/compress-gzip/step_003000.pt
step 003050 | loss 4.3840 | mse 0.9871 | ce_event 1.4539 ce_dt 1.6011 ce_cpu 0.3420
step 003100 | loss 5.6565 | mse 0.9670 | ce_event 2.0763 ce_dt 2.1779 ce_cpu 0.4353
step 003150 | loss 4.9727 | mse 0.9718 | ce_event 1.6184 ce_dt 1.9435 ce_cpu 0.4390
step 003200 | loss 3.9124 | mse 0.9955 | ce_event 1.2115 ce_dt 1.3770 ce_cpu 0.3283
step 003250 | loss 5.0115 | mse 0.9759 | ce_event 1.6125 ce_dt 1.9482 ce_cpu 0.4749
step 003300 | loss 4.8274 | mse 0.9815 | ce_event 1.5191 ce_dt 1.8275 ce_cpu 0.4994
step 003350 | loss 4.7854 | mse 0.9828 | ce_event 1.4801 ce_dt 1.8522 ce_cpu 0.4703
step 003400 | loss 5.3531 | mse 0.9801 | ce_event 1.7377 ce_dt 1.9403 ce_cpu 0.6950
step 003450 | loss 4.2651 | mse 0.9866 | ce_event 1.3821 ce_dt 1.5778 ce_cpu 0.3187
step 003500 | loss 4.6543 | mse 0.9711 | ce_event 1.5484 ce_dt 1.8079 ce_cpu 0.3268
[SAVE] checkpoints_discrete_full/compress-gzip/step_003500.pt
step 003550 | loss 4.0769 | mse 0.9898 | ce_event 1.2180 ce_dt 1.4486 ce_cpu 0.4204
step 003600 | loss 5.3822 | mse 0.9600 | ce_event 1.7723 ce_dt 2.0821 ce_cpu 0.5679
step 003650 | loss 3.8340 | mse 0.9708 | ce_event 1.2010 ce_dt 1.3743 ce_cpu 0.2880
step 003700 | loss 3.8287 | mse 0.9705 | ce_event 1.2023 ce_dt 1.3761 ce_cpu 0.2798
step 003750 | loss 4.1252 | mse 0.9784 | ce_event 1.2419 ce_dt 1.5714 ce_cpu 0.3335
step 003800 | loss 4.6510 | mse 0.9614 | ce_event 1.6419 ce_dt 1.7574 ce_cpu 0.2904
step 003850 | loss 4.6963 | mse 0.9553 | ce_event 1.5875 ce_dt 1.7244 ce_cpu 0.4290
step 003900 | loss 4.3764 | mse 0.9660 | ce_event 1.4481 ce_dt 1.5601 ce_cpu 0.4022
step 003950 | loss 4.2286 | mse 0.9674 | ce_event 1.4574 ce_dt 1.5468 ce_cpu 0.2570
step 004000 | loss 5.3753 | mse 0.9523 | ce_event 1.8829 ce_dt 2.0392 ce_cpu 0.5009
[SAVE] checkpoints_discrete_full/compress-gzip/step_004000.pt
step 004050 | loss 3.6668 | mse 0.9656 | ce_event 1.1931 ce_dt 1.2929 ce_cpu 0.2152
step 004100 | loss 3.7935 | mse 0.9601 | ce_event 1.2132 ce_dt 1.3280 ce_cpu 0.2923
step 004150 | loss 4.3688 | mse 0.9628 | ce_event 1.3796 ce_dt 1.6161 ce_cpu 0.4103
step 004200 | loss 3.8278 | mse 0.9516 | ce_event 1.2577 ce_dt 1.3863 ce_cpu 0.2322
step 004250 | loss 3.6566 | mse 0.9492 | ce_event 1.1597 ce_dt 1.2801 ce_cpu 0.2677
step 004300 | loss 2.9671 | mse 0.9793 | ce_event 0.8343 ce_dt 0.9680 ce_cpu 0.1855
step 004350 | loss 4.2474 | mse 0.9420 | ce_event 1.4398 ce_dt 1.5848 ce_cpu 0.2807
step 004400 | loss 3.6036 | mse 0.9489 | ce_event 1.1203 ce_dt 1.2451 ce_cpu 0.2893
step 004450 | loss 2.5893 | mse 0.9688 | ce_event 0.7063 ce_dt 0.8145 ce_cpu 0.0997
step 004500 | loss 3.7198 | mse 0.9355 | ce_event 1.2149 ce_dt 1.3264 ce_cpu 0.2430
[SAVE] checkpoints_discrete_full/compress-gzip/step_004500.pt
step 004550 | loss 3.9284 | mse 0.9438 | ce_event 1.2296 ce_dt 1.3781 ce_cpu 0.3769
step 004600 | loss 3.8573 | mse 0.9330 | ce_event 1.2129 ce_dt 1.4305 ce_cpu 0.2809
step 004650 | loss 3.5065 | mse 0.9331 | ce_event 1.1426 ce_dt 1.2406 ce_cpu 0.1903
step 004700 | loss 3.9031 | mse 0.9113 | ce_event 1.2496 ce_dt 1.4781 ce_cpu 0.2641
step 004750 | loss 3.4002 | mse 0.9371 | ce_event 1.0292 ce_dt 1.2019 ce_cpu 0.2321
step 004800 | loss 3.3032 | mse 0.9352 | ce_event 0.9700 ce_dt 1.0737 ce_cpu 0.3243
step 004850 | loss 3.2440 | mse 0.9347 | ce_event 1.0148 ce_dt 1.0578 ce_cpu 0.2366
step 004900 | loss 3.7463 | mse 0.9132 | ce_event 1.2086 ce_dt 1.3261 ce_cpu 0.2984
step 004950 | loss 3.9747 | mse 0.9105 | ce_event 1.3296 ce_dt 1.4437 ce_cpu 0.2909
step 005000 | loss 3.1790 | mse 0.9132 | ce_event 0.9807 ce_dt 1.0279 ce_cpu 0.2572
[SAVE] checkpoints_discrete_full/compress-gzip/step_005000.pt
step 005050 | loss 3.6900 | mse 0.8841 | ce_event 1.2506 ce_dt 1.3447 ce_cpu 0.2106
step 005100 | loss 3.1050 | mse 0.8973 | ce_event 0.9213 ce_dt 1.0343 ce_cpu 0.2521
step 005150 | loss 3.0481 | mse 0.8872 | ce_event 0.9352 ce_dt 0.9986 ce_cpu 0.2270
step 005200 | loss 3.3362 | mse 0.8606 | ce_event 1.0339 ce_dt 1.2144 ce_cpu 0.2274
step 005250 | loss 3.6194 | mse 0.8703 | ce_event 1.1541 ce_dt 1.2355 ce_cpu 0.3595
step 005300 | loss 2.9467 | mse 0.9097 | ce_event 0.8542 ce_dt 0.9180 ce_cpu 0.2648
step 005350 | loss 3.1116 | mse 0.8958 | ce_event 0.9512 ce_dt 1.0021 ce_cpu 0.2624
step 005400 | loss 3.8270 | mse 0.8619 | ce_event 1.3103 ce_dt 1.4001 ce_cpu 0.2547
step 005450 | loss 3.2339 | mse 0.8506 | ce_event 0.9766 ce_dt 1.1511 ce_cpu 0.2556
step 005500 | loss 4.1126 | mse 0.8451 | ce_event 1.3522 ce_dt 1.4842 ce_cpu 0.4311
[SAVE] checkpoints_discrete_full/compress-gzip/step_005500.pt
step 005550 | loss 3.1187 | mse 0.8626 | ce_event 0.9694 ce_dt 1.0550 ce_cpu 0.2317
step 005600 | loss 3.0519 | mse 0.8642 | ce_event 0.9182 ce_dt 1.0438 ce_cpu 0.2257
step 005650 | loss 3.1351 | mse 0.8376 | ce_event 1.0156 ce_dt 1.0597 ce_cpu 0.2223
step 005700 | loss 3.8391 | mse 0.8321 | ce_event 1.2696 ce_dt 1.4083 ce_cpu 0.3291
step 005750 | loss 2.9030 | mse 0.8457 | ce_event 0.9231 ce_dt 0.9982 ce_cpu 0.1360
step 005800 | loss 3.5162 | mse 0.8454 | ce_event 1.0511 ce_dt 1.2221 ce_cpu 0.3977
step 005850 | loss 4.1161 | mse 0.8383 | ce_event 1.3745 ce_dt 1.4564 ce_cpu 0.4470
step 005900 | loss 3.6258 | mse 0.8351 | ce_event 1.0823 ce_dt 1.3451 ce_cpu 0.3632
step 005950 | loss 3.3441 | mse 0.8108 | ce_event 1.0743 ce_dt 1.1493 ce_cpu 0.3097
step 006000 | loss 4.0857 | mse 0.7922 | ce_event 1.3614 ce_dt 1.5744 ce_cpu 0.3578
[SAVE] checkpoints_discrete_full/compress-gzip/step_006000.pt
step 006050 | loss 2.9392 | mse 0.8098 | ce_event 0.9201 ce_dt 1.0459 ce_cpu 0.1633
step 006100 | loss 2.8871 | mse 0.8097 | ce_event 0.8691 ce_dt 0.9706 ce_cpu 0.2378
step 006150 | loss 3.2320 | mse 0.8088 | ce_event 1.1589 ce_dt 1.1368 ce_cpu 0.1275
step 006200 | loss 2.6675 | mse 0.8212 | ce_event 0.8062 ce_dt 0.9043 ce_cpu 0.1358
step 006250 | loss 3.0989 | mse 0.8067 | ce_event 1.0139 ce_dt 1.0654 ce_cpu 0.2129
step 006300 | loss 2.5756 | mse 0.7837 | ce_event 0.8357 ce_dt 0.8827 ce_cpu 0.0736
step 006350 | loss 2.9360 | mse 0.7495 | ce_event 0.9721 ce_dt 1.0684 ce_cpu 0.1459
step 006400 | loss 2.9760 | mse 0.7894 | ce_event 0.9493 ce_dt 1.0493 ce_cpu 0.1880
step 006450 | loss 3.3586 | mse 0.7690 | ce_event 1.1505 ce_dt 1.2264 ce_cpu 0.2127
step 006500 | loss 2.9148 | mse 0.7794 | ce_event 0.8989 ce_dt 1.0149 ce_cpu 0.2217
[SAVE] checkpoints_discrete_full/compress-gzip/step_006500.pt
step 006550 | loss 2.9133 | mse 0.7367 | ce_event 0.9669 ce_dt 1.0768 ce_cpu 0.1329
step 006600 | loss 2.9155 | mse 0.7758 | ce_event 0.8341 ce_dt 1.0323 ce_cpu 0.2733
step 006650 | loss 3.6630 | mse 0.8045 | ce_event 1.2218 ce_dt 1.3897 ce_cpu 0.2469
step 006700 | loss 3.2011 | mse 0.7538 | ce_event 1.1191 ce_dt 1.1413 ce_cpu 0.1869
step 006750 | loss 3.3947 | mse 0.7527 | ce_event 1.0705 ce_dt 1.2700 ce_cpu 0.3014
step 006800 | loss 2.7234 | mse 0.7360 | ce_event 0.8800 ce_dt 0.9467 ce_cpu 0.1606
step 006850 | loss 2.3500 | mse 0.7652 | ce_event 0.6940 ce_dt 0.7768 ce_cpu 0.1140
step 006900 | loss 3.3181 | mse 0.7387 | ce_event 1.0740 ce_dt 1.2773 ce_cpu 0.2281
step 006950 | loss 3.8211 | mse 0.7623 | ce_event 1.2872 ce_dt 1.4398 ce_cpu 0.3319
step 007000 | loss 4.2380 | mse 0.7378 | ce_event 1.5062 ce_dt 1.6288 ce_cpu 0.3652
[SAVE] checkpoints_discrete_full/compress-gzip/step_007000.pt
step 007050 | loss 3.0455 | mse 0.7019 | ce_event 1.0277 ce_dt 1.1419 ce_cpu 0.1741
step 007100 | loss 2.8852 | mse 0.7268 | ce_event 0.9029 ce_dt 0.9978 ce_cpu 0.2578
step 007150 | loss 2.5141 | mse 0.7368 | ce_event 0.7347 ce_dt 0.8885 ce_cpu 0.1541
step 007200 | loss 3.0536 | mse 0.7023 | ce_event 1.0772 ce_dt 1.1223 ce_cpu 0.1518
step 007250 | loss 2.6334 | mse 0.7374 | ce_event 0.8307 ce_dt 0.9688 ce_cpu 0.0965
step 007300 | loss 3.1205 | mse 0.7398 | ce_event 0.9815 ce_dt 1.2031 ce_cpu 0.1962
step 007350 | loss 2.4382 | mse 0.7164 | ce_event 0.7808 ce_dt 0.8523 ce_cpu 0.0886
step 007400 | loss 3.1407 | mse 0.6877 | ce_event 1.1002 ce_dt 1.1361 ce_cpu 0.2166
step 007450 | loss 3.0820 | mse 0.7520 | ce_event 0.9879 ce_dt 1.0768 ce_cpu 0.2654
step 007500 | loss 3.1097 | mse 0.7088 | ce_event 1.0796 ce_dt 1.1481 ce_cpu 0.1732
[SAVE] checkpoints_discrete_full/compress-gzip/step_007500.pt
step 007550 | loss 2.1753 | mse 0.7295 | ce_event 0.6183 ce_dt 0.7282 ce_cpu 0.0992
step 007600 | loss 2.9708 | mse 0.7047 | ce_event 0.9878 ce_dt 1.1321 ce_cpu 0.1462
step 007650 | loss 2.7894 | mse 0.6986 | ce_event 0.8237 ce_dt 0.9529 ce_cpu 0.3143
step 007700 | loss 2.4726 | mse 0.6991 | ce_event 0.7748 ce_dt 0.8361 ce_cpu 0.1625
step 007750 | loss 2.3091 | mse 0.6616 | ce_event 0.7007 ce_dt 0.7800 ce_cpu 0.1668
step 007800 | loss 2.1013 | mse 0.6910 | ce_event 0.6285 ce_dt 0.6768 ce_cpu 0.1050
step 007850 | loss 2.9012 | mse 0.6656 | ce_event 0.9144 ce_dt 1.0839 ce_cpu 0.2373
step 007900 | loss 2.2204 | mse 0.6504 | ce_event 0.6856 ce_dt 0.7896 ce_cpu 0.0948
step 007950 | loss 2.9958 | mse 0.6693 | ce_event 0.9674 ce_dt 1.1434 ce_cpu 0.2156
step 008000 | loss 2.5016 | mse 0.6568 | ce_event 0.7832 ce_dt 0.9127 ce_cpu 0.1490
[SAVE] checkpoints_discrete_full/compress-gzip/step_008000.pt
step 008050 | loss 3.1608 | mse 0.6775 | ce_event 1.0359 ce_dt 1.2209 ce_cpu 0.2265
step 008100 | loss 2.7132 | mse 0.6678 | ce_event 0.8995 ce_dt 0.9583 ce_cpu 0.1877
step 008150 | loss 2.9687 | mse 0.6740 | ce_event 0.9885 ce_dt 1.1268 ce_cpu 0.1794
step 008200 | loss 2.5565 | mse 0.6824 | ce_event 0.8284 ce_dt 0.9126 ce_cpu 0.1331
step 008250 | loss 2.0401 | mse 0.6948 | ce_event 0.5608 ce_dt 0.6705 ce_cpu 0.1139
step 008300 | loss 2.8630 | mse 0.6338 | ce_event 1.0006 ce_dt 1.0553 ce_cpu 0.1733
step 008350 | loss 2.7631 | mse 0.6311 | ce_event 0.8891 ce_dt 1.0520 ce_cpu 0.1908
step 008400 | loss 2.3400 | mse 0.6832 | ce_event 0.7402 ce_dt 0.8185 ce_cpu 0.0981
step 008450 | loss 2.4069 | mse 0.6244 | ce_event 0.7212 ce_dt 0.8505 ce_cpu 0.2109
step 008500 | loss 2.3158 | mse 0.6481 | ce_event 0.6653 ce_dt 0.8254 ce_cpu 0.1769
[SAVE] checkpoints_discrete_full/compress-gzip/step_008500.pt
step 008550 | loss 1.9058 | mse 0.6654 | ce_event 0.5140 ce_dt 0.5789 ce_cpu 0.1475
step 008600 | loss 3.1164 | mse 0.6344 | ce_event 1.0207 ce_dt 1.1397 ce_cpu 0.3218
step 008650 | loss 2.7937 | mse 0.6250 | ce_event 1.0005 ce_dt 0.9929 ce_cpu 0.1753
step 008700 | loss 2.2476 | mse 0.6028 | ce_event 0.6967 ce_dt 0.7840 ce_cpu 0.1641
step 008750 | loss 2.8213 | mse 0.6042 | ce_event 0.9446 ce_dt 1.0333 ce_cpu 0.2392
step 008800 | loss 2.8941 | mse 0.6191 | ce_event 0.9875 ce_dt 1.0232 ce_cpu 0.2643
step 008850 | loss 2.3244 | mse 0.6358 | ce_event 0.6824 ce_dt 0.7971 ce_cpu 0.2091
step 008900 | loss 3.2199 | mse 0.6007 | ce_event 1.1063 ce_dt 1.2293 ce_cpu 0.2836
step 008950 | loss 2.8483 | mse 0.6200 | ce_event 0.9878 ce_dt 1.0937 ce_cpu 0.1468
step 009000 | loss 2.9497 | mse 0.5820 | ce_event 1.0019 ce_dt 1.1194 ce_cpu 0.2464
[SAVE] checkpoints_discrete_full/compress-gzip/step_009000.pt
step 009050 | loss 2.7284 | mse 0.6085 | ce_event 0.8789 ce_dt 0.9704 ce_cpu 0.2706
step 009100 | loss 3.2914 | mse 0.5875 | ce_event 1.0888 ce_dt 1.3401 ce_cpu 0.2750
step 009150 | loss 2.4583 | mse 0.5808 | ce_event 0.8355 ce_dt 0.9622 ce_cpu 0.0797
step 009200 | loss 2.5609 | mse 0.6031 | ce_event 0.8126 ce_dt 0.9758 ce_cpu 0.1693
step 009250 | loss 2.5299 | mse 0.5955 | ce_event 0.8340 ce_dt 0.9529 ce_cpu 0.1475
step 009300 | loss 3.0039 | mse 0.5856 | ce_event 1.0102 ce_dt 1.1897 ce_cpu 0.2185
step 009350 | loss 2.4793 | mse 0.5609 | ce_event 0.7549 ce_dt 0.8489 ce_cpu 0.3145
step 009400 | loss 2.8369 | mse 0.5890 | ce_event 0.9397 ce_dt 1.0622 ce_cpu 0.2460
step 009450 | loss 3.1929 | mse 0.6147 | ce_event 1.0984 ce_dt 1.2364 ce_cpu 0.2433
step 009500 | loss 2.3980 | mse 0.5859 | ce_event 0.7727 ce_dt 0.8865 ce_cpu 0.1529
[SAVE] checkpoints_discrete_full/compress-gzip/step_009500.pt
step 009550 | loss 1.8596 | mse 0.5900 | ce_event 0.5879 ce_dt 0.5931 ce_cpu 0.0887
step 009600 | loss 3.1524 | mse 0.5759 | ce_event 1.0850 ce_dt 1.2368 ce_cpu 0.2548
step 009650 | loss 2.0582 | mse 0.5632 | ce_event 0.6862 ce_dt 0.7226 ce_cpu 0.0861
step 009700 | loss 2.7257 | mse 0.5488 | ce_event 0.8904 ce_dt 1.0155 ce_cpu 0.2710
step 009750 | loss 1.8650 | mse 0.5511 | ce_event 0.5592 ce_dt 0.6370 ce_cpu 0.1177
step 009800 | loss 2.2190 | mse 0.5620 | ce_event 0.7005 ce_dt 0.8083 ce_cpu 0.1482
step 009850 | loss 1.9459 | mse 0.5224 | ce_event 0.5715 ce_dt 0.6809 ce_cpu 0.1712
step 009900 | loss 2.5552 | mse 0.5543 | ce_event 0.9055 ce_dt 0.9599 ce_cpu 0.1354
step 009950 | loss 2.2982 | mse 0.5258 | ce_event 0.7910 ce_dt 0.8866 ce_cpu 0.0948
step 010000 | loss 1.8684 | mse 0.5319 | ce_event 0.5910 ce_dt 0.6371 ce_cpu 0.1085
[SAVE] checkpoints_discrete_full/compress-gzip/step_010000.pt
step 010050 | loss 2.4673 | mse 0.5842 | ce_event 0.7973 ce_dt 0.9289 ce_cpu 0.1569
step 010100 | loss 2.6686 | mse 0.5285 | ce_event 0.8584 ce_dt 1.0094 ce_cpu 0.2722
step 010150 | loss 2.1429 | mse 0.4980 | ce_event 0.7020 ce_dt 0.7655 ce_cpu 0.1774
step 010200 | loss 2.2232 | mse 0.5264 | ce_event 0.7410 ce_dt 0.8548 ce_cpu 0.1010
step 010250 | loss 1.8114 | mse 0.5124 | ce_event 0.5283 ce_dt 0.6296 ce_cpu 0.1411
step 010300 | loss 2.6443 | mse 0.4845 | ce_event 0.9106 ce_dt 1.0054 ce_cpu 0.2438
step 010350 | loss 2.3544 | mse 0.5110 | ce_event 0.8041 ce_dt 0.8762 ce_cpu 0.1631
step 010400 | loss 2.5469 | mse 0.5024 | ce_event 0.8652 ce_dt 0.9376 ce_cpu 0.2417
step 010450 | loss 1.9010 | mse 0.5322 | ce_event 0.5753 ce_dt 0.6945 ce_cpu 0.0989
step 010500 | loss 2.5653 | mse 0.5065 | ce_event 0.8937 ce_dt 0.9781 ce_cpu 0.1870
[SAVE] checkpoints_discrete_full/compress-gzip/step_010500.pt
step 010550 | loss 2.7346 | mse 0.5038 | ce_event 0.9291 ce_dt 1.0058 ce_cpu 0.2960
step 010600 | loss 2.6332 | mse 0.4797 | ce_event 0.8463 ce_dt 0.9572 ce_cpu 0.3500
step 010650 | loss 2.0313 | mse 0.4806 | ce_event 0.6424 ce_dt 0.7339 ce_cpu 0.1744
step 010700 | loss 2.1600 | mse 0.4886 | ce_event 0.7386 ce_dt 0.8279 ce_cpu 0.1049
step 010750 | loss 2.5456 | mse 0.4783 | ce_event 0.8303 ce_dt 0.9481 ce_cpu 0.2889
step 010800 | loss 2.1502 | mse 0.4764 | ce_event 0.6693 ce_dt 0.8130 ce_cpu 0.1916
step 010850 | loss 2.0183 | mse 0.5059 | ce_event 0.6236 ce_dt 0.8030 ce_cpu 0.0858
step 010900 | loss 2.5314 | mse 0.4826 | ce_event 0.8423 ce_dt 1.0043 ce_cpu 0.2022
step 010950 | loss 2.3121 | mse 0.4700 | ce_event 0.7657 ce_dt 0.8883 ce_cpu 0.1881
step 011000 | loss 2.1964 | mse 0.4735 | ce_event 0.6919 ce_dt 0.8775 ce_cpu 0.1535
[SAVE] checkpoints_discrete_full/compress-gzip/step_011000.pt
step 011050 | loss 1.7623 | mse 0.4438 | ce_event 0.5342 ce_dt 0.6893 ce_cpu 0.0951
step 011100 | loss 1.8502 | mse 0.4300 | ce_event 0.5887 ce_dt 0.6429 ce_cpu 0.1886
step 011150 | loss 2.9733 | mse 0.4640 | ce_event 1.0586 ce_dt 1.2198 ce_cpu 0.2309
step 011200 | loss 2.0815 | mse 0.5025 | ce_event 0.6375 ce_dt 0.7638 ce_cpu 0.1778
step 011250 | loss 2.9606 | mse 0.4774 | ce_event 1.0011 ce_dt 1.1285 ce_cpu 0.3537
step 011300 | loss 1.7499 | mse 0.4419 | ce_event 0.5689 ce_dt 0.6321 ce_cpu 0.1069
step 011350 | loss 2.2604 | mse 0.4162 | ce_event 0.7371 ce_dt 0.9147 ce_cpu 0.1924
step 011400 | loss 2.0974 | mse 0.4588 | ce_event 0.7355 ce_dt 0.7854 ce_cpu 0.1177
step 011450 | loss 2.5217 | mse 0.4681 | ce_event 0.9356 ce_dt 1.0473 ce_cpu 0.0707
step 011500 | loss 2.6185 | mse 0.4532 | ce_event 0.9664 ce_dt 0.9682 ce_cpu 0.2307
[SAVE] checkpoints_discrete_full/compress-gzip/step_011500.pt
step 011550 | loss 2.5922 | mse 0.4479 | ce_event 0.9424 ce_dt 1.0540 ce_cpu 0.1478
step 011600 | loss 1.8394 | mse 0.4437 | ce_event 0.5971 ce_dt 0.6779 ce_cpu 0.1207
step 011650 | loss 2.3273 | mse 0.4073 | ce_event 0.8134 ce_dt 0.9454 ce_cpu 0.1612
step 011700 | loss 2.4607 | mse 0.4333 | ce_event 0.9101 ce_dt 1.0133 ce_cpu 0.1040
step 011750 | loss 1.7112 | mse 0.4211 | ce_event 0.5509 ce_dt 0.6352 ce_cpu 0.1040
step 011800 | loss 2.2359 | mse 0.4010 | ce_event 0.7555 ce_dt 0.8876 ce_cpu 0.1917
step 011850 | loss 2.0215 | mse 0.4210 | ce_event 0.7017 ce_dt 0.7485 ce_cpu 0.1503
step 011900 | loss 2.2895 | mse 0.4231 | ce_event 0.7792 ce_dt 0.9406 ce_cpu 0.1466
step 011950 | loss 2.5937 | mse 0.4070 | ce_event 0.9050 ce_dt 1.0214 ce_cpu 0.2604
step 012000 | loss 2.1331 | mse 0.3922 | ce_event 0.7632 ce_dt 0.8391 ce_cpu 0.1386
[SAVE] checkpoints_discrete_full/compress-gzip/step_012000.pt
step 012050 | loss 1.9536 | mse 0.3827 | ce_event 0.6654 ce_dt 0.7907 ce_cpu 0.1149
step 012100 | loss 2.3403 | mse 0.3779 | ce_event 0.8435 ce_dt 0.9592 ce_cpu 0.1598
step 012150 | loss 2.3769 | mse 0.4005 | ce_event 0.8539 ce_dt 0.9695 ce_cpu 0.1530
step 012200 | loss 1.9484 | mse 0.4074 | ce_event 0.6852 ce_dt 0.7309 ce_cpu 0.1249
step 012250 | loss 1.4905 | mse 0.3845 | ce_event 0.4845 ce_dt 0.5405 ce_cpu 0.0811
step 012300 | loss 2.1030 | mse 0.4113 | ce_event 0.6936 ce_dt 0.8464 ce_cpu 0.1516
step 012350 | loss 2.5024 | mse 0.4038 | ce_event 0.9014 ce_dt 1.0602 ce_cpu 0.1370
step 012400 | loss 2.3875 | mse 0.3887 | ce_event 0.8763 ce_dt 0.9761 ce_cpu 0.1464
step 012450 | loss 2.1313 | mse 0.3732 | ce_event 0.7061 ce_dt 0.8402 ce_cpu 0.2119
step 012500 | loss 1.6102 | mse 0.3748 | ce_event 0.5167 ce_dt 0.6050 ce_cpu 0.1137
[SAVE] checkpoints_discrete_full/compress-gzip/step_012500.pt
step 012550 | loss 2.1256 | mse 0.3651 | ce_event 0.7489 ce_dt 0.8939 ce_cpu 0.1177
step 012600 | loss 1.9524 | mse 0.3495 | ce_event 0.6761 ce_dt 0.7894 ce_cpu 0.1374
step 012650 | loss 1.7889 | mse 0.3685 | ce_event 0.6066 ce_dt 0.7001 ce_cpu 0.1137
step 012700 | loss 2.5664 | mse 0.3654 | ce_event 0.9849 ce_dt 1.0527 ce_cpu 0.1634
step 012750 | loss 1.8280 | mse 0.3625 | ce_event 0.6003 ce_dt 0.7110 ce_cpu 0.1543
step 012800 | loss 1.8163 | mse 0.3827 | ce_event 0.6141 ce_dt 0.7300 ce_cpu 0.0895
step 012850 | loss 1.2825 | mse 0.3444 | ce_event 0.3889 ce_dt 0.4845 ce_cpu 0.0646
step 012900 | loss 1.7153 | mse 0.3521 | ce_event 0.5583 ce_dt 0.6692 ce_cpu 0.1357
step 012950 | loss 1.7445 | mse 0.3492 | ce_event 0.5567 ce_dt 0.7340 ce_cpu 0.1045
step 013000 | loss 1.9639 | mse 0.3626 | ce_event 0.7144 ce_dt 0.7805 ce_cpu 0.1064
[SAVE] checkpoints_discrete_full/compress-gzip/step_013000.pt
step 013050 | loss 1.9634 | mse 0.3392 | ce_event 0.6911 ce_dt 0.7675 ce_cpu 0.1656
step 013100 | loss 1.6001 | mse 0.3420 | ce_event 0.6061 ce_dt 0.5944 ce_cpu 0.0577
step 013150 | loss 1.8302 | mse 0.3352 | ce_event 0.6768 ce_dt 0.7165 ce_cpu 0.1017
step 013200 | loss 1.7745 | mse 0.3689 | ce_event 0.5699 ce_dt 0.6871 ce_cpu 0.1487
step 013250 | loss 2.4110 | mse 0.3738 | ce_event 0.8644 ce_dt 0.9499 ce_cpu 0.2228
step 013300 | loss 1.9722 | mse 0.3294 | ce_event 0.6829 ce_dt 0.8038 ce_cpu 0.1561
step 013350 | loss 1.7812 | mse 0.3376 | ce_event 0.6149 ce_dt 0.7304 ce_cpu 0.0984
step 013400 | loss 1.4198 | mse 0.3266 | ce_event 0.4745 ce_dt 0.5363 ce_cpu 0.0824
step 013450 | loss 1.5761 | mse 0.3169 | ce_event 0.5598 ce_dt 0.6288 ce_cpu 0.0707
step 013500 | loss 2.2277 | mse 0.3185 | ce_event 0.7855 ce_dt 0.8985 ce_cpu 0.2252
[SAVE] checkpoints_discrete_full/compress-gzip/step_013500.pt
step 013550 | loss 1.6433 | mse 0.3066 | ce_event 0.5609 ce_dt 0.6613 ce_cpu 0.1146
step 013600 | loss 2.1010 | mse 0.3182 | ce_event 0.7701 ce_dt 0.8588 ce_cpu 0.1538
step 013650 | loss 1.7018 | mse 0.3294 | ce_event 0.5925 ce_dt 0.6806 ce_cpu 0.0993
step 013700 | loss 1.9969 | mse 0.3002 | ce_event 0.7409 ce_dt 0.8539 ce_cpu 0.1018
step 013750 | loss 1.5467 | mse 0.3254 | ce_event 0.5399 ce_dt 0.5691 ce_cpu 0.1123
step 013800 | loss 1.5527 | mse 0.3063 | ce_event 0.5672 ce_dt 0.6110 ce_cpu 0.0683
step 013850 | loss 1.3419 | mse 0.2964 | ce_event 0.4554 ce_dt 0.4910 ce_cpu 0.0991
step 013900 | loss 1.8880 | mse 0.3271 | ce_event 0.6513 ce_dt 0.7548 ce_cpu 0.1548
step 013950 | loss 1.9045 | mse 0.2829 | ce_event 0.7195 ce_dt 0.7891 ce_cpu 0.1130
step 014000 | loss 1.3038 | mse 0.2777 | ce_event 0.4328 ce_dt 0.5224 ce_cpu 0.0708
[SAVE] checkpoints_discrete_full/compress-gzip/step_014000.pt
step 014050 | loss 2.1831 | mse 0.2868 | ce_event 0.8105 ce_dt 0.8834 ce_cpu 0.2024
step 014100 | loss 1.4034 | mse 0.3188 | ce_event 0.4842 ce_dt 0.5200 ce_cpu 0.0805
step 014150 | loss 1.3420 | mse 0.2931 | ce_event 0.4778 ce_dt 0.5259 ce_cpu 0.0453
step 014200 | loss 1.9832 | mse 0.3168 | ce_event 0.7187 ce_dt 0.7953 ce_cpu 0.1524
step 014250 | loss 1.9667 | mse 0.2879 | ce_event 0.6685 ce_dt 0.7951 ce_cpu 0.2152
step 014300 | loss 2.3410 | mse 0.2723 | ce_event 0.8773 ce_dt 1.0108 ce_cpu 0.1806
step 014350 | loss 0.9165 | mse 0.2996 | ce_event 0.2590 ce_dt 0.2912 ce_cpu 0.0667
step 014400 | loss 1.7992 | mse 0.2693 | ce_event 0.6442 ce_dt 0.7768 ce_cpu 0.1088
step 014450 | loss 2.0749 | mse 0.2918 | ce_event 0.7733 ce_dt 0.8845 ce_cpu 0.1253
step 014500 | loss 1.4851 | mse 0.3053 | ce_event 0.5319 ce_dt 0.5510 ce_cpu 0.0970
[SAVE] checkpoints_discrete_full/compress-gzip/step_014500.pt
step 014550 | loss 1.7817 | mse 0.2808 | ce_event 0.6460 ce_dt 0.7440 ce_cpu 0.1109
step 014600 | loss 2.3215 | mse 0.2955 | ce_event 0.8564 ce_dt 0.9942 ce_cpu 0.1754
step 014650 | loss 1.1969 | mse 0.2595 | ce_event 0.3851 ce_dt 0.4623 ce_cpu 0.0901
step 014700 | loss 1.9879 | mse 0.2729 | ce_event 0.7533 ce_dt 0.8452 ce_cpu 0.1166
step 014750 | loss 2.1375 | mse 0.2479 | ce_event 0.7865 ce_dt 0.9026 ce_cpu 0.2006
step 014800 | loss 1.8462 | mse 0.3009 | ce_event 0.6287 ce_dt 0.7498 ce_cpu 0.1668
step 014850 | loss 1.8229 | mse 0.2728 | ce_event 0.6552 ce_dt 0.7768 ce_cpu 0.1182
step 014900 | loss 2.0847 | mse 0.2667 | ce_event 0.7622 ce_dt 0.8809 ce_cpu 0.1749
step 014950 | loss 1.0062 | mse 0.2608 | ce_event 0.3048 ce_dt 0.3730 ce_cpu 0.0676
step 015000 | loss 2.0352 | mse 0.2686 | ce_event 0.7448 ce_dt 0.8589 ce_cpu 0.1629
[SAVE] checkpoints_discrete_full/compress-gzip/step_015000.pt
step 015050 | loss 2.0154 | mse 0.2498 | ce_event 0.7694 ce_dt 0.8709 ce_cpu 0.1253
step 015100 | loss 1.7161 | mse 0.2498 | ce_event 0.6035 ce_dt 0.7078 ce_cpu 0.1550
step 015150 | loss 2.1863 | mse 0.2506 | ce_event 0.8370 ce_dt 0.9587 ce_cpu 0.1400
step 015200 | loss 1.8961 | mse 0.2596 | ce_event 0.7458 ce_dt 0.7941 ce_cpu 0.0966
step 015250 | loss 1.9627 | mse 0.2685 | ce_event 0.7230 ce_dt 0.8369 ce_cpu 0.1343
step 015300 | loss 1.8175 | mse 0.2532 | ce_event 0.6527 ce_dt 0.7853 ce_cpu 0.1263
step 015350 | loss 2.1624 | mse 0.2440 | ce_event 0.8171 ce_dt 0.9402 ce_cpu 0.1611
step 015400 | loss 1.9172 | mse 0.2380 | ce_event 0.6482 ce_dt 0.8266 ce_cpu 0.2044
step 015450 | loss 2.4088 | mse 0.2635 | ce_event 0.8570 ce_dt 1.0047 ce_cpu 0.2837
step 015500 | loss 1.9689 | mse 0.2624 | ce_event 0.7162 ce_dt 0.8120 ce_cpu 0.1783
[SAVE] checkpoints_discrete_full/compress-gzip/step_015500.pt
step 015550 | loss 1.7816 | mse 0.2521 | ce_event 0.6351 ce_dt 0.7736 ce_cpu 0.1208
step 015600 | loss 1.7043 | mse 0.2414 | ce_event 0.6329 ce_dt 0.7306 ce_cpu 0.0994
step 015650 | loss 1.6170 | mse 0.2551 | ce_event 0.5910 ce_dt 0.6422 ce_cpu 0.1288
step 015700 | loss 1.8999 | mse 0.2264 | ce_event 0.6526 ce_dt 0.8711 ce_cpu 0.1499
step 015750 | loss 1.5250 | mse 0.2412 | ce_event 0.5395 ce_dt 0.6320 ce_cpu 0.1123
step 015800 | loss 1.7490 | mse 0.2386 | ce_event 0.6561 ce_dt 0.7418 ce_cpu 0.1125
step 015850 | loss 2.3513 | mse 0.2607 | ce_event 0.9003 ce_dt 0.9954 ce_cpu 0.1950
step 015900 | loss 1.9453 | mse 0.2584 | ce_event 0.7181 ce_dt 0.8098 ce_cpu 0.1589
step 015950 | loss 1.6471 | mse 0.2052 | ce_event 0.5467 ce_dt 0.7334 ce_cpu 0.1618
step 016000 | loss 1.6031 | mse 0.2264 | ce_event 0.5662 ce_dt 0.6838 ce_cpu 0.1267
[SAVE] checkpoints_discrete_full/compress-gzip/step_016000.pt
step 016050 | loss 1.7061 | mse 0.2255 | ce_event 0.6306 ce_dt 0.7635 ce_cpu 0.0865
step 016100 | loss 1.6080 | mse 0.2336 | ce_event 0.5621 ce_dt 0.6839 ce_cpu 0.1284
step 016150 | loss 1.7359 | mse 0.2250 | ce_event 0.6238 ce_dt 0.7138 ce_cpu 0.1732
step 016200 | loss 1.4896 | mse 0.2063 | ce_event 0.5814 ce_dt 0.6186 ce_cpu 0.0832
step 016250 | loss 0.9753 | mse 0.2263 | ce_event 0.3050 ce_dt 0.3752 ce_cpu 0.0688
step 016300 | loss 1.4949 | mse 0.2319 | ce_event 0.4969 ce_dt 0.6004 ce_cpu 0.1658
step 016350 | loss 1.6708 | mse 0.2259 | ce_event 0.6218 ce_dt 0.7226 ce_cpu 0.1005
step 016400 | loss 1.3751 | mse 0.2336 | ce_event 0.5016 ce_dt 0.5396 ce_cpu 0.1004
step 016450 | loss 1.9429 | mse 0.2178 | ce_event 0.6979 ce_dt 0.8697 ce_cpu 0.1575
step 016500 | loss 1.5872 | mse 0.2188 | ce_event 0.5685 ce_dt 0.6553 ce_cpu 0.1447
[SAVE] checkpoints_discrete_full/compress-gzip/step_016500.pt
step 016550 | loss 1.1142 | mse 0.2534 | ce_event 0.3592 ce_dt 0.4001 ce_cpu 0.1014
step 016600 | loss 1.8046 | mse 0.2263 | ce_event 0.6882 ce_dt 0.7832 ce_cpu 0.1069
step 016650 | loss 1.5095 | mse 0.2233 | ce_event 0.5762 ce_dt 0.6088 ce_cpu 0.1012
step 016700 | loss 1.1596 | mse 0.2253 | ce_event 0.4055 ce_dt 0.4454 ce_cpu 0.0834
step 016750 | loss 1.7456 | mse 0.2058 | ce_event 0.6539 ce_dt 0.7383 ce_cpu 0.1477
step 016800 | loss 1.5401 | mse 0.2322 | ce_event 0.5625 ce_dt 0.6536 ce_cpu 0.0918
step 016850 | loss 1.2501 | mse 0.2250 | ce_event 0.4514 ce_dt 0.5180 ce_cpu 0.0556
step 016900 | loss 1.1957 | mse 0.2026 | ce_event 0.4538 ce_dt 0.5092 ce_cpu 0.0301
step 016950 | loss 1.7457 | mse 0.2057 | ce_event 0.6202 ce_dt 0.7793 ce_cpu 0.1405
step 017000 | loss 1.5500 | mse 0.2487 | ce_event 0.5593 ce_dt 0.6307 ce_cpu 0.1114
[SAVE] checkpoints_discrete_full/compress-gzip/step_017000.pt
step 017050 | loss 1.7686 | mse 0.2216 | ce_event 0.6352 ce_dt 0.7069 ce_cpu 0.2050
step 017100 | loss 1.6310 | mse 0.1953 | ce_event 0.6130 ce_dt 0.7003 ce_cpu 0.1225
step 017150 | loss 1.7272 | mse 0.2198 | ce_event 0.6131 ce_dt 0.7779 ce_cpu 0.1164
step 017200 | loss 1.5427 | mse 0.2169 | ce_event 0.5454 ce_dt 0.6394 ce_cpu 0.1410
step 017250 | loss 1.9746 | mse 0.2365 | ce_event 0.7317 ce_dt 0.7531 ce_cpu 0.2533
step 017300 | loss 1.6184 | mse 0.2264 | ce_event 0.6054 ce_dt 0.6666 ce_cpu 0.1200
step 017350 | loss 1.6857 | mse 0.2038 | ce_event 0.6554 ce_dt 0.7222 ce_cpu 0.1042
step 017400 | loss 1.9320 | mse 0.1908 | ce_event 0.7508 ce_dt 0.9060 ce_cpu 0.0843
step 017450 | loss 1.1104 | mse 0.2075 | ce_event 0.3821 ce_dt 0.4428 ce_cpu 0.0780
step 017500 | loss 1.8805 | mse 0.1919 | ce_event 0.7591 ce_dt 0.8172 ce_cpu 0.1123
[SAVE] checkpoints_discrete_full/compress-gzip/step_017500.pt
step 017550 | loss 1.4698 | mse 0.2168 | ce_event 0.5508 ce_dt 0.6079 ce_cpu 0.0942
step 017600 | loss 1.4603 | mse 0.2195 | ce_event 0.5300 ce_dt 0.6235 ce_cpu 0.0873
step 017650 | loss 1.8520 | mse 0.2178 | ce_event 0.6574 ce_dt 0.7922 ce_cpu 0.1846
step 017700 | loss 1.8834 | mse 0.1952 | ce_event 0.6675 ce_dt 0.7953 ce_cpu 0.2254
step 017750 | loss 1.6017 | mse 0.2072 | ce_event 0.6171 ce_dt 0.6788 ce_cpu 0.0985
step 017800 | loss 0.9789 | mse 0.2093 | ce_event 0.3332 ce_dt 0.3608 ce_cpu 0.0756
step 017850 | loss 2.1262 | mse 0.1909 | ce_event 0.8303 ce_dt 0.9564 ce_cpu 0.1486
step 017900 | loss 1.6282 | mse 0.1795 | ce_event 0.6445 ce_dt 0.7132 ce_cpu 0.0910
step 017950 | loss 1.5297 | mse 0.1851 | ce_event 0.5786 ce_dt 0.7038 ce_cpu 0.0622
step 018000 | loss 1.4490 | mse 0.2064 | ce_event 0.5186 ce_dt 0.6566 ce_cpu 0.0675
[SAVE] checkpoints_discrete_full/compress-gzip/step_018000.pt
step 018050 | loss 1.3636 | mse 0.1805 | ce_event 0.4857 ce_dt 0.5934 ce_cpu 0.1039
step 018100 | loss 1.2928 | mse 0.1874 | ce_event 0.4984 ce_dt 0.5306 ce_cpu 0.0764
step 018150 | loss 1.3391 | mse 0.2113 | ce_event 0.5085 ce_dt 0.5329 ce_cpu 0.0864
step 018200 | loss 1.0115 | mse 0.1900 | ce_event 0.3655 ce_dt 0.3948 ce_cpu 0.0611
step 018250 | loss 1.2341 | mse 0.1979 | ce_event 0.4345 ce_dt 0.5192 ce_cpu 0.0825
step 018300 | loss 1.6461 | mse 0.2015 | ce_event 0.6185 ce_dt 0.7216 ce_cpu 0.1045
step 018350 | loss 1.4945 | mse 0.2231 | ce_event 0.5395 ce_dt 0.6239 ce_cpu 0.1080
step 018400 | loss 1.3874 | mse 0.1845 | ce_event 0.5174 ce_dt 0.5894 ce_cpu 0.0961
step 018450 | loss 1.4325 | mse 0.1941 | ce_event 0.5144 ce_dt 0.6373 ce_cpu 0.0868
step 018500 | loss 1.5602 | mse 0.1920 | ce_event 0.5778 ce_dt 0.6700 ce_cpu 0.1205
[SAVE] checkpoints_discrete_full/compress-gzip/step_018500.pt
step 018550 | loss 0.9374 | mse 0.1902 | ce_event 0.3085 ce_dt 0.3685 ce_cpu 0.0702
step 018600 | loss 1.0406 | mse 0.1747 | ce_event 0.3774 ce_dt 0.4326 ce_cpu 0.0559
step 018650 | loss 1.0167 | mse 0.1952 | ce_event 0.3268 ce_dt 0.4124 ce_cpu 0.0824
step 018700 | loss 1.1571 | mse 0.2057 | ce_event 0.3933 ce_dt 0.4996 ce_cpu 0.0585
step 018750 | loss 1.9883 | mse 0.1697 | ce_event 0.7442 ce_dt 0.9176 ce_cpu 0.1568
step 018800 | loss 1.4645 | mse 0.1763 | ce_event 0.5474 ce_dt 0.6382 ce_cpu 0.1026
step 018850 | loss 1.4222 | mse 0.1863 | ce_event 0.5516 ce_dt 0.6219 ce_cpu 0.0624
step 018900 | loss 1.4563 | mse 0.1795 | ce_event 0.5580 ce_dt 0.6412 ce_cpu 0.0775
step 018950 | loss 1.9043 | mse 0.2708 | ce_event 0.6563 ce_dt 0.8216 ce_cpu 0.1556
step 019000 | loss 1.9673 | mse 0.1725 | ce_event 0.8081 ce_dt 0.9118 ce_cpu 0.0748
[SAVE] checkpoints_discrete_full/compress-gzip/step_019000.pt
step 019050 | loss 1.3498 | mse 0.1950 | ce_event 0.4495 ce_dt 0.5575 ce_cpu 0.1477
step 019100 | loss 1.2647 | mse 0.1719 | ce_event 0.4980 ce_dt 0.5369 ce_cpu 0.0578
step 019150 | loss 1.6803 | mse 0.1708 | ce_event 0.6017 ce_dt 0.7364 ce_cpu 0.1715
step 019200 | loss 1.6088 | mse 0.1797 | ce_event 0.5918 ce_dt 0.6906 ce_cpu 0.1467
step 019250 | loss 1.4752 | mse 0.1769 | ce_event 0.5768 ce_dt 0.5787 ce_cpu 0.1428
step 019300 | loss 1.2980 | mse 0.1826 | ce_event 0.4977 ce_dt 0.5345 ce_cpu 0.0831
step 019350 | loss 1.4284 | mse 0.1817 | ce_event 0.5345 ce_dt 0.6545 ce_cpu 0.0577
step 019400 | loss 1.2222 | mse 0.2031 | ce_event 0.4468 ce_dt 0.5261 ce_cpu 0.0463
step 019450 | loss 1.3065 | mse 0.1868 | ce_event 0.4900 ce_dt 0.5519 ce_cpu 0.0779
step 019500 | loss 1.8478 | mse 0.1806 | ce_event 0.7320 ce_dt 0.8263 ce_cpu 0.1089
[SAVE] checkpoints_discrete_full/compress-gzip/step_019500.pt
step 019550 | loss 1.5575 | mse 0.1781 | ce_event 0.6147 ce_dt 0.6590 ce_cpu 0.1056
step 019600 | loss 1.4695 | mse 0.1855 | ce_event 0.5140 ce_dt 0.6398 ce_cpu 0.1302
step 019650 | loss 1.8515 | mse 0.1681 | ce_event 0.7362 ce_dt 0.7939 ce_cpu 0.1533
step 019700 | loss 1.4851 | mse 0.2251 | ce_event 0.5475 ce_dt 0.6124 ce_cpu 0.1000
step 019750 | loss 1.3297 | mse 0.1821 | ce_event 0.5060 ce_dt 0.5712 ce_cpu 0.0704
step 019800 | loss 1.2537 | mse 0.1721 | ce_event 0.4411 ce_dt 0.5238 ce_cpu 0.1168
step 019850 | loss 1.1622 | mse 0.1831 | ce_event 0.4411 ce_dt 0.4828 ce_cpu 0.0552
step 019900 | loss 1.4441 | mse 0.2012 | ce_event 0.4757 ce_dt 0.5791 ce_cpu 0.1881
step 019950 | loss 1.2484 | mse 0.1865 | ce_event 0.4761 ce_dt 0.5325 ce_cpu 0.0532
step 020000 | loss 1.6115 | mse 0.1752 | ce_event 0.5727 ce_dt 0.7230 ce_cpu 0.1406
[SAVE] checkpoints_discrete_full/compress-gzip/step_020000.pt
step 020050 | loss 1.3420 | mse 0.1759 | ce_event 0.4857 ce_dt 0.5781 ce_cpu 0.1023
step 020100 | loss 1.4543 | mse 0.1690 | ce_event 0.5838 ce_dt 0.6180 ce_cpu 0.0835
step 020150 | loss 1.2074 | mse 0.2140 | ce_event 0.4148 ce_dt 0.4827 ce_cpu 0.0959
step 020200 | loss 1.1419 | mse 0.1893 | ce_event 0.4043 ce_dt 0.5015 ce_cpu 0.0467
step 020250 | loss 1.5803 | mse 0.2139 | ce_event 0.6042 ce_dt 0.6400 ce_cpu 0.1221
step 020300 | loss 1.3097 | mse 0.1658 | ce_event 0.4202 ce_dt 0.5196 ce_cpu 0.2041
step 020350 | loss 1.8301 | mse 0.1836 | ce_event 0.6788 ce_dt 0.7870 ce_cpu 0.1807
step 020400 | loss 1.1374 | mse 0.1751 | ce_event 0.4069 ce_dt 0.4488 ce_cpu 0.1066
step 020450 | loss 0.9706 | mse 0.2019 | ce_event 0.3058 ce_dt 0.4146 ce_cpu 0.0484
step 020500 | loss 1.4630 | mse 0.1758 | ce_event 0.5587 ce_dt 0.6520 ce_cpu 0.0764
[SAVE] checkpoints_discrete_full/compress-gzip/step_020500.pt
step 020550 | loss 1.3157 | mse 0.1857 | ce_event 0.4736 ce_dt 0.5469 ce_cpu 0.1095
step 020600 | loss 1.2312 | mse 0.1689 | ce_event 0.4400 ce_dt 0.5386 ce_cpu 0.0838
step 020650 | loss 1.4957 | mse 0.1882 | ce_event 0.5562 ce_dt 0.6225 ce_cpu 0.1289
step 020700 | loss 1.1525 | mse 0.1670 | ce_event 0.4146 ce_dt 0.4920 ce_cpu 0.0790
step 020750 | loss 1.6132 | mse 0.1840 | ce_event 0.5879 ce_dt 0.6618 ce_cpu 0.1794
step 020800 | loss 1.3920 | mse 0.1896 | ce_event 0.5105 ce_dt 0.5890 ce_cpu 0.1028
step 020850 | loss 1.2429 | mse 0.1648 | ce_event 0.4570 ce_dt 0.5259 ce_cpu 0.0952
step 020900 | loss 1.0559 | mse 0.1724 | ce_event 0.3581 ce_dt 0.4729 ce_cpu 0.0525
step 020950 | loss 1.2465 | mse 0.1875 | ce_event 0.4794 ce_dt 0.5328 ce_cpu 0.0467
step 021000 | loss 1.6855 | mse 0.1789 | ce_event 0.6315 ce_dt 0.7222 ce_cpu 0.1530
[SAVE] checkpoints_discrete_full/compress-gzip/step_021000.pt
step 021050 | loss 1.7324 | mse 0.1550 | ce_event 0.6511 ce_dt 0.7927 ce_cpu 0.1336
step 021100 | loss 1.4858 | mse 0.1563 | ce_event 0.5715 ce_dt 0.6636 ce_cpu 0.0944
step 021150 | loss 0.9001 | mse 0.1849 | ce_event 0.3013 ce_dt 0.3508 ce_cpu 0.0632
step 021200 | loss 0.8711 | mse 0.1792 | ce_event 0.2251 ce_dt 0.3158 ce_cpu 0.1512
step 021250 | loss 1.6073 | mse 0.1605 | ce_event 0.5945 ce_dt 0.6952 ce_cpu 0.1572
step 021300 | loss 1.2241 | mse 0.1843 | ce_event 0.4569 ce_dt 0.4978 ce_cpu 0.0851
step 021350 | loss 0.6958 | mse 0.2098 | ce_event 0.1985 ce_dt 0.2390 ce_cpu 0.0485
step 021400 | loss 1.4457 | mse 0.1617 | ce_event 0.5761 ce_dt 0.6645 ce_cpu 0.0434
step 021450 | loss 1.5026 | mse 0.1590 | ce_event 0.5738 ce_dt 0.6768 ce_cpu 0.0930
step 021500 | loss 1.2036 | mse 0.1710 | ce_event 0.4609 ce_dt 0.5108 ce_cpu 0.0609
[SAVE] checkpoints_discrete_full/compress-gzip/step_021500.pt
step 021550 | loss 1.1933 | mse 0.1704 | ce_event 0.4610 ce_dt 0.5009 ce_cpu 0.0610
step 021600 | loss 1.6909 | mse 0.1481 | ce_event 0.6757 ce_dt 0.7407 ce_cpu 0.1264
step 021650 | loss 1.6015 | mse 0.1722 | ce_event 0.6321 ce_dt 0.7011 ce_cpu 0.0960
step 021700 | loss 1.3716 | mse 0.1600 | ce_event 0.4988 ce_dt 0.6245 ce_cpu 0.0884
step 021750 | loss 1.4659 | mse 0.1499 | ce_event 0.5712 ce_dt 0.6394 ce_cpu 0.1053
step 021800 | loss 1.7612 | mse 0.1712 | ce_event 0.6753 ce_dt 0.7511 ce_cpu 0.1636
step 021850 | loss 1.3978 | mse 0.1747 | ce_event 0.5017 ce_dt 0.6304 ce_cpu 0.0910
step 021900 | loss 1.3574 | mse 0.1641 | ce_event 0.5665 ce_dt 0.5929 ce_cpu 0.0339
step 021950 | loss 1.6861 | mse 0.1524 | ce_event 0.6276 ce_dt 0.6993 ce_cpu 0.2068
step 022000 | loss 0.7951 | mse 0.1791 | ce_event 0.2927 ce_dt 0.2931 ce_cpu 0.0303
[SAVE] checkpoints_discrete_full/compress-gzip/step_022000.pt
step 022050 | loss 1.4796 | mse 0.1666 | ce_event 0.5382 ce_dt 0.6306 ce_cpu 0.1442
step 022100 | loss 1.1813 | mse 0.1595 | ce_event 0.4261 ce_dt 0.4735 ce_cpu 0.1222
step 022150 | loss 1.1285 | mse 0.1885 | ce_event 0.4110 ce_dt 0.4599 ce_cpu 0.0690
step 022200 | loss 1.4166 | mse 0.1698 | ce_event 0.5411 ce_dt 0.5854 ce_cpu 0.1203
step 022250 | loss 1.7718 | mse 0.1642 | ce_event 0.6789 ce_dt 0.7635 ce_cpu 0.1653
step 022300 | loss 1.1563 | mse 0.1764 | ce_event 0.4322 ce_dt 0.4851 ce_cpu 0.0626
step 022350 | loss 1.3924 | mse 0.1573 | ce_event 0.5069 ce_dt 0.5849 ce_cpu 0.1433
step 022400 | loss 1.9605 | mse 0.1616 | ce_event 0.7886 ce_dt 0.8786 ce_cpu 0.1317
step 022450 | loss 1.1665 | mse 0.1686 | ce_event 0.4219 ce_dt 0.5082 ce_cpu 0.0678
step 022500 | loss 0.8979 | mse 0.1565 | ce_event 0.3195 ce_dt 0.3712 ce_cpu 0.0507
[SAVE] checkpoints_discrete_full/compress-gzip/step_022500.pt
step 022550 | loss 1.7259 | mse 0.1631 | ce_event 0.7044 ce_dt 0.7665 ce_cpu 0.0920
step 022600 | loss 1.3371 | mse 0.1592 | ce_event 0.5074 ce_dt 0.5886 ce_cpu 0.0819
step 022650 | loss 0.9106 | mse 0.1863 | ce_event 0.3008 ce_dt 0.3602 ce_cpu 0.0633
step 022700 | loss 1.2499 | mse 0.1617 | ce_event 0.4408 ce_dt 0.5686 ce_cpu 0.0788
step 022750 | loss 1.2631 | mse 0.1607 | ce_event 0.4414 ce_dt 0.5448 ce_cpu 0.1162
step 022800 | loss 1.5367 | mse 0.1573 | ce_event 0.5739 ce_dt 0.6792 ce_cpu 0.1263
step 022850 | loss 0.8858 | mse 0.1728 | ce_event 0.2709 ce_dt 0.3655 ce_cpu 0.0767
step 022900 | loss 1.4231 | mse 0.1605 | ce_event 0.5411 ce_dt 0.6060 ce_cpu 0.1154
step 022950 | loss 1.1560 | mse 0.1518 | ce_event 0.4359 ce_dt 0.5248 ce_cpu 0.0436
step 023000 | loss 1.5107 | mse 0.1668 | ce_event 0.5679 ce_dt 0.6297 ce_cpu 0.1463
[SAVE] checkpoints_discrete_full/compress-gzip/step_023000.pt
step 023050 | loss 1.4377 | mse 0.1507 | ce_event 0.5723 ce_dt 0.6324 ce_cpu 0.0823
step 023100 | loss 1.3867 | mse 0.1499 | ce_event 0.4960 ce_dt 0.5942 ce_cpu 0.1466
step 023150 | loss 1.7518 | mse 0.1426 | ce_event 0.6685 ce_dt 0.7600 ce_cpu 0.1808
step 023200 | loss 1.3108 | mse 0.1623 | ce_event 0.4588 ce_dt 0.5794 ce_cpu 0.1102
step 023250 | loss 1.2740 | mse 0.1433 | ce_event 0.4732 ce_dt 0.5789 ce_cpu 0.0786
step 023300 | loss 1.5004 | mse 0.1543 | ce_event 0.5599 ce_dt 0.6524 ce_cpu 0.1338
step 023350 | loss 1.2495 | mse 0.1429 | ce_event 0.5027 ce_dt 0.5296 ce_cpu 0.0743
step 023400 | loss 1.4292 | mse 0.1800 | ce_event 0.5553 ce_dt 0.6196 ce_cpu 0.0742
step 023450 | loss 1.6453 | mse 0.1521 | ce_event 0.6327 ce_dt 0.7505 ce_cpu 0.1100
step 023500 | loss 1.4873 | mse 0.1609 | ce_event 0.5571 ce_dt 0.6610 ce_cpu 0.1083
[SAVE] checkpoints_discrete_full/compress-gzip/step_023500.pt
step 023550 | loss 0.8566 | mse 0.1597 | ce_event 0.2983 ce_dt 0.3480 ce_cpu 0.0506
step 023600 | loss 1.3428 | mse 0.1606 | ce_event 0.5125 ce_dt 0.6005 ce_cpu 0.0692
step 023650 | loss 1.4965 | mse 0.1570 | ce_event 0.5146 ce_dt 0.6662 ce_cpu 0.1587
step 023700 | loss 1.3507 | mse 0.1712 | ce_event 0.4956 ce_dt 0.6042 ce_cpu 0.0798
step 023750 | loss 1.0856 | mse 0.1640 | ce_event 0.4150 ce_dt 0.4756 ce_cpu 0.0309
step 023800 | loss 0.7256 | mse 0.1800 | ce_event 0.2317 ce_dt 0.2727 ce_cpu 0.0412
step 023850 | loss 1.4693 | mse 0.1721 | ce_event 0.5509 ce_dt 0.6111 ce_cpu 0.1351
step 023900 | loss 1.8433 | mse 0.1600 | ce_event 0.7224 ce_dt 0.8260 ce_cpu 0.1350
step 023950 | loss 1.4131 | mse 0.1552 | ce_event 0.5244 ce_dt 0.5992 ce_cpu 0.1344
step 024000 | loss 1.2469 | mse 0.1619 | ce_event 0.4540 ce_dt 0.5354 ce_cpu 0.0957
[SAVE] checkpoints_discrete_full/compress-gzip/step_024000.pt
step 024050 | loss 0.8582 | mse 0.1634 | ce_event 0.3101 ce_dt 0.3682 ce_cpu 0.0165
step 024100 | loss 1.2073 | mse 0.1618 | ce_event 0.4245 ce_dt 0.5182 ce_cpu 0.1028
step 024150 | loss 0.9999 | mse 0.1475 | ce_event 0.4066 ce_dt 0.4335 ce_cpu 0.0123
step 024200 | loss 0.9699 | mse 0.1625 | ce_event 0.3405 ce_dt 0.4172 ce_cpu 0.0496
step 024250 | loss 0.9616 | mse 0.2054 | ce_event 0.3343 ce_dt 0.3810 ce_cpu 0.0410
step 024300 | loss 1.8047 | mse 0.1405 | ce_event 0.7624 ce_dt 0.8097 ce_cpu 0.0921
step 024350 | loss 1.4259 | mse 0.1521 | ce_event 0.5094 ce_dt 0.6034 ce_cpu 0.1609
step 024400 | loss 1.9578 | mse 0.1379 | ce_event 0.7026 ce_dt 0.8905 ce_cpu 0.2268
step 024450 | loss 1.3767 | mse 0.1413 | ce_event 0.5157 ce_dt 0.6233 ce_cpu 0.0963
step 024500 | loss 1.3618 | mse 0.1574 | ce_event 0.5222 ce_dt 0.5681 ce_cpu 0.1142
[SAVE] checkpoints_discrete_full/compress-gzip/step_024500.pt
step 024550 | loss 1.3366 | mse 0.1469 | ce_event 0.4814 ce_dt 0.5651 ce_cpu 0.1431
step 024600 | loss 1.2119 | mse 0.1507 | ce_event 0.4327 ce_dt 0.5106 ce_cpu 0.1179
step 024650 | loss 1.5356 | mse 0.1511 | ce_event 0.5591 ce_dt 0.6686 ce_cpu 0.1567
step 024700 | loss 1.0759 | mse 0.1511 | ce_event 0.3794 ce_dt 0.4707 ce_cpu 0.0747
step 024750 | loss 1.0474 | mse 0.1551 | ce_event 0.3656 ce_dt 0.4551 ce_cpu 0.0716
step 024800 | loss 1.3397 | mse 0.1724 | ce_event 0.5356 ce_dt 0.5388 ce_cpu 0.0929
step 024850 | loss 1.1042 | mse 0.1661 | ce_event 0.3950 ce_dt 0.4758 ce_cpu 0.0673
step 024900 | loss 1.5604 | mse 0.1693 | ce_event 0.6023 ce_dt 0.6813 ce_cpu 0.1075
step 024950 | loss 1.2492 | mse 0.1575 | ce_event 0.4640 ce_dt 0.5277 ce_cpu 0.0999
step 025000 | loss 1.2554 | mse 0.1553 | ce_event 0.4670 ce_dt 0.5552 ce_cpu 0.0779
[SAVE] checkpoints_discrete_full/compress-gzip/step_025000.pt
step 025050 | loss 1.5676 | mse 0.1484 | ce_event 0.5945 ce_dt 0.6903 ce_cpu 0.1344
step 025100 | loss 0.7880 | mse 0.1725 | ce_event 0.2716 ce_dt 0.3085 ce_cpu 0.0354
step 025150 | loss 1.2490 | mse 0.1534 | ce_event 0.4739 ce_dt 0.5333 ce_cpu 0.0884
step 025200 | loss 1.4448 | mse 0.1536 | ce_event 0.5328 ce_dt 0.6088 ce_cpu 0.1496
step 025250 | loss 1.1315 | mse 0.1396 | ce_event 0.4158 ce_dt 0.5052 ce_cpu 0.0709
step 025300 | loss 1.4514 | mse 0.1419 | ce_event 0.5836 ce_dt 0.6439 ce_cpu 0.0820
step 025350 | loss 1.2179 | mse 0.1746 | ce_event 0.4639 ce_dt 0.5224 ce_cpu 0.0570
step 025400 | loss 1.2918 | mse 0.1410 | ce_event 0.4852 ce_dt 0.5531 ce_cpu 0.1125
step 025450 | loss 1.2844 | mse 0.1912 | ce_event 0.4580 ce_dt 0.5464 ce_cpu 0.0889
step 025500 | loss 1.4431 | mse 0.1484 | ce_event 0.5814 ce_dt 0.6339 ce_cpu 0.0795
[SAVE] checkpoints_discrete_full/compress-gzip/step_025500.pt
step 025550 | loss 0.9872 | mse 0.1450 | ce_event 0.3574 ce_dt 0.4097 ce_cpu 0.0751
step 025600 | loss 1.2795 | mse 0.1620 | ce_event 0.5057 ce_dt 0.5553 ce_cpu 0.0567
step 025650 | loss 0.9559 | mse 0.1799 | ce_event 0.3570 ce_dt 0.3861 ce_cpu 0.0329
step 025700 | loss 1.6502 | mse 0.1619 | ce_event 0.6195 ce_dt 0.7076 ce_cpu 0.1612
step 025750 | loss 1.5068 | mse 0.1503 | ce_event 0.5554 ce_dt 0.6720 ce_cpu 0.1292
step 025800 | loss 1.0490 | mse 0.1795 | ce_event 0.3949 ce_dt 0.4291 ce_cpu 0.0454
step 025850 | loss 1.7912 | mse 0.1333 | ce_event 0.7107 ce_dt 0.8054 ce_cpu 0.1419
step 025900 | loss 1.1550 | mse 0.1529 | ce_event 0.4259 ce_dt 0.5049 ce_cpu 0.0713
step 025950 | loss 0.6673 | mse 0.1758 | ce_event 0.2172 ce_dt 0.2504 ce_cpu 0.0238
step 026000 | loss 1.0178 | mse 0.1458 | ce_event 0.3430 ce_dt 0.4523 ce_cpu 0.0768
[SAVE] checkpoints_discrete_full/compress-gzip/step_026000.pt
step 026050 | loss 0.7904 | mse 0.1524 | ce_event 0.2698 ce_dt 0.3152 ce_cpu 0.0531
step 026100 | loss 1.2738 | mse 0.1514 | ce_event 0.4663 ce_dt 0.5362 ce_cpu 0.1199
step 026150 | loss 0.9285 | mse 0.1551 | ce_event 0.3351 ce_dt 0.4083 ce_cpu 0.0299
step 026200 | loss 1.4050 | mse 0.1539 | ce_event 0.5258 ce_dt 0.6062 ce_cpu 0.1191
step 026250 | loss 1.2163 | mse 0.1429 | ce_event 0.4400 ce_dt 0.5481 ce_cpu 0.0854
step 026300 | loss 1.2418 | mse 0.1392 | ce_event 0.4899 ce_dt 0.5218 ce_cpu 0.0909
step 026350 | loss 1.7215 | mse 0.1404 | ce_event 0.6554 ce_dt 0.7596 ce_cpu 0.1661
step 026400 | loss 0.9886 | mse 0.1587 | ce_event 0.3480 ce_dt 0.4143 ce_cpu 0.0675
step 026450 | loss 1.2352 | mse 0.1493 | ce_event 0.4713 ce_dt 0.5200 ce_cpu 0.0946
step 026500 | loss 0.8851 | mse 0.1441 | ce_event 0.2934 ce_dt 0.3717 ce_cpu 0.0759
[SAVE] checkpoints_discrete_full/compress-gzip/step_026500.pt
step 026550 | loss 0.8947 | mse 0.1600 | ce_event 0.3255 ce_dt 0.3630 ce_cpu 0.0462
step 026600 | loss 1.1722 | mse 0.1434 | ce_event 0.4198 ce_dt 0.5208 ce_cpu 0.0882
step 026650 | loss 1.1115 | mse 0.1528 | ce_event 0.4395 ce_dt 0.4633 ce_cpu 0.0559
step 026700 | loss 1.2787 | mse 0.1383 | ce_event 0.5351 ce_dt 0.5613 ce_cpu 0.0440
step 026750 | loss 0.8443 | mse 0.1483 | ce_event 0.2728 ce_dt 0.3921 ce_cpu 0.0311
step 026800 | loss 1.0169 | mse 0.1784 | ce_event 0.3264 ce_dt 0.4001 ce_cpu 0.1120
step 026850 | loss 0.6467 | mse 0.1533 | ce_event 0.1980 ce_dt 0.2556 ce_cpu 0.0399
step 026900 | loss 1.3997 | mse 0.1560 | ce_event 0.5101 ce_dt 0.5583 ce_cpu 0.1752
step 026950 | loss 1.5885 | mse 0.1415 | ce_event 0.5670 ce_dt 0.7121 ce_cpu 0.1679
step 027000 | loss 0.8648 | mse 0.1721 | ce_event 0.3044 ce_dt 0.3503 ce_cpu 0.0381
[SAVE] checkpoints_discrete_full/compress-gzip/step_027000.pt
step 027050 | loss 1.3232 | mse 0.1520 | ce_event 0.4481 ce_dt 0.5926 ce_cpu 0.1304
step 027100 | loss 0.6153 | mse 0.1831 | ce_event 0.1722 ce_dt 0.2259 ce_cpu 0.0340
step 027150 | loss 0.9504 | mse 0.1534 | ce_event 0.3652 ce_dt 0.3902 ce_cpu 0.0417
step 027200 | loss 0.9449 | mse 0.1481 | ce_event 0.3361 ce_dt 0.3973 ce_cpu 0.0634
step 027250 | loss 1.2873 | mse 0.1499 | ce_event 0.4784 ce_dt 0.5603 ce_cpu 0.0987
step 027300 | loss 0.8399 | mse 0.1647 | ce_event 0.2589 ce_dt 0.3407 ce_cpu 0.0756
step 027350 | loss 1.1431 | mse 0.1610 | ce_event 0.4025 ce_dt 0.4850 ce_cpu 0.0945
step 027400 | loss 1.1159 | mse 0.1380 | ce_event 0.4050 ce_dt 0.4765 ce_cpu 0.0964
step 027450 | loss 1.0028 | mse 0.1433 | ce_event 0.3753 ce_dt 0.4238 ce_cpu 0.0605
step 027500 | loss 0.7939 | mse 0.1456 | ce_event 0.2890 ce_dt 0.3048 ce_cpu 0.0545
[SAVE] checkpoints_discrete_full/compress-gzip/step_027500.pt
step 027550 | loss 1.8274 | mse 0.1311 | ce_event 0.7053 ce_dt 0.7859 ce_cpu 0.2049
step 027600 | loss 1.2336 | mse 0.1479 | ce_event 0.4259 ce_dt 0.5491 ce_cpu 0.1108
step 027650 | loss 0.9859 | mse 0.1468 | ce_event 0.3755 ce_dt 0.4200 ce_cpu 0.0435
step 027700 | loss 1.2619 | mse 0.1369 | ce_event 0.4782 ce_dt 0.5555 ce_cpu 0.0914
step 027750 | loss 0.9676 | mse 0.1626 | ce_event 0.3469 ce_dt 0.4079 ce_cpu 0.0503
step 027800 | loss 1.0992 | mse 0.1641 | ce_event 0.3947 ce_dt 0.4626 ce_cpu 0.0778
step 027850 | loss 0.9126 | mse 0.1371 | ce_event 0.3384 ce_dt 0.3938 ce_cpu 0.0433
step 027900 | loss 0.9831 | mse 0.2082 | ce_event 0.3060 ce_dt 0.3750 ce_cpu 0.0939
step 027950 | loss 1.1522 | mse 0.1422 | ce_event 0.4244 ce_dt 0.4865 ce_cpu 0.0990
step 028000 | loss 1.4792 | mse 0.1454 | ce_event 0.5687 ce_dt 0.6665 ce_cpu 0.0986
[SAVE] checkpoints_discrete_full/compress-gzip/step_028000.pt
step 028050 | loss 1.0131 | mse 0.1553 | ce_event 0.3439 ce_dt 0.3803 ce_cpu 0.1337
step 028100 | loss 1.7456 | mse 0.1417 | ce_event 0.6839 ce_dt 0.7992 ce_cpu 0.1208
step 028150 | loss 0.9717 | mse 0.1489 | ce_event 0.3348 ce_dt 0.4210 ce_cpu 0.0670
step 028200 | loss 1.3452 | mse 0.1456 | ce_event 0.5030 ce_dt 0.5778 ce_cpu 0.1187
step 028250 | loss 1.5224 | mse 0.1357 | ce_event 0.6620 ce_dt 0.6349 ce_cpu 0.0898
step 028300 | loss 1.1781 | mse 0.1391 | ce_event 0.4411 ce_dt 0.4910 ce_cpu 0.1068
step 028350 | loss 0.9379 | mse 0.1615 | ce_event 0.3332 ce_dt 0.3815 ce_cpu 0.0616
step 028400 | loss 0.9642 | mse 0.1619 | ce_event 0.3509 ce_dt 0.3924 ce_cpu 0.0590
step 028450 | loss 1.3700 | mse 0.1406 | ce_event 0.5028 ce_dt 0.5867 ce_cpu 0.1399
step 028500 | loss 0.8126 | mse 0.1548 | ce_event 0.2695 ce_dt 0.3280 ce_cpu 0.0603
[SAVE] checkpoints_discrete_full/compress-gzip/step_028500.pt
step 028550 | loss 0.8292 | mse 0.1513 | ce_event 0.2843 ce_dt 0.3588 ce_cpu 0.0348
step 028600 | loss 1.0745 | mse 0.1489 | ce_event 0.4076 ce_dt 0.4531 ce_cpu 0.0649
step 028650 | loss 1.2909 | mse 0.1485 | ce_event 0.5162 ce_dt 0.5705 ce_cpu 0.0557
step 028700 | loss 0.9180 | mse 0.1404 | ce_event 0.3456 ce_dt 0.3824 ce_cpu 0.0495
step 028750 | loss 1.0408 | mse 0.1521 | ce_event 0.3674 ce_dt 0.4471 ce_cpu 0.0743
step 028800 | loss 1.4491 | mse 0.1272 | ce_event 0.6093 ce_dt 0.6578 ce_cpu 0.0547
step 028850 | loss 1.4589 | mse 0.1455 | ce_event 0.5592 ce_dt 0.6355 ce_cpu 0.1187
step 028900 | loss 1.2216 | mse 0.1415 | ce_event 0.4255 ce_dt 0.5286 ce_cpu 0.1260
step 028950 | loss 0.8885 | mse 0.1456 | ce_event 0.3062 ce_dt 0.3713 ce_cpu 0.0654
step 029000 | loss 1.1353 | mse 0.1385 | ce_event 0.4310 ce_dt 0.5026 ce_cpu 0.0632
[SAVE] checkpoints_discrete_full/compress-gzip/step_029000.pt
step 029050 | loss 0.7478 | mse 0.1511 | ce_event 0.2284 ce_dt 0.3352 ce_cpu 0.0332
step 029100 | loss 1.4413 | mse 0.1441 | ce_event 0.5498 ce_dt 0.6309 ce_cpu 0.1166
step 029150 | loss 1.2420 | mse 0.1746 | ce_event 0.4216 ce_dt 0.5314 ce_cpu 0.1144
step 029200 | loss 1.1623 | mse 0.1376 | ce_event 0.4386 ce_dt 0.5152 ce_cpu 0.0708
step 029250 | loss 1.1414 | mse 0.1516 | ce_event 0.4270 ce_dt 0.4860 ce_cpu 0.0767
step 029300 | loss 1.1804 | mse 0.1539 | ce_event 0.4374 ce_dt 0.4984 ce_cpu 0.0908
step 029350 | loss 0.9606 | mse 0.1549 | ce_event 0.3488 ce_dt 0.4060 ce_cpu 0.0509
step 029400 | loss 1.0394 | mse 0.1589 | ce_event 0.3683 ce_dt 0.4249 ce_cpu 0.0872
step 029450 | loss 1.0512 | mse 0.1447 | ce_event 0.3558 ce_dt 0.4564 ce_cpu 0.0943
step 029500 | loss 1.4018 | mse 0.1394 | ce_event 0.5282 ce_dt 0.6175 ce_cpu 0.1167
[SAVE] checkpoints_discrete_full/compress-gzip/step_029500.pt
step 029550 | loss 1.1266 | mse 0.1443 | ce_event 0.3864 ce_dt 0.4914 ce_cpu 0.1044
step 029600 | loss 1.1903 | mse 0.1386 | ce_event 0.4659 ce_dt 0.5129 ce_cpu 0.0728
step 029650 | loss 1.4334 | mse 0.1437 | ce_event 0.5548 ce_dt 0.6471 ce_cpu 0.0878
step 029700 | loss 1.2033 | mse 0.1398 | ce_event 0.4910 ce_dt 0.5270 ce_cpu 0.0455
step 029750 | loss 0.9722 | mse 0.1742 | ce_event 0.3498 ce_dt 0.4004 ce_cpu 0.0478
step 029800 | loss 0.9507 | mse 0.1436 | ce_event 0.3050 ce_dt 0.3813 ce_cpu 0.1208
step 029850 | loss 0.7086 | mse 0.1660 | ce_event 0.2263 ce_dt 0.2708 ce_cpu 0.0455
step 029900 | loss 1.3427 | mse 0.1352 | ce_event 0.5146 ce_dt 0.5808 ce_cpu 0.1121
step 029950 | loss 0.9241 | mse 0.1672 | ce_event 0.3065 ce_dt 0.3460 ce_cpu 0.1045
step 030000 | loss 0.7349 | mse 0.1571 | ce_event 0.2724 ce_dt 0.2992 ce_cpu 0.0062
[SAVE] checkpoints_discrete_full/compress-gzip/step_030000.pt
step 030050 | loss 1.2426 | mse 0.1572 | ce_event 0.4734 ce_dt 0.5462 ce_cpu 0.0658
step 030100 | loss 0.8028 | mse 0.1524 | ce_event 0.2750 ce_dt 0.3349 ce_cpu 0.0405
step 030150 | loss 0.8210 | mse 0.1378 | ce_event 0.2885 ce_dt 0.3506 ce_cpu 0.0441
step 030200 | loss 1.0401 | mse 0.1458 | ce_event 0.4160 ce_dt 0.4434 ce_cpu 0.0349
step 030250 | loss 0.8670 | mse 0.1422 | ce_event 0.3244 ce_dt 0.3591 ce_cpu 0.0413
step 030300 | loss 1.4066 | mse 0.1509 | ce_event 0.5405 ce_dt 0.6184 ce_cpu 0.0968
step 030350 | loss 0.8175 | mse 0.1543 | ce_event 0.2781 ce_dt 0.3449 ce_cpu 0.0402
step 030400 | loss 0.6711 | mse 0.1591 | ce_event 0.2169 ce_dt 0.2506 ce_cpu 0.0444
step 030450 | loss 1.2927 | mse 0.1598 | ce_event 0.4894 ce_dt 0.5755 ce_cpu 0.0679
step 030500 | loss 1.1844 | mse 0.1564 | ce_event 0.4415 ce_dt 0.5063 ce_cpu 0.0802
[SAVE] checkpoints_discrete_full/compress-gzip/step_030500.pt
step 030550 | loss 1.0470 | mse 0.1544 | ce_event 0.3786 ce_dt 0.4409 ce_cpu 0.0730
step 030600 | loss 1.1295 | mse 0.1446 | ce_event 0.4141 ce_dt 0.5006 ce_cpu 0.0703
step 030650 | loss 0.8874 | mse 0.1424 | ce_event 0.3370 ce_dt 0.3717 ce_cpu 0.0362
step 030700 | loss 1.3670 | mse 0.1418 | ce_event 0.5681 ce_dt 0.5926 ce_cpu 0.0645
step 030750 | loss 0.8671 | mse 0.1536 | ce_event 0.2911 ce_dt 0.3745 ce_cpu 0.0479
step 030800 | loss 0.6446 | mse 0.1581 | ce_event 0.1994 ce_dt 0.2574 ce_cpu 0.0297
step 030850 | loss 1.1850 | mse 0.1406 | ce_event 0.4300 ce_dt 0.5116 ce_cpu 0.1028
step 030900 | loss 1.1113 | mse 0.1314 | ce_event 0.4238 ce_dt 0.4823 ce_cpu 0.0738
step 030950 | loss 1.0272 | mse 0.1468 | ce_event 0.3772 ce_dt 0.4232 ce_cpu 0.0800
step 031000 | loss 0.7799 | mse 0.1627 | ce_event 0.2476 ce_dt 0.2986 ce_cpu 0.0711
[SAVE] checkpoints_discrete_full/compress-gzip/step_031000.pt
step 031050 | loss 1.0730 | mse 0.1326 | ce_event 0.3940 ce_dt 0.4942 ce_cpu 0.0522
step 031100 | loss 1.2801 | mse 0.1548 | ce_event 0.5008 ce_dt 0.5526 ce_cpu 0.0720
step 031150 | loss 0.8289 | mse 0.1695 | ce_event 0.2925 ce_dt 0.3276 ce_cpu 0.0394
step 031200 | loss 0.7537 | mse 0.1519 | ce_event 0.2581 ce_dt 0.3125 ce_cpu 0.0311
step 031250 | loss 0.6943 | mse 0.1480 | ce_event 0.2445 ce_dt 0.2731 ce_cpu 0.0287
step 031300 | loss 1.5256 | mse 0.1370 | ce_event 0.5332 ce_dt 0.7063 ce_cpu 0.1490
step 031350 | loss 1.1104 | mse 0.1565 | ce_event 0.3905 ce_dt 0.4394 ce_cpu 0.1240
step 031400 | loss 1.1722 | mse 0.1444 | ce_event 0.4155 ce_dt 0.4969 ce_cpu 0.1154
step 031450 | loss 0.7756 | mse 0.1715 | ce_event 0.2539 ce_dt 0.2866 ce_cpu 0.0636
step 031500 | loss 1.1544 | mse 0.1614 | ce_event 0.4235 ce_dt 0.5256 ce_cpu 0.0439
[SAVE] checkpoints_discrete_full/compress-gzip/step_031500.pt
step 031550 | loss 0.7145 | mse 0.1412 | ce_event 0.2361 ce_dt 0.2783 ce_cpu 0.0589
step 031600 | loss 1.5502 | mse 0.1322 | ce_event 0.5778 ce_dt 0.7126 ce_cpu 0.1277
step 031650 | loss 0.8188 | mse 0.1414 | ce_event 0.2884 ce_dt 0.3614 ce_cpu 0.0276
step 031700 | loss 1.1321 | mse 0.1568 | ce_event 0.4398 ce_dt 0.4847 ce_cpu 0.0508
step 031750 | loss 1.3126 | mse 0.1295 | ce_event 0.5135 ce_dt 0.5777 ce_cpu 0.0919
step 031800 | loss 1.4321 | mse 0.1378 | ce_event 0.5103 ce_dt 0.6503 ce_cpu 0.1337
step 031850 | loss 0.8695 | mse 0.1392 | ce_event 0.3283 ce_dt 0.3712 ce_cpu 0.0308
step 031900 | loss 1.3064 | mse 0.1319 | ce_event 0.5179 ce_dt 0.5571 ce_cpu 0.0995
step 031950 | loss 1.5691 | mse 0.1530 | ce_event 0.5946 ce_dt 0.7006 ce_cpu 0.1209
step 032000 | loss 1.0368 | mse 0.1357 | ce_event 0.3890 ce_dt 0.4522 ce_cpu 0.0600
[SAVE] checkpoints_discrete_full/compress-gzip/step_032000.pt
step 032050 | loss 1.0828 | mse 0.1613 | ce_event 0.3954 ce_dt 0.4563 ce_cpu 0.0698
step 032100 | loss 1.2750 | mse 0.1378 | ce_event 0.4782 ce_dt 0.5447 ce_cpu 0.1144
step 032150 | loss 1.2857 | mse 0.1465 | ce_event 0.4923 ce_dt 0.5450 ce_cpu 0.1018
step 032200 | loss 0.9689 | mse 0.1544 | ce_event 0.3379 ce_dt 0.3915 ce_cpu 0.0850
step 032250 | loss 0.8881 | mse 0.1411 | ce_event 0.2841 ce_dt 0.3668 ce_cpu 0.0960
step 032300 | loss 1.1250 | mse 0.1573 | ce_event 0.3799 ce_dt 0.4565 ce_cpu 0.1313
step 032350 | loss 0.7493 | mse 0.1468 | ce_event 0.2566 ce_dt 0.3069 ce_cpu 0.0390
step 032400 | loss 0.9067 | mse 0.1454 | ce_event 0.3303 ce_dt 0.3426 ce_cpu 0.0883
step 032450 | loss 0.9791 | mse 0.1371 | ce_event 0.3502 ce_dt 0.4411 ce_cpu 0.0507
step 032500 | loss 0.6917 | mse 0.1563 | ce_event 0.2386 ce_dt 0.2543 ce_cpu 0.0425
[SAVE] checkpoints_discrete_full/compress-gzip/step_032500.pt
step 032550 | loss 1.0295 | mse 0.1378 | ce_event 0.3660 ce_dt 0.4444 ce_cpu 0.0813
step 032600 | loss 1.2218 | mse 0.1465 | ce_event 0.4371 ce_dt 0.5443 ce_cpu 0.0939
step 032650 | loss 0.7733 | mse 0.1341 | ce_event 0.2720 ce_dt 0.3363 ce_cpu 0.0309
step 032700 | loss 0.8569 | mse 0.1360 | ce_event 0.3188 ce_dt 0.3565 ce_cpu 0.0456
step 032750 | loss 1.3345 | mse 0.1397 | ce_event 0.5138 ce_dt 0.5936 ce_cpu 0.0874
step 032800 | loss 0.9926 | mse 0.1439 | ce_event 0.3709 ce_dt 0.3932 ce_cpu 0.0845
step 032850 | loss 0.9001 | mse 0.1372 | ce_event 0.3237 ce_dt 0.3713 ce_cpu 0.0679
step 032900 | loss 1.2259 | mse 0.1524 | ce_event 0.4243 ce_dt 0.5119 ce_cpu 0.1373
step 032950 | loss 1.2961 | mse 0.1377 | ce_event 0.4896 ce_dt 0.5825 ce_cpu 0.0863
step 033000 | loss 1.0742 | mse 0.1437 | ce_event 0.3865 ce_dt 0.4536 ce_cpu 0.0902
[SAVE] checkpoints_discrete_full/compress-gzip/step_033000.pt
step 033050 | loss 0.6270 | mse 0.1721 | ce_event 0.1705 ce_dt 0.2173 ce_cpu 0.0671
step 033100 | loss 1.1602 | mse 0.1546 | ce_event 0.4378 ce_dt 0.5076 ce_cpu 0.0602
step 033150 | loss 1.0705 | mse 0.1401 | ce_event 0.3819 ce_dt 0.4613 ce_cpu 0.0873
step 033200 | loss 0.8402 | mse 0.1533 | ce_event 0.2645 ce_dt 0.3445 ce_cpu 0.0779
step 033250 | loss 1.0603 | mse 0.1585 | ce_event 0.3630 ce_dt 0.4377 ce_cpu 0.1011
step 033300 | loss 1.1130 | mse 0.1568 | ce_event 0.3741 ce_dt 0.4718 ce_cpu 0.1103
step 033350 | loss 0.6508 | mse 0.1480 | ce_event 0.1934 ce_dt 0.2547 ce_cpu 0.0548
step 033400 | loss 1.0990 | mse 0.1354 | ce_event 0.4062 ce_dt 0.4727 ce_cpu 0.0847
step 033450 | loss 1.0498 | mse 0.1478 | ce_event 0.3794 ce_dt 0.4576 ce_cpu 0.0650
step 033500 | loss 0.7079 | mse 0.1500 | ce_event 0.2162 ce_dt 0.2768 ce_cpu 0.0649
[SAVE] checkpoints_discrete_full/compress-gzip/step_033500.pt
step 033550 | loss 0.8549 | mse 0.1395 | ce_event 0.2745 ce_dt 0.3537 ce_cpu 0.0872
step 033600 | loss 0.8788 | mse 0.1563 | ce_event 0.3360 ce_dt 0.3513 ce_cpu 0.0352
step 033650 | loss 0.8357 | mse 0.1639 | ce_event 0.2553 ce_dt 0.3107 ce_cpu 0.1058
step 033700 | loss 1.1159 | mse 0.1614 | ce_event 0.4111 ce_dt 0.4746 ce_cpu 0.0687
step 033750 | loss 0.7690 | mse 0.1549 | ce_event 0.2664 ce_dt 0.3047 ce_cpu 0.0429
step 033800 | loss 0.8544 | mse 0.1460 | ce_event 0.3205 ce_dt 0.3694 ce_cpu 0.0185
step 033850 | loss 0.9719 | mse 0.1349 | ce_event 0.3771 ce_dt 0.4104 ce_cpu 0.0495
step 033900 | loss 0.9197 | mse 0.1320 | ce_event 0.3623 ce_dt 0.3762 ce_cpu 0.0492
step 033950 | loss 1.2091 | mse 0.1363 | ce_event 0.4778 ce_dt 0.5239 ce_cpu 0.0711
step 034000 | loss 1.1215 | mse 0.1455 | ce_event 0.3733 ce_dt 0.4514 ce_cpu 0.1513
[SAVE] checkpoints_discrete_full/compress-gzip/step_034000.pt
step 034050 | loss 0.6261 | mse 0.1463 | ce_event 0.1992 ce_dt 0.2302 ce_cpu 0.0504
step 034100 | loss 0.8116 | mse 0.1637 | ce_event 0.2814 ce_dt 0.3153 ce_cpu 0.0512
step 034150 | loss 1.4985 | mse 0.1199 | ce_event 0.5713 ce_dt 0.6854 ce_cpu 0.1220
step 034200 | loss 1.0699 | mse 0.1416 | ce_event 0.4055 ce_dt 0.4333 ce_cpu 0.0894
step 034250 | loss 0.9891 | mse 0.1382 | ce_event 0.3542 ce_dt 0.4170 ce_cpu 0.0797
step 034300 | loss 1.2521 | mse 0.1337 | ce_event 0.4988 ce_dt 0.5575 ce_cpu 0.0621
step 034350 | loss 1.7719 | mse 0.1477 | ce_event 0.7199 ce_dt 0.7775 ce_cpu 0.1268
step 034400 | loss 0.8552 | mse 0.1360 | ce_event 0.2971 ce_dt 0.3436 ce_cpu 0.0784
step 034450 | loss 1.0373 | mse 0.1524 | ce_event 0.3690 ce_dt 0.4534 ce_cpu 0.0625
step 034500 | loss 1.2202 | mse 0.1360 | ce_event 0.4351 ce_dt 0.5339 ce_cpu 0.1152
[SAVE] checkpoints_discrete_full/compress-gzip/step_034500.pt
step 034550 | loss 0.7013 | mse 0.1643 | ce_event 0.2456 ce_dt 0.2717 ce_cpu 0.0197
step 034600 | loss 0.7724 | mse 0.1607 | ce_event 0.2535 ce_dt 0.3070 ce_cpu 0.0512
step 034650 | loss 1.2537 | mse 0.1266 | ce_event 0.4721 ce_dt 0.5574 ce_cpu 0.0977
step 034700 | loss 1.2481 | mse 0.1490 | ce_event 0.4792 ce_dt 0.5474 ce_cpu 0.0725
step 034750 | loss 1.6667 | mse 0.1282 | ce_event 0.6077 ce_dt 0.7300 ce_cpu 0.2008
step 034800 | loss 0.6129 | mse 0.1447 | ce_event 0.2021 ce_dt 0.2401 ce_cpu 0.0260
step 034850 | loss 1.1064 | mse 0.1423 | ce_event 0.4054 ce_dt 0.4669 ce_cpu 0.0919
step 034900 | loss 0.9178 | mse 0.1397 | ce_event 0.3417 ce_dt 0.3805 ce_cpu 0.0559
step 034950 | loss 0.8364 | mse 0.1599 | ce_event 0.2825 ce_dt 0.3589 ce_cpu 0.0351
step 035000 | loss 0.5403 | mse 0.1597 | ce_event 0.1611 ce_dt 0.1882 ce_cpu 0.0312
[SAVE] checkpoints_discrete_full/compress-gzip/step_035000.pt
step 035050 | loss 1.0281 | mse 0.1353 | ce_event 0.3816 ce_dt 0.4658 ce_cpu 0.0454
step 035100 | loss 1.1668 | mse 0.1382 | ce_event 0.4651 ce_dt 0.4719 ce_cpu 0.0916
step 035150 | loss 0.8234 | mse 0.1437 | ce_event 0.2875 ce_dt 0.3678 ce_cpu 0.0244
step 035200 | loss 1.3804 | mse 0.1331 | ce_event 0.5159 ce_dt 0.6207 ce_cpu 0.1108
step 035250 | loss 1.0833 | mse 0.1368 | ce_event 0.3990 ce_dt 0.4718 ce_cpu 0.0757
step 035300 | loss 0.9068 | mse 0.1324 | ce_event 0.3393 ce_dt 0.4105 ce_cpu 0.0247
step 035350 | loss 0.6778 | mse 0.1620 | ce_event 0.2176 ce_dt 0.2414 ce_cpu 0.0568
step 035400 | loss 1.1432 | mse 0.1306 | ce_event 0.4093 ce_dt 0.5015 ce_cpu 0.1018
step 035450 | loss 0.7188 | mse 0.1717 | ce_event 0.2286 ce_dt 0.2586 ce_cpu 0.0599
step 035500 | loss 1.3236 | mse 0.1174 | ce_event 0.5269 ce_dt 0.5852 ce_cpu 0.0940
[SAVE] checkpoints_discrete_full/compress-gzip/step_035500.pt
step 035550 | loss 0.6947 | mse 0.1475 | ce_event 0.2395 ce_dt 0.2707 ce_cpu 0.0370
step 035600 | loss 0.7655 | mse 0.1395 | ce_event 0.2874 ce_dt 0.3060 ce_cpu 0.0326
step 035650 | loss 1.1613 | mse 0.1450 | ce_event 0.4397 ce_dt 0.4574 ce_cpu 0.1192
step 035700 | loss 0.7552 | mse 0.1536 | ce_event 0.2720 ce_dt 0.2989 ce_cpu 0.0306
step 035750 | loss 1.3910 | mse 0.1367 | ce_event 0.5262 ce_dt 0.5988 ce_cpu 0.1293
step 035800 | loss 0.6174 | mse 0.1534 | ce_event 0.2042 ce_dt 0.2388 ce_cpu 0.0211
step 035850 | loss 1.4778 | mse 0.1282 | ce_event 0.5371 ce_dt 0.6711 ce_cpu 0.1414
step 035900 | loss 0.6878 | mse 0.1550 | ce_event 0.1970 ce_dt 0.2834 ce_cpu 0.0524
step 035950 | loss 0.7784 | mse 0.1414 | ce_event 0.2799 ce_dt 0.3128 ce_cpu 0.0443
step 036000 | loss 0.8170 | mse 0.1549 | ce_event 0.2638 ce_dt 0.3470 ce_cpu 0.0514
[SAVE] checkpoints_discrete_full/compress-gzip/step_036000.pt
step 036050 | loss 0.7676 | mse 0.1574 | ce_event 0.2731 ce_dt 0.3166 ce_cpu 0.0204
step 036100 | loss 0.9163 | mse 0.1340 | ce_event 0.3230 ce_dt 0.3686 ce_cpu 0.0907
step 036150 | loss 0.8793 | mse 0.1458 | ce_event 0.3258 ce_dt 0.3665 ce_cpu 0.0412
step 036200 | loss 0.9586 | mse 0.1300 | ce_event 0.3415 ce_dt 0.3686 ce_cpu 0.1184
step 036250 | loss 0.8743 | mse 0.1308 | ce_event 0.3011 ce_dt 0.3889 ce_cpu 0.0535
step 036300 | loss 1.0416 | mse 0.1380 | ce_event 0.3883 ce_dt 0.4893 ce_cpu 0.0259
step 036350 | loss 0.8406 | mse 0.1546 | ce_event 0.2539 ce_dt 0.2928 ce_cpu 0.1394
step 036400 | loss 1.1739 | mse 0.1462 | ce_event 0.4537 ce_dt 0.5011 ce_cpu 0.0730
step 036450 | loss 1.0449 | mse 0.1444 | ce_event 0.3733 ce_dt 0.4609 ce_cpu 0.0663
step 036500 | loss 0.9172 | mse 0.1373 | ce_event 0.3375 ce_dt 0.3854 ce_cpu 0.0570
[SAVE] checkpoints_discrete_full/compress-gzip/step_036500.pt
step 036550 | loss 0.8903 | mse 0.1435 | ce_event 0.3369 ce_dt 0.3714 ce_cpu 0.0384
step 036600 | loss 1.2859 | mse 0.1291 | ce_event 0.4813 ce_dt 0.6042 ce_cpu 0.0714
step 036650 | loss 0.9620 | mse 0.1431 | ce_event 0.3242 ce_dt 0.3703 ce_cpu 0.1243
step 036700 | loss 0.7028 | mse 0.1452 | ce_event 0.2203 ce_dt 0.2682 ce_cpu 0.0692
step 036750 | loss 0.6594 | mse 0.1430 | ce_event 0.1993 ce_dt 0.2694 ce_cpu 0.0477
step 036800 | loss 0.8622 | mse 0.1482 | ce_event 0.3034 ce_dt 0.3406 ce_cpu 0.0700
step 036850 | loss 1.2262 | mse 0.1395 | ce_event 0.4806 ce_dt 0.5403 ce_cpu 0.0658
step 036900 | loss 0.9501 | mse 0.1428 | ce_event 0.3246 ce_dt 0.3995 ce_cpu 0.0832
step 036950 | loss 1.2225 | mse 0.1353 | ce_event 0.4557 ce_dt 0.5671 ce_cpu 0.0645
step 037000 | loss 0.5317 | mse 0.1466 | ce_event 0.1618 ce_dt 0.1926 ce_cpu 0.0307
[SAVE] checkpoints_discrete_full/compress-gzip/step_037000.pt
step 037050 | loss 1.3423 | mse 0.1485 | ce_event 0.5060 ce_dt 0.5828 ce_cpu 0.1049
step 037100 | loss 0.5602 | mse 0.1373 | ce_event 0.1618 ce_dt 0.1874 ce_cpu 0.0738
step 037150 | loss 0.8528 | mse 0.1452 | ce_event 0.3083 ce_dt 0.3660 ce_cpu 0.0333
step 037200 | loss 1.2477 | mse 0.1336 | ce_event 0.4624 ce_dt 0.5513 ce_cpu 0.1005
step 037250 | loss 1.2343 | mse 0.1270 | ce_event 0.4400 ce_dt 0.5338 ce_cpu 0.1335
step 037300 | loss 1.0820 | mse 0.1411 | ce_event 0.4344 ce_dt 0.4615 ce_cpu 0.0450
step 037350 | loss 0.9780 | mse 0.1303 | ce_event 0.3265 ce_dt 0.3893 ce_cpu 0.1319
step 037400 | loss 1.2316 | mse 0.1312 | ce_event 0.4718 ce_dt 0.5538 ce_cpu 0.0749
step 037450 | loss 1.0327 | mse 0.1334 | ce_event 0.3655 ce_dt 0.4599 ce_cpu 0.0740
step 037500 | loss 0.8565 | mse 0.1365 | ce_event 0.2940 ce_dt 0.3610 ce_cpu 0.0651
[SAVE] checkpoints_discrete_full/compress-gzip/step_037500.pt
step 037550 | loss 1.0714 | mse 0.1462 | ce_event 0.4022 ce_dt 0.4750 ce_cpu 0.0481
step 037600 | loss 0.7556 | mse 0.1454 | ce_event 0.2768 ce_dt 0.3075 ce_cpu 0.0259
step 037650 | loss 1.3986 | mse 0.1305 | ce_event 0.5569 ce_dt 0.6106 ce_cpu 0.1005
step 037700 | loss 1.3169 | mse 0.1329 | ce_event 0.4876 ce_dt 0.5914 ce_cpu 0.1050
step 037750 | loss 0.9968 | mse 0.1489 | ce_event 0.3441 ce_dt 0.4409 ce_cpu 0.0629
step 037800 | loss 0.9250 | mse 0.1495 | ce_event 0.2946 ce_dt 0.4031 ce_cpu 0.0778
step 037850 | loss 0.8459 | mse 0.1441 | ce_event 0.2942 ce_dt 0.3553 ce_cpu 0.0523
step 037900 | loss 0.4800 | mse 0.1474 | ce_event 0.1572 ce_dt 0.1626 ce_cpu 0.0128
step 037950 | loss 0.7784 | mse 0.1699 | ce_event 0.2631 ce_dt 0.3022 ce_cpu 0.0431
step 038000 | loss 1.2674 | mse 0.1550 | ce_event 0.4653 ce_dt 0.5425 ce_cpu 0.1046
[SAVE] checkpoints_discrete_full/compress-gzip/step_038000.pt
step 038050 | loss 0.8794 | mse 0.1542 | ce_event 0.3083 ce_dt 0.3810 ce_cpu 0.0359
step 038100 | loss 0.7241 | mse 0.1514 | ce_event 0.2192 ce_dt 0.2845 ce_cpu 0.0690
step 038150 | loss 1.0926 | mse 0.1268 | ce_event 0.3924 ce_dt 0.5106 ce_cpu 0.0628
step 038200 | loss 0.7836 | mse 0.1436 | ce_event 0.2506 ce_dt 0.3115 ce_cpu 0.0779
step 038250 | loss 1.2080 | mse 0.1509 | ce_event 0.4351 ce_dt 0.5285 ce_cpu 0.0934
step 038300 | loss 0.5683 | mse 0.1609 | ce_event 0.1740 ce_dt 0.1971 ce_cpu 0.0362
step 038350 | loss 1.4190 | mse 0.1479 | ce_event 0.5002 ce_dt 0.5795 ce_cpu 0.1914
step 038400 | loss 0.7284 | mse 0.1512 | ce_event 0.2437 ce_dt 0.2897 ce_cpu 0.0438
step 038450 | loss 1.3158 | mse 0.1280 | ce_event 0.5367 ce_dt 0.5954 ce_cpu 0.0557
step 038500 | loss 0.9081 | mse 0.1357 | ce_event 0.3030 ce_dt 0.3931 ce_cpu 0.0763
[SAVE] checkpoints_discrete_full/compress-gzip/step_038500.pt
step 038550 | loss 0.8296 | mse 0.1400 | ce_event 0.2774 ce_dt 0.3495 ce_cpu 0.0627
step 038600 | loss 0.8054 | mse 0.1370 | ce_event 0.2726 ce_dt 0.3255 ce_cpu 0.0703
step 038650 | loss 0.7219 | mse 0.1321 | ce_event 0.2702 ce_dt 0.2920 ce_cpu 0.0277
step 038700 | loss 0.7277 | mse 0.1374 | ce_event 0.2624 ce_dt 0.2867 ce_cpu 0.0411
step 038750 | loss 1.5885 | mse 0.1327 | ce_event 0.6129 ce_dt 0.6934 ce_cpu 0.1495
step 038800 | loss 1.0063 | mse 0.1507 | ce_event 0.3419 ce_dt 0.4170 ce_cpu 0.0967
step 038850 | loss 1.1601 | mse 0.1377 | ce_event 0.4242 ce_dt 0.5086 ce_cpu 0.0895
step 038900 | loss 0.7524 | mse 0.1415 | ce_event 0.2696 ce_dt 0.3074 ce_cpu 0.0339
step 038950 | loss 0.5185 | mse 0.1416 | ce_event 0.1564 ce_dt 0.1827 ce_cpu 0.0378
step 039000 | loss 0.9608 | mse 0.1602 | ce_event 0.3617 ce_dt 0.4006 ce_cpu 0.0383
[SAVE] checkpoints_discrete_full/compress-gzip/step_039000.pt
step 039050 | loss 0.6327 | mse 0.1595 | ce_event 0.2324 ce_dt 0.2291 ce_cpu 0.0116
step 039100 | loss 1.1616 | mse 0.1389 | ce_event 0.4229 ce_dt 0.4886 ce_cpu 0.1112
step 039150 | loss 0.8977 | mse 0.1348 | ce_event 0.3395 ce_dt 0.3772 ce_cpu 0.0462
step 039200 | loss 0.8860 | mse 0.1521 | ce_event 0.2993 ce_dt 0.3610 ce_cpu 0.0736
step 039250 | loss 0.7308 | mse 0.1381 | ce_event 0.2358 ce_dt 0.3290 ce_cpu 0.0280
step 039300 | loss 1.0896 | mse 0.1322 | ce_event 0.4131 ce_dt 0.4824 ce_cpu 0.0618
step 039350 | loss 0.9492 | mse 0.1458 | ce_event 0.3753 ce_dt 0.3854 ce_cpu 0.0427
step 039400 | loss 1.1309 | mse 0.1455 | ce_event 0.3952 ce_dt 0.4780 ce_cpu 0.1123
step 039450 | loss 0.6490 | mse 0.1442 | ce_event 0.2040 ce_dt 0.2530 ce_cpu 0.0477
step 039500 | loss 0.8151 | mse 0.1524 | ce_event 0.2832 ce_dt 0.3140 ce_cpu 0.0654
[SAVE] checkpoints_discrete_full/compress-gzip/step_039500.pt
step 039550 | loss 1.8482 | mse 0.1210 | ce_event 0.7561 ce_dt 0.8432 ce_cpu 0.1278
step 039600 | loss 0.6888 | mse 0.1524 | ce_event 0.2223 ce_dt 0.2663 ce_cpu 0.0478
step 039650 | loss 1.0454 | mse 0.1328 | ce_event 0.3795 ce_dt 0.4511 ce_cpu 0.0820
step 039700 | loss 0.7367 | mse 0.1438 | ce_event 0.2823 ce_dt 0.2861 ce_cpu 0.0245
step 039750 | loss 1.1276 | mse 0.1374 | ce_event 0.4238 ce_dt 0.4776 ce_cpu 0.0888
step 039800 | loss 1.1157 | mse 0.1375 | ce_event 0.4113 ce_dt 0.4706 ce_cpu 0.0962
step 039850 | loss 1.0963 | mse 0.1302 | ce_event 0.4242 ce_dt 0.4556 ce_cpu 0.0863
step 039900 | loss 1.1348 | mse 0.1450 | ce_event 0.4084 ce_dt 0.4947 ce_cpu 0.0867
step 039950 | loss 0.6438 | mse 0.1444 | ce_event 0.2204 ce_dt 0.2572 ce_cpu 0.0217
step 040000 | loss 0.8337 | mse 0.1336 | ce_event 0.3030 ce_dt 0.3137 ce_cpu 0.0835
[SAVE] checkpoints_discrete_full/compress-gzip/step_040000.pt
step 040050 | loss 0.8270 | mse 0.1479 | ce_event 0.3025 ce_dt 0.3475 ce_cpu 0.0290
step 040100 | loss 0.9929 | mse 0.1438 | ce_event 0.3651 ce_dt 0.4036 ce_cpu 0.0803
step 040150 | loss 1.0548 | mse 0.1428 | ce_event 0.3996 ce_dt 0.4145 ce_cpu 0.0980
step 040200 | loss 0.7284 | mse 0.1389 | ce_event 0.2816 ce_dt 0.2822 ce_cpu 0.0257
step 040250 | loss 1.0608 | mse 0.1360 | ce_event 0.3909 ce_dt 0.4643 ce_cpu 0.0695
step 040300 | loss 1.1517 | mse 0.1588 | ce_event 0.4195 ce_dt 0.4741 ce_cpu 0.0993
step 040350 | loss 0.5724 | mse 0.1414 | ce_event 0.2013 ce_dt 0.2144 ce_cpu 0.0153
step 040400 | loss 1.0992 | mse 0.1319 | ce_event 0.3894 ce_dt 0.4674 ce_cpu 0.1104
step 040450 | loss 1.2609 | mse 0.1529 | ce_event 0.4411 ce_dt 0.5341 ce_cpu 0.1329
step 040500 | loss 0.7058 | mse 0.1449 | ce_event 0.2375 ce_dt 0.2679 ce_cpu 0.0555
[SAVE] checkpoints_discrete_full/compress-gzip/step_040500.pt
step 040550 | loss 1.0226 | mse 0.1337 | ce_event 0.3458 ce_dt 0.4367 ce_cpu 0.1063
step 040600 | loss 0.8296 | mse 0.1576 | ce_event 0.2671 ce_dt 0.3067 ce_cpu 0.0982
step 040650 | loss 0.7124 | mse 0.1406 | ce_event 0.2520 ce_dt 0.2920 ce_cpu 0.0278
step 040700 | loss 0.8093 | mse 0.1445 | ce_event 0.2968 ce_dt 0.3193 ce_cpu 0.0487
step 040750 | loss 1.1496 | mse 0.1485 | ce_event 0.4000 ce_dt 0.4817 ce_cpu 0.1195
step 040800 | loss 0.5867 | mse 0.1635 | ce_event 0.1811 ce_dt 0.2069 ce_cpu 0.0352
step 040850 | loss 0.4860 | mse 0.1484 | ce_event 0.1641 ce_dt 0.1610 ce_cpu 0.0125
step 040900 | loss 0.9278 | mse 0.1425 | ce_event 0.3430 ce_dt 0.3944 ce_cpu 0.0478
step 040950 | loss 0.7445 | mse 0.1541 | ce_event 0.2396 ce_dt 0.2871 ce_cpu 0.0637
step 041000 | loss 0.9958 | mse 0.1421 | ce_event 0.3342 ce_dt 0.4245 ce_cpu 0.0951
[SAVE] checkpoints_discrete_full/compress-gzip/step_041000.pt
step 041050 | loss 0.9323 | mse 0.1285 | ce_event 0.3305 ce_dt 0.3966 ce_cpu 0.0767
step 041100 | loss 0.8049 | mse 0.1342 | ce_event 0.2952 ce_dt 0.3350 ce_cpu 0.0404
step 041150 | loss 0.5987 | mse 0.1471 | ce_event 0.1961 ce_dt 0.2271 ce_cpu 0.0284
step 041200 | loss 0.9240 | mse 0.1422 | ce_event 0.3243 ce_dt 0.3788 ce_cpu 0.0788
step 041250 | loss 1.1110 | mse 0.1552 | ce_event 0.3860 ce_dt 0.4814 ce_cpu 0.0884
step 041300 | loss 0.6101 | mse 0.1370 | ce_event 0.1818 ce_dt 0.2539 ce_cpu 0.0374
step 041350 | loss 0.7318 | mse 0.1409 | ce_event 0.2491 ce_dt 0.2862 ce_cpu 0.0556
step 041400 | loss 1.1545 | mse 0.1337 | ce_event 0.4204 ce_dt 0.4922 ce_cpu 0.1081
step 041450 | loss 0.7914 | mse 0.1469 | ce_event 0.2455 ce_dt 0.3382 ce_cpu 0.0609
step 041500 | loss 0.7059 | mse 0.1477 | ce_event 0.2511 ce_dt 0.2790 ce_cpu 0.0282
[SAVE] checkpoints_discrete_full/compress-gzip/step_041500.pt
step 041550 | loss 0.6021 | mse 0.1560 | ce_event 0.1770 ce_dt 0.2078 ce_cpu 0.0613
step 041600 | loss 0.8978 | mse 0.1585 | ce_event 0.3264 ce_dt 0.3534 ce_cpu 0.0595
step 041650 | loss 0.8957 | mse 0.1553 | ce_event 0.3510 ce_dt 0.3544 ce_cpu 0.0350
step 041700 | loss 0.3780 | mse 0.1586 | ce_event 0.0947 ce_dt 0.1166 ce_cpu 0.0081
step 041750 | loss 0.7335 | mse 0.1376 | ce_event 0.2275 ce_dt 0.2990 ce_cpu 0.0693
step 041800 | loss 0.7225 | mse 0.1296 | ce_event 0.2720 ce_dt 0.2836 ce_cpu 0.0373
step 041850 | loss 0.6265 | mse 0.1458 | ce_event 0.2105 ce_dt 0.2518 ce_cpu 0.0184
step 041900 | loss 0.8789 | mse 0.1297 | ce_event 0.3530 ce_dt 0.3748 ce_cpu 0.0215
step 041950 | loss 0.9134 | mse 0.1429 | ce_event 0.3304 ce_dt 0.3739 ce_cpu 0.0662
step 042000 | loss 0.8596 | mse 0.1302 | ce_event 0.3062 ce_dt 0.3652 ce_cpu 0.0580
[SAVE] checkpoints_discrete_full/compress-gzip/step_042000.pt
step 042050 | loss 1.0023 | mse 0.1327 | ce_event 0.3818 ce_dt 0.4236 ce_cpu 0.0642
step 042100 | loss 0.9446 | mse 0.1484 | ce_event 0.3549 ce_dt 0.3960 ce_cpu 0.0452
step 042150 | loss 0.9359 | mse 0.1532 | ce_event 0.3646 ce_dt 0.3873 ce_cpu 0.0307
step 042200 | loss 0.6147 | mse 0.1612 | ce_event 0.2060 ce_dt 0.2259 ce_cpu 0.0217
step 042250 | loss 0.7162 | mse 0.1465 | ce_event 0.2421 ce_dt 0.2950 ce_cpu 0.0325
step 042300 | loss 1.1543 | mse 0.1286 | ce_event 0.4321 ce_dt 0.4838 ce_cpu 0.1098
step 042350 | loss 0.6378 | mse 0.1602 | ce_event 0.2054 ce_dt 0.2338 ce_cpu 0.0385
step 042400 | loss 0.8066 | mse 0.1357 | ce_event 0.3029 ce_dt 0.3396 ce_cpu 0.0285
step 042450 | loss 0.6772 | mse 0.1387 | ce_event 0.2344 ce_dt 0.2606 ce_cpu 0.0435
step 042500 | loss 0.8391 | mse 0.1408 | ce_event 0.2778 ce_dt 0.3381 ce_cpu 0.0823
[SAVE] checkpoints_discrete_full/compress-gzip/step_042500.pt
step 042550 | loss 0.6063 | mse 0.1388 | ce_event 0.1834 ce_dt 0.2339 ce_cpu 0.0503
step 042600 | loss 0.9615 | mse 0.1441 | ce_event 0.3327 ce_dt 0.4134 ce_cpu 0.0714
step 042650 | loss 1.2430 | mse 0.1403 | ce_event 0.4663 ce_dt 0.5338 ce_cpu 0.1027
step 042700 | loss 1.0493 | mse 0.1303 | ce_event 0.3863 ce_dt 0.4699 ce_cpu 0.0627
step 042750 | loss 0.6425 | mse 0.1473 | ce_event 0.1965 ce_dt 0.2555 ce_cpu 0.0432
step 042800 | loss 0.6350 | mse 0.1406 | ce_event 0.1920 ce_dt 0.2660 ce_cpu 0.0364
step 042850 | loss 1.2340 | mse 0.1343 | ce_event 0.4637 ce_dt 0.5378 ce_cpu 0.0982
step 042900 | loss 0.9194 | mse 0.1291 | ce_event 0.2846 ce_dt 0.4140 ce_cpu 0.0918
step 042950 | loss 0.7892 | mse 0.1361 | ce_event 0.2824 ce_dt 0.3148 ce_cpu 0.0559
step 043000 | loss 0.6611 | mse 0.1456 | ce_event 0.1883 ce_dt 0.2506 ce_cpu 0.0767
[SAVE] checkpoints_discrete_full/compress-gzip/step_043000.pt
step 043050 | loss 0.7293 | mse 0.1544 | ce_event 0.2396 ce_dt 0.2806 ce_cpu 0.0547
step 043100 | loss 1.0194 | mse 0.1267 | ce_event 0.3678 ce_dt 0.4308 ce_cpu 0.0941
step 043150 | loss 1.0627 | mse 0.1342 | ce_event 0.3871 ce_dt 0.4520 ce_cpu 0.0894
step 043200 | loss 0.7869 | mse 0.1549 | ce_event 0.2713 ce_dt 0.3180 ce_cpu 0.0426
step 043250 | loss 0.7108 | mse 0.1479 | ce_event 0.2514 ce_dt 0.2748 ce_cpu 0.0367
step 043300 | loss 0.8234 | mse 0.1397 | ce_event 0.3104 ce_dt 0.3598 ce_cpu 0.0134
step 043350 | loss 0.6181 | mse 0.1441 | ce_event 0.1920 ce_dt 0.2254 ce_cpu 0.0567
step 043400 | loss 0.7731 | mse 0.1345 | ce_event 0.2808 ce_dt 0.3138 ce_cpu 0.0439
step 043450 | loss 0.6369 | mse 0.1454 | ce_event 0.2031 ce_dt 0.2495 ce_cpu 0.0389
step 043500 | loss 0.3904 | mse 0.1563 | ce_event 0.1056 ce_dt 0.1166 ce_cpu 0.0120
[SAVE] checkpoints_discrete_full/compress-gzip/step_043500.pt
step 043550 | loss 0.7024 | mse 0.1566 | ce_event 0.2498 ce_dt 0.2635 ce_cpu 0.0326
step 043600 | loss 0.8460 | mse 0.1593 | ce_event 0.2986 ce_dt 0.3446 ce_cpu 0.0434
step 043650 | loss 1.0385 | mse 0.1322 | ce_event 0.3845 ce_dt 0.4603 ce_cpu 0.0614
step 043700 | loss 0.5469 | mse 0.1433 | ce_event 0.1776 ce_dt 0.1985 ce_cpu 0.0275
step 043750 | loss 0.5670 | mse 0.1592 | ce_event 0.1725 ce_dt 0.2089 ce_cpu 0.0264
step 043800 | loss 1.1573 | mse 0.1270 | ce_event 0.4399 ce_dt 0.5152 ce_cpu 0.0752
step 043850 | loss 0.6544 | mse 0.1468 | ce_event 0.2302 ce_dt 0.2495 ce_cpu 0.0279
step 043900 | loss 0.6631 | mse 0.1491 | ce_event 0.2015 ce_dt 0.2552 ce_cpu 0.0573
step 043950 | loss 0.7666 | mse 0.1422 | ce_event 0.2548 ce_dt 0.3210 ce_cpu 0.0486
step 044000 | loss 0.9794 | mse 0.1291 | ce_event 0.3389 ce_dt 0.4371 ce_cpu 0.0743
[SAVE] checkpoints_discrete_full/compress-gzip/step_044000.pt
step 044050 | loss 0.9855 | mse 0.1348 | ce_event 0.3595 ce_dt 0.4230 ce_cpu 0.0682
step 044100 | loss 0.9752 | mse 0.1281 | ce_event 0.3418 ce_dt 0.4216 ce_cpu 0.0837
step 044150 | loss 1.0620 | mse 0.1524 | ce_event 0.4237 ce_dt 0.4372 ce_cpu 0.0487
step 044200 | loss 1.3843 | mse 0.1180 | ce_event 0.5363 ce_dt 0.6199 ce_cpu 0.1101
step 044250 | loss 0.8638 | mse 0.1474 | ce_event 0.3056 ce_dt 0.3639 ce_cpu 0.0469
step 044300 | loss 1.2427 | mse 0.1503 | ce_event 0.4636 ce_dt 0.5581 ce_cpu 0.0706
step 044350 | loss 1.3663 | mse 0.1350 | ce_event 0.5586 ce_dt 0.5939 ce_cpu 0.0788
step 044400 | loss 0.8653 | mse 0.1399 | ce_event 0.3110 ce_dt 0.3566 ce_cpu 0.0577
step 044450 | loss 0.8366 | mse 0.1396 | ce_event 0.2964 ce_dt 0.3508 ce_cpu 0.0498
step 044500 | loss 1.0387 | mse 0.1277 | ce_event 0.3903 ce_dt 0.4299 ce_cpu 0.0908
[SAVE] checkpoints_discrete_full/compress-gzip/step_044500.pt
step 044550 | loss 1.0830 | mse 0.1528 | ce_event 0.3837 ce_dt 0.4581 ce_cpu 0.0884
step 044600 | loss 0.9021 | mse 0.1341 | ce_event 0.3485 ce_dt 0.3563 ce_cpu 0.0632
step 044650 | loss 1.0125 | mse 0.1503 | ce_event 0.3421 ce_dt 0.4056 ce_cpu 0.1145
step 044700 | loss 1.0330 | mse 0.1430 | ce_event 0.3659 ce_dt 0.4439 ce_cpu 0.0801
step 044750 | loss 1.0587 | mse 0.1276 | ce_event 0.3730 ce_dt 0.4590 ce_cpu 0.0992
step 044800 | loss 0.8008 | mse 0.1477 | ce_event 0.2735 ce_dt 0.3314 ce_cpu 0.0482
step 044850 | loss 1.2327 | mse 0.1368 | ce_event 0.4961 ce_dt 0.5467 ce_cpu 0.0532
step 044900 | loss 0.8627 | mse 0.1501 | ce_event 0.3143 ce_dt 0.3601 ce_cpu 0.0381
step 044950 | loss 0.4877 | mse 0.1478 | ce_event 0.1395 ce_dt 0.1715 ce_cpu 0.0290
step 045000 | loss 0.5584 | mse 0.1378 | ce_event 0.1800 ce_dt 0.2060 ce_cpu 0.0346
[SAVE] checkpoints_discrete_full/compress-gzip/step_045000.pt
step 045050 | loss 0.6026 | mse 0.1472 | ce_event 0.1981 ce_dt 0.2342 ce_cpu 0.0232
step 045100 | loss 0.6745 | mse 0.1532 | ce_event 0.2277 ce_dt 0.2433 ce_cpu 0.0503
step 045150 | loss 0.8869 | mse 0.1287 | ce_event 0.3356 ce_dt 0.3721 ce_cpu 0.0505
step 045200 | loss 0.8636 | mse 0.1510 | ce_event 0.2874 ce_dt 0.3595 ce_cpu 0.0657
step 045250 | loss 0.5010 | mse 0.1481 | ce_event 0.1673 ce_dt 0.1693 ce_cpu 0.0162
step 045300 | loss 1.0610 | mse 0.1403 | ce_event 0.3492 ce_dt 0.4504 ce_cpu 0.1211
step 045350 | loss 1.0340 | mse 0.1338 | ce_event 0.3776 ce_dt 0.4459 ce_cpu 0.0767
step 045400 | loss 0.8351 | mse 0.1472 | ce_event 0.2904 ce_dt 0.3274 ce_cpu 0.0701
step 045450 | loss 0.5169 | mse 0.1515 | ce_event 0.1593 ce_dt 0.1974 ce_cpu 0.0088
step 045500 | loss 0.8124 | mse 0.1466 | ce_event 0.3032 ce_dt 0.3251 ce_cpu 0.0374
[SAVE] checkpoints_discrete_full/compress-gzip/step_045500.pt
step 045550 | loss 0.6164 | mse 0.1505 | ce_event 0.2090 ce_dt 0.2312 ce_cpu 0.0257
step 045600 | loss 0.7295 | mse 0.1385 | ce_event 0.2439 ce_dt 0.2852 ce_cpu 0.0619
step 045650 | loss 1.0883 | mse 0.1327 | ce_event 0.3833 ce_dt 0.4781 ce_cpu 0.0942
step 045700 | loss 1.0590 | mse 0.1358 | ce_event 0.3845 ce_dt 0.4580 ce_cpu 0.0807
step 045750 | loss 0.6148 | mse 0.1537 | ce_event 0.2019 ce_dt 0.2310 ce_cpu 0.0283
step 045800 | loss 0.8056 | mse 0.1368 | ce_event 0.2645 ce_dt 0.3572 ce_cpu 0.0471
step 045850 | loss 0.5451 | mse 0.1464 | ce_event 0.1703 ce_dt 0.1879 ce_cpu 0.0404
step 045900 | loss 1.0715 | mse 0.1258 | ce_event 0.4136 ce_dt 0.4673 ce_cpu 0.0647
step 045950 | loss 0.9869 | mse 0.1445 | ce_event 0.3507 ce_dt 0.4302 ce_cpu 0.0614
step 046000 | loss 0.9455 | mse 0.1346 | ce_event 0.3469 ce_dt 0.3956 ce_cpu 0.0684
[SAVE] checkpoints_discrete_full/compress-gzip/step_046000.pt
step 046050 | loss 1.1045 | mse 0.1407 | ce_event 0.4114 ce_dt 0.4789 ce_cpu 0.0735
step 046100 | loss 1.1293 | mse 0.1331 | ce_event 0.4457 ce_dt 0.4816 ce_cpu 0.0690
step 046150 | loss 0.7646 | mse 0.1413 | ce_event 0.2442 ce_dt 0.3221 ce_cpu 0.0569
step 046200 | loss 0.9456 | mse 0.1365 | ce_event 0.3381 ce_dt 0.3802 ce_cpu 0.0909
step 046250 | loss 0.9660 | mse 0.1270 | ce_event 0.3508 ce_dt 0.4239 ce_cpu 0.0642
step 046300 | loss 1.2605 | mse 0.1393 | ce_event 0.4918 ce_dt 0.5470 ce_cpu 0.0824
step 046350 | loss 0.9990 | mse 0.1313 | ce_event 0.3577 ce_dt 0.4533 ce_cpu 0.0566
step 046400 | loss 1.0046 | mse 0.1417 | ce_event 0.3721 ce_dt 0.4252 ce_cpu 0.0657
step 046450 | loss 1.0356 | mse 0.1277 | ce_event 0.3714 ce_dt 0.4555 ce_cpu 0.0809
step 046500 | loss 0.7990 | mse 0.1234 | ce_event 0.2971 ce_dt 0.3607 ce_cpu 0.0179
[SAVE] checkpoints_discrete_full/compress-gzip/step_046500.pt
step 046550 | loss 0.6484 | mse 0.1348 | ce_event 0.2174 ce_dt 0.2555 ce_cpu 0.0407
step 046600 | loss 0.7884 | mse 0.1582 | ce_event 0.2581 ce_dt 0.3034 ce_cpu 0.0686
step 046650 | loss 0.8951 | mse 0.1354 | ce_event 0.2976 ce_dt 0.3781 ce_cpu 0.0841
step 046700 | loss 0.7679 | mse 0.1382 | ce_event 0.2533 ce_dt 0.3057 ce_cpu 0.0708
step 046750 | loss 0.7910 | mse 0.1481 | ce_event 0.2646 ce_dt 0.3085 ce_cpu 0.0697
step 046800 | loss 0.4767 | mse 0.1452 | ce_event 0.1417 ce_dt 0.1683 ce_cpu 0.0214
step 046850 | loss 0.6976 | mse 0.1469 | ce_event 0.2186 ce_dt 0.2679 ce_cpu 0.0643
step 046900 | loss 0.6154 | mse 0.1464 | ce_event 0.1962 ce_dt 0.2262 ce_cpu 0.0466
step 046950 | loss 0.6747 | mse 0.1467 | ce_event 0.2032 ce_dt 0.2432 ce_cpu 0.0815
step 047000 | loss 0.9446 | mse 0.1350 | ce_event 0.3367 ce_dt 0.3845 ce_cpu 0.0884
[SAVE] checkpoints_discrete_full/compress-gzip/step_047000.pt
step 047050 | loss 1.0134 | mse 0.1347 | ce_event 0.3735 ce_dt 0.4376 ce_cpu 0.0677
step 047100 | loss 0.6710 | mse 0.1544 | ce_event 0.2205 ce_dt 0.2598 ce_cpu 0.0363
step 047150 | loss 0.8472 | mse 0.1420 | ce_event 0.2943 ce_dt 0.3686 ce_cpu 0.0422
step 047200 | loss 0.7563 | mse 0.1351 | ce_event 0.2567 ce_dt 0.3165 ce_cpu 0.0479
step 047250 | loss 0.8121 | mse 0.1388 | ce_event 0.3149 ce_dt 0.3364 ce_cpu 0.0220
step 047300 | loss 1.2312 | mse 0.1456 | ce_event 0.4470 ce_dt 0.5234 ce_cpu 0.1152
step 047350 | loss 0.8971 | mse 0.1423 | ce_event 0.3250 ce_dt 0.3590 ce_cpu 0.0707
step 047400 | loss 0.7370 | mse 0.1451 | ce_event 0.2554 ce_dt 0.2910 ce_cpu 0.0455
step 047450 | loss 0.6297 | mse 0.1377 | ce_event 0.1978 ce_dt 0.2416 ce_cpu 0.0526
step 047500 | loss 0.8351 | mse 0.1521 | ce_event 0.2955 ce_dt 0.3427 ce_cpu 0.0447
[SAVE] checkpoints_discrete_full/compress-gzip/step_047500.pt
step 047550 | loss 0.6870 | mse 0.1466 | ce_event 0.2407 ce_dt 0.2687 ce_cpu 0.0310
step 047600 | loss 0.9618 | mse 0.1450 | ce_event 0.3578 ce_dt 0.4220 ce_cpu 0.0371
step 047650 | loss 0.7658 | mse 0.1500 | ce_event 0.2517 ce_dt 0.2913 ce_cpu 0.0729
step 047700 | loss 0.6085 | mse 0.1486 | ce_event 0.1945 ce_dt 0.2230 ce_cpu 0.0424
step 047750 | loss 0.9395 | mse 0.1351 | ce_event 0.3516 ce_dt 0.3995 ce_cpu 0.0534
step 047800 | loss 1.4083 | mse 0.1377 | ce_event 0.5331 ce_dt 0.6241 ce_cpu 0.1134
step 047850 | loss 0.6723 | mse 0.1579 | ce_event 0.1910 ce_dt 0.2402 ce_cpu 0.0832
step 047900 | loss 0.8002 | mse 0.1404 | ce_event 0.2670 ce_dt 0.3243 ce_cpu 0.0685
step 047950 | loss 0.7044 | mse 0.1340 | ce_event 0.2367 ce_dt 0.2984 ce_cpu 0.0354
step 048000 | loss 0.4931 | mse 0.1577 | ce_event 0.1406 ce_dt 0.1558 ce_cpu 0.0390
[SAVE] checkpoints_discrete_full/compress-gzip/step_048000.pt
step 048050 | loss 1.1371 | mse 0.1236 | ce_event 0.4250 ce_dt 0.4888 ce_cpu 0.0998
step 048100 | loss 0.6623 | mse 0.1479 | ce_event 0.2215 ce_dt 0.2569 ce_cpu 0.0359
step 048150 | loss 1.0902 | mse 0.1551 | ce_event 0.3492 ce_dt 0.4106 ce_cpu 0.1753
step 048200 | loss 0.7826 | mse 0.1314 | ce_event 0.2874 ce_dt 0.3186 ce_cpu 0.0453
step 048250 | loss 0.9707 | mse 0.1241 | ce_event 0.3526 ce_dt 0.4074 ce_cpu 0.0866
step 048300 | loss 1.0118 | mse 0.1427 | ce_event 0.3393 ce_dt 0.4039 ce_cpu 0.1260
step 048350 | loss 0.6892 | mse 0.1530 | ce_event 0.2304 ce_dt 0.2638 ce_cpu 0.0420
step 048400 | loss 1.1183 | mse 0.1326 | ce_event 0.4141 ce_dt 0.4735 ce_cpu 0.0980
step 048450 | loss 1.1260 | mse 0.1355 | ce_event 0.3819 ce_dt 0.4715 ce_cpu 0.1370
step 048500 | loss 0.3300 | mse 0.1459 | ce_event 0.0865 ce_dt 0.0895 ce_cpu 0.0081
[SAVE] checkpoints_discrete_full/compress-gzip/step_048500.pt
step 048550 | loss 0.8103 | mse 0.1437 | ce_event 0.2941 ce_dt 0.3356 ce_cpu 0.0369
step 048600 | loss 0.9016 | mse 0.1433 | ce_event 0.3266 ce_dt 0.3729 ce_cpu 0.0588
step 048650 | loss 0.9688 | mse 0.1431 | ce_event 0.3361 ce_dt 0.3946 ce_cpu 0.0950
step 048700 | loss 1.0898 | mse 0.1364 | ce_event 0.4166 ce_dt 0.4549 ce_cpu 0.0819
step 048750 | loss 0.7352 | mse 0.1340 | ce_event 0.2237 ce_dt 0.2930 ce_cpu 0.0844
step 048800 | loss 0.8817 | mse 0.1360 | ce_event 0.3333 ce_dt 0.3674 ce_cpu 0.0449
step 048850 | loss 1.0302 | mse 0.1288 | ce_event 0.3888 ce_dt 0.4598 ce_cpu 0.0528
step 048900 | loss 0.7718 | mse 0.1336 | ce_event 0.2451 ce_dt 0.3367 ce_cpu 0.0564
step 048950 | loss 0.8136 | mse 0.1290 | ce_event 0.3169 ce_dt 0.3408 ce_cpu 0.0269
step 049000 | loss 1.0283 | mse 0.1426 | ce_event 0.3367 ce_dt 0.4192 ce_cpu 0.1298
[SAVE] checkpoints_discrete_full/compress-gzip/step_049000.pt
step 049050 | loss 1.1647 | mse 0.1265 | ce_event 0.4407 ce_dt 0.5257 ce_cpu 0.0717
step 049100 | loss 0.4273 | mse 0.1442 | ce_event 0.1204 ce_dt 0.1461 ce_cpu 0.0165
step 049150 | loss 0.5853 | mse 0.1472 | ce_event 0.1993 ce_dt 0.2118 ce_cpu 0.0270
step 049200 | loss 0.6870 | mse 0.1347 | ce_event 0.2198 ce_dt 0.2848 ce_cpu 0.0478
step 049250 | loss 0.8066 | mse 0.1384 | ce_event 0.2880 ce_dt 0.3362 ce_cpu 0.0440
step 049300 | loss 0.5698 | mse 0.1463 | ce_event 0.1784 ce_dt 0.2191 ce_cpu 0.0260
step 049350 | loss 0.8241 | mse 0.1377 | ce_event 0.2880 ce_dt 0.3549 ce_cpu 0.0435
step 049400 | loss 0.6397 | mse 0.1438 | ce_event 0.2175 ce_dt 0.2446 ce_cpu 0.0338
step 049450 | loss 0.4742 | mse 0.1426 | ce_event 0.1553 ce_dt 0.1690 ce_cpu 0.0074
step 049500 | loss 0.8216 | mse 0.1426 | ce_event 0.2991 ce_dt 0.3316 ce_cpu 0.0484
[SAVE] checkpoints_discrete_full/compress-gzip/step_049500.pt
step 049550 | loss 0.7708 | mse 0.1453 | ce_event 0.2482 ce_dt 0.2926 ce_cpu 0.0848
step 049600 | loss 0.9954 | mse 0.1466 | ce_event 0.3765 ce_dt 0.4044 ce_cpu 0.0679
step 049650 | loss 0.6025 | mse 0.1306 | ce_event 0.2028 ce_dt 0.2382 ce_cpu 0.0309
step 049700 | loss 0.9879 | mse 0.1624 | ce_event 0.3592 ce_dt 0.4084 ce_cpu 0.0579
step 049750 | loss 0.8979 | mse 0.1577 | ce_event 0.3285 ce_dt 0.3532 ce_cpu 0.0585
step 049800 | loss 0.8919 | mse 0.1641 | ce_event 0.3150 ce_dt 0.3567 ce_cpu 0.0560
step 049850 | loss 0.5608 | mse 0.1453 | ce_event 0.1604 ce_dt 0.2191 ce_cpu 0.0360
step 049900 | loss 0.6358 | mse 0.1346 | ce_event 0.2259 ce_dt 0.2529 ce_cpu 0.0224
step 049950 | loss 1.0358 | mse 0.1384 | ce_event 0.3463 ce_dt 0.4621 ce_cpu 0.0890
step 050000 | loss 0.8031 | mse 0.1401 | ce_event 0.2853 ce_dt 0.3192 ce_cpu 0.0584
[SAVE] checkpoints_discrete_full/compress-gzip/step_050000.pt
[SAVE] checkpoints_discrete_full/compress-gzip/final_step_050000.pt
Stopping GPU logger
