========== DIFFUSION TRAIN JOB START ==========
RUN_NAME: diff-wcpu0
BENCH:    compress-gzip
Time:     Mon Jan  5 08:44:22 EST 2026
Host:     g14.nibi.sharcnet
PWD:      /project/def-naser2/yuvraj/SyntheticLogGeneration
Repo:     /project/def-naser2/yuvraj/SyntheticLogGeneration
Python:   /project/6083487/yuvraj/SyntheticLogGeneration/.venv/bin/python
torch: 2.9.0
cuda available: True
=== GPU at start ===
Mon Jan  5 08:44:31 2026       
+-----------------------------------------------------------------------------------------+
| NVIDIA-SMI 580.82.07              Driver Version: 580.82.07      CUDA Version: 13.0     |
+-----------------------------------------+------------------------+----------------------+
| GPU  Name                 Persistence-M | Bus-Id          Disp.A | Volatile Uncorr. ECC |
| Fan  Temp   Perf          Pwr:Usage/Cap |           Memory-Usage | GPU-Util  Compute M. |
|                                         |                        |               MIG M. |
|=========================================+========================+======================|
|   0  NVIDIA H100 80GB HBM3          On  |   00000000:9B:00.0 Off |                    0 |
| N/A   30C    P0             70W /  700W |       0MiB /  81559MiB |      0%      Default |
|                                         |                        |             Disabled |
+-----------------------------------------+------------------------+----------------------+

+-----------------------------------------------------------------------------------------+
| Processes:                                                                              |
|  GPU   GI   CI              PID   Type   Process name                        GPU Memory |
|        ID   ID                                                               Usage      |
|=========================================================================================|
|  No running processes found                                                             |
+-----------------------------------------------------------------------------------------+
LOGDIR:   /project/def-naser2/yuvraj/SyntheticLogGeneration/logs/diffusion_logs/diff-wcpu0
OUTDIR:   /project/def-naser2/yuvraj/SyntheticLogGeneration/outputs/diffusion_outputs/diff-wcpu0
CKPT:     /project/def-naser2/yuvraj/SyntheticLogGeneration/outputs/diffusion_outputs/diff-wcpu0/checkpoints_discrete
==============================================
GPU logger PID: 3559751
GPU log: /project/def-naser2/yuvraj/SyntheticLogGeneration/logs/diffusion_logs/diff-wcpu0/gpu-6405780.csv
Device: cuda
Train shards: 130
Total windows: 11971800
step 000050 | loss 40.7166 | mse 1.5200 | ce_event 18.4593 ce_dt 20.7373 ce_cpu 12.2805
step 000100 | loss 27.1723 | mse 1.4592 | ce_event 12.2452 ce_dt 13.4678 ce_cpu 13.2862
step 000150 | loss 10.7701 | mse 1.3597 | ce_event 4.2889 ce_dt 5.1215 ce_cpu 6.2300
step 000200 | loss 19.4012 | mse 1.3050 | ce_event 7.6881 ce_dt 10.4080 ce_cpu 14.5030
step 000250 | loss 12.1183 | mse 1.2116 | ce_event 5.0409 ce_dt 5.8658 ce_cpu 10.2973
step 000300 | loss 9.5351 | mse 1.1821 | ce_event 3.8431 ce_dt 4.5099 ce_cpu 9.2304
step 000350 | loss 12.4806 | mse 1.1544 | ce_event 5.7371 ce_dt 5.5891 ce_cpu 12.0761
step 000400 | loss 12.6246 | mse 1.1475 | ce_event 4.7689 ce_dt 6.7082 ce_cpu 13.8938
step 000450 | loss 6.7455 | mse 1.1343 | ce_event 2.3317 ce_dt 3.2795 ce_cpu 6.9301
step 000500 | loss 9.4887 | mse 1.1040 | ce_event 3.9611 ce_dt 4.4236 ce_cpu 10.1872
[SAVE] /project/def-naser2/yuvraj/SyntheticLogGeneration/outputs/diffusion_outputs/diff-wcpu0/checkpoints_discrete/compress-gzip/step_000500.pt
step 000550 | loss 11.1535 | mse 1.0895 | ce_event 4.7638 ce_dt 5.3002 ce_cpu 15.1122
step 000600 | loss 7.8627 | mse 1.0814 | ce_event 3.0887 ce_dt 3.6926 ce_cpu 11.0751
step 000650 | loss 9.6059 | mse 1.0723 | ce_event 3.8724 ce_dt 4.6612 ce_cpu 14.9120
step 000700 | loss 7.2720 | mse 1.0512 | ce_event 3.0148 ce_dt 3.2060 ce_cpu 9.2876
step 000750 | loss 7.6982 | mse 1.0707 | ce_event 3.1235 ce_dt 3.5040 ce_cpu 12.0553
step 000800 | loss 7.0042 | mse 1.0438 | ce_event 2.8211 ce_dt 3.1393 ce_cpu 11.2934
step 000850 | loss 5.1014 | mse 1.0568 | ce_event 1.9250 ce_dt 2.1196 ce_cpu 7.6410
step 000900 | loss 5.3040 | mse 1.0452 | ce_event 1.8828 ce_dt 2.3759 ce_cpu 7.2291
step 000950 | loss 5.7385 | mse 1.0429 | ce_event 2.2212 ce_dt 2.4744 ce_cpu 9.2212
step 001000 | loss 6.3987 | mse 1.0323 | ce_event 2.5870 ce_dt 2.7794 ce_cpu 10.0788
[SAVE] /project/def-naser2/yuvraj/SyntheticLogGeneration/outputs/diffusion_outputs/diff-wcpu0/checkpoints_discrete/compress-gzip/step_001000.pt
step 001050 | loss 7.2464 | mse 1.0072 | ce_event 2.9576 ce_dt 3.2815 ce_cpu 15.0264
step 001100 | loss 6.5028 | mse 1.0095 | ce_event 2.5775 ce_dt 2.9158 ce_cpu 11.6749
step 001150 | loss 6.4903 | mse 1.0119 | ce_event 2.5049 ce_dt 2.9735 ce_cpu 11.6834
step 001200 | loss 4.9166 | mse 1.0157 | ce_event 1.7910 ce_dt 2.1099 ce_cpu 7.4258
step 001250 | loss 6.4437 | mse 1.0267 | ce_event 2.7369 ce_dt 2.6801 ce_cpu 11.3666
step 001300 | loss 5.8287 | mse 1.0009 | ce_event 2.3047 ce_dt 2.5231 ce_cpu 9.7330
step 001350 | loss 6.1818 | mse 0.9981 | ce_event 2.5607 ce_dt 2.6229 ce_cpu 10.9974
step 001400 | loss 5.8731 | mse 1.0044 | ce_event 2.3463 ce_dt 2.5225 ce_cpu 11.7467
step 001450 | loss 5.2204 | mse 1.0003 | ce_event 1.9705 ce_dt 2.2496 ce_cpu 9.7379
step 001500 | loss 4.5979 | mse 1.0116 | ce_event 1.6517 ce_dt 1.9346 ce_cpu 7.7730
[SAVE] /project/def-naser2/yuvraj/SyntheticLogGeneration/outputs/diffusion_outputs/diff-wcpu0/checkpoints_discrete/compress-gzip/step_001500.pt
step 001550 | loss 5.4614 | mse 0.9958 | ce_event 2.1516 ce_dt 2.3140 ce_cpu 10.6728
step 001600 | loss 5.1808 | mse 0.9870 | ce_event 1.9374 ce_dt 2.2564 ce_cpu 10.0535
step 001650 | loss 4.1671 | mse 1.0040 | ce_event 1.4598 ce_dt 1.7033 ce_cpu 6.7989
step 001700 | loss 5.9002 | mse 0.9924 | ce_event 2.2852 ce_dt 2.6226 ce_cpu 12.2924
step 001750 | loss 5.7187 | mse 0.9795 | ce_event 2.2286 ce_dt 2.5106 ce_cpu 11.9086
step 001800 | loss 5.5752 | mse 0.9740 | ce_event 2.1507 ce_dt 2.4505 ce_cpu 13.2024
step 001850 | loss 4.9037 | mse 0.9849 | ce_event 1.8205 ce_dt 2.0983 ce_cpu 10.3061
step 001900 | loss 5.2334 | mse 0.9720 | ce_event 1.9922 ce_dt 2.2692 ce_cpu 11.7830
step 001950 | loss 5.0299 | mse 0.9618 | ce_event 1.8424 ce_dt 2.2257 ce_cpu 10.6396
step 002000 | loss 4.7005 | mse 0.9789 | ce_event 1.7494 ce_dt 1.9722 ce_cpu 10.7965
[SAVE] /project/def-naser2/yuvraj/SyntheticLogGeneration/outputs/diffusion_outputs/diff-wcpu0/checkpoints_discrete/compress-gzip/step_002000.pt
step 002050 | loss 4.3286 | mse 0.9938 | ce_event 1.5714 ce_dt 1.7633 ce_cpu 9.0582
step 002100 | loss 4.5399 | mse 0.9780 | ce_event 1.6048 ce_dt 1.9571 ce_cpu 9.2849
step 002150 | loss 4.7054 | mse 0.9672 | ce_event 1.7936 ce_dt 1.9446 ce_cpu 9.6925
step 002200 | loss 4.4025 | mse 0.9701 | ce_event 1.5908 ce_dt 1.8416 ce_cpu 9.3694
step 002250 | loss 5.2974 | mse 0.9573 | ce_event 2.2113 ce_dt 2.1287 ce_cpu 10.7135
step 002300 | loss 4.2337 | mse 0.9656 | ce_event 1.5224 ce_dt 1.7457 ce_cpu 8.2498
step 002350 | loss 4.4299 | mse 0.9586 | ce_event 1.5931 ce_dt 1.8782 ce_cpu 10.2666
step 002400 | loss 4.5264 | mse 0.9636 | ce_event 1.6799 ce_dt 1.8828 ce_cpu 9.8554
step 002450 | loss 3.6024 | mse 0.9849 | ce_event 1.2630 ce_dt 1.3545 ce_cpu 6.5258
step 002500 | loss 4.1837 | mse 0.9627 | ce_event 1.5491 ce_dt 1.6719 ce_cpu 9.5911
[SAVE] /project/def-naser2/yuvraj/SyntheticLogGeneration/outputs/diffusion_outputs/diff-wcpu0/checkpoints_discrete/compress-gzip/step_002500.pt
step 002550 | loss 4.2929 | mse 0.9727 | ce_event 1.5602 ce_dt 1.7599 ce_cpu 8.9321
step 002600 | loss 4.9475 | mse 0.9554 | ce_event 1.9009 ce_dt 2.0912 ce_cpu 12.3644
step 002650 | loss 3.9614 | mse 0.9588 | ce_event 1.4349 ce_dt 1.5677 ce_cpu 8.6272
step 002700 | loss 4.5527 | mse 0.9620 | ce_event 1.7251 ce_dt 1.8657 ce_cpu 10.8731
step 002750 | loss 4.7107 | mse 0.9613 | ce_event 1.7679 ce_dt 1.9816 ce_cpu 11.4768
step 002800 | loss 3.2407 | mse 0.9763 | ce_event 1.0594 ce_dt 1.2050 ce_cpu 6.0250
step 002850 | loss 3.8097 | mse 0.9485 | ce_event 1.3624 ce_dt 1.4988 ce_cpu 7.3233
step 002900 | loss 3.8598 | mse 0.9682 | ce_event 1.3645 ce_dt 1.5271 ce_cpu 8.6319
step 002950 | loss 5.0064 | mse 0.9466 | ce_event 1.9597 ce_dt 2.1000 ce_cpu 12.4935
step 003000 | loss 4.4599 | mse 0.9545 | ce_event 1.6970 ce_dt 1.8084 ce_cpu 10.1629
[SAVE] /project/def-naser2/yuvraj/SyntheticLogGeneration/outputs/diffusion_outputs/diff-wcpu0/checkpoints_discrete/compress-gzip/step_003000.pt
step 003050 | loss 3.9084 | mse 0.9623 | ce_event 1.3577 ce_dt 1.5883 ce_cpu 9.6707
step 003100 | loss 4.7936 | mse 0.9385 | ce_event 1.8930 ce_dt 1.9621 ce_cpu 11.9661
step 003150 | loss 3.2609 | mse 0.9810 | ce_event 1.0713 ce_dt 1.2087 ce_cpu 6.9445
step 003200 | loss 3.9913 | mse 0.9630 | ce_event 1.4626 ce_dt 1.5657 ce_cpu 9.9799
step 003250 | loss 4.8773 | mse 0.9476 | ce_event 1.8533 ce_dt 2.0764 ce_cpu 14.4632
step 003300 | loss 3.8550 | mse 0.9625 | ce_event 1.3566 ce_dt 1.5359 ce_cpu 8.5600
step 003350 | loss 4.1632 | mse 0.9689 | ce_event 1.5052 ce_dt 1.6892 ce_cpu 11.2798
step 003400 | loss 4.6212 | mse 0.9460 | ce_event 1.7745 ce_dt 1.9006 ce_cpu 13.1894
step 003450 | loss 4.5732 | mse 0.9371 | ce_event 1.7668 ce_dt 1.8693 ce_cpu 12.3648
step 003500 | loss 4.3725 | mse 0.9364 | ce_event 1.6203 ce_dt 1.8159 ce_cpu 12.3465
[SAVE] /project/def-naser2/yuvraj/SyntheticLogGeneration/outputs/diffusion_outputs/diff-wcpu0/checkpoints_discrete/compress-gzip/step_003500.pt
step 003550 | loss 3.7787 | mse 0.9390 | ce_event 1.3056 ce_dt 1.5341 ce_cpu 8.6606
step 003600 | loss 4.1021 | mse 0.9510 | ce_event 1.6092 ce_dt 1.5419 ce_cpu 10.2079
step 003650 | loss 3.1143 | mse 0.9490 | ce_event 1.0229 ce_dt 1.1424 ce_cpu 6.8418
step 003700 | loss 3.8786 | mse 0.9397 | ce_event 1.3117 ce_dt 1.6272 ce_cpu 8.9851
step 003750 | loss 3.4619 | mse 0.9621 | ce_event 1.1067 ce_dt 1.3931 ce_cpu 8.1499
step 003800 | loss 3.5565 | mse 0.9544 | ce_event 1.2429 ce_dt 1.3592 ce_cpu 9.6235
step 003850 | loss 3.4059 | mse 0.9373 | ce_event 1.1580 ce_dt 1.3105 ce_cpu 7.0691
step 003900 | loss 3.8851 | mse 0.9269 | ce_event 1.3972 ce_dt 1.5610 ce_cpu 9.7482
step 003950 | loss 3.5438 | mse 0.9378 | ce_event 1.2700 ce_dt 1.3361 ce_cpu 8.8821
step 004000 | loss 3.4311 | mse 0.9462 | ce_event 1.1410 ce_dt 1.3439 ce_cpu 8.1976
[SAVE] /project/def-naser2/yuvraj/SyntheticLogGeneration/outputs/diffusion_outputs/diff-wcpu0/checkpoints_discrete/compress-gzip/step_004000.pt
step 004050 | loss 2.9407 | mse 0.9345 | ce_event 0.9747 ce_dt 1.0314 ce_cpu 6.5540
step 004100 | loss 3.9574 | mse 0.9402 | ce_event 1.4755 ce_dt 1.5417 ce_cpu 10.2105
step 004150 | loss 3.8497 | mse 0.9079 | ce_event 1.4007 ce_dt 1.5411 ce_cpu 10.7484
step 004200 | loss 2.9393 | mse 0.9301 | ce_event 0.9468 ce_dt 1.0624 ce_cpu 6.8626
step 004250 | loss 3.2128 | mse 0.9136 | ce_event 1.0650 ce_dt 1.2342 ce_cpu 8.1813
step 004300 | loss 3.5664 | mse 0.9071 | ce_event 1.2254 ce_dt 1.4339 ce_cpu 9.6065
step 004350 | loss 3.7527 | mse 0.9035 | ce_event 1.3711 ce_dt 1.4781 ce_cpu 10.1701
step 004400 | loss 2.8681 | mse 0.9156 | ce_event 0.8889 ce_dt 1.0636 ce_cpu 6.5588
step 004450 | loss 3.0883 | mse 0.9020 | ce_event 1.0427 ce_dt 1.1435 ce_cpu 8.9455
step 004500 | loss 3.9364 | mse 0.9037 | ce_event 1.3853 ce_dt 1.6475 ce_cpu 13.2024
[SAVE] /project/def-naser2/yuvraj/SyntheticLogGeneration/outputs/diffusion_outputs/diff-wcpu0/checkpoints_discrete/compress-gzip/step_004500.pt
step 004550 | loss 3.3607 | mse 0.8885 | ce_event 1.1237 ce_dt 1.3484 ce_cpu 8.5099
step 004600 | loss 3.6668 | mse 0.8833 | ce_event 1.2556 ce_dt 1.5279 ce_cpu 9.9687
step 004650 | loss 3.0787 | mse 0.8800 | ce_event 1.0078 ce_dt 1.1909 ce_cpu 8.3551
step 004700 | loss 3.0830 | mse 0.8642 | ce_event 1.0110 ce_dt 1.2079 ce_cpu 7.2988
step 004750 | loss 2.9998 | mse 0.8865 | ce_event 0.9649 ce_dt 1.1484 ce_cpu 8.6811
step 004800 | loss 2.7349 | mse 0.8736 | ce_event 0.9014 ce_dt 0.9599 ce_cpu 6.3597
step 004850 | loss 3.1013 | mse 0.8526 | ce_event 1.0680 ce_dt 1.1807 ce_cpu 7.8381
step 004900 | loss 2.5455 | mse 0.8440 | ce_event 0.7927 ce_dt 0.9088 ce_cpu 5.8070
step 004950 | loss 3.0232 | mse 0.8522 | ce_event 1.0620 ce_dt 1.1091 ce_cpu 8.0274
step 005000 | loss 2.8394 | mse 0.8492 | ce_event 0.9632 ce_dt 1.0271 ce_cpu 7.5693
[SAVE] /project/def-naser2/yuvraj/SyntheticLogGeneration/outputs/diffusion_outputs/diff-wcpu0/checkpoints_discrete/compress-gzip/step_005000.pt
step 005050 | loss 3.4452 | mse 0.8452 | ce_event 1.1613 ce_dt 1.4387 ce_cpu 10.4652
step 005100 | loss 2.7627 | mse 0.8129 | ce_event 0.9253 ce_dt 1.0246 ce_cpu 7.3401
step 005150 | loss 3.0595 | mse 0.8478 | ce_event 1.0353 ce_dt 1.1764 ce_cpu 9.1257
step 005200 | loss 2.8959 | mse 0.8185 | ce_event 0.9934 ce_dt 1.0840 ce_cpu 9.2143
step 005250 | loss 3.6565 | mse 0.8027 | ce_event 1.3370 ce_dt 1.5169 ce_cpu 11.6548
step 005300 | loss 2.8605 | mse 0.8075 | ce_event 0.9172 ce_dt 1.1359 ce_cpu 9.1532
step 005350 | loss 2.5494 | mse 0.7914 | ce_event 0.8638 ce_dt 0.8942 ce_cpu 5.9785
step 005400 | loss 2.5794 | mse 0.8128 | ce_event 0.8443 ce_dt 0.9223 ce_cpu 7.1539
step 005450 | loss 3.2698 | mse 0.8165 | ce_event 1.1856 ce_dt 1.2678 ce_cpu 10.1903
step 005500 | loss 3.7732 | mse 0.7926 | ce_event 1.3713 ce_dt 1.6094 ce_cpu 12.1274
[SAVE] /project/def-naser2/yuvraj/SyntheticLogGeneration/outputs/diffusion_outputs/diff-wcpu0/checkpoints_discrete/compress-gzip/step_005500.pt
step 005550 | loss 3.9022 | mse 0.7810 | ce_event 1.4975 ce_dt 1.6237 ce_cpu 13.5374
step 005600 | loss 2.6723 | mse 0.8005 | ce_event 0.8612 ce_dt 1.0106 ce_cpu 8.3481
step 005650 | loss 3.0030 | mse 0.7742 | ce_event 1.0536 ce_dt 1.1752 ce_cpu 8.4809
step 005700 | loss 2.8055 | mse 0.7594 | ce_event 0.9677 ce_dt 1.0784 ce_cpu 8.9996
step 005750 | loss 3.2015 | mse 0.7720 | ce_event 1.0770 ce_dt 1.3525 ce_cpu 9.2694
step 005800 | loss 2.9111 | mse 0.7945 | ce_event 0.9920 ce_dt 1.1246 ce_cpu 9.8513
step 005850 | loss 3.0900 | mse 0.7662 | ce_event 1.0777 ce_dt 1.2461 ce_cpu 9.2650
step 005900 | loss 3.3213 | mse 0.7528 | ce_event 1.2166 ce_dt 1.3518 ce_cpu 12.8857
step 005950 | loss 2.8495 | mse 0.7804 | ce_event 1.0352 ce_dt 1.0339 ce_cpu 9.2642
step 006000 | loss 2.9998 | mse 0.7321 | ce_event 1.0128 ce_dt 1.2548 ce_cpu 9.2331
[SAVE] /project/def-naser2/yuvraj/SyntheticLogGeneration/outputs/diffusion_outputs/diff-wcpu0/checkpoints_discrete/compress-gzip/step_006000.pt
step 006050 | loss 2.3919 | mse 0.7410 | ce_event 0.7902 ce_dt 0.8607 ce_cpu 7.0633
step 006100 | loss 3.6338 | mse 0.7528 | ce_event 1.4032 ce_dt 1.4778 ce_cpu 11.6574
step 006150 | loss 2.4933 | mse 0.7375 | ce_event 0.8638 ce_dt 0.8920 ce_cpu 7.2187
step 006200 | loss 3.3807 | mse 0.7421 | ce_event 1.2188 ce_dt 1.4198 ce_cpu 10.9269
step 006250 | loss 2.9613 | mse 0.7718 | ce_event 1.0257 ce_dt 1.1638 ce_cpu 9.7384
step 006300 | loss 2.7907 | mse 0.6756 | ce_event 0.9915 ce_dt 1.1236 ce_cpu 8.1429
step 006350 | loss 3.6614 | mse 0.7159 | ce_event 1.4798 ce_dt 1.4657 ce_cpu 14.5231
step 006400 | loss 2.9266 | mse 0.7216 | ce_event 1.0610 ce_dt 1.1440 ce_cpu 10.4856
step 006450 | loss 2.8611 | mse 0.7010 | ce_event 1.0060 ce_dt 1.1541 ce_cpu 9.2551
step 006500 | loss 3.0726 | mse 0.7239 | ce_event 1.1153 ce_dt 1.2334 ce_cpu 10.2676
[SAVE] /project/def-naser2/yuvraj/SyntheticLogGeneration/outputs/diffusion_outputs/diff-wcpu0/checkpoints_discrete/compress-gzip/step_006500.pt
step 006550 | loss 2.8892 | mse 0.6807 | ce_event 1.0493 ce_dt 1.1592 ce_cpu 9.3919
step 006600 | loss 3.2135 | mse 0.7499 | ce_event 1.1978 ce_dt 1.2658 ce_cpu 12.2025
step 006650 | loss 2.8479 | mse 0.6939 | ce_event 1.0035 ce_dt 1.1505 ce_cpu 8.4381
step 006700 | loss 2.2855 | mse 0.7100 | ce_event 0.7768 ce_dt 0.7986 ce_cpu 6.0385
step 006750 | loss 3.2103 | mse 0.6890 | ce_event 1.1638 ce_dt 1.3575 ce_cpu 10.6551
step 006800 | loss 2.8869 | mse 0.6815 | ce_event 1.0946 ce_dt 1.1108 ce_cpu 9.8561
step 006850 | loss 2.5366 | mse 0.7146 | ce_event 0.8354 ce_dt 0.9866 ce_cpu 7.6956
step 006900 | loss 2.0713 | mse 0.6781 | ce_event 0.6286 ce_dt 0.7645 ce_cpu 6.1820
step 006950 | loss 2.5721 | mse 0.7188 | ce_event 0.8962 ce_dt 0.9571 ce_cpu 8.4775
step 007000 | loss 2.5414 | mse 0.7048 | ce_event 0.9043 ce_dt 0.9323 ce_cpu 9.0227
[SAVE] /project/def-naser2/yuvraj/SyntheticLogGeneration/outputs/diffusion_outputs/diff-wcpu0/checkpoints_discrete/compress-gzip/step_007000.pt
step 007050 | loss 2.7170 | mse 0.6774 | ce_event 0.9340 ce_dt 1.1056 ce_cpu 12.3379
step 007100 | loss 2.1287 | mse 0.6856 | ce_event 0.7018 ce_dt 0.7413 ce_cpu 8.5373
step 007150 | loss 2.5625 | mse 0.6832 | ce_event 0.9003 ce_dt 0.9789 ce_cpu 9.6785
step 007200 | loss 3.5555 | mse 0.6550 | ce_event 1.4200 ce_dt 1.4805 ce_cpu 13.3114
step 007250 | loss 2.4531 | mse 0.6960 | ce_event 0.8262 ce_dt 0.9309 ce_cpu 9.9704
step 007300 | loss 2.4204 | mse 0.6558 | ce_event 0.8204 ce_dt 0.9442 ce_cpu 8.7409
step 007350 | loss 2.9106 | mse 0.6748 | ce_event 1.0366 ce_dt 1.1992 ce_cpu 10.6594
step 007400 | loss 2.5100 | mse 0.6224 | ce_event 0.9446 ce_dt 0.9429 ce_cpu 6.8649
step 007450 | loss 2.0125 | mse 0.6742 | ce_event 0.6345 ce_dt 0.7039 ce_cpu 6.8309
step 007500 | loss 2.9617 | mse 0.6404 | ce_event 1.1236 ce_dt 1.1977 ce_cpu 10.1841
[SAVE] /project/def-naser2/yuvraj/SyntheticLogGeneration/outputs/diffusion_outputs/diff-wcpu0/checkpoints_discrete/compress-gzip/step_007500.pt
step 007550 | loss 1.6957 | mse 0.6159 | ce_event 0.4870 ce_dt 0.5928 ce_cpu 4.7033
step 007600 | loss 2.6228 | mse 0.6546 | ce_event 0.9240 ce_dt 1.0442 ce_cpu 11.1070
step 007650 | loss 2.7471 | mse 0.6485 | ce_event 0.9876 ce_dt 1.1110 ce_cpu 8.4312
step 007700 | loss 2.3622 | mse 0.6408 | ce_event 0.7859 ce_dt 0.9356 ce_cpu 7.5113
step 007750 | loss 2.5437 | mse 0.6338 | ce_event 0.8459 ce_dt 1.0640 ce_cpu 9.0261
step 007800 | loss 2.3956 | mse 0.6280 | ce_event 0.7982 ce_dt 0.9694 ce_cpu 8.5080
step 007850 | loss 2.3275 | mse 0.5873 | ce_event 0.7946 ce_dt 0.9456 ce_cpu 8.1097
step 007900 | loss 2.0716 | mse 0.5991 | ce_event 0.6713 ce_dt 0.8012 ce_cpu 6.5209
step 007950 | loss 1.8053 | mse 0.6157 | ce_event 0.5451 ce_dt 0.6446 ce_cpu 5.4343
step 008000 | loss 2.6689 | mse 0.6187 | ce_event 0.9375 ce_dt 1.1127 ce_cpu 9.5166
[SAVE] /project/def-naser2/yuvraj/SyntheticLogGeneration/outputs/diffusion_outputs/diff-wcpu0/checkpoints_discrete/compress-gzip/step_008000.pt
step 008050 | loss 2.0793 | mse 0.6085 | ce_event 0.6992 ce_dt 0.7716 ce_cpu 7.4958
step 008100 | loss 2.1962 | mse 0.5915 | ce_event 0.7362 ce_dt 0.8685 ce_cpu 6.7107
step 008150 | loss 2.3837 | mse 0.6274 | ce_event 0.7887 ce_dt 0.9676 ce_cpu 8.6316
step 008200 | loss 2.6831 | mse 0.6039 | ce_event 0.9781 ce_dt 1.1011 ce_cpu 10.7407
step 008250 | loss 2.7404 | mse 0.6021 | ce_event 1.0193 ce_dt 1.1190 ce_cpu 12.0414
step 008300 | loss 2.2863 | mse 0.6245 | ce_event 0.8126 ce_dt 0.8491 ce_cpu 8.2179
step 008350 | loss 2.4371 | mse 0.5812 | ce_event 0.8866 ce_dt 0.9694 ce_cpu 8.6151
step 008400 | loss 3.1239 | mse 0.5828 | ce_event 1.1545 ce_dt 1.3866 ce_cpu 12.5296
step 008450 | loss 2.6349 | mse 0.5974 | ce_event 0.9397 ce_dt 1.0978 ce_cpu 12.3384
step 008500 | loss 2.9981 | mse 0.6019 | ce_event 1.1365 ce_dt 1.2597 ce_cpu 12.4883
[SAVE] /project/def-naser2/yuvraj/SyntheticLogGeneration/outputs/diffusion_outputs/diff-wcpu0/checkpoints_discrete/compress-gzip/step_008500.pt
step 008550 | loss 2.6605 | mse 0.6074 | ce_event 0.9593 ce_dt 1.0938 ce_cpu 10.4718
step 008600 | loss 2.8400 | mse 0.5949 | ce_event 1.0501 ce_dt 1.1949 ce_cpu 10.5214
step 008650 | loss 2.5367 | mse 0.5631 | ce_event 0.9404 ce_dt 1.0332 ce_cpu 10.4338
step 008700 | loss 2.1948 | mse 0.5577 | ce_event 0.7869 ce_dt 0.8502 ce_cpu 7.5831
step 008750 | loss 2.8976 | mse 0.5778 | ce_event 1.0858 ce_dt 1.2339 ce_cpu 12.3041
step 008800 | loss 2.5452 | mse 0.6021 | ce_event 0.9189 ce_dt 1.0242 ce_cpu 9.6025
step 008850 | loss 2.7919 | mse 0.5645 | ce_event 1.0277 ce_dt 1.1996 ce_cpu 11.8100
step 008900 | loss 2.4379 | mse 0.5497 | ce_event 0.8848 ce_dt 1.0035 ce_cpu 8.7445
step 008950 | loss 2.4711 | mse 0.5692 | ce_event 0.8987 ce_dt 1.0033 ce_cpu 10.4679
step 009000 | loss 2.3654 | mse 0.5161 | ce_event 0.8770 ce_dt 0.9723 ce_cpu 8.1096
[SAVE] /project/def-naser2/yuvraj/SyntheticLogGeneration/outputs/diffusion_outputs/diff-wcpu0/checkpoints_discrete/compress-gzip/step_009000.pt
step 009050 | loss 2.3831 | mse 0.5632 | ce_event 0.8834 ce_dt 0.9366 ce_cpu 8.7736
step 009100 | loss 1.9390 | mse 0.5352 | ce_event 0.6374 ce_dt 0.7665 ce_cpu 6.8318
step 009150 | loss 2.1222 | mse 0.5698 | ce_event 0.6880 ce_dt 0.8644 ce_cpu 8.2283
step 009200 | loss 1.8667 | mse 0.5240 | ce_event 0.6311 ce_dt 0.7116 ce_cpu 6.1481
step 009250 | loss 2.0427 | mse 0.5344 | ce_event 0.7214 ce_dt 0.7869 ce_cpu 6.8461
step 009300 | loss 2.7663 | mse 0.5213 | ce_event 1.0653 ce_dt 1.1797 ce_cpu 11.5484
step 009350 | loss 2.4464 | mse 0.4908 | ce_event 0.9599 ce_dt 0.9957 ce_cpu 9.0526
step 009400 | loss 1.4978 | mse 0.5355 | ce_event 0.4443 ce_dt 0.5180 ce_cpu 5.6638
step 009450 | loss 1.9742 | mse 0.5263 | ce_event 0.6756 ce_dt 0.7722 ce_cpu 7.0493
step 009500 | loss 2.5526 | mse 0.5299 | ce_event 0.9339 ce_dt 1.0888 ce_cpu 11.1072
[SAVE] /project/def-naser2/yuvraj/SyntheticLogGeneration/outputs/diffusion_outputs/diff-wcpu0/checkpoints_discrete/compress-gzip/step_009500.pt
step 009550 | loss 1.9555 | mse 0.5201 | ce_event 0.6971 ce_dt 0.7384 ce_cpu 8.7002
step 009600 | loss 2.1432 | mse 0.5222 | ce_event 0.7584 ce_dt 0.8626 ce_cpu 9.1165
step 009650 | loss 3.0783 | mse 0.5139 | ce_event 1.2420 ce_dt 1.3225 ce_cpu 11.8383
step 009700 | loss 2.1582 | mse 0.5195 | ce_event 0.7575 ce_dt 0.8812 ce_cpu 7.9583
step 009750 | loss 1.6841 | mse 0.4829 | ce_event 0.5709 ce_dt 0.6304 ce_cpu 7.7478
step 009800 | loss 2.3781 | mse 0.5408 | ce_event 0.8456 ce_dt 0.9917 ce_cpu 9.1728
step 009850 | loss 1.7044 | mse 0.5154 | ce_event 0.5665 ce_dt 0.6225 ce_cpu 7.1964
step 009900 | loss 2.6048 | mse 0.4797 | ce_event 1.0163 ce_dt 1.1087 ce_cpu 10.1255
step 009950 | loss 2.1646 | mse 0.5304 | ce_event 0.7695 ce_dt 0.8646 ce_cpu 8.7813
step 010000 | loss 1.8604 | mse 0.5076 | ce_event 0.6313 ce_dt 0.7214 ce_cpu 6.6217
[SAVE] /project/def-naser2/yuvraj/SyntheticLogGeneration/outputs/diffusion_outputs/diff-wcpu0/checkpoints_discrete/compress-gzip/step_010000.pt
step 010050 | loss 2.1064 | mse 0.4654 | ce_event 0.7793 ce_dt 0.8617 ce_cpu 8.3398
step 010100 | loss 2.0562 | mse 0.5073 | ce_event 0.7587 ce_dt 0.7902 ce_cpu 8.0874
step 010150 | loss 2.3288 | mse 0.4678 | ce_event 0.9051 ce_dt 0.9559 ce_cpu 9.5926
step 010200 | loss 2.1053 | mse 0.4669 | ce_event 0.7813 ce_dt 0.8571 ce_cpu 7.8723
step 010250 | loss 1.8409 | mse 0.4618 | ce_event 0.6880 ce_dt 0.6910 ce_cpu 6.8974
step 010300 | loss 1.8243 | mse 0.4683 | ce_event 0.6335 ce_dt 0.7224 ce_cpu 8.4163
step 010350 | loss 2.2180 | mse 0.4617 | ce_event 0.8754 ce_dt 0.8809 ce_cpu 8.8776
step 010400 | loss 1.8941 | mse 0.4357 | ce_event 0.6808 ce_dt 0.7777 ce_cpu 6.6505
step 010450 | loss 1.7587 | mse 0.4240 | ce_event 0.6244 ce_dt 0.7103 ce_cpu 7.0550
step 010500 | loss 2.5377 | mse 0.4960 | ce_event 0.9526 ce_dt 1.0891 ce_cpu 10.1569
[SAVE] /project/def-naser2/yuvraj/SyntheticLogGeneration/outputs/diffusion_outputs/diff-wcpu0/checkpoints_discrete/compress-gzip/step_010500.pt
step 010550 | loss 2.4055 | mse 0.4706 | ce_event 0.9212 ce_dt 1.0137 ce_cpu 9.7373
step 010600 | loss 2.4770 | mse 0.4320 | ce_event 0.9377 ce_dt 1.1072 ce_cpu 10.1098
step 010650 | loss 1.9581 | mse 0.4495 | ce_event 0.6710 ce_dt 0.8377 ce_cpu 8.7383
step 010700 | loss 2.0896 | mse 0.4386 | ce_event 0.7581 ce_dt 0.8928 ce_cpu 7.3859
step 010750 | loss 1.8966 | mse 0.4305 | ce_event 0.7164 ce_dt 0.7498 ce_cpu 7.0691
step 010800 | loss 2.1501 | mse 0.4376 | ce_event 0.7780 ce_dt 0.9346 ce_cpu 9.0681
step 010850 | loss 1.8840 | mse 0.4166 | ce_event 0.6800 ce_dt 0.7875 ce_cpu 8.4400
step 010900 | loss 2.3009 | mse 0.4474 | ce_event 0.8981 ce_dt 0.9554 ce_cpu 9.9457
step 010950 | loss 1.9029 | mse 0.4142 | ce_event 0.7065 ce_dt 0.7823 ce_cpu 8.5074
step 011000 | loss 1.8145 | mse 0.4250 | ce_event 0.6086 ce_dt 0.7809 ce_cpu 6.5482
[SAVE] /project/def-naser2/yuvraj/SyntheticLogGeneration/outputs/diffusion_outputs/diff-wcpu0/checkpoints_discrete/compress-gzip/step_011000.pt
step 011050 | loss 2.5608 | mse 0.4295 | ce_event 0.9843 ce_dt 1.1471 ce_cpu 13.4237
step 011100 | loss 2.5422 | mse 0.4104 | ce_event 0.9518 ce_dt 1.1801 ce_cpu 10.3166
step 011150 | loss 2.2218 | mse 0.4189 | ce_event 0.8517 ce_dt 0.9512 ce_cpu 8.8457
step 011200 | loss 2.5696 | mse 0.4033 | ce_event 1.1140 ce_dt 1.0523 ce_cpu 10.0569
step 011250 | loss 2.0940 | mse 0.3663 | ce_event 0.8840 ce_dt 0.8437 ce_cpu 8.6755
step 011300 | loss 2.5440 | mse 0.3826 | ce_event 0.9823 ce_dt 1.1791 ce_cpu 10.6659
step 011350 | loss 1.9641 | mse 0.3674 | ce_event 0.7208 ce_dt 0.8759 ce_cpu 7.3305
step 011400 | loss 2.1044 | mse 0.3878 | ce_event 0.7854 ce_dt 0.9312 ce_cpu 8.4743
step 011450 | loss 2.2137 | mse 0.4085 | ce_event 0.8587 ce_dt 0.9465 ce_cpu 9.3904
step 011500 | loss 1.8308 | mse 0.3805 | ce_event 0.7137 ce_dt 0.7366 ce_cpu 6.6027
[SAVE] /project/def-naser2/yuvraj/SyntheticLogGeneration/outputs/diffusion_outputs/diff-wcpu0/checkpoints_discrete/compress-gzip/step_011500.pt
step 011550 | loss 1.9134 | mse 0.4154 | ce_event 0.7020 ce_dt 0.7960 ce_cpu 7.6536
step 011600 | loss 1.7675 | mse 0.3700 | ce_event 0.6546 ce_dt 0.7430 ce_cpu 7.8567
step 011650 | loss 1.9911 | mse 0.4075 | ce_event 0.7457 ce_dt 0.8378 ce_cpu 9.8016
step 011700 | loss 1.2292 | mse 0.3473 | ce_event 0.4179 ce_dt 0.4640 ce_cpu 4.6280
step 011750 | loss 1.5006 | mse 0.3846 | ce_event 0.5036 ce_dt 0.6124 ce_cpu 5.4591
step 011800 | loss 2.1464 | mse 0.3851 | ce_event 0.7442 ce_dt 1.0170 ce_cpu 9.5321
step 011850 | loss 1.3712 | mse 0.3725 | ce_event 0.5011 ce_dt 0.4976 ce_cpu 5.0878
step 011900 | loss 1.7553 | mse 0.3789 | ce_event 0.6550 ce_dt 0.7214 ce_cpu 7.5229
step 011950 | loss 1.6816 | mse 0.3398 | ce_event 0.6109 ce_dt 0.7309 ce_cpu 6.8464
step 012000 | loss 1.9083 | mse 0.3833 | ce_event 0.7401 ce_dt 0.7848 ce_cpu 8.5941
[SAVE] /project/def-naser2/yuvraj/SyntheticLogGeneration/outputs/diffusion_outputs/diff-wcpu0/checkpoints_discrete/compress-gzip/step_012000.pt
step 012050 | loss 1.4921 | mse 0.3709 | ce_event 0.5045 ce_dt 0.6167 ce_cpu 6.2580
step 012100 | loss 2.1829 | mse 0.3506 | ce_event 0.8258 ce_dt 1.0065 ce_cpu 8.7472
step 012150 | loss 2.1499 | mse 0.3344 | ce_event 0.8765 ce_dt 0.9390 ce_cpu 8.1530
step 012200 | loss 1.3798 | mse 0.3578 | ce_event 0.4976 ce_dt 0.5243 ce_cpu 6.0821
step 012250 | loss 1.5642 | mse 0.3568 | ce_event 0.5887 ce_dt 0.6187 ce_cpu 6.9214
step 012300 | loss 1.6156 | mse 0.3295 | ce_event 0.6053 ce_dt 0.6807 ce_cpu 5.6132
step 012350 | loss 1.4684 | mse 0.3424 | ce_event 0.5389 ce_dt 0.5872 ce_cpu 5.9864
step 012400 | loss 1.8369 | mse 0.3077 | ce_event 0.7009 ce_dt 0.8282 ce_cpu 7.2575
step 012450 | loss 1.6022 | mse 0.3319 | ce_event 0.5871 ce_dt 0.6833 ce_cpu 6.7541
step 012500 | loss 2.4588 | mse 0.3475 | ce_event 0.9736 ce_dt 1.1378 ce_cpu 8.5745
[SAVE] /project/def-naser2/yuvraj/SyntheticLogGeneration/outputs/diffusion_outputs/diff-wcpu0/checkpoints_discrete/compress-gzip/step_012500.pt
step 012550 | loss 1.6534 | mse 0.3450 | ce_event 0.6175 ce_dt 0.6909 ce_cpu 5.7334
step 012600 | loss 2.2146 | mse 0.3212 | ce_event 0.8741 ce_dt 1.0194 ce_cpu 8.1842
step 012650 | loss 2.1493 | mse 0.3225 | ce_event 0.8391 ce_dt 0.9877 ce_cpu 7.6263
step 012700 | loss 1.8541 | mse 0.3024 | ce_event 0.7406 ce_dt 0.8111 ce_cpu 8.3785
step 012750 | loss 1.3774 | mse 0.3334 | ce_event 0.4987 ce_dt 0.5452 ce_cpu 6.2717
step 012800 | loss 1.6042 | mse 0.3147 | ce_event 0.5951 ce_dt 0.6944 ce_cpu 6.0095
step 012850 | loss 1.7995 | mse 0.2975 | ce_event 0.6768 ce_dt 0.8252 ce_cpu 7.2966
step 012900 | loss 1.5799 | mse 0.3084 | ce_event 0.6066 ce_dt 0.6649 ce_cpu 7.5941
step 012950 | loss 2.0018 | mse 0.3179 | ce_event 0.7547 ce_dt 0.9291 ce_cpu 8.3642
step 013000 | loss 1.7243 | mse 0.3242 | ce_event 0.6575 ce_dt 0.7426 ce_cpu 6.7649
[SAVE] /project/def-naser2/yuvraj/SyntheticLogGeneration/outputs/diffusion_outputs/diff-wcpu0/checkpoints_discrete/compress-gzip/step_013000.pt
step 013050 | loss 1.7676 | mse 0.3315 | ce_event 0.6477 ce_dt 0.7884 ce_cpu 7.7980
step 013100 | loss 1.8064 | mse 0.2870 | ce_event 0.7139 ce_dt 0.8055 ce_cpu 7.6090
step 013150 | loss 1.5588 | mse 0.3189 | ce_event 0.5713 ce_dt 0.6686 ce_cpu 6.2437
step 013200 | loss 1.7892 | mse 0.3362 | ce_event 0.6500 ce_dt 0.8029 ce_cpu 6.9399
step 013250 | loss 1.8567 | mse 0.2884 | ce_event 0.7262 ce_dt 0.8420 ce_cpu 7.7939
step 013300 | loss 1.2834 | mse 0.2743 | ce_event 0.4686 ce_dt 0.5405 ce_cpu 4.8174
step 013350 | loss 2.1898 | mse 0.2879 | ce_event 0.8469 ce_dt 1.0550 ce_cpu 8.3074
step 013400 | loss 1.5252 | mse 0.2975 | ce_event 0.5889 ce_dt 0.6388 ce_cpu 6.8482
step 013450 | loss 1.7921 | mse 0.3096 | ce_event 0.6852 ce_dt 0.7974 ce_cpu 7.7137
step 013500 | loss 1.7048 | mse 0.2813 | ce_event 0.6746 ce_dt 0.7490 ce_cpu 7.5945
[SAVE] /project/def-naser2/yuvraj/SyntheticLogGeneration/outputs/diffusion_outputs/diff-wcpu0/checkpoints_discrete/compress-gzip/step_013500.pt
step 013550 | loss 1.9909 | mse 0.2647 | ce_event 0.8019 ce_dt 0.9243 ce_cpu 7.7042
step 013600 | loss 1.5435 | mse 0.2842 | ce_event 0.5905 ce_dt 0.6689 ce_cpu 6.7066
step 013650 | loss 1.0720 | mse 0.2440 | ce_event 0.3797 ce_dt 0.4483 ce_cpu 4.0671
step 013700 | loss 2.3220 | mse 0.2774 | ce_event 1.0103 ce_dt 1.0343 ce_cpu 7.4934
step 013750 | loss 1.6925 | mse 0.2841 | ce_event 0.6735 ce_dt 0.7349 ce_cpu 7.2834
step 013800 | loss 2.0877 | mse 0.2762 | ce_event 0.8727 ce_dt 0.9388 ce_cpu 9.2122
step 013850 | loss 1.7149 | mse 0.2692 | ce_event 0.6711 ce_dt 0.7745 ce_cpu 8.0904
step 013900 | loss 1.5453 | mse 0.2606 | ce_event 0.6232 ce_dt 0.6616 ce_cpu 7.2022
step 013950 | loss 1.2134 | mse 0.2510 | ce_event 0.4511 ce_dt 0.5113 ce_cpu 4.9553
step 014000 | loss 1.1741 | mse 0.2520 | ce_event 0.4272 ce_dt 0.4948 ce_cpu 5.1639
[SAVE] /project/def-naser2/yuvraj/SyntheticLogGeneration/outputs/diffusion_outputs/diff-wcpu0/checkpoints_discrete/compress-gzip/step_014000.pt
step 014050 | loss 1.6114 | mse 0.2419 | ce_event 0.6602 ce_dt 0.7094 ce_cpu 6.4195
step 014100 | loss 1.7203 | mse 0.2593 | ce_event 0.7127 ce_dt 0.7483 ce_cpu 6.5533
step 014150 | loss 1.6817 | mse 0.2533 | ce_event 0.6715 ce_dt 0.7569 ce_cpu 7.8235
step 014200 | loss 1.9110 | mse 0.2390 | ce_event 0.7853 ce_dt 0.8866 ce_cpu 6.8012
step 014250 | loss 1.3202 | mse 0.2276 | ce_event 0.5495 ce_dt 0.5431 ce_cpu 5.3105
step 014300 | loss 1.2828 | mse 0.2187 | ce_event 0.5067 ce_dt 0.5573 ce_cpu 5.6414
step 014350 | loss 1.5793 | mse 0.2456 | ce_event 0.6087 ce_dt 0.7250 ce_cpu 6.5211
step 014400 | loss 1.6393 | mse 0.2495 | ce_event 0.6422 ce_dt 0.7476 ce_cpu 5.8442
step 014450 | loss 1.5676 | mse 0.2256 | ce_event 0.6403 ce_dt 0.7017 ce_cpu 6.0653
step 014500 | loss 1.5329 | mse 0.2531 | ce_event 0.5984 ce_dt 0.6815 ce_cpu 6.2831
[SAVE] /project/def-naser2/yuvraj/SyntheticLogGeneration/outputs/diffusion_outputs/diff-wcpu0/checkpoints_discrete/compress-gzip/step_014500.pt
step 014550 | loss 1.4906 | mse 0.2322 | ce_event 0.6063 ce_dt 0.6521 ce_cpu 6.5781
step 014600 | loss 1.6168 | mse 0.2223 | ce_event 0.6515 ce_dt 0.7430 ce_cpu 6.2366
step 014650 | loss 1.5577 | mse 0.2157 | ce_event 0.6313 ce_dt 0.7107 ce_cpu 7.1914
step 014700 | loss 1.5910 | mse 0.2289 | ce_event 0.6175 ce_dt 0.7446 ce_cpu 7.1895
step 014750 | loss 1.0393 | mse 0.2050 | ce_event 0.3952 ce_dt 0.4392 ce_cpu 4.3019
step 014800 | loss 1.5567 | mse 0.2226 | ce_event 0.5994 ce_dt 0.7347 ce_cpu 5.8626
step 014850 | loss 0.9838 | mse 0.2143 | ce_event 0.3683 ce_dt 0.4012 ce_cpu 4.0880
step 014900 | loss 1.3833 | mse 0.2249 | ce_event 0.5595 ce_dt 0.5990 ce_cpu 5.4959
step 014950 | loss 1.2679 | mse 0.2178 | ce_event 0.4951 ce_dt 0.5550 ce_cpu 5.5851
step 015000 | loss 1.8684 | mse 0.2117 | ce_event 0.7878 ce_dt 0.8690 ce_cpu 6.7253
[SAVE] /project/def-naser2/yuvraj/SyntheticLogGeneration/outputs/diffusion_outputs/diff-wcpu0/checkpoints_discrete/compress-gzip/step_015000.pt
step 015050 | loss 1.3024 | mse 0.2049 | ce_event 0.5242 ce_dt 0.5733 ce_cpu 5.3156
step 015100 | loss 1.4639 | mse 0.2131 | ce_event 0.5665 ce_dt 0.6843 ce_cpu 5.7007
step 015150 | loss 1.5801 | mse 0.2112 | ce_event 0.6368 ce_dt 0.7320 ce_cpu 6.2864
step 015200 | loss 1.7808 | mse 0.2145 | ce_event 0.7370 ce_dt 0.8294 ce_cpu 6.5844
step 015250 | loss 1.7648 | mse 0.2147 | ce_event 0.7431 ce_dt 0.8070 ce_cpu 6.4535
step 015300 | loss 1.1879 | mse 0.2166 | ce_event 0.4518 ce_dt 0.5194 ce_cpu 5.7898
step 015350 | loss 1.8557 | mse 0.2005 | ce_event 0.7819 ce_dt 0.8733 ce_cpu 7.6468
step 015400 | loss 1.5545 | mse 0.2243 | ce_event 0.6203 ce_dt 0.7099 ce_cpu 7.1117
step 015450 | loss 1.0289 | mse 0.2090 | ce_event 0.3815 ce_dt 0.4385 ce_cpu 4.8040
step 015500 | loss 1.2998 | mse 0.2297 | ce_event 0.4913 ce_dt 0.5788 ce_cpu 5.7627
[SAVE] /project/def-naser2/yuvraj/SyntheticLogGeneration/outputs/diffusion_outputs/diff-wcpu0/checkpoints_discrete/compress-gzip/step_015500.pt
step 015550 | loss 1.3851 | mse 0.1973 | ce_event 0.5571 ce_dt 0.6307 ce_cpu 6.0736
step 015600 | loss 0.8908 | mse 0.1959 | ce_event 0.3329 ce_dt 0.3620 ce_cpu 4.3954
step 015650 | loss 1.3903 | mse 0.1951 | ce_event 0.5721 ce_dt 0.6230 ce_cpu 5.3509
step 015700 | loss 0.9714 | mse 0.2100 | ce_event 0.3556 ce_dt 0.4057 ce_cpu 4.8218
step 015750 | loss 1.3678 | mse 0.2199 | ce_event 0.5394 ce_dt 0.6086 ce_cpu 5.5667
step 015800 | loss 1.5884 | mse 0.1861 | ce_event 0.6651 ce_dt 0.7371 ce_cpu 6.1437
step 015850 | loss 1.0966 | mse 0.2110 | ce_event 0.4079 ce_dt 0.4778 ce_cpu 4.2255
step 015900 | loss 1.7841 | mse 0.1953 | ce_event 0.7400 ce_dt 0.8488 ce_cpu 6.7129
step 015950 | loss 1.1594 | mse 0.1950 | ce_event 0.4458 ce_dt 0.5186 ce_cpu 4.6597
step 016000 | loss 1.1462 | mse 0.1930 | ce_event 0.4648 ce_dt 0.4883 ce_cpu 5.3990
[SAVE] /project/def-naser2/yuvraj/SyntheticLogGeneration/outputs/diffusion_outputs/diff-wcpu0/checkpoints_discrete/compress-gzip/step_016000.pt
step 016050 | loss 1.2557 | mse 0.1993 | ce_event 0.4953 ce_dt 0.5611 ce_cpu 5.3086
step 016100 | loss 1.6678 | mse 0.1788 | ce_event 0.7003 ce_dt 0.7888 ce_cpu 5.8668
step 016150 | loss 1.2893 | mse 0.1809 | ce_event 0.5160 ce_dt 0.5924 ce_cpu 5.1191
step 016200 | loss 1.1399 | mse 0.1801 | ce_event 0.4475 ce_dt 0.5123 ce_cpu 4.8648
step 016250 | loss 1.5653 | mse 0.1909 | ce_event 0.6452 ce_dt 0.7292 ce_cpu 5.8940
step 016300 | loss 1.2383 | mse 0.2020 | ce_event 0.5052 ce_dt 0.5311 ce_cpu 4.8291
step 016350 | loss 1.7436 | mse 0.1868 | ce_event 0.7518 ce_dt 0.8050 ce_cpu 6.6238
step 016400 | loss 1.6166 | mse 0.1685 | ce_event 0.6591 ce_dt 0.7891 ce_cpu 6.1995
step 016450 | loss 1.3570 | mse 0.1705 | ce_event 0.5422 ce_dt 0.6442 ce_cpu 5.5966
step 016500 | loss 1.1594 | mse 0.2059 | ce_event 0.4321 ce_dt 0.5214 ce_cpu 5.3910
[SAVE] /project/def-naser2/yuvraj/SyntheticLogGeneration/outputs/diffusion_outputs/diff-wcpu0/checkpoints_discrete/compress-gzip/step_016500.pt
step 016550 | loss 1.4469 | mse 0.2105 | ce_event 0.5911 ce_dt 0.6452 ce_cpu 5.7453
step 016600 | loss 0.9788 | mse 0.1690 | ce_event 0.3793 ce_dt 0.4306 ce_cpu 4.4978
step 016650 | loss 1.8132 | mse 0.1845 | ce_event 0.7860 ce_dt 0.8427 ce_cpu 6.9049
step 016700 | loss 1.4246 | mse 0.1613 | ce_event 0.5795 ce_dt 0.6838 ce_cpu 5.1779
step 016750 | loss 0.7998 | mse 0.1724 | ce_event 0.2893 ce_dt 0.3381 ce_cpu 4.0186
step 016800 | loss 1.1112 | mse 0.2216 | ce_event 0.4245 ce_dt 0.4651 ce_cpu 4.5771
step 016850 | loss 1.4440 | mse 0.1763 | ce_event 0.5938 ce_dt 0.6739 ce_cpu 6.0145
step 016900 | loss 1.7770 | mse 0.1666 | ce_event 0.7781 ce_dt 0.8323 ce_cpu 6.1709
step 016950 | loss 1.2463 | mse 0.1881 | ce_event 0.4859 ce_dt 0.5723 ce_cpu 5.1921
step 017000 | loss 1.2426 | mse 0.1717 | ce_event 0.5223 ce_dt 0.5486 ce_cpu 4.9902
[SAVE] /project/def-naser2/yuvraj/SyntheticLogGeneration/outputs/diffusion_outputs/diff-wcpu0/checkpoints_discrete/compress-gzip/step_017000.pt
step 017050 | loss 1.6592 | mse 0.1733 | ce_event 0.7045 ce_dt 0.7814 ce_cpu 6.2848
step 017100 | loss 1.1464 | mse 0.1774 | ce_event 0.4711 ce_dt 0.4980 ce_cpu 5.4690
step 017150 | loss 1.4225 | mse 0.1894 | ce_event 0.5918 ce_dt 0.6414 ce_cpu 6.4059
step 017200 | loss 1.7544 | mse 0.1586 | ce_event 0.7389 ce_dt 0.8569 ce_cpu 6.6574
step 017250 | loss 1.2495 | mse 0.2127 | ce_event 0.4939 ce_dt 0.5428 ce_cpu 5.1050
step 017300 | loss 1.4890 | mse 0.1691 | ce_event 0.6337 ce_dt 0.6862 ce_cpu 5.3719
step 017350 | loss 1.0992 | mse 0.1600 | ce_event 0.4350 ce_dt 0.5042 ce_cpu 4.3531
step 017400 | loss 1.1622 | mse 0.1692 | ce_event 0.4335 ce_dt 0.5594 ce_cpu 5.1020
step 017450 | loss 1.1654 | mse 0.1741 | ce_event 0.4558 ce_dt 0.5355 ce_cpu 4.7210
step 017500 | loss 1.3051 | mse 0.1660 | ce_event 0.5372 ce_dt 0.6020 ce_cpu 5.7975
[SAVE] /project/def-naser2/yuvraj/SyntheticLogGeneration/outputs/diffusion_outputs/diff-wcpu0/checkpoints_discrete/compress-gzip/step_017500.pt
step 017550 | loss 1.3519 | mse 0.1784 | ce_event 0.5577 ce_dt 0.6158 ce_cpu 5.1197
step 017600 | loss 1.5305 | mse 0.1692 | ce_event 0.6012 ce_dt 0.7601 ce_cpu 5.8228
step 017650 | loss 1.5168 | mse 0.1946 | ce_event 0.6058 ce_dt 0.7164 ce_cpu 5.6647
step 017700 | loss 0.9830 | mse 0.1596 | ce_event 0.3834 ce_dt 0.4401 ce_cpu 4.4177
step 017750 | loss 2.1059 | mse 0.1584 | ce_event 0.9330 ce_dt 1.0145 ce_cpu 6.6634
step 017800 | loss 1.3669 | mse 0.1603 | ce_event 0.5604 ce_dt 0.6463 ce_cpu 5.0486
step 017850 | loss 1.2201 | mse 0.1609 | ce_event 0.4957 ce_dt 0.5635 ce_cpu 4.6117
step 017900 | loss 1.5482 | mse 0.1709 | ce_event 0.6792 ce_dt 0.6981 ce_cpu 5.4430
step 017950 | loss 1.0131 | mse 0.1736 | ce_event 0.3747 ce_dt 0.4648 ce_cpu 4.5876
step 018000 | loss 1.2591 | mse 0.1507 | ce_event 0.5158 ce_dt 0.5925 ce_cpu 5.0626
[SAVE] /project/def-naser2/yuvraj/SyntheticLogGeneration/outputs/diffusion_outputs/diff-wcpu0/checkpoints_discrete/compress-gzip/step_018000.pt
step 018050 | loss 1.6679 | mse 0.1525 | ce_event 0.6826 ce_dt 0.8329 ce_cpu 5.6002
step 018100 | loss 1.1635 | mse 0.1830 | ce_event 0.4665 ce_dt 0.5139 ce_cpu 5.4612
step 018150 | loss 1.5697 | mse 0.1595 | ce_event 0.6662 ce_dt 0.7440 ce_cpu 5.9909
step 018200 | loss 1.3796 | mse 0.1526 | ce_event 0.5932 ce_dt 0.6338 ce_cpu 5.9988
step 018250 | loss 1.0455 | mse 0.1500 | ce_event 0.4073 ce_dt 0.4881 ce_cpu 4.6966
step 018300 | loss 1.5953 | mse 0.1662 | ce_event 0.6577 ce_dt 0.7714 ce_cpu 6.0982
step 018350 | loss 1.1986 | mse 0.1499 | ce_event 0.5045 ce_dt 0.5441 ce_cpu 4.8118
step 018400 | loss 1.3771 | mse 0.1547 | ce_event 0.5548 ce_dt 0.6677 ce_cpu 5.2083
step 018450 | loss 0.9216 | mse 0.1762 | ce_event 0.3391 ce_dt 0.4063 ce_cpu 4.7099
step 018500 | loss 1.1936 | mse 0.1478 | ce_event 0.4943 ce_dt 0.5515 ce_cpu 5.2339
[SAVE] /project/def-naser2/yuvraj/SyntheticLogGeneration/outputs/diffusion_outputs/diff-wcpu0/checkpoints_discrete/compress-gzip/step_018500.pt
step 018550 | loss 1.8988 | mse 0.1539 | ce_event 0.8279 ce_dt 0.9171 ce_cpu 6.4872
step 018600 | loss 1.7560 | mse 0.1427 | ce_event 0.7606 ce_dt 0.8527 ce_cpu 5.7023
step 018650 | loss 1.0141 | mse 0.1592 | ce_event 0.3952 ce_dt 0.4597 ce_cpu 4.9350
step 018700 | loss 1.4592 | mse 0.1758 | ce_event 0.5663 ce_dt 0.7171 ce_cpu 5.6986
step 018750 | loss 1.4980 | mse 0.1425 | ce_event 0.6410 ce_dt 0.7145 ce_cpu 6.2072
step 018800 | loss 2.0553 | mse 0.1405 | ce_event 0.9189 ce_dt 0.9959 ce_cpu 7.0690
step 018850 | loss 1.2312 | mse 0.1463 | ce_event 0.5089 ce_dt 0.5760 ce_cpu 5.0475
step 018900 | loss 1.2197 | mse 0.1497 | ce_event 0.5042 ce_dt 0.5657 ce_cpu 5.0674
step 018950 | loss 1.8657 | mse 0.1434 | ce_event 0.7732 ce_dt 0.9492 ce_cpu 6.1289
step 019000 | loss 1.0640 | mse 0.1653 | ce_event 0.4098 ce_dt 0.4889 ce_cpu 4.6237
[SAVE] /project/def-naser2/yuvraj/SyntheticLogGeneration/outputs/diffusion_outputs/diff-wcpu0/checkpoints_discrete/compress-gzip/step_019000.pt
step 019050 | loss 0.9908 | mse 0.1519 | ce_event 0.4018 ce_dt 0.4371 ce_cpu 4.6770
step 019100 | loss 1.4189 | mse 0.1418 | ce_event 0.6038 ce_dt 0.6733 ce_cpu 5.5568
step 019150 | loss 1.0596 | mse 0.1422 | ce_event 0.4291 ce_dt 0.4883 ce_cpu 4.6423
step 019200 | loss 1.1464 | mse 0.1667 | ce_event 0.4636 ce_dt 0.5162 ce_cpu 4.8760
step 019250 | loss 1.1588 | mse 0.1550 | ce_event 0.5034 ce_dt 0.5004 ce_cpu 4.4965
step 019300 | loss 1.3887 | mse 0.1515 | ce_event 0.5794 ce_dt 0.6578 ce_cpu 5.2977
step 019350 | loss 0.9799 | mse 0.1486 | ce_event 0.3812 ce_dt 0.4502 ce_cpu 4.1859
step 019400 | loss 1.4657 | mse 0.1528 | ce_event 0.6051 ce_dt 0.7077 ce_cpu 5.2147
step 019450 | loss 1.3936 | mse 0.1409 | ce_event 0.5852 ce_dt 0.6676 ce_cpu 4.7644
step 019500 | loss 1.3096 | mse 0.1555 | ce_event 0.5508 ce_dt 0.6033 ce_cpu 5.1534
[SAVE] /project/def-naser2/yuvraj/SyntheticLogGeneration/outputs/diffusion_outputs/diff-wcpu0/checkpoints_discrete/compress-gzip/step_019500.pt
step 019550 | loss 1.1740 | mse 0.1432 | ce_event 0.4886 ce_dt 0.5422 ce_cpu 4.9717
step 019600 | loss 1.4395 | mse 0.1436 | ce_event 0.6066 ce_dt 0.6892 ce_cpu 5.2865
step 019650 | loss 1.1916 | mse 0.1479 | ce_event 0.4768 ce_dt 0.5669 ce_cpu 5.0229
step 019700 | loss 1.0491 | mse 0.1506 | ce_event 0.4203 ce_dt 0.4781 ce_cpu 5.2379
step 019750 | loss 0.6158 | mse 0.1476 | ce_event 0.2097 ce_dt 0.2585 ce_cpu 3.9744
step 019800 | loss 1.1096 | mse 0.1388 | ce_event 0.4596 ce_dt 0.5112 ce_cpu 4.2922
step 019850 | loss 0.5808 | mse 0.1661 | ce_event 0.2018 ce_dt 0.2129 ce_cpu 3.7592
step 019900 | loss 1.2635 | mse 0.1416 | ce_event 0.5396 ce_dt 0.5823 ce_cpu 5.4577
step 019950 | loss 1.0874 | mse 0.1602 | ce_event 0.4339 ce_dt 0.4933 ce_cpu 5.4598
step 020000 | loss 1.3773 | mse 0.1399 | ce_event 0.5710 ce_dt 0.6664 ce_cpu 5.5384
[SAVE] /project/def-naser2/yuvraj/SyntheticLogGeneration/outputs/diffusion_outputs/diff-wcpu0/checkpoints_discrete/compress-gzip/step_020000.pt
[SAVE] /project/def-naser2/yuvraj/SyntheticLogGeneration/outputs/diffusion_outputs/diff-wcpu0/checkpoints_discrete/compress-gzip/final_step_020000.pt
========== DIFFUSION TRAIN JOB DONE ==========
Time: Mon Jan  5 19:08:58 EST 2026
Saved under: /project/def-naser2/yuvraj/SyntheticLogGeneration/outputs/diffusion_outputs/diff-wcpu0
Stopping GPU logger
